Archive member included because of file (symbol)

C:/Users/Makoto/Desktop/MWSTAGE-2022-08_win10-1/MWSTAGE/MWSDK/TWENET/current/lib/libTWENET_BLUE.a(ToCoNet_event.o)
                              objs_BLUE/seg7.o (symbol from plugin) (PRSEV_u8RegisterEx)
C:/Users/Makoto/Desktop/MWSTAGE-2022-08_win10-1/MWSTAGE/MWSDK/TWENET/current/lib/libTWENET_BLUE.a(ToCoNet_main.o)
                              objs_BLUE/ST7032.o (symbol from plugin) (sToCoNet_Context)
C:/Users/Makoto/Desktop/MWSTAGE-2022-08_win10-1/MWSTAGE/MWSDK/TWENET/current/lib/libTWENET_BLUE.a(ToCoNet_utils.o)
                              ToCoNet_main.o (symbol from plugin) (ToCoNet_u32GetVersion)
C:/Users/Makoto/Desktop/MWSTAGE-2022-08_win10-1/MWSTAGE/MWSDK/TWENET/current/lib/libTWENET_BLUE.a(ToCoNet_mod_Nwk_Common.o)
                              ToCoNet_main.o (symbol from plugin) (ToCoNet_vRxProc_Mod)
C:/Users/Makoto/Desktop/MWSTAGE-2022-08_win10-1/MWSTAGE/MWSDK/TWENET/current/lib/libTWENET_BLUE.a(ToCoNet_mod_Channel_Mgr.o)
                              ToCoNet_main.o (symbol from plugin) (ToCoNet_ChMgr_bCh_Reconfig)
C:/Users/Makoto/Desktop/MWSTAGE-2022-08_win10-1/MWSTAGE/MWSDK/TWENET/current/lib/libTWENET_BLUE.a(Version.o)
                              ToCoNet_utils.o (symbol from plugin) (au8ToCoNetVersionInfo)
C:/Users/Makoto/Desktop/MWSTAGE-2022-08_win10-1/MWSTAGE/MWSDK/TWENET/current/lib/libTWENET_BLUE.a(AppQueueApi_ToCoNet.o)
                              ToCoNet_main.o (symbol from plugin) (_u32_INT_ticktimer)
C:/Users/Makoto/Desktop/MWSTAGE-2022-08_win10-1/MWSTAGE/MWSDK/TWENET/current/lib/libTWENEText_BLUE.a(AppStart.o)
                              (AppColdStart)
C:/Users/Makoto/Desktop/MWSTAGE-2022-08_win10-1/MWSTAGE/MWSDK/TWENET/current/lib/libTWENEText_BLUE.a(getMacAddr.o)
                              ToCoNet_main.o (symbol from plugin) (ToCoNet_u32GetSerialOnBoot)
C:/Users/Makoto/Desktop/MWSTAGE-2022-08_win10-1/MWSTAGE/MWSDK/TWENET/current/lib/libTWENEText_BLUE.a(mac.o)
                              ToCoNet_main.o (symbol from plugin) (Mac_vInit)
C:/Users/Makoto/Desktop/MWSTAGE-2022-08_win10-1/MWSTAGE/MWSDK/TWENET/current/lib/libTWENEText_BLUE.a(AES_CCM.o)
                              AppStart.o (symbol from plugin) (bAES_CCM_KeyReg)
C:/Users/Makoto/Desktop/MWSTAGE-2022-08_win10-1/MWSTAGE/MWSDK/TWENET/current/lib/libTWENEText_BLUE.a(no_ack_handler.o)
                              AppStart.o (symbol from plugin) (vInstallNoAckHandler)
C:/Users/Makoto/Desktop/MWSTAGE-2022-08_win10-1/MWSTAGE/MWSDK/TWENET/current/lib/libTWENEText_BLUE.a(Version.o)
                              ToCoNet_utils.o (symbol from plugin) (au8ToCoNetExtVersionInfo)
C:/Users/Makoto/Desktop/MWSTAGE-2022-08_win10-1/MWSTAGE/MWSDK/TWENET/current/lib/libTWENETutils_BLUE.a(serial.o)
                              objs_BLUE/seg7.o (symbol from plugin) (SERIAL_bTxChar)
C:/Users/Makoto/Desktop/MWSTAGE-2022-08_win10-1/MWSTAGE/MWSDK/TWENET/current/lib/libTWENETutils_BLUE.a(uart.o)
                              serial.o (symbol from plugin) (UART_vInit)
C:/Users/Makoto/Desktop/MWSTAGE-2022-08_win10-1/MWSTAGE/MWSDK/TWENET/current/lib/libTWENETutils_BLUE.a(ByteQueue.o)
                              ToCoNet_main.o (symbol from plugin) (QUEUE__vInit)
C:/Users/Makoto/Desktop/MWSTAGE-2022-08_win10-1/MWSTAGE/MWSDK/TWENET/current/lib/libTWENETutils_BLUE.a(ccitt8.o)
                              AppStart.o (symbol from plugin) (u8CCITT8)
C:/Users/Makoto/Desktop/MWSTAGE-2022-08_win10-1/MWSTAGE/MWSDK/TWENET/current/lib/libTWENETutils_BLUE.a(utils.o)
                              objs_BLUE/seg7.o (symbol from plugin) (vTimerConfig)
C:/Users/Makoto/Desktop/MWSTAGE-2022-08_win10-1/MWSTAGE/MWSDK/TWENET/current/lib/libTWENETutils_BLUE.a(ccm.o)
                              AES_CCM.o (symbol from plugin) (ccm_init_and_key)
C:/Users/Makoto/Desktop/MWSTAGE-2022-08_win10-1/MWSTAGE/MWSDK/TWENET/current/lib/libTWENETutils_BLUE.a(Version.o)
                              ToCoNet_utils.o (symbol from plugin) (au8ToCoNetUtilsVersionInfo)
C:/Users/Makoto/Desktop/MWSTAGE-2022-08_win10-1/MWSTAGE/MWSDK/TWENET/current/lib/libTWENETutils_BLUE.a(aescrypt.o)
                              ccm.o (symbol from plugin) (aes_encrypt)
C:/Users/Makoto/Desktop/MWSTAGE-2022-08_win10-1/MWSTAGE/MWSDK/TWENET/current/lib/libTWENETutils_BLUE.a(aeskey.o)
                              ccm.o (symbol from plugin) (aes_encrypt_key)
C:/Users/Makoto/Desktop/MWSTAGE-2022-08_win10-1/MWSTAGE/MWSDK/TWENET/current/lib/libTWENETutils_BLUE.a(aestab.o)
                              aeskey.o (symbol from plugin) (t_im)
C:/Users/Makoto/Desktop/MWSTAGE-2022-08_win10-1/MWSTAGE/MWSDK/TWENET/current/lib/libTWENETstgs_BLUE.a(tweinteractive.o)
                              objs_BLUE/seg7.o (symbol from plugin) (TWEINTRCT_bIsVerbose)
C:/Users/Makoto/Desktop/MWSTAGE-2022-08_win10-1/MWSTAGE/MWSDK/TWENET/current/lib/libTWENETstgs_BLUE.a(tweprintf.o)
                              tweinteractive.o (symbol from plugin) (TWE_fprintf)
[...]
Memory Configuration

Name             Origin             Length             Attributes
flash            0x0000000000080000 0x0000000000028000
ram              0x000000000400004c 0x0000000000007fb4
*default*        0x0000000000000000 0xffffffffffffffff

Linker script and memory map

LOAD objs_BLUE/_mwx_version.o
LOAD C:\Users\Makoto\AppData\Local\Temp\ccqct98r.ltrans0.ltrans.o
LOAD C:\Users\Makoto\AppData\Local\Temp\ccqct98r.ltrans1.ltrans.o
LOAD C:\Users\Makoto\AppData\Local\Temp\ccqct98r.ltrans2.ltrans.o
LOAD C:\Users\Makoto\AppData\Local\Temp\ccqct98r.ltrans3.ltrans.o
LOAD C:\Users\Makoto\AppData\Local\Temp\ccqct98r.ltrans4.ltrans.o
LOAD C:\Users\Makoto\AppData\Local\Temp\ccqct98r.ltrans5.ltrans.o
LOAD C:\Users\Makoto\AppData\Local\Temp\ccqct98r.ltrans6.ltrans.o
LOAD C:\Users\Makoto\AppData\Local\Temp\ccqct98r.ltrans7.ltrans.o
LOAD C:\Users\Makoto\AppData\Local\Temp\ccqct98r.ltrans8.ltrans.o
LOAD C:\Users\Makoto\AppData\Local\Temp\ccqct98r.ltrans9.ltrans.o
LOAD C:\Users\Makoto\AppData\Local\Temp\ccqct98r.ltrans10.ltrans.o
LOAD C:\Users\Makoto\AppData\Local\Temp\ccqct98r.ltrans11.ltrans.o
LOAD C:\Users\Makoto\AppData\Local\Temp\ccqct98r.ltrans12.ltrans.o
LOAD C:\Users\Makoto\AppData\Local\Temp\ccqct98r.ltrans13.ltrans.o
LOAD C:\Users\Makoto\AppData\Local\Temp\ccqct98r.ltrans14.ltrans.o
LOAD C:\Users\Makoto\AppData\Local\Temp\ccqct98r.ltrans15.ltrans.o
LOAD C:\Users\Makoto\AppData\Local\Temp\ccqct98r.ltrans16.ltrans.o
LOAD C:\Users\Makoto\AppData\Local\Temp\ccqct98r.ltrans17.ltrans.o
LOAD C:\Users\Makoto\AppData\Local\Temp\ccqct98r.ltrans18.ltrans.o
LOAD C:\Users\Makoto\AppData\Local\Temp\ccqct98r.ltrans19.ltrans.o
LOAD C:\Users\Makoto\AppData\Local\Temp\ccqct98r.ltrans20.ltrans.o
LOAD C:\Users\Makoto\AppData\Local\Temp\ccqct98r.ltrans21.ltrans.o
LOAD c:/users/makoto/desktop/mwstage-2022-08_win10-1/mwstage/tools/ba-elf-ba2-r36379.w10/bin/../lib/gcc/ba-elf/4.7.4/../../../../ba-elf/lib/mcpu_jn51xx_sizeopt\libc.a
LOAD c:/users/makoto/desktop/mwstage-2022-08_win10-1/mwstage/tools/ba-elf-ba2-r36379.w10/bin/../lib/gcc/ba-elf/4.7.4/mcpu_jn51xx_sizeopt\libgcc.a
LOAD c:/users/makoto/desktop/mwstage-2022-08_win10-1/mwstage/tools/ba-elf-ba2-r36379.w10/bin/../lib/gcc/ba-elf/4.7.4/../../../../ba-elf/lib/mcpu_jn51xx_sizeopt\libc.a
LOAD objs_BLUE/ST7032.o
LOAD objs_BLUE/seg7.o
LOAD C:/Users/Makoto/Desktop/MWSTAGE-2022-08_win10-1/MWSTAGE/MWSDK/TWENET/current/lib/libTWENET_BLUE.a
LOAD C:/Users/Makoto/Desktop/MWSTAGE-2022-08_win10-1/MWSTAGE/MWSDK/TWENET/current/lib/libTWENEText_BLUE.a
LOAD C:/Users/Makoto/Desktop/MWSTAGE-2022-08_win10-1/MWSTAGE/MWSDK/TWENET/current/lib/libTWENETutils_BLUE.a
LOAD C:/Users/Makoto/Desktop/MWSTAGE-2022-08_win10-1/MWSTAGE/MWSDK/TWENET/current/lib/libTWENETstgs_BLUE.a
LOAD C:/Users/Makoto/Desktop/MWSTAGE-2022-08_win10-1/MWSTAGE/MWSDK/TWENET/current/lib/libmwx_BLUE.a
LOAD C:/Users/Makoto/Desktop/MWSTAGE-2022-08_win10-1/MWSTAGE/MWSDK/TWENET/current/lib/libEASTL_BLUE.a
START GROUP
LOAD C:/Users/Makoto/Desktop/MWSTAGE-2022-08_win10-1/MWSTAGE/MWSDK/ChipLib/SW4063V1416/Components/Library\libAppApi_JN516x.a
LOAD C:/Users/Makoto/Desktop/MWSTAGE-2022-08_win10-1/MWSTAGE/MWSDK/ChipLib/SW4063V1416/Components/Library\libMAC_JN516x.a
LOAD C:/Users/Makoto/Desktop/MWSTAGE-2022-08_win10-1/MWSTAGE/MWSDK/ChipLib/SW4063V1416/Components/Library\libTimerServer_JN516x.a
LOAD C:/Users/Makoto/Desktop/MWSTAGE-2022-08_win10-1/MWSTAGE/MWSDK/ChipLib/SW4063V1416/Components/Library\libTOF_JN516x.a
LOAD C:/Users/Makoto/Desktop/MWSTAGE-2022-08_win10-1/MWSTAGE/MWSDK/ChipLib/SW4063V1416/Components/Library\libXcv_JN516x.a
LOAD C:/Users/Makoto/Desktop/MWSTAGE-2022-08_win10-1/MWSTAGE/MWSDK/ChipLib/SW4063V1416/Components/Library\libAes_JN516x.a
LOAD C:/Users/Makoto/Desktop/MWSTAGE-2022-08_win10-1/MWSTAGE/MWSDK/ChipLib/SW4063V1416/Components/Library\libHardwareApi_JN516x.a
LOAD C:/Users/Makoto/Desktop/MWSTAGE-2022-08_win10-1/MWSTAGE/MWSDK/ChipLib/SW4063V1416/Components/Library\libMicroSpecific_JN516x.a
LOAD C:/Users/Makoto/Desktop/MWSTAGE-2022-08_win10-1/MWSTAGE/MWSDK/ChipLib/SW4063V1416/Components/Library\libBoot_JN516x.a
LOAD C:/Users/Makoto/Desktop/MWSTAGE-2022-08_win10-1/MWSTAGE/MWSDK/ChipLib/SW4063V1416/Components/Library\libPDM_EEPROM_JN516x_NO_RTOS.a
LOAD C:/Users/Makoto/Desktop/MWSTAGE-2022-08_win10-1/MWSTAGE/MWSDK/TWENET/current/lib/libTWENET_BLUE.a
LOAD C:/Users/Makoto/Desktop/MWSTAGE-2022-08_win10-1/MWSTAGE/MWSDK/TWENET/current/lib/libTWENEText_BLUE.a
LOAD C:/Users/Makoto/Desktop/MWSTAGE-2022-08_win10-1/MWSTAGE/MWSDK/TWENET/current/lib/libTWENETutils_BLUE.a
LOAD C:/Users/Makoto/Desktop/MWSTAGE-2022-08_win10-1/MWSTAGE/MWSDK/TWENET/current/lib/libTWENETstgs_BLUE.a
LOAD C:/Users/Makoto/Desktop/MWSTAGE-2022-08_win10-1/MWSTAGE/MWSDK/TWENET/current/lib/libmwx_BLUE.a
LOAD C:/Users/Makoto/Desktop/MWSTAGE-2022-08_win10-1/MWSTAGE/MWSDK/TWENET/current/lib/libEASTL_BLUE.a
END GROUP
LOAD c:/users/makoto/desktop/mwstage-2022-08_win10-1/mwstage/tools/ba-elf-ba2-r36379.w10/bin/../lib/gcc/ba-elf/4.7.4/../../../../ba-elf/lib/mcpu_jn51xx_sizeopt\libstdc++.a
LOAD c:/users/makoto/desktop/mwstage-2022-08_win10-1/mwstage/tools/ba-elf-ba2-r36379.w10/bin/../lib/gcc/ba-elf/4.7.4/../../../../ba-elf/lib/mcpu_jn51xx_sizeopt\libm.a
LOAD c:/users/makoto/desktop/mwstage-2022-08_win10-1/mwstage/tools/ba-elf-ba2-r36379.w10/bin/../lib/gcc/ba-elf/4.7.4/../../../../ba-elf/lib/mcpu_jn51xx_sizeopt\libc.a
LOAD c:/users/makoto/desktop/mwstage-2022-08_win10-1/mwstage/tools/ba-elf-ba2-r36379.w10/bin/../lib/gcc/ba-elf/4.7.4/mcpu_jn51xx_sizeopt\libgcc.a
LOAD c:/users/makoto/desktop/mwstage-2022-08_win10-1/mwstage/tools/ba-elf-ba2-r36379.w10/bin/../lib/gcc/ba-elf/4.7.4/../../../../ba-elf/lib/mcpu_jn51xx_sizeopt\libc.a
                0x0000000000000800                _stack_size = 0x800
                0x0000000000080038                _exception_vsr_table = 0x80038
                0x0000000004000000                pSPIflashFncTable = 0x4000000
                0x0000000000000800                _stack_size = 0x800
                0x0000000000000044                restore_state = 0x44
                0x000000000000004a                bZSPIWaitWIPClear = 0x4a
                0x0000000000000050                u16ZSPIflashRDID = 0x50
                0x0000000000000056                u8SelectFlashChipType = 0x56
                0x000000000000005c                memcpy = 0x5c
                0x0000000000000066                vBootFlashProg = 0x66
                [0x0000000000000d16]                _minimum_heap_size = DEFINED (_minimum_heap_size)?_minimum_heap_size:0xd16
                0x0000000000000000                _SwConfig = (DEFINED (g_bSWConf_Debug) | (DEFINED (g_bSWConf_AltDebugPort) << 0x1))

.version        0x000000000007fffc        0x4
                0x000000000007fffc        0x4 LONG 0x4030008

.bir            0x0000000000080000       0x10
                0x0000000000080000                _flash_start = ABSOLUTE (.)
                0x0000000000080000                _flash_beg = ABSOLUTE (.)
                0x0000000000080000        0x4 LONG 0x12345678
                0x0000000000080004        0x4 LONG 0x11223344
                0x0000000000080008        0x4 LONG 0x55667788
                0x000000000008000c        0x1 BYTE 0x8
                0x000000000008000d        0x1 BYTE 0x1
                0x000000000008000e        0x2 SHORT 0x0

.flashheader    0x0000000000080010       0x28
                0x0000000000080010        0x4 LONG 0x0
                0x0000000000080014        0x4 LONG 0x0
                0x0000000000080018        0x4 LONG 0x0
                0x000000000008001c        0x2 SHORT 0x0
                0x000000000008001e        0x2 SHORT 0x0 ABSOLUTE (_SwConfig)
                0x0000000000080020                _enc_start = ABSOLUTE (.)
                0x0000000000080020        0x4 LONG 0x14c68 ABSOLUTE (_image_len)
                0x0000000000080024        0x4 LONG 0x94390 ABSOLUTE (_flash_data_start)
                0x0000000000080028        0x2 SHORT 0x13 ((ABSOLUTE (_ram_data_start) / 0x4) & 0xffff)
                0x000000000008002a        0x2 SHORT 0x236 ((ABSOLUTE (_ram_data_len) / 0x4) & 0xffff)
                0x000000000008002c        0x2 SHORT 0x249 ((ABSOLUTE (_bss_start) / 0x4) & 0xffff)
                0x000000000008002e        0x2 SHORT 0x589 ((ABSOLUTE (_bss_len) / 0x4) & 0xffff)
                0x0000000000080030        0x4 LONG 0x8cf3d ABSOLUTE (AppWarmStart)
                0x0000000000080034        0x4 LONG 0x8d00d ABSOLUTE (AppColdStart)
                0x0000000000000000                _enc_offset = (_enc_start & 0xf)
                0x0000000000000044                PROVIDE (vException_BusError, restore_state)
                0x0000000000000044                PROVIDE (vException_UnalignedAccess, restore_state)
                0x0000000000000044                PROVIDE (vException_IllegalInstruction, restore_state)
                0x0000000000000044                PROVIDE (vException_SysCall, restore_state)
                0x0000000000000044                PROVIDE (vException_Trap, restore_state)
                0x0000000000000044                PROVIDE (vException_StackOverflow, restore_state)
                0x0000000000080038                . = ABSOLUTE (_exception_vsr_table)

.vsr_table      0x0000000000080038       0x18
                0x0000000000080038        0x4 LONG 0x44 ABSOLUTE (vException_BusError)
                0x000000000008003c        0x4 LONG 0x44 ABSOLUTE (vException_UnalignedAccess)
                0x0000000000080040        0x4 LONG 0x44 ABSOLUTE (vException_IllegalInstruction)
                0x0000000000080044        0x4 LONG 0x44 ABSOLUTE (vException_SysCall)
                0x0000000000080048        0x4 LONG 0x44 ABSOLUTE (vException_Trap)
                0x000000000008004c        0x4 LONG 0x44 ABSOLUTE (vException_StackOverflow)

.vsr_handlers   0x0000000000080050       0xaa
 *(.vsr_handlers)
 .vsr_handlers  0x0000000000080050       0xaa C:/Users/Makoto/Desktop/MWSTAGE-2022-08_win10-1/MWSTAGE/MWSDK/ChipLib/SW4063V1416/Components/Library\libBoot_JN516x.a(ExceptionHandler.o)
                0x0000000000080050                _exception_external_interrupt
                0x00000000000800f8                _default_vsr_dummy

.rodata         0x0000000000080100      0x889
 *(.rodata*)
 .rodata        0x0000000000080100      0x1cb C:\Users\Makoto\AppData\Local\Temp\ccqct98r.ltrans0.ltrans.o
 *fill*         0x00000000000802cb        0x1 00
 .rodata        0x00000000000802cc       0x64 C:\Users\Makoto\AppData\Local\Temp\ccqct98r.ltrans1.ltrans.o
                0x00000000000802cc                CSWTCH.35.26211.26211
 .rodata        0x0000000000080330       0x1c C:\Users\Makoto\AppData\Local\Temp\ccqct98r.ltrans2.ltrans.o
                0x0000000000080330                psTamXcvContext
 .rodata.str1.1
                0x000000000008034c        0xe C:\Users\Makoto\AppData\Local\Temp\ccqct98r.ltrans3.ltrans.o
                                         0x12 (size before relaxing)
 *fill*         0x000000000008035a        0x6 00
 .rodata        0x0000000000080360       0x50 C:\Users\Makoto\AppData\Local\Temp\ccqct98r.ltrans3.ltrans.o
 .rodata.str1.1
                0x00000000000803b0       0x22 C:\Users\Makoto\AppData\Local\Temp\ccqct98r.ltrans4.ltrans.o
 *fill*         0x00000000000803d2        0x2 00
 .rodata        0x00000000000803d4       0x38 C:\Users\Makoto\AppData\Local\Temp\ccqct98r.ltrans4.ltrans.o
                0x00000000000803d4                asStateFuncTbl.27359
 .rodata        0x000000000008040c        0x6 C:\Users\Makoto\AppData\Local\Temp\ccqct98r.ltrans5.ltrans.o
                0x000000000008040c                aeXcvPhyEvtToScanEvt.5394.15875
 .rodata.str1.1
                0x0000000000080412       0x37 C:\Users\Makoto\AppData\Local\Temp\ccqct98r.ltrans6.ltrans.o
                                         0x48 (size before relaxing)
 *fill*         0x0000000000080449        0x3 00
 .rodata        0x000000000008044c        0xc C:\Users\Makoto\AppData\Local\Temp\ccqct98r.ltrans7.ltrans.o
                0x000000000008044c                au32UartAddrOffset
 .rodata        0x0000000000080458       0x34 C:\Users\Makoto\AppData\Local\Temp\ccqct98r.ltrans8.ltrans.o
                0x0000000000080468                au32TimerBaseAddress
 .rodata.str1.1
                0x000000000008048c        0xe C:\Users\Makoto\AppData\Local\Temp\ccqct98r.ltrans8.ltrans.o
 .rodata.str1.1
                0x000000000008049a        0xe C:\Users\Makoto\AppData\Local\Temp\ccqct98r.ltrans9.ltrans.o
 .rodata        0x00000000000804a8        0x5 C:\Users\Makoto\AppData\Local\Temp\ccqct98r.ltrans9.ltrans.o
                0x00000000000804a8                gbHighPowerMode
                0x00000000000804a9                gu8ModuleID
 .rodata.str1.1
                0x00000000000804ad        0xd C:\Users\Makoto\AppData\Local\Temp\ccqct98r.ltrans11.ltrans.o
 .rodata        0x00000000000804ba       0x14 C:\Users\Makoto\AppData\Local\Temp\ccqct98r.ltrans11.ltrans.o
 .rodata.str1.1
                0x00000000000804ce       0x1f C:\Users\Makoto\AppData\Local\Temp\ccqct98r.ltrans12.ltrans.o
 .rodata        0x00000000000804ed       0x10 C:\Users\Makoto\AppData\Local\Temp\ccqct98r.ltrans12.ltrans.o
 .rodata        0x00000000000804fd        0xa C:\Users\Makoto\AppData\Local\Temp\ccqct98r.ltrans13.ltrans.o
 .rodata.str1.1
                0x0000000000080507       0xdc C:\Users\Makoto\AppData\Local\Temp\ccqct98r.ltrans14.ltrans.o
 *fill*         0x00000000000805e3        0x1 00
 .rodata        0x00000000000805e4       0xc0 C:\Users\Makoto\AppData\Local\Temp\ccqct98r.ltrans15.ltrans.o
                0x00000000000805e4                s_aprScanHandleEvt.15872
                0x0000000000080614                apvActionCalls
                0x000000000008069c                psTamMacContext
                0x00000000000806a0                psTAMcontext
 .rodata.str1.1
                0x00000000000806a4       0x88 C:\Users\Makoto\AppData\Local\Temp\ccqct98r.ltrans18.ltrans.o
 .rodata.str1.1
                0x000000000008072c       0x11 C:\Users\Makoto\AppData\Local\Temp\ccqct98r.ltrans19.ltrans.o
 *fill*         0x000000000008073d        0x3 00
 .rodata        0x0000000000080740       0x7c C:\Users\Makoto\AppData\Local\Temp\ccqct98r.ltrans19.ltrans.o
                0x0000000000080774                u32MacLow_TOCOS
                0x0000000000080778                u32MacHigh_TOCOS
 .rodata.str1.1
                0x00000000000807bc       0x32 c:/users/makoto/desktop/mwstage-2022-08_win10-1/mwstage/tools/ba-elf-ba2-r36379.w10/bin/../lib/gcc/ba-elf/4.7.4/../../../../ba-elf/lib/mcpu_jn51xx_sizeopt\libc.a(lib_a-svfprintf.o)
                                         0x34 (size before relaxing)
 .rodata        0x00000000000807ee       0x20 c:/users/makoto/desktop/mwstage-2022-08_win10-1/mwstage/tools/ba-elf-ba2-r36379.w10/bin/../lib/gcc/ba-elf/4.7.4/../../../../ba-elf/lib/mcpu_jn51xx_sizeopt\libc.a(lib_a-svfprintf.o)
 .rodata.str1.1
                0x000000000008080e        0xd c:/users/makoto/desktop/mwstage-2022-08_win10-1/mwstage/tools/ba-elf-ba2-r36379.w10/bin/../lib/gcc/ba-elf/4.7.4/../../../../ba-elf/lib/mcpu_jn51xx_sizeopt\libc.a(lib_a-dtoa.o)
                                          0xf (size before relaxing)
 .rodata.str1.1
                0x000000000008081b        0x2 c:/users/makoto/desktop/mwstage-2022-08_win10-1/mwstage/tools/ba-elf-ba2-r36379.w10/bin/../lib/gcc/ba-elf/4.7.4/../../../../ba-elf/lib/mcpu_jn51xx_sizeopt\libc.a(lib_a-impure.o)
 .rodata.str1.1
                0x000000000008081d        0x6 c:/users/makoto/desktop/mwstage-2022-08_win10-1/mwstage/tools/ba-elf-ba2-r36379.w10/bin/../lib/gcc/ba-elf/4.7.4/../../../../ba-elf/lib/mcpu_jn51xx_sizeopt\libc.a(lib_a-locale.o)
                                          0xb (size before relaxing)
 *fill*         0x0000000000080823        0x5 00
 .rodata        0x0000000000080828      0x128 c:/users/makoto/desktop/mwstage-2022-08_win10-1/mwstage/tools/ba-elf-ba2-r36379.w10/bin/../lib/gcc/ba-elf/4.7.4/../../../../ba-elf/lib/mcpu_jn51xx_sizeopt\libc.a(lib_a-mprec.o)
                0x0000000000080828                __mprec_tinytens
                0x0000000000080850                __mprec_bigtens
                0x0000000000080878                __mprec_tens
 .rodata.str1.1
                0x0000000000000000       0x22 c:/users/makoto/desktop/mwstage-2022-08_win10-1/mwstage/tools/ba-elf-ba2-r36379.w10/bin/../lib/gcc/ba-elf/4.7.4/../../../../ba-elf/lib/mcpu_jn51xx_sizeopt\libc.a(lib_a-svfiprintf.o)
 .rodata        0x0000000000080950       0x20 c:/users/makoto/desktop/mwstage-2022-08_win10-1/mwstage/tools/ba-elf-ba2-r36379.w10/bin/../lib/gcc/ba-elf/4.7.4/../../../../ba-elf/lib/mcpu_jn51xx_sizeopt\libc.a(lib_a-svfiprintf.o)
 .rodata        0x0000000000080970       0x19 c:/users/makoto/desktop/mwstage-2022-08_win10-1/mwstage/tools/ba-elf-ba2-r36379.w10/bin/../lib/gcc/ba-elf/4.7.4/../../../../ba-elf/lib/mcpu_jn51xx_sizeopt\libc.a(lib_a-glue.o)

.text           0x000000000008098c    0x13a03
 *(.text*)
 .text          0x000000000008098c      0xf5e C:\Users\Makoto\AppData\Local\Temp\ccqct98r.ltrans0.ltrans.o
                0x000000000008098c                mac_vLPBAdjustBeaconOffset
                0x00000000000809e9                mac_u32LPBGetBeaconTimeout
                0x00000000000809f2                eWEnDTmrExpiry.15513
                0x00000000000809fd                eWEnDEdDone.15510
                0x0000000000080a58                eGenlDontCare.15507
                0x0000000000080a5d                eGenlIllegal.15132
                0x0000000000080a64                u32GetTimer0
                0x0000000000080a6b                vSetTimer0
                0x0000000000080a7a                _ZN3mwx2L112appdefs_crtpINS0_9NwkSimpleEE18_cbTweNet_vHwEventEPvmm.local.212
                0x0000000000080a7d                _ZN3mwx2L112appdefs_crtpINS0_9NwkSimpleEE17_cbTweNet_u8HwIntEPvmm.local.211
                0x0000000000080a82                _ZN3mwx2L114processev_crtpINS0_13BrdAppTweliteEE14vProcessEvCoreEP8_tsEvent7teEventm.local.218
                0x0000000000080a85                _ZN3mwx2L112appdefs_crtpINS0_13BrdAppTweliteEE18_cbTweNet_vHwEventEPvmm.local.217
                0x0000000000080a88                _ZN3mwx2L112appdefs_crtpINS0_13BrdAppTweliteEE17_cbTweNet_u8HwIntEPvmm.local.216
                0x0000000000080a8d                _out_fct.6591
                0x0000000000080a9f                _out_null.6597
                0x0000000000080aa2                vOutputStream.6462
                0x0000000000080aae                _ZN3mwx2L110serial_jen7vOutputEcPv.local.210
                0x0000000000080ad5                vHandlerPatch.5575
                0x0000000000080b0c                _ZN3mwx2L112appdefs_crtpINS0_9NwkSimpleEE18_cbTweNet_vTxEventEPvRNS0_12packet_ev_txE.local.208
                0x0000000000080b26                _ZN3mwx2L112appdefs_crtpINS0_13BrdAppTweliteEE15_cbTweNet_vMainEPv.local.209
                0x0000000000080b3e                _ZN3mwx2L112appdefs_crtpINS0_9NwkSimpleEE19_cbTweNet_vNwkEventEPvRNS0_13packet_ev_nwkE.local.221
                0x0000000000080b47                _ZN3mwx2L112appdefs_crtpINS0_9NwkSimpleEE15_cbTweNet_vMainEPv.local.222
                0x0000000000080b4a                _ZN3mwx2L112appdefs_crtpINS0_13BrdAppTweliteEE18_cbTweNet_vTxEventEPvRNS0_12packet_ev_txE.local.223
                0x0000000000080b4d                _ZN3mwx2L112appdefs_crtpINS0_13BrdAppTweliteEE18_cbTweNet_vRxEventEPvRNS0_9packet_rxE.local.224
                0x0000000000080b50                _ZN3mwx2L112appdefs_crtpINS0_13BrdAppTweliteEE19_cbTweNet_vNwkEventEPvRNS0_13packet_ev_nwkE.local.225
                0x0000000000080b53                u8TSCframeIncrease
                0x0000000000080b8c                vCopyToDataFromMacAddr.22538
                0x0000000000080bbf                psTAQsearchFifo
                0x0000000000080c08                bTAQremoveFromFifo
                0x0000000000080c45                vTAMinsertEvent
                0x0000000000080cab                vTAM_TxRetryTimeout
                0x0000000000080caf                vTACsetTxFrameDefaults
                0x0000000000080cd5                u8TACgetHeaderSize
                0x0000000000080d12                u32TACpayloadToU32M
                0x0000000000080d33                vTACu32ToPayloadM
                0x0000000000080d4b                vTACbuildBeacon
                0x0000000000080f53                bTACframeInProgress
                0x0000000000080f7d                bTACassessBeaconForPayload
                0x0000000000080fce                bIsBbcSafeForTx
                0x0000000000081003                vTATwriteAclMaterialToHardware
                0x0000000000081028                vTATsetBLE
                0x000000000008105f                vTATgetFramePayload
                0x000000000008107c                eTATreadTXstatus
                0x00000000000810c2                vTAHsetPhyStateDirect.part.0.19997
                0x00000000000810de                vDoGoOff.21818
                0x00000000000810f8                vMEMreturn
                0x0000000000081169                vTACinformOriginator
                0x000000000008118b                pvMEMget
                0x00000000000811b7                vTAMDEdetermineNullState
                0x00000000000811d1                vTAMCOupdatePendingList
                0x00000000000812a3                vTAMCOsetCoordinator
                0x00000000000812c9                vPhySetChannel
                0x00000000000812e2                eScanHandleEvt.part.0.15543
                0x000000000008130b                mac_eDcfmIndPost
                0x000000000008132c                mac_psDcfmIndGetBuf
                0x000000000008134d                vMLMErxEnableConfirm
                0x000000000008137f                vMLMEcommStatus
                0x00000000000813e2                vMLMEcommStatusFromFrame
                0x0000000000081426                vTSCpostTransmitUpdate
                0x0000000000081455                vMLMEsyncLoss
                0x0000000000081488                vPMICpostFailedAssocDcfm
                0x00000000000814c0                vPMICassocReqTO_2.13960
                0x00000000000814d7                MAC_vPibSetPanId
                0x00000000000814f2                vHandleTofRequest.12066
                0x00000000000814f5                vAppApiDefSetPrbsSeed
                0x0000000000081519                mwx::L1::duplciate_checker::_node_ele_init(mwx::L1::duplciate_checker::_node_ele*)
                0x0000000000081538                _ZN3mwx2L113serial_parserINS0_10alloc_heapIhEEEC1Ev.local.52
                0x000000000008155a                _ZN3mwx2L16twenetC1Ev.local.58
                0x00000000000815f1                _ZN3mwx2L110serial_jenC1Eh.local.107
                0x0000000000081621                _ZN3mwx2L115periph_analogueC1Ev.local.125
                0x000000000008164c                _ZN3mwx2L112appdefs_virt8on_eventEmRm.local.134
                0x0000000000081664                _ZN3mwx2L112appdefs_virt18cbToCoNet_vHwEventEmm.local.136
                0x000000000008167c                _ZN3mwx2L112appdefs_virt18cbToCoNet_vTxEventERNS0_12packet_ev_txE.local.137
                0x0000000000081694                _ZN3mwx2L112appdefs_virt19cbToCoNet_vNwkEventERNS0_13packet_ev_nwkE.local.139
                0x00000000000816ac                s_div_by
                0x00000000000816dd                u8CCITT8
                0x0000000000081703                bAES_CCM_KeyReg
                0x0000000000081742                bFifoPush.4280
                0x000000000008177b                vAppQApiPostMlme.4266
                0x000000000008179a                vAppQApiPostMcps.4273
                0x00000000000817b5                pvFifoPull.4277
                0x00000000000817dc                psAppQApiGetMlmeBuffer.4263
                0x00000000000817e4                psAppQApiGetMcpsBuffer.4270
                0x00000000000817ec                PRSEV_vSetState
                0x00000000000817fc                PRSEV_vProcessEv_core.3150
                0x000000000008189e                PRSEV_vProcessEvPost
                0x00000000000818d0                _PRSEV_vProcessEvSingle
                0x00000000000818dd                ToCoNet_vMacStart
 .text.unlikely
                0x00000000000818ea       0x65 C:\Users\Makoto\AppData\Local\Temp\ccqct98r.ltrans0.ltrans.o
                0x00000000000818ea                _ZN3mwx2L112appdefs_virt18cbToCoNet_vRxEventERNS0_9packet_rxE.local.138
                0x0000000000081902                PRSEV_u8Register
                0x0000000000081940                _PRSEV_vProcessEvSingleH
 .text          0x000000000008194f      0xbbf C:\Users\Makoto\AppData\Local\Temp\ccqct98r.ltrans1.ltrans.o
                0x000000000008194f                mac_vLPBStartTimer
                0x0000000000081ae1                vProcessEvCoreTx.27296
                0x0000000000081bd1                vMicroIntEnableOnly.constprop.348
                0x0000000000081bfd                vAHI_ProtocolPower.constprop.347
                0x0000000000081c0b                XCV_vCtor.constprop.345
                0x0000000000081d70                vAHI_DoSetPullup.constprop.332
                0x0000000000081d90                vAHI_DioWakeEnable.constprop.331
                0x0000000000081da4                _ZN3mwx2L112periph_timer11change_dutyEtt.local.199
                0x0000000000081de7                vAHI_TimerEnable.part.1.26078.constprop.320
                0x0000000000081e52                _ZN3mwx2L16twenet5beginEv.local.112.constprop.302
                0x0000000000081e97                _ZN3mwx2L114periph_buttons5beginEmht.constprop.301
                0x0000000000081efa                _ZN3mwx2L115periph_analogue10_adc_startEv.local.43.constprop.290
                0x0000000000081fe3                mwx::L1::periph_analogue::ADC_handler(unsigned long, unsigned long)
                0x000000000008202a                u8HwEventHandler.3360
                0x00000000000820d2                bAES_CCMstar
                0x000000000008219e                pvHeap_Alloc
                0x00000000000821a1                operator new(unsigned long)
                0x00000000000821c4                _ZN3mwx2L114periph_buttons5setupEh.part.0.8400.constprop.300
                0x00000000000821ee                _ZN3mwx2L112appdefs_virt5setupEv.part.4.2362
                0x0000000000082214                u32AHI_Init
                0x00000000000822d6                vMicroIntRestoreState
                0x00000000000822e2                _ToCoNet_bRfChChannel
                0x0000000000082377                ToCoNet_ChMgr_bCh_Reconfig
                0x00000000000823df                ToCoNet_ChMgr_vCh_TxFin
                0x000000000008240b                vHnd_E_STATE_IDLE.27319
                0x000000000008246f                vAHI_TickTimerIntEnable
                0x00000000000824ca                vAHI_TickTimerConfigure
                0x00000000000824e5                bAHI_DoEnableOutputs
 *fill*         0x000000000008250e        0x2 00
 .text          0x0000000000082510      0xabc C:\Users\Makoto\AppData\Local\Temp\ccqct98r.ltrans2.ltrans.o
                0x0000000000082510                vPMICassocReqTO_1.13953
                0x0000000000082598                vTAMDEstartSync
                0x0000000000082617                eTAMselect
                0x0000000000082758                MAC_pvCtor
                0x0000000000082b73                u32AppApiDefInit
                0x0000000000082c28                _ToCoNet_vMacInit
                0x0000000000082c8e                _ToCoNet_vRfConfig
                0x0000000000082dcf                vDeterminePowerState.18778
                0x0000000000082e54                vTAMDEint1FiredTrackingBeacon
                0x0000000000082ef4                vTAMDEint2FiredTrackingDR
                0x0000000000082f19                vTAMDEframeTXtrackingDR
                0x0000000000082f72                vTAMDEint2FiredPollActive
                0x0000000000082fa6                vTAMDEreqTXnullTrackingCAP
                0x0000000000082fbf                vTAM_TxRetryTimer
 .text          0x0000000000082fcc     0x11c3 C:\Users\Makoto\AppData\Local\Temp\ccqct98r.ltrans3.ltrans.o
                0x0000000000083a6a                vHnd_E_STATE_WAIT_TX.27327
                0x0000000000083adb                _vsnprintf.constprop.378
                0x00000000000840ee                vAHI_SiMasterConfigure.constprop.374
                0x0000000000084122                QUEUE__u8RemoveItem.part.1.5777
                0x000000000008415d                QUEUE__vAddItem.constprop.340
 .text          0x000000000008418f      0xd46 C:\Users\Makoto\AppData\Local\Temp\ccqct98r.ltrans4.ltrans.o
                0x000000000008418f                TSV_eStart
                0x0000000000084273                eTAStransmitRequest
                0x000000000008460e                vTAM_MCPSdataRequest
                0x0000000000084651                bTACcheckPANconflict
                0x000000000008470a                TSV_eOpen
                0x0000000000084712                vAppApiDefRestoreMacSettings
                0x00000000000847e3                vAppApiDefSaveMacSettings
                0x0000000000084840                mac_vLPBSleep
                0x00000000000848fe                pvAppApiDefGetMacAddrLocation
                0x0000000000084907                eAppApiDefPlmeGet
                0x0000000000084959                eAppApiDefPlmeSet
                0x00000000000849b2                vAppApiDefMcpsRequest
                0x00000000000849dd                vHnd_E_STATE_PREPARE_TX.27314
 *fill*         0x0000000000084ed5        0x3 00
 .text          0x0000000000084ed8      0xb9c C:\Users\Makoto\AppData\Local\Temp\ccqct98r.ltrans5.ltrans.o
                0x0000000000084ed8                TSV_eStop
                0x0000000000084f79                vTAStidyUpAfterFrameTX
                0x0000000000084f96                eWChCChanChgd.15540
                0x0000000000085186                eGenTmrExpiry.15825
                0x00000000000851c8                eWEDTEdDone.15828
                0x00000000000851ec                MAC_vHandleMlmeReqRsp
                0x000000000008599d                vTAMDEint1FiredTracking
                0x0000000000085a0d                vTAMDEint1FiredSyncReq
 .text          0x0000000000085a74      0x9dc C:\Users\Makoto\AppData\Local\Temp\ccqct98r.ltrans6.ltrans.o
                0x0000000000085a74                ToCoNet_vMain
 .text          0x0000000000086450      0xa58 C:\Users\Makoto\AppData\Local\Temp\ccqct98r.ltrans7.ltrans.o
                0x000000000008649b                SERIAL_bTxChar
                0x000000000008654c                TWETERM_vFlush.27670
                0x00000000000865ca                vTACintRXheader
                0x0000000000086dc5                eGenRxHdrDone.15523
                0x0000000000086dd5                _ZN3mwx2L112appdefs_crtpINS0_13BrdAppTweliteEE9_on_eventEPvmRm.local.189
 .text          0x0000000000086ea8      0x7ed C:\Users\Makoto\AppData\Local\Temp\ccqct98r.ltrans8.ltrans.o
                0x0000000000086ea8                vHnd_E_STATE_RUNNING.27335
                0x00000000000870f2                SERIAL_vTxReady
                0x0000000000087153                _ZN3mwx2L110serial_jen6_beginEv.part.25.7399
                0x00000000000873d8                vTimerStart
                0x00000000000874d2                _ZN3mwx2L112periph_timer5beginEtbb.local.196.constprop.317
                0x00000000000875b3                _ZN3mwx2L112periph_timer10_on_wakeupEv.local.131
                0x00000000000875d6                _ZN6ST70325printEPc.constprop.353
 .text.unlikely
                0x0000000000087695      0x125 C:\Users\Makoto\AppData\Local\Temp\ccqct98r.ltrans8.ltrans.o
                0x0000000000087695                display()
 *fill*         0x00000000000877ba        0x2 00
 .text          0x00000000000877bc      0x88c C:\Users\Makoto\AppData\Local\Temp\ccqct98r.ltrans9.ltrans.o
                0x00000000000877f5                vAppQApiPostHwIntT.4259
                0x00000000000878c8                TWETERM_iGetC.27701
                0x000000000008792b                vRxChar.5600
                0x000000000008797c                vTimerConfig
                0x0000000000087b0b                MWX_Panic
                0x0000000000087b6f                cbAppColdStart.part.32.8006
                0x0000000000087d59                _ZN3mwx2L112periph_timer5_stopEv.part.9.7365
                0x0000000000087dc8                _ZN3mwx2L114periph_twowire11cmd_tx_stopEb.isra.5.1419.constprop.375
                0x0000000000087dd6                _ZN3mwx2L110serial_jen13_set_baudrateEt.isra.2.7346
                0x0000000000087e87                u8TAM_AES_WriteAuxilliarySecurityHeaderIntoBuffer
                0x0000000000087ef9                phy_ePibSet.part.1.17339
                0x0000000000087f41                u32AHI_ReadIndexSectorBits.constprop.252
                0x0000000000087fa2                _ZN3mwx2L114periph_twowire5writeEh.local.228.constprop.367
                0x0000000000087fdf                _ZN6ST70327commandEh.constprop.363
                0x0000000000088038                _ZN6ST703217normalFunctionSetEv.constprop.359
 .text          0x0000000000088048      0xad6 C:\Users\Makoto\AppData\Local\Temp\ccqct98r.ltrans10.ltrans.o
                0x0000000000088048                vAHI_IntHandlerTimer2
                0x0000000000088068                vAHI_IntHandlerSysCtrl
                0x00000000000880c2                vAHI_IntHandlerUart1
                0x00000000000880ed                vAHI_IntHandlerUart0
                0x0000000000088118                vAHI_IntHandlerTimer4
                0x0000000000088139                vAHI_IntHandlerTimer3
                0x000000000008815a                vAHI_IntHandlerTimer1
                0x000000000008817a                vAHI_IntHandlerTimer0
                0x000000000008819b                vTimerCallback.25863
                0x00000000000881a6                vAHI_IntHandlerSpiMaster
                0x00000000000881cc                vAHI_IntHandlerAnalogPeriph
                0x00000000000881ec                vTTIBLETimerExpired
                0x00000000000881f7                vTTITimer2Expired
                0x00000000000881fc                vTTITimer1Expired
                0x0000000000088201                vTTITransactionTimerExpired
                0x000000000008822a                bUpdateTime.20856
                0x0000000000088265                u8AHI_WakeTimerFiredStatus
                0x0000000000088279                vAHI_WakeTimerStop.part.3.26543
                0x0000000000088299                mac_vLPBStopTimer
                0x00000000000882a3                vAHI_UartSetClocksPerBit.part.18.26339
                0x00000000000882ca                vAHI_UartSetRTSCTS.part.15.26324
                0x00000000000882f1                vAHI_UartReset.part.4.26297
                0x0000000000088329                vAHI_UartSetControl.part.2.26281
                0x000000000008837a                vAHI_UartSetBaudDivisor.part.1.26277
                0x00000000000883b9                vAHI_TimerStop.part.7.26107
                0x00000000000883d7                vAHI_TimerDisable.part.2.26086
                0x00000000000883fa                vAHI_WatchdogStop
                0x0000000000088411                vAHI_CpuDoze
                0x0000000000088424                _ZN3mwx2L120periph_pulse_counter10_on_wakeupEv.part.18.7380
                0x000000000008849a                u32AHI_DioWakeStatus
                0x00000000000884ab                vAHI_DioWakeEdge
                0x00000000000884cb                vAHI_DioSetPullup
                0x00000000000884eb                vAHI_DioSetOutput
                0x00000000000884ff                vAHI_DioSetDirection
                0x0000000000088513                vACI_CmdWaitBusy
                0x0000000000088577                vACI_OptimisedCcmStar
                0x000000000008878f                vTAIdisableInterrupt
                0x00000000000887a8                vUpdateRegisters.25126
                0x00000000000887ef                psRemove.part.0.25076
                0x000000000008881e                vMAC_MISCpollConfirm
                0x000000000008884f                MAC_u8AclFindInfo
                0x0000000000088979                vTASretrieveSecurity
                0x000000000008899b                MAC_bLookUpKeyDescriptor.22628
                0x0000000000088a15                bTSCgetOutgoingInfo
 .text.unlikely
                0x0000000000088b1e       0x11 C:\Users\Makoto\AppData\Local\Temp\ccqct98r.ltrans10.ltrans.o
                0x0000000000088b1e                vStartXtal32kExternalRc.25877
 .text          0x0000000000088b2f      0x930 C:\Users\Makoto\AppData\Local\Temp\ccqct98r.ltrans11.ltrans.o
                0x0000000000088b2f                UART_vHandleUartInterrupt.5702
                0x0000000000088bb6                vXCV_IntHandlerPhy
                0x0000000000088c68                vScanHandleTimer.15129
                0x0000000000088c6d                bAES_CCM_EncodeKey
                0x0000000000088d1a                _ZN3mwx2L114processev_crtpINS0_9NwkSimpleEE14vProcessEvCoreEP8_tsEvent7teEventm.local.215
                0x0000000000088dcd                vXCV_IntHandlerBbc
                0x0000000000088e70                _ZN3mwx2L114periph_twowire14cmd_tx_no_stopEb.isra.4.1416.constprop.376
                0x0000000000088e7e                _ZN3mwx2L114periph_twowire12cmd_tx_startEv.isra.3.1414
                0x0000000000088e8c                vTAIsetCapTime
                0x0000000000088ead                vTAIsetRxEnableTime
                0x0000000000088ece                vDoGoActive.21820
                0x0000000000088ef0                vTAMRXEint2Fired
                0x0000000000088f26                _ZN3mwx2L115periph_analogue5setupEbhPFvvE.local.124.constprop.262
                0x0000000000088fc0                TWESYSUTL_vWaitPoll
                0x0000000000089060                _ZL5delaym.1407
                0x000000000008908b                vMLMEbeaconNotify
                0x00000000000891e9                vMCPSframeReceived
                0x00000000000892ac                vTAMRXEsetPhy
                0x000000000008936f                vTAHsetPhyState
                0x000000000008939f                vTAMCOint2Fired
                0x00000000000893bf                vSetPHYfromMacValue.18654
                0x00000000000893f1                vTAMDEint1FiredWaitDR
                0x00000000000893fe                vTACsetPHYfromMacValue
                0x000000000008941f                vTAMRXEsetReceiveForPibChange
 .text          0x000000000008945f      0x698 C:\Users\Makoto\AppData\Local\Temp\ccqct98r.ltrans12.ltrans.o
                0x0000000000089496                _ZN3mwx2L111_printobj_4ImhhhE9_do_printEPvPFvcS3_ES3_.local.220
                0x00000000000894ba                _ZN3mwx2L111_printobj_2IttE9_do_printEPvPFvcS3_ES3_.local.219
                0x00000000000894d1                _ZN3mwx2L114periph_twowire9busy_waitEv.isra.1.1412
                0x000000000008951a                _ZN3mwx2L114periph_twowireC1Eh.local.76
                0x0000000000089557                _ZL11digitalReadh.2329
                0x0000000000089572                bAHI_ReadMACID
                0x00000000000895b8                _ZL17delayMicrosecondsm.1404
                0x0000000000089648                ToCoNet_vInit
                0x000000000008998b                _ZN3mwx2L114periph_twowire8_init_hwEb.isra.7.1424.constprop.372
                0x00000000000899bc                vExpireHead.25081
                0x00000000000899ec                bAHI_SetClockRate
 .text.unlikely
                0x0000000000089af7      0x26c C:\Users\Makoto\AppData\Local\Temp\ccqct98r.ltrans12.ltrans.o
                0x0000000000089b67                bStartXtal32k.25887
                0x0000000000089c6f                u32AppQApiInitInt_PATCH
                0x0000000000089c7e                vAHI_MemoryHold.25977
                0x0000000000089cc3                _ZN3mwx2L19_printobj8do_printEPFvcPvES2_.local.207.constprop.330
                0x0000000000089cf5                _ZN3mwx2L110periph_spi11transceiver5writeEi.local.185
 .text          0x0000000000089d63      0x918 C:\Users\Makoto\AppData\Local\Temp\ccqct98r.ltrans13.ltrans.o
                0x0000000000089ec3                bAES_CCM_DecodeKey
                0x0000000000089f7f                bTAM_AES_CCMstarPatch
                0x000000000008a0c3                bTAM_AES_CCMstarPatch2006
                0x000000000008a1ca                vWriteFrame.20356
                0x000000000008a3a2                bTATsendFrame
                0x000000000008a3f5                bSendDataRequest.18658
                0x000000000008a507                _ZN3mwx2L110serial_jen10_on_wakeupEv.part.27.7524
                0x000000000008a581                _MWX_periph_init()
 .text          0x000000000008a67b      0x72c C:\Users\Makoto\AppData\Local\Temp\ccqct98r.ltrans14.ltrans.o
                0x000000000008a7b9                vProcessEvCoreMac
                0x000000000008a821                setup()
 *fill*         0x000000000008ada7        0x1 00
 .text          0x000000000008ada8      0x7e8 C:\Users\Makoto\AppData\Local\Temp\ccqct98r.ltrans15.ltrans.o
                0x000000000008b1c2                vTAMCOframeRXcap
                0x000000000008b1d4                vTAMCOframeRXgoingIdle
                0x000000000008b1ea                vTAMCOframeRXnobeacon
                0x000000000008b1fc                vTAMDEframeRX
                0x000000000008b225                vTAMDEframeRXtrackingDR
                0x000000000008b269                vTAMDEframePreSyncReq
                0x000000000008b282                eWCoRRxDone.15520
                0x000000000008b32c                eWBcnRxDone.15532
                0x000000000008b4c7                vTAMCOframeTXbeacon
 .text          0x000000000008b590      0x94c C:\Users\Makoto\AppData\Local\Temp\ccqct98r.ltrans16.ltrans.o
                0x000000000008b6d3                vHnd_E_STATE_FINISH_TX_FAIL.27304
                0x000000000008b78a                vHnd_E_STATE_FINISH_TX_SUCCESS.27309
                0x000000000008b81d                vTAMCOreqTXinCAP
                0x000000000008b843                pinMode(unsigned char, mwx::L1::enum_wapper<PIN_MODE::eMWX_DIO_MODE, unsigned char>)
                0x000000000008b9c9                _ZN3mwx2L113BrdAppTwelite6_setupEv.local.190
                0x000000000008bae7                vTrySendFromDirectCAP.18111
                0x000000000008bb03                vTrySendFromDirectNoBeacon.18115
                0x000000000008bb2f                vTAMCOint1Fired
                0x000000000008bc4b                vTAMCOstartBeacon
                0x000000000008bc86                vStartStoreValues.18179
                0x000000000008bd3d                bStartCallback.18208
                0x000000000008bd6c                vTAMCOint1FiredCAP
                0x000000000008bddf                vTAMCOreqTXnoBeacon
                0x000000000008bdf1                vTrySendUnslotted.18656
                0x000000000008be0b                bProcessBeaconRX.18661
 .text          0x000000000008bedc      0x888 C:\Users\Makoto\AppData\Local\Temp\ccqct98r.ltrans17.ltrans.o
                0x000000000008bf1b                bSendSyncLoss.20791
                0x000000000008bf33                bPollReqSent.24387
                0x000000000008bf4b                bMCPSframeTXcomplete.16560
                0x000000000008bfa0                bPMICdisassocReqSent.13949
                0x000000000008c01b                MAC_vHandleMcpsReqRsp
                0x000000000008c0a8                bTASsendCommStatusInd
                0x000000000008c0bd                bAssocRespSent.13945
                0x000000000008c0d0                vTACcheckPollResponse
                0x000000000008c104                vTAMDEframeRXsyncReq
                0x000000000008c354                vTAMDEint1FiredTrackingCAPgts
                0x000000000008c405                eTACprocessFrameTXcomplete
                0x000000000008c581                eWONTTxDone.15526
                0x000000000008c5af                eWBRTTxDone.15529
                0x000000000008c5cd                vTAMCOframeTXgoingIdle
                0x000000000008c5e6                vTAMCOframeTXcap
                0x000000000008c60b                vTAMCOframeTXnobeacon
                0x000000000008c621                vTAMCOframeStarting
                0x000000000008c63a                vTAMDEframeTXDEnull
                0x000000000008c65f                vTAMDEframeTXtrackingCAPgts
                0x000000000008c68d                bPMICassocReqSent.13941
                0x000000000008c70f                bPMICassocReqPollSent.13956
 .text          0x000000000008c764      0x704 C:\Users\Makoto\AppData\Local\Temp\ccqct98r.ltrans18.ltrans.o
                0x000000000008c764                MWX_DebugMsg
                0x000000000008c7a5                _ZN3mwx2L112appdefs_crtpINS0_9NwkSimpleEE18_cbTweNet_vRxEventEPvRNS0_9packet_rxE.local.213
 .text          0x000000000008ce68      0x6e1 C:\Users\Makoto\AppData\Local\Temp\ccqct98r.ltrans19.ltrans.o
                0x000000000008ce68                vPostDcfm.15516
                0x000000000008cf3d                AppWarmStart
                0x000000000008d00d                AppColdStart
 .text          0x000000000008d549      0x25c C:\Users\Makoto\AppData\Local\Temp\ccqct98r.ltrans20.ltrans.o
                0x000000000008d549                TWETERM_iPutS.27693
                0x000000000008d56e                TWETERM_iPutC.27697
                0x000000000008d57f                vAppApiDefMlmeRequest
                0x000000000008d5aa                pvAppApiDefGetMacHandle
                0x000000000008d5b3                cbAppWarmStart.part.28.7785
                0x000000000008d796                _ZN3mwx2L110serial_jen5writeEi.local.146
 *fill*         0x000000000008d7a5        0x3 00
 .text.unlikely
                0x000000000008d7a8      0x310 C:\Users\Makoto\AppData\Local\Temp\ccqct98r.ltrans20.ltrans.o
                0x000000000008d7c5                vProcessIncomingHwEvent.3529
 .text.unlikely
                0x000000000008dab8      0x43c C:\Users\Makoto\AppData\Local\Temp\ccqct98r.ltrans21.ltrans.o
                0x000000000008dab8                ToCoNet_vStart
 .text          0x000000000008def4       0x25 c:/users/makoto/desktop/mwstage-2022-08_win10-1/mwstage/tools/ba-elf-ba2-r36379.w10/bin/../lib/gcc/ba-elf/4.7.4/../../../../ba-elf/lib/mcpu_jn51xx_sizeopt\libc.a(lib_a-memcmp.o)
                0x000000000008def4                memcmp
 .text          0x000000000008df19       0x39 c:/users/makoto/desktop/mwstage-2022-08_win10-1/mwstage/tools/ba-elf-ba2-r36379.w10/bin/../lib/gcc/ba-elf/4.7.4/mcpu_jn51xx_sizeopt\libgcc.a(_fixunsdfsi.o)
                0x000000000008df19                __fixunsdfsi
 .text          0x000000000008df52      0x350 c:/users/makoto/desktop/mwstage-2022-08_win10-1/mwstage/tools/ba-elf-ba2-r36379.w10/bin/../lib/gcc/ba-elf/4.7.4/mcpu_jn51xx_sizeopt\libgcc.a(_udivdi3.o)
                0x000000000008df52                __udivdi3
 .text          0x000000000008e2a2      0x312 c:/users/makoto/desktop/mwstage-2022-08_win10-1/mwstage/tools/ba-elf-ba2-r36379.w10/bin/../lib/gcc/ba-elf/4.7.4/mcpu_jn51xx_sizeopt\libgcc.a(_umoddi3.o)
                0x000000000008e2a2                __umoddi3
 .text          0x000000000008e5b4       0x27 C:/Users/Makoto/Desktop/MWSTAGE-2022-08_win10-1/MWSTAGE/MWSDK/ChipLib/SW4063V1416/Components/Library\libHardwareApi_JN516x.a(AHI_Interrupt.o)
                0x000000000008e5b4                vAHI_InterruptSetPriority
                0x000000000008e5d2                vAHI_InterruptSetActivePriorityLevel
 .text.vMicroSyscall
                0x000000000008e5db       0x17 C:/Users/Makoto/Desktop/MWSTAGE-2022-08_win10-1/MWSTAGE/MWSDK/ChipLib/SW4063V1416/Components/Library\libMicroSpecific_JN516x.a(MicroSyscall_ba.o)
                0x000000000008e5db                vMicroSyscall
 .text          0x000000000008e5f2       0x12 c:/users/makoto/desktop/mwstage-2022-08_win10-1/mwstage/tools/ba-elf-ba2-r36379.w10/bin/../lib/gcc/ba-elf/4.7.4/../../../../ba-elf/lib/mcpu_jn51xx_sizeopt\libc.a(lib_a-memset.o)
                0x000000000008e5f2                memset
 .text          0x000000000008e604       0x84 c:/users/makoto/desktop/mwstage-2022-08_win10-1/mwstage/tools/ba-elf-ba2-r36379.w10/bin/../lib/gcc/ba-elf/4.7.4/../../../../ba-elf/lib/mcpu_jn51xx_sizeopt\libc.a(lib_a-sprintf.o)
                0x000000000008e604                _sprintf_r
                0x000000000008e642                sprintf
 *fill*         0x000000000008e688        0x0 00
 .text          0x000000000008e688     0x10e4 c:/users/makoto/desktop/mwstage-2022-08_win10-1/mwstage/tools/ba-elf-ba2-r36379.w10/bin/../lib/gcc/ba-elf/4.7.4/../../../../ba-elf/lib/mcpu_jn51xx_sizeopt\libc.a(lib_a-svfprintf.o)
                0x000000000008e688                _svfprintf_r
 .text          0x000000000008f76c      0xd83 c:/users/makoto/desktop/mwstage-2022-08_win10-1/mwstage/tools/ba-elf-ba2-r36379.w10/bin/../lib/gcc/ba-elf/4.7.4/../../../../ba-elf/lib/mcpu_jn51xx_sizeopt\libc.a(lib_a-dtoa.o)
                0x000000000008f8b7                _dtoa_r
 .text          0x00000000000904ef       0x86 c:/users/makoto/desktop/mwstage-2022-08_win10-1/mwstage/tools/ba-elf-ba2-r36379.w10/bin/../lib/gcc/ba-elf/4.7.4/../../../../ba-elf/lib/mcpu_jn51xx_sizeopt\libc.a(lib_a-locale.o)
                0x00000000000904ef                _setlocale_r
                0x0000000000090535                __locale_charset
                0x000000000009053e                __locale_mb_cur_max
                0x0000000000090547                __locale_msgcharset
                0x0000000000090550                __locale_cjk_lang
                0x0000000000090555                _localeconv_r
                0x000000000009055e                setlocale
                0x000000000009056c                localeconv
 .text          0x0000000000090575      0x4ba c:/users/makoto/desktop/mwstage-2022-08_win10-1/mwstage/tools/ba-elf-ba2-r36379.w10/bin/../lib/gcc/ba-elf/4.7.4/../../../../ba-elf/lib/mcpu_jn51xx_sizeopt\libc.a(lib_a-mallocr.o)
                0x0000000000090575                _malloc_r
 .text          0x0000000000090a2f       0x19 c:/users/makoto/desktop/mwstage-2022-08_win10-1/mwstage/tools/ba-elf-ba2-r36379.w10/bin/../lib/gcc/ba-elf/4.7.4/../../../../ba-elf/lib/mcpu_jn51xx_sizeopt\libc.a(lib_a-memchr.o)
                0x0000000000090a2f                memchr
 .text          0x0000000000090a48       0x19 c:/users/makoto/desktop/mwstage-2022-08_win10-1/mwstage/tools/ba-elf-ba2-r36379.w10/bin/../lib/gcc/ba-elf/4.7.4/../../../../ba-elf/lib/mcpu_jn51xx_sizeopt\libc.a(lib_a-memcpy.o)
 .text          0x0000000000090a61        0x6 c:/users/makoto/desktop/mwstage-2022-08_win10-1/mwstage/tools/ba-elf-ba2-r36379.w10/bin/../lib/gcc/ba-elf/4.7.4/../../../../ba-elf/lib/mcpu_jn51xx_sizeopt\libc.a(lib_a-mlock.o)
                0x0000000000090a61                __malloc_lock
                0x0000000000090a64                __malloc_unlock
 .text          0x0000000000090a67      0x8bb c:/users/makoto/desktop/mwstage-2022-08_win10-1/mwstage/tools/ba-elf-ba2-r36379.w10/bin/../lib/gcc/ba-elf/4.7.4/../../../../ba-elf/lib/mcpu_jn51xx_sizeopt\libc.a(lib_a-mprec.o)
                0x0000000000090a67                _Balloc
                0x0000000000090abf                _Bfree
                0x0000000000090ad9                __multadd
                0x0000000000090b66                __s2b
                0x0000000000090bf3                __hi0bits
                0x0000000000090c48                __lo0bits
                0x0000000000090cc1                __i2b
                0x0000000000090cd6                __multiply
                0x0000000000090e17                __pow5mult
                0x0000000000090e96                __lshift
                0x0000000000090f4a                __mcmp
                0x0000000000090f89                __mdiff
                0x000000000009106b                __ulp
                0x00000000000910af                __b2d
                0x0000000000091152                __d2b
                0x0000000000091211                __ratio
                0x0000000000091261                _mprec_log10
                0x0000000000091295                __copybits
                0x00000000000912ce                __any_on
 .text          0x0000000000091322       0x23 c:/users/makoto/desktop/mwstage-2022-08_win10-1/mwstage/tools/ba-elf-ba2-r36379.w10/bin/../lib/gcc/ba-elf/4.7.4/../../../../ba-elf/lib/mcpu_jn51xx_sizeopt\libc.a(lib_a-sbrkr.o)
                0x0000000000091322                _sbrk_r
 .text          0x0000000000091345       0x5c c:/users/makoto/desktop/mwstage-2022-08_win10-1/mwstage/tools/ba-elf-ba2-r36379.w10/bin/../lib/gcc/ba-elf/4.7.4/../../../../ba-elf/lib/mcpu_jn51xx_sizeopt\libc.a(lib_a-s_fpclassify.o)
                0x0000000000091345                __fpclassifyd
 .text          0x00000000000913a1       0x25 c:/users/makoto/desktop/mwstage-2022-08_win10-1/mwstage/tools/ba-elf-ba2-r36379.w10/bin/../lib/gcc/ba-elf/4.7.4/../../../../ba-elf/lib/mcpu_jn51xx_sizeopt\libc.a(lib_a-strcmp.o)
                0x00000000000913a1                strcmp
 .text          0x00000000000913c6       0x12 c:/users/makoto/desktop/mwstage-2022-08_win10-1/mwstage/tools/ba-elf-ba2-r36379.w10/bin/../lib/gcc/ba-elf/4.7.4/../../../../ba-elf/lib/mcpu_jn51xx_sizeopt\libc.a(lib_a-strlen.o)
                0x00000000000913c6                strlen
 .text          0x00000000000913d8      0x8f1 c:/users/makoto/desktop/mwstage-2022-08_win10-1/mwstage/tools/ba-elf-ba2-r36379.w10/bin/../lib/gcc/ba-elf/4.7.4/../../../../ba-elf/lib/mcpu_jn51xx_sizeopt\libc.a(lib_a-svfiprintf.o)
                0x00000000000913d8                __ssprint_r
                0x00000000000914fc                _svfiprintf_r
 .text          0x0000000000091cc9       0x64 c:/users/makoto/desktop/mwstage-2022-08_win10-1/mwstage/tools/ba-elf-ba2-r36379.w10/bin/../lib/gcc/ba-elf/4.7.4/../../../../ba-elf/lib/mcpu_jn51xx_sizeopt\libc.a(lib_a-callocr.o)
                0x0000000000091cc9                _calloc_r
 .text          0x0000000000091d2d      0x271 c:/users/makoto/desktop/mwstage-2022-08_win10-1/mwstage/tools/ba-elf-ba2-r36379.w10/bin/../lib/gcc/ba-elf/4.7.4/../../../../ba-elf/lib/mcpu_jn51xx_sizeopt\libc.a(lib_a-freer.o)
                0x0000000000091d2d                _malloc_trim_r
                0x0000000000091de1                _free_r
 .text          0x0000000000091f9e      0x1d0 c:/users/makoto/desktop/mwstage-2022-08_win10-1/mwstage/tools/ba-elf-ba2-r36379.w10/bin/../lib/gcc/ba-elf/4.7.4/../../../../ba-elf/lib/mcpu_jn51xx_sizeopt\libc.a(lib_a-glue.o)
                0x0000000000091f9e                _read
                0x0000000000091fb8                _write
                0x0000000000091fd2                _open
                0x0000000000091fec                _close
                0x0000000000092006                _isatty
                0x0000000000092021                _lseek
                0x000000000009203c                _fstat
                0x0000000000092057                _times
                0x0000000000092072                _time
                0x000000000009208d                _creat
                0x00000000000920a8                _link
                0x00000000000920c3                _unlink
                0x00000000000920de                _fork
                0x00000000000920f8                isatty
                0x00000000000920fa                __unlink
                0x00000000000920fc                _exit
                0x0000000000092100                _kill
                0x0000000000092104                _getpid
                0x0000000000092109                _sbrk
 .text          0x000000000009216e       0x44 c:/users/makoto/desktop/mwstage-2022-08_win10-1/mwstage/tools/ba-elf-ba2-r36379.w10/bin/../lib/gcc/ba-elf/4.7.4/../../../../ba-elf/lib/mcpu_jn51xx_sizeopt\libc.a(lib_a-memmove.o)
                0x000000000009216e                memmove
 .text          0x00000000000921b2      0x33c c:/users/makoto/desktop/mwstage-2022-08_win10-1/mwstage/tools/ba-elf-ba2-r36379.w10/bin/../lib/gcc/ba-elf/4.7.4/../../../../ba-elf/lib/mcpu_jn51xx_sizeopt\libc.a(lib_a-reallocr.o)
                0x00000000000921b2                _realloc_r
 .text          0x00000000000924ee        0x9 c:/users/makoto/desktop/mwstage-2022-08_win10-1/mwstage/tools/ba-elf-ba2-r36379.w10/bin/../lib/gcc/ba-elf/4.7.4/../../../../ba-elf/lib/mcpu_jn51xx_sizeopt\libc.a(lib_a-errno.o)
                0x00000000000924ee                __errno
 *fill*         0x00000000000924f7        0x1 00
 .text          0x00000000000924f8      0x204 c:/users/makoto/desktop/mwstage-2022-08_win10-1/mwstage/tools/ba-elf-ba2-r36379.w10/bin/../lib/gcc/ba-elf/4.7.4/mcpu_jn51xx_sizeopt\libgcc.a(__udivsi3.o)
                0x00000000000924f8                __udivsi3
 .text          0x00000000000926fc       0x30 c:/users/makoto/desktop/mwstage-2022-08_win10-1/mwstage/tools/ba-elf-ba2-r36379.w10/bin/../lib/gcc/ba-elf/4.7.4/mcpu_jn51xx_sizeopt\libgcc.a(__divsi3.o)
                0x00000000000926fc                __divsi3
 .text          0x000000000009272c      0x1b0 c:/users/makoto/desktop/mwstage-2022-08_win10-1/mwstage/tools/ba-elf-ba2-r36379.w10/bin/../lib/gcc/ba-elf/4.7.4/mcpu_jn51xx_sizeopt\libgcc.a(__umodsi3.o)
                0x000000000009272c                __umodsi3
 .text          0x00000000000928dc       0x24 c:/users/makoto/desktop/mwstage-2022-08_win10-1/mwstage/tools/ba-elf-ba2-r36379.w10/bin/../lib/gcc/ba-elf/4.7.4/mcpu_jn51xx_sizeopt\libgcc.a(__modsi3.o)
                0x00000000000928dc                __modsi3
 .text          0x0000000000092900      0x682 c:/users/makoto/desktop/mwstage-2022-08_win10-1/mwstage/tools/ba-elf-ba2-r36379.w10/bin/../lib/gcc/ba-elf/4.7.4/mcpu_jn51xx_sizeopt\libgcc.a(adddf3.o)
                0x0000000000092900                __adddf3
 *fill*         0x0000000000092f82        0x2 00
 .text          0x0000000000092f84      0x5c8 c:/users/makoto/desktop/mwstage-2022-08_win10-1/mwstage/tools/ba-elf-ba2-r36379.w10/bin/../lib/gcc/ba-elf/4.7.4/mcpu_jn51xx_sizeopt\libgcc.a(divdf3.o)
                0x0000000000092f84                __divdf3
 .text          0x000000000009354c       0x7f c:/users/makoto/desktop/mwstage-2022-08_win10-1/mwstage/tools/ba-elf-ba2-r36379.w10/bin/../lib/gcc/ba-elf/4.7.4/mcpu_jn51xx_sizeopt\libgcc.a(eqdf2.o)
                0x000000000009354c                __nedf2
                0x000000000009354c                __eqdf2
 .text          0x00000000000935cb       0xca c:/users/makoto/desktop/mwstage-2022-08_win10-1/mwstage/tools/ba-elf-ba2-r36379.w10/bin/../lib/gcc/ba-elf/4.7.4/mcpu_jn51xx_sizeopt\libgcc.a(gedf2.o)
                0x00000000000935cb                __gedf2
                0x00000000000935cb                __gtdf2
 .text          0x0000000000093695       0xcb c:/users/makoto/desktop/mwstage-2022-08_win10-1/mwstage/tools/ba-elf-ba2-r36379.w10/bin/../lib/gcc/ba-elf/4.7.4/mcpu_jn51xx_sizeopt\libgcc.a(ledf2.o)
                0x0000000000093695                __ledf2
                0x0000000000093695                __ltdf2
 .text          0x0000000000093760      0x488 c:/users/makoto/desktop/mwstage-2022-08_win10-1/mwstage/tools/ba-elf-ba2-r36379.w10/bin/../lib/gcc/ba-elf/4.7.4/mcpu_jn51xx_sizeopt\libgcc.a(muldf3.o)
                0x0000000000093760                __muldf3
 .text          0x0000000000093be8      0x693 c:/users/makoto/desktop/mwstage-2022-08_win10-1/mwstage/tools/ba-elf-ba2-r36379.w10/bin/../lib/gcc/ba-elf/4.7.4/mcpu_jn51xx_sizeopt\libgcc.a(subdf3.o)
                0x0000000000093be8                __subdf3
 .text          0x000000000009427b       0x64 c:/users/makoto/desktop/mwstage-2022-08_win10-1/mwstage/tools/ba-elf-ba2-r36379.w10/bin/../lib/gcc/ba-elf/4.7.4/mcpu_jn51xx_sizeopt\libgcc.a(fixdfsi.o)
                0x000000000009427b                __fixdfsi
 .text          0x00000000000942df       0x61 c:/users/makoto/desktop/mwstage-2022-08_win10-1/mwstage/tools/ba-elf-ba2-r36379.w10/bin/../lib/gcc/ba-elf/4.7.4/mcpu_jn51xx_sizeopt\libgcc.a(floatsidf.o)
                0x00000000000942df                __floatsidf
 .text          0x0000000000094340       0x4f c:/users/makoto/desktop/mwstage-2022-08_win10-1/mwstage/tools/ba-elf-ba2-r36379.w10/bin/../lib/gcc/ba-elf/4.7.4/mcpu_jn51xx_sizeopt\libgcc.a(floatunsidf.o)
                0x0000000000094340                __floatunsidf
                0x000000000009438f                _flash_end = ABSOLUTE (.)

.rela.dyn       0x0000000000094390        0x0
 .rela.text     0x0000000000000000        0x0 c:/users/makoto/desktop/mwstage-2022-08_win10-1/mwstage/tools/ba-elf-ba2-r36379.w10/bin/../lib/gcc/ba-elf/4.7.4/../../../../ba-elf/lib/mcpu_jn51xx_sizeopt\libc.a(lib_a-sprintf.o)
 .rela.text.unlikely
                0x0000000000000000        0x0 c:/users/makoto/desktop/mwstage-2022-08_win10-1/mwstage/tools/ba-elf-ba2-r36379.w10/bin/../lib/gcc/ba-elf/4.7.4/../../../../ba-elf/lib/mcpu_jn51xx_sizeopt\libc.a(lib_a-sprintf.o)
 .rela.data     0x0000000000000000        0x0 c:/users/makoto/desktop/mwstage-2022-08_win10-1/mwstage/tools/ba-elf-ba2-r36379.w10/bin/../lib/gcc/ba-elf/4.7.4/../../../../ba-elf/lib/mcpu_jn51xx_sizeopt\libc.a(lib_a-sprintf.o)
 .rela.rodata   0x0000000000000000        0x0 c:/users/makoto/desktop/mwstage-2022-08_win10-1/mwstage/tools/ba-elf-ba2-r36379.w10/bin/../lib/gcc/ba-elf/4.7.4/../../../../ba-elf/lib/mcpu_jn51xx_sizeopt\libc.a(lib_a-sprintf.o)
                0x000000000400004c                . = ORIGIN (ram)

.data           0x000000000400004c      0x8d8 load address 0x0000000000094390
                0x000000000400004c                _ram_data_start = ABSOLUTE (.)
 *(.data*)
 .data          0x000000000400004c        0x4 C:\Users\Makoto\AppData\Local\Temp\ccqct98r.ltrans1.ltrans.o
                0x000000000400004c                u32HeapStart
 .data.initinboot
                0x0000000004000050        0x8 C:\Users\Makoto\AppData\Local\Temp\ccqct98r.ltrans1.ltrans.o
 .data          0x0000000004000058        0x1 C:\Users\Makoto\AppData\Local\Temp\ccqct98r.ltrans2.ltrans.o
 .data.initinboot
                0x0000000004000059        0x1 C:\Users\Makoto\AppData\Local\Temp\ccqct98r.ltrans2.ltrans.o
                0x0000000004000059                gMAC_u8MaxBuffers
 .data          0x000000000400005a        0x1 C:\Users\Makoto\AppData\Local\Temp\ccqct98r.ltrans4.ltrans.o
                0x000000000400005a                u8TxWkrNow.27437
 *fill*         0x000000000400005b        0x1 00
 .data          0x000000000400005c        0x4 C:\Users\Makoto\AppData\Local\Temp\ccqct98r.ltrans6.ltrans.o
                0x000000000400005c                score
 .data          0x0000000004000060        0x1 C:\Users\Makoto\AppData\Local\Temp\ccqct98r.ltrans8.ltrans.o
 .data          0x0000000004000061        0x1 C:\Users\Makoto\AppData\Local\Temp\ccqct98r.ltrans9.ltrans.o
                0x0000000004000061                _toconet_tx_u8_init_queue_flag
 .data          0x0000000004000062        0x2 C:\Users\Makoto\AppData\Local\Temp\ccqct98r.ltrans14.ltrans.o
                0x0000000004000062                brightness
 *fill*         0x0000000004000064        0x4 00
 .data          0x0000000004000068      0x430 c:/users/makoto/desktop/mwstage-2022-08_win10-1/mwstage/tools/ba-elf-ba2-r36379.w10/bin/../lib/gcc/ba-elf/4.7.4/../../../../ba-elf/lib/mcpu_jn51xx_sizeopt\libc.a(lib_a-impure.o)
                0x0000000004000068                _impure_ptr
 .data          0x0000000004000498       0x7c c:/users/makoto/desktop/mwstage-2022-08_win10-1/mwstage/tools/ba-elf-ba2-r36379.w10/bin/../lib/gcc/ba-elf/4.7.4/../../../../ba-elf/lib/mcpu_jn51xx_sizeopt\libc.a(lib_a-locale.o)
                0x0000000004000498                __mb_cur_max
 .data          0x0000000004000514      0x410 c:/users/makoto/desktop/mwstage-2022-08_win10-1/mwstage/tools/ba-elf-ba2-r36379.w10/bin/../lib/gcc/ba-elf/4.7.4/../../../../ba-elf/lib/mcpu_jn51xx_sizeopt\libc.a(lib_a-mallocr.o)
                0x0000000004000514                __malloc_sbrk_base
                0x0000000004000518                __malloc_trim_threshold
                0x000000000400051c                __malloc_av_
 *(.data.*)
                0x0000000004000924                . = ALIGN (0x4)
                0x0000000004000924                _ram_data_end = ABSOLUTE (.)

.bss            0x0000000004000924     0x1624 load address 0x0000000000094c68
                0x0000000004000924                _bss_start = ABSOLUTE (.)
 *(.bss*)
 .bss           0x0000000004000924        0xc C:\Users\Makoto\AppData\Local\Temp\ccqct98r.ltrans0.ltrans.o
 .bss           0x0000000004000930        0x3 C:\Users\Makoto\AppData\Local\Temp\ccqct98r.ltrans1.ltrans.o
 *fill*         0x0000000004000933        0x1 00
 .bss.dontinitinboot
                0x0000000004000934        0xc C:\Users\Makoto\AppData\Local\Temp\ccqct98r.ltrans1.ltrans.o
 .bss           0x0000000004000940       0x20 C:\Users\Makoto\AppData\Local\Temp\ccqct98r.ltrans2.ltrans.o
                0x0000000004000940                g_sXcv
                0x0000000004000944                prMcpsRequest.10953
                0x0000000004000948                prMlmeRequest.10952
                0x000000000400094c                prOriginalHandler.5579
 .bss.initinboot
                0x0000000004000960        0x8 C:\Users\Makoto\AppData\Local\Temp\ccqct98r.ltrans2.ltrans.o
                0x0000000004000960                g_u32MacAddrLocation
                0x0000000004000964                prvUserTxStartedCallback
 .bss           0x0000000004000968        0x1 C:\Users\Makoto\AppData\Local\Temp\ccqct98r.ltrans3.ltrans.o
 *fill*         0x0000000004000969        0x3 00
 .bss           0x000000000400096c       0x28 C:\Users\Makoto\AppData\Local\Temp\ccqct98r.ltrans4.ltrans.o
                0x000000000400096c                sCh_Context.4136
                0x0000000004000970                asTx.27393
 .bss.initinboot
                0x0000000004000994        0x1 C:\Users\Makoto\AppData\Local\Temp\ccqct98r.ltrans4.ltrans.o
 *fill*         0x0000000004000995        0x3 00
 .bss           0x0000000004000998       0x20 C:\Users\Makoto\AppData\Local\Temp\ccqct98r.ltrans5.ltrans.o
                0x0000000004000998                sAssocSecurity.14570
                0x00000000040009a4                bScanInProgress.15868
                0x00000000040009a5                g_bJenieBackwardsCompatibilityMode
                0x00000000040009a8                s_sTimerList
 .bss           0x00000000040009b8       0x78 C:\Users\Makoto\AppData\Local\Temp\ccqct98r.ltrans6.ltrans.o
                0x00000000040009b8                sMcpsIndQueue.4498
                0x00000000040009c8                sMcpsIndBufferQueue.4496
                0x00000000040009d8                sMlmeIndQueue.4499
                0x00000000040009e8                sMlmeIndBufferQueue.4497
                0x00000000040009f8                sHwIndQueue.4500
                0x0000000004000a08                sHwIndBufferQueue.4501
                0x0000000004000a18                _u32_INT_adc_comp
                0x0000000004000a1c                _u32_INT_ticktimer
                0x0000000004000a20                lq
                0x0000000004000a24                _periph_availmap
 .bss           0x0000000004000a30       0x64 C:\Users\Makoto\AppData\Local\Temp\ccqct98r.ltrans7.ltrans.o
                0x0000000004000a30                asUARTS.5744
                0x0000000004000a50                _SERIAL_bmTxIntEnabled
                0x0000000004000a54                asSerialPorts
 .bss           0x0000000004000a94       0x64 C:\Users\Makoto\AppData\Local\Temp\ccqct98r.ltrans8.ltrans.o
                0x0000000004000a94                TxWorker_u8Num.27394
                0x0000000004000a96                au16TimerSettings.26212
                0x0000000004000aa0                prUart1AppCallback.26518
                0x0000000004000aa4                prUart0AppCallback.26517
                0x0000000004000aa8                sOpt.5751
 .bss           0x0000000004000af8      0x62c C:\Users\Makoto\AppData\Local\Temp\ccqct98r.ltrans9.ltrans.o
                0x0000000004000af8                prAppHwCallback.4504
                0x0000000004000afc                apfTimerAppCallback.26263
                0x0000000004000b10                prTickTimeAppCallback
 .bss           0x0000000004001124        0x4 C:\Users\Makoto\AppData\Local\Temp\ccqct98r.ltrans10.ltrans.o
 .bss           0x0000000004001128       0x24 C:\Users\Makoto\AppData\Local\Temp\ccqct98r.ltrans11.ltrans.o
                0x0000000004001128                bTxEventQueued.21686
                0x0000000004001129                u8TxEventStatus.21687
                0x000000000400112c                sAppHousekeeping
                0x0000000004001144                prApAppCallback.25617
                0x0000000004001148                bIntEnableFlag.25614
 .bss           0x000000000400114c      0x71c C:\Users\Makoto\AppData\Local\Temp\ccqct98r.ltrans12.ltrans.o
                0x000000000400114c                prSpiAppCallback.25851
                0x0000000004001150                prSiAppCallback.27064
                0x0000000004001154                prAppMcpsCallback.4502
                0x0000000004001158                prAppMlmeCallback.4503
                0x000000000400115c                gbTimeOutFlag.26050
 .bss.initinboot
                0x0000000004001868        0x4 C:\Users\Makoto\AppData\Local\Temp\ccqct98r.ltrans12.ltrans.o
                0x0000000004001868                prSysCtrlAppCallback.26054
 .bss           0x000000000400186c        0xc C:\Users\Makoto\AppData\Local\Temp\ccqct98r.ltrans13.ltrans.o
                0x000000000400186c                _psSerial
 .bss.dontinitinboot
                0x0000000004001878        0x1 C:\Users\Makoto\AppData\Local\Temp\ccqct98r.ltrans13.ltrans.o
 *fill*         0x0000000004001879        0x3 00
 .bss           0x000000000400187c      0x1bc C:\Users\Makoto\AppData\Local\Temp\ccqct98r.ltrans15.ltrans.o
                0x000000000400187c                g_pvMac
                0x0000000004001880                the_mac
                0x000000000400189c                Buttons
                0x00000000040018a4                Timer4
                0x00000000040018ac                Timer3
                0x00000000040018b4                Timer2
                0x00000000040018bc                Timer1
                0x00000000040018c4                Timer0
                0x00000000040018cc                PulseCounter1
                0x00000000040018d0                PulseCounter0
                0x00000000040018d4                Analogue
                0x00000000040018ec                SPI
                0x00000000040018f0                Wire
                0x0000000004001908                SerialParser
                0x0000000004001944                Serial1
                0x0000000004001964                Serial
                0x0000000004001984                the_vnet2
                0x0000000004001988                the_vnet
                0x000000000400198c                the_vhw
                0x0000000004001990                the_vsettings
                0x0000000004001994                the_vapp
                0x0000000004001998                the_twelite
                0x0000000004001a30                lcd
 .bss.initinboot
                0x0000000004001a38      0x1c0 C:\Users\Makoto\AppData\Local\Temp\ccqct98r.ltrans15.ltrans.o
                0x0000000004001a38                g_sMac
 .bss           0x0000000004001bf8       0x40 C:\Users\Makoto\AppData\Local\Temp\ccqct98r.ltrans17.ltrans.o
                0x0000000004001bf8                u8AssocResponsesInProgress.14569
                0x0000000004001bfc                g_sLP
 .bss           0x0000000004001c38       0x10 C:\Users\Makoto\AppData\Local\Temp\ccqct98r.ltrans18.ltrans.o
                0x0000000004001c38                pvPostFunc.3231
                0x0000000004001c3c                u32PostArg.3230
                0x0000000004001c40                evPost.3229
 .bss           0x0000000004001c48      0x118 C:\Users\Makoto\AppData\Local\Temp\ccqct98r.ltrans19.ltrans.o
                0x0000000004001c48                sContext.5569
                0x0000000004001c74                sToCoNet_Modules
                0x0000000004001ccc                _ZL5_vcbs.8158
                0x0000000004001ce0                sToCoNet_AppContext
                0x0000000004001cfc                sToCoNet_Context
 .bss           0x0000000004001d60       0x10 C:\Users\Makoto\AppData\Local\Temp\ccqct98r.ltrans20.ltrans.o
                0x0000000004001d60                sSerCmd_P3.6414
 .bss           0x0000000004001d70      0x15c C:\Users\Makoto\AppData\Local\Temp\ccqct98r.ltrans21.ltrans.o
                0x0000000004001d70                u8AppId_Pkt_head.5448
                0x0000000004001d74                u32AppId.5445
                0x0000000004001d78                u32MyAddr.5447
                0x0000000004001d7c                bRxQueue_Init.5446
                0x0000000004001d80                psRxQueueList.5444
                0x0000000004001d94                asEventHandler.3217
                0x0000000004001e34                sEvVars
                0x0000000004001e50                u32TickCount_ms
                0x0000000004001e54                au8Txdatabuff_idx_sTxQueue
                0x0000000004001e58                u8TxBuffSiz_sTxQueue
                0x0000000004001e5c                sTxdatabuff_sTxQueue
                0x0000000004001e60                sTxQueue
                0x0000000004001e7c                au8Rxdatabuff_idx_sRxQueue
                0x0000000004001e80                u8RxBuffSiz_sRxQueue
                0x0000000004001e84                sRxdatabuff_sRxQueue
                0x0000000004001e88                sRxQueue
                0x0000000004001ea4                au8Rxdatabuff_idx_sRxQueueCmd
                0x0000000004001ea8                u8RxBuffSiz_sRxQueueCmd
                0x0000000004001eac                sRxdatabuff_sRxQueueCmd
                0x0000000004001eb0                sRxQueueCmd.3668
 .bss.dontinitinboot
                0x0000000004001ecc       0x40 C:/Users/Makoto/Desktop/MWSTAGE-2022-08_win10-1/MWSTAGE/MWSDK/ChipLib/SW4063V1416/Components/Library\libBoot_JN516x.a(ExceptionHandler.o)
                0x0000000004001ecc                isr_handlers
 .bss           0x0000000004001f0c       0x34 c:/users/makoto/desktop/mwstage-2022-08_win10-1/mwstage/tools/ba-elf-ba2-r36379.w10/bin/../lib/gcc/ba-elf/4.7.4/../../../../ba-elf/lib/mcpu_jn51xx_sizeopt\libc.a(lib_a-mallocr.o)
                0x0000000004001f0c                __malloc_current_mallinfo
                0x0000000004001f34                __malloc_max_total_mem
                0x0000000004001f38                __malloc_max_sbrked_mem
                0x0000000004001f3c                __malloc_top_pad
 .bss           0x0000000004001f40        0x4 c:/users/makoto/desktop/mwstage-2022-08_win10-1/mwstage/tools/ba-elf-ba2-r36379.w10/bin/../lib/gcc/ba-elf/4.7.4/../../../../ba-elf/lib/mcpu_jn51xx_sizeopt\libc.a(lib_a-glue.o)
 *(.bss.*)
 *(.scommon*)
 .scommon       0x0000000004001f44        0x4 c:/users/makoto/desktop/mwstage-2022-08_win10-1/mwstage/tools/ba-elf-ba2-r36379.w10/bin/../lib/gcc/ba-elf/4.7.4/../../../../ba-elf/lib/mcpu_jn51xx_sizeopt\libc.a(lib_a-reent.o)
                0x0000000004001f44                errno
 *(.scommon.*)
 *(COMMON)
                0x0000000004001f48                . = ALIGN (0x4)
                0x0000000004001f48                _bss_end = ABSOLUTE (.)
                0x0000000004001f48                end = .

.heap           0x0000000004001f48      0xd16 load address 0x000000000009628c
                0x0000000004001f48                _heap_start = ABSOLUTE (.)
                0x0000000004002c5e                . = (. + _minimum_heap_size)
 *fill*         0x0000000004001f48      0xd16 00

.stack          0x0000000004007800      0x800 load address 0x000000000009bb44
                0x0000000004007800                _heap_end = ABSOLUTE (.)
                0x0000000004007800                _stack_low_water_mark = ABSOLUTE (.)
                0x0000000004008000                . = (. + _stack_size)
 *fill*         0x0000000004007800      0x800 00
                0x0000000004008000                _stack = .

.test           0x0000000000094c68        0x1
                0x0000000000094c68        0x1 BYTE 0xff
                0x0000000000094390                _flash_data_start = LOADADDR (.data)
                0x00000000000008d8                _ram_data_len = (((_ram_data_end - _ram_data_start) + 0x3) & 0xfffffffffffffffc)
                0x0000000000001624                _bss_len = (((_bss_end - _bss_start) + 0x3) & 0xfffffffffffffffc)
                0x0000000000014c68                _image_len = ((((_flash_end - _flash_start) + _ram_data_len) + 0x3) & 0xfffffffffffffffc)
                0x0000000004008000                _ram_top = (ABSOLUTE (ORIGIN (ram)) + 0x7fb4)
                0x0000000004008000                ram_top = (ABSOLUTE (ORIGIN (ram)) + 0x7fb4)
                0x0000000001001580                _app_ram_start = 0x1001580
                0x000000000400004c                PROVIDE (_heap_location, u32HeapStart)
                0x000000000400004c                PROVIDE (heap_location, u32HeapStart)
                0x000000000008470a                TSV_eOpenVector = TSV_eOpen
                0x000000000008418f                TSV_eStartVector = TSV_eStart
                0x0000000000084ed8                TSV_eStopVector = TSV_eStop
                0x000000000008d5aa                pvAppApiGetMacHandle = pvAppApiDefGetMacHandle
                0x0000000000082b73                u32AppApiInit = u32AppApiDefInit
                0x000000000008d57f                vAppApiMlmeRequest = vAppApiDefMlmeRequest
                0x00000000000849b2                vAppApiMcpsRequest = vAppApiDefMcpsRequest
                0x0000000000084959                eAppApiPlmeSet = eAppApiDefPlmeSet
                0x0000000000084907                eAppApiPlmeGet = eAppApiDefPlmeGet
                0x00000000000848fe                pvAppApiGetMacAddrLocation = pvAppApiDefGetMacAddrLocation
                0x00000000000847e3                vAppApiSaveMacSettings = vAppApiDefSaveMacSettings
                0x0000000000084712                vAppApiRestoreMacSettings = vAppApiDefRestoreMacSettings
OUTPUT(objs_BLUE/seg7_BLUE_L1305_V0-1-0.elf elf32-ba)

.comment        0x0000000000000000       0x11
 .comment       0x0000000000000000       0x12 C:\Users\Makoto\AppData\Local\Temp\ccqct98r.ltrans0.ltrans.o
 .comment       0x0000000000000000       0x12 C:\Users\Makoto\AppData\Local\Temp\ccqct98r.ltrans1.ltrans.o
 .comment       0x0000000000000000       0x12 C:\Users\Makoto\AppData\Local\Temp\ccqct98r.ltrans2.ltrans.o
 .comment       0x0000000000000000       0x12 C:\Users\Makoto\AppData\Local\Temp\ccqct98r.ltrans3.ltrans.o
 .comment       0x0000000000000000       0x12 C:\Users\Makoto\AppData\Local\Temp\ccqct98r.ltrans4.ltrans.o
 .comment       0x0000000000000000       0x12 C:\Users\Makoto\AppData\Local\Temp\ccqct98r.ltrans5.ltrans.o
 .comment       0x0000000000000000       0x12 C:\Users\Makoto\AppData\Local\Temp\ccqct98r.ltrans6.ltrans.o
 .comment       0x0000000000000000       0x12 C:\Users\Makoto\AppData\Local\Temp\ccqct98r.ltrans7.ltrans.o
 .comment       0x0000000000000000       0x12 C:\Users\Makoto\AppData\Local\Temp\ccqct98r.ltrans8.ltrans.o
 .comment       0x0000000000000000       0x12 C:\Users\Makoto\AppData\Local\Temp\ccqct98r.ltrans9.ltrans.o
 .comment       0x0000000000000000       0x12 C:\Users\Makoto\AppData\Local\Temp\ccqct98r.ltrans10.ltrans.o
 .comment       0x0000000000000000       0x12 C:\Users\Makoto\AppData\Local\Temp\ccqct98r.ltrans11.ltrans.o
 .comment       0x0000000000000000       0x12 C:\Users\Makoto\AppData\Local\Temp\ccqct98r.ltrans12.ltrans.o
 .comment       0x0000000000000000       0x12 C:\Users\Makoto\AppData\Local\Temp\ccqct98r.ltrans13.ltrans.o
 .comment       0x0000000000000000       0x12 C:\Users\Makoto\AppData\Local\Temp\ccqct98r.ltrans14.ltrans.o
 .comment       0x0000000000000000       0x12 C:\Users\Makoto\AppData\Local\Temp\ccqct98r.ltrans15.ltrans.o
 .comment       0x0000000000000000       0x12 C:\Users\Makoto\AppData\Local\Temp\ccqct98r.ltrans16.ltrans.o
 .comment       0x0000000000000000       0x12 C:\Users\Makoto\AppData\Local\Temp\ccqct98r.ltrans17.ltrans.o
 .comment       0x0000000000000000       0x12 C:\Users\Makoto\AppData\Local\Temp\ccqct98r.ltrans18.ltrans.o
 .comment       0x0000000000000000       0x12 C:\Users\Makoto\AppData\Local\Temp\ccqct98r.ltrans19.ltrans.o
 .comment       0x0000000000000000       0x12 C:\Users\Makoto\AppData\Local\Temp\ccqct98r.ltrans20.ltrans.o
 .comment       0x0000000000000000       0x12 C:\Users\Makoto\AppData\Local\Temp\ccqct98r.ltrans21.ltrans.o
 .comment       0x0000000000000000       0x12 c:/users/makoto/desktop/mwstage-2022-08_win10-1/mwstage/tools/ba-elf-ba2-r36379.w10/bin/../lib/gcc/ba-elf/4.7.4/../../../../ba-elf/lib/mcpu_jn51xx_sizeopt\libc.a(lib_a-memcmp.o)
 .comment       0x0000000000000000       0x12 c:/users/makoto/desktop/mwstage-2022-08_win10-1/mwstage/tools/ba-elf-ba2-r36379.w10/bin/../lib/gcc/ba-elf/4.7.4/mcpu_jn51xx_sizeopt\libgcc.a(_fixunsdfsi.o)
 .comment       0x0000000000000000       0x12 c:/users/makoto/desktop/mwstage-2022-08_win10-1/mwstage/tools/ba-elf-ba2-r36379.w10/bin/../lib/gcc/ba-elf/4.7.4/mcpu_jn51xx_sizeopt\libgcc.a(_udivdi3.o)
 .comment       0x0000000000000000       0x12 c:/users/makoto/desktop/mwstage-2022-08_win10-1/mwstage/tools/ba-elf-ba2-r36379.w10/bin/../lib/gcc/ba-elf/4.7.4/mcpu_jn51xx_sizeopt\libgcc.a(_umoddi3.o)
 .comment       0x0000000000000000       0x11 C:/Users/Makoto/Desktop/MWSTAGE-2022-08_win10-1/MWSTAGE/MWSDK/ChipLib/SW4063V1416/Components/Library\libMicroSpecific_JN516x.a(MicroSyscall_ba.o)
                                         0x12 (size before relaxing)
 .comment       0x0000000000000000       0x12 c:/users/makoto/desktop/mwstage-2022-08_win10-1/mwstage/tools/ba-elf-ba2-r36379.w10/bin/../lib/gcc/ba-elf/4.7.4/../../../../ba-elf/lib/mcpu_jn51xx_sizeopt\libc.a(lib_a-memset.o)
 .comment       0x0000000000000000       0x12 c:/users/makoto/desktop/mwstage-2022-08_win10-1/mwstage/tools/ba-elf-ba2-r36379.w10/bin/../lib/gcc/ba-elf/4.7.4/../../../../ba-elf/lib/mcpu_jn51xx_sizeopt\libc.a(lib_a-sprintf.o)
 .comment       0x0000000000000000       0x12 c:/users/makoto/desktop/mwstage-2022-08_win10-1/mwstage/tools/ba-elf-ba2-r36379.w10/bin/../lib/gcc/ba-elf/4.7.4/../../../../ba-elf/lib/mcpu_jn51xx_sizeopt\libc.a(lib_a-svfprintf.o)
 .comment       0x0000000000000000       0x12 c:/users/makoto/desktop/mwstage-2022-08_win10-1/mwstage/tools/ba-elf-ba2-r36379.w10/bin/../lib/gcc/ba-elf/4.7.4/../../../../ba-elf/lib/mcpu_jn51xx_sizeopt\libc.a(lib_a-dtoa.o)
 .comment       0x0000000000000000       0x12 c:/users/makoto/desktop/mwstage-2022-08_win10-1/mwstage/tools/ba-elf-ba2-r36379.w10/bin/../lib/gcc/ba-elf/4.7.4/../../../../ba-elf/lib/mcpu_jn51xx_sizeopt\libc.a(lib_a-impure.o)
 .comment       0x0000000000000000       0x12 c:/users/makoto/desktop/mwstage-2022-08_win10-1/mwstage/tools/ba-elf-ba2-r36379.w10/bin/../lib/gcc/ba-elf/4.7.4/../../../../ba-elf/lib/mcpu_jn51xx_sizeopt\libc.a(lib_a-locale.o)
 .comment       0x0000000000000000       0x12 c:/users/makoto/desktop/mwstage-2022-08_win10-1/mwstage/tools/ba-elf-ba2-r36379.w10/bin/../lib/gcc/ba-elf/4.7.4/../../../../ba-elf/lib/mcpu_jn51xx_sizeopt\libc.a(lib_a-mallocr.o)
 .comment       0x0000000000000000       0x12 c:/users/makoto/desktop/mwstage-2022-08_win10-1/mwstage/tools/ba-elf-ba2-r36379.w10/bin/../lib/gcc/ba-elf/4.7.4/../../../../ba-elf/lib/mcpu_jn51xx_sizeopt\libc.a(lib_a-memchr.o)
 .comment       0x0000000000000000       0x12 c:/users/makoto/desktop/mwstage-2022-08_win10-1/mwstage/tools/ba-elf-ba2-r36379.w10/bin/../lib/gcc/ba-elf/4.7.4/../../../../ba-elf/lib/mcpu_jn51xx_sizeopt\libc.a(lib_a-memcpy.o)
 .comment       0x0000000000000000       0x12 c:/users/makoto/desktop/mwstage-2022-08_win10-1/mwstage/tools/ba-elf-ba2-r36379.w10/bin/../lib/gcc/ba-elf/4.7.4/../../../../ba-elf/lib/mcpu_jn51xx_sizeopt\libc.a(lib_a-mlock.o)
 .comment       0x0000000000000000       0x12 c:/users/makoto/desktop/mwstage-2022-08_win10-1/mwstage/tools/ba-elf-ba2-r36379.w10/bin/../lib/gcc/ba-elf/4.7.4/../../../../ba-elf/lib/mcpu_jn51xx_sizeopt\libc.a(lib_a-mprec.o)
 .comment       0x0000000000000000       0x12 c:/users/makoto/desktop/mwstage-2022-08_win10-1/mwstage/tools/ba-elf-ba2-r36379.w10/bin/../lib/gcc/ba-elf/4.7.4/../../../../ba-elf/lib/mcpu_jn51xx_sizeopt\libc.a(lib_a-sbrkr.o)
 .comment       0x0000000000000000       0x12 c:/users/makoto/desktop/mwstage-2022-08_win10-1/mwstage/tools/ba-elf-ba2-r36379.w10/bin/../lib/gcc/ba-elf/4.7.4/../../../../ba-elf/lib/mcpu_jn51xx_sizeopt\libc.a(lib_a-s_fpclassify.o)
 .comment       0x0000000000000000       0x12 c:/users/makoto/desktop/mwstage-2022-08_win10-1/mwstage/tools/ba-elf-ba2-r36379.w10/bin/../lib/gcc/ba-elf/4.7.4/../../../../ba-elf/lib/mcpu_jn51xx_sizeopt\libc.a(lib_a-strcmp.o)
 .comment       0x0000000000000000       0x12 c:/users/makoto/desktop/mwstage-2022-08_win10-1/mwstage/tools/ba-elf-ba2-r36379.w10/bin/../lib/gcc/ba-elf/4.7.4/../../../../ba-elf/lib/mcpu_jn51xx_sizeopt\libc.a(lib_a-strlen.o)
 .comment       0x0000000000000000       0x12 c:/users/makoto/desktop/mwstage-2022-08_win10-1/mwstage/tools/ba-elf-ba2-r36379.w10/bin/../lib/gcc/ba-elf/4.7.4/../../../../ba-elf/lib/mcpu_jn51xx_sizeopt\libc.a(lib_a-svfiprintf.o)
 .comment       0x0000000000000000       0x12 c:/users/makoto/desktop/mwstage-2022-08_win10-1/mwstage/tools/ba-elf-ba2-r36379.w10/bin/../lib/gcc/ba-elf/4.7.4/../../../../ba-elf/lib/mcpu_jn51xx_sizeopt\libc.a(lib_a-callocr.o)
 .comment       0x0000000000000000       0x12 c:/users/makoto/desktop/mwstage-2022-08_win10-1/mwstage/tools/ba-elf-ba2-r36379.w10/bin/../lib/gcc/ba-elf/4.7.4/../../../../ba-elf/lib/mcpu_jn51xx_sizeopt\libc.a(lib_a-freer.o)
 .comment       0x0000000000000000       0x12 c:/users/makoto/desktop/mwstage-2022-08_win10-1/mwstage/tools/ba-elf-ba2-r36379.w10/bin/../lib/gcc/ba-elf/4.7.4/../../../../ba-elf/lib/mcpu_jn51xx_sizeopt\libc.a(lib_a-glue.o)
 .comment       0x0000000000000000       0x12 c:/users/makoto/desktop/mwstage-2022-08_win10-1/mwstage/tools/ba-elf-ba2-r36379.w10/bin/../lib/gcc/ba-elf/4.7.4/../../../../ba-elf/lib/mcpu_jn51xx_sizeopt\libc.a(lib_a-memmove.o)
 .comment       0x0000000000000000       0x12 c:/users/makoto/desktop/mwstage-2022-08_win10-1/mwstage/tools/ba-elf-ba2-r36379.w10/bin/../lib/gcc/ba-elf/4.7.4/../../../../ba-elf/lib/mcpu_jn51xx_sizeopt\libc.a(lib_a-reallocr.o)
 .comment       0x0000000000000000       0x12 c:/users/makoto/desktop/mwstage-2022-08_win10-1/mwstage/tools/ba-elf-ba2-r36379.w10/bin/../lib/gcc/ba-elf/4.7.4/../../../../ba-elf/lib/mcpu_jn51xx_sizeopt\libc.a(lib_a-reent.o)
 .comment       0x0000000000000000       0x12 c:/users/makoto/desktop/mwstage-2022-08_win10-1/mwstage/tools/ba-elf-ba2-r36379.w10/bin/../lib/gcc/ba-elf/4.7.4/../../../../ba-elf/lib/mcpu_jn51xx_sizeopt\libc.a(lib_a-errno.o)
 .comment       0x0000000000000000       0x12 c:/users/makoto/desktop/mwstage-2022-08_win10-1/mwstage/tools/ba-elf-ba2-r36379.w10/bin/../lib/gcc/ba-elf/4.7.4/mcpu_jn51xx_sizeopt\libgcc.a(adddf3.o)
 .comment       0x0000000000000000       0x12 c:/users/makoto/desktop/mwstage-2022-08_win10-1/mwstage/tools/ba-elf-ba2-r36379.w10/bin/../lib/gcc/ba-elf/4.7.4/mcpu_jn51xx_sizeopt\libgcc.a(divdf3.o)
 .comment       0x0000000000000000       0x12 c:/users/makoto/desktop/mwstage-2022-08_win10-1/mwstage/tools/ba-elf-ba2-r36379.w10/bin/../lib/gcc/ba-elf/4.7.4/mcpu_jn51xx_sizeopt\libgcc.a(eqdf2.o)
 .comment       0x0000000000000000       0x12 c:/users/makoto/desktop/mwstage-2022-08_win10-1/mwstage/tools/ba-elf-ba2-r36379.w10/bin/../lib/gcc/ba-elf/4.7.4/mcpu_jn51xx_sizeopt\libgcc.a(gedf2.o)
 .comment       0x0000000000000000       0x12 c:/users/makoto/desktop/mwstage-2022-08_win10-1/mwstage/tools/ba-elf-ba2-r36379.w10/bin/../lib/gcc/ba-elf/4.7.4/mcpu_jn51xx_sizeopt\libgcc.a(ledf2.o)
 .comment       0x0000000000000000       0x12 c:/users/makoto/desktop/mwstage-2022-08_win10-1/mwstage/tools/ba-elf-ba2-r36379.w10/bin/../lib/gcc/ba-elf/4.7.4/mcpu_jn51xx_sizeopt\libgcc.a(muldf3.o)
 .comment       0x0000000000000000       0x12 c:/users/makoto/desktop/mwstage-2022-08_win10-1/mwstage/tools/ba-elf-ba2-r36379.w10/bin/../lib/gcc/ba-elf/4.7.4/mcpu_jn51xx_sizeopt\libgcc.a(subdf3.o)
 .comment       0x0000000000000000       0x12 c:/users/makoto/desktop/mwstage-2022-08_win10-1/mwstage/tools/ba-elf-ba2-r36379.w10/bin/../lib/gcc/ba-elf/4.7.4/mcpu_jn51xx_sizeopt\libgcc.a(fixdfsi.o)
 .comment       0x0000000000000000       0x12 c:/users/makoto/desktop/mwstage-2022-08_win10-1/mwstage/tools/ba-elf-ba2-r36379.w10/bin/../lib/gcc/ba-elf/4.7.4/mcpu_jn51xx_sizeopt\libgcc.a(floatsidf.o)
 .comment       0x0000000000000000       0x12 c:/users/makoto/desktop/mwstage-2022-08_win10-1/mwstage/tools/ba-elf-ba2-r36379.w10/bin/../lib/gcc/ba-elf/4.7.4/mcpu_jn51xx_sizeopt\libgcc.a(floatunsidf.o)

.debug_info     0x0000000000000000    0x11452
 .debug_info    0x0000000000000000       0xf3 c:/users/makoto/desktop/mwstage-2022-08_win10-1/mwstage/tools/ba-elf-ba2-r36379.w10/bin/../lib/gcc/ba-elf/4.7.4/../../../../ba-elf/lib/mcpu_jn51xx_sizeopt\libc.a(lib_a-memcmp.o)
 .debug_info    0x00000000000000f3       0xd3 c:/users/makoto/desktop/mwstage-2022-08_win10-1/mwstage/tools/ba-elf-ba2-r36379.w10/bin/../lib/gcc/ba-elf/4.7.4/mcpu_jn51xx_sizeopt\libgcc.a(_fixunsdfsi.o)
 .debug_info    0x00000000000001c6      0x648 c:/users/makoto/desktop/mwstage-2022-08_win10-1/mwstage/tools/ba-elf-ba2-r36379.w10/bin/../lib/gcc/ba-elf/4.7.4/mcpu_jn51xx_sizeopt\libgcc.a(_udivdi3.o)
 .debug_info    0x000000000000080e      0x69d c:/users/makoto/desktop/mwstage-2022-08_win10-1/mwstage/tools/ba-elf-ba2-r36379.w10/bin/../lib/gcc/ba-elf/4.7.4/mcpu_jn51xx_sizeopt\libgcc.a(_umoddi3.o)
 .debug_info    0x0000000000000eab       0xaa C:/Users/Makoto/Desktop/MWSTAGE-2022-08_win10-1/MWSTAGE/MWSDK/ChipLib/SW4063V1416/Components/Library\libBoot_JN516x.a(ExceptionHandler.o)
 .debug_info    0x0000000000000f55       0xd7 c:/users/makoto/desktop/mwstage-2022-08_win10-1/mwstage/tools/ba-elf-ba2-r36379.w10/bin/../lib/gcc/ba-elf/4.7.4/../../../../ba-elf/lib/mcpu_jn51xx_sizeopt\libc.a(lib_a-memset.o)
 .debug_info    0x000000000000102c      0xac6 c:/users/makoto/desktop/mwstage-2022-08_win10-1/mwstage/tools/ba-elf-ba2-r36379.w10/bin/../lib/gcc/ba-elf/4.7.4/../../../../ba-elf/lib/mcpu_jn51xx_sizeopt\libc.a(lib_a-sprintf.o)
 .debug_info    0x0000000000001af2     0x1797 c:/users/makoto/desktop/mwstage-2022-08_win10-1/mwstage/tools/ba-elf-ba2-r36379.w10/bin/../lib/gcc/ba-elf/4.7.4/../../../../ba-elf/lib/mcpu_jn51xx_sizeopt\libc.a(lib_a-svfprintf.o)
 .debug_info    0x0000000000003289     0x143b c:/users/makoto/desktop/mwstage-2022-08_win10-1/mwstage/tools/ba-elf-ba2-r36379.w10/bin/../lib/gcc/ba-elf/4.7.4/../../../../ba-elf/lib/mcpu_jn51xx_sizeopt\libc.a(lib_a-dtoa.o)
 .debug_info    0x00000000000046c4      0x970 c:/users/makoto/desktop/mwstage-2022-08_win10-1/mwstage/tools/ba-elf-ba2-r36379.w10/bin/../lib/gcc/ba-elf/4.7.4/../../../../ba-elf/lib/mcpu_jn51xx_sizeopt\libc.a(lib_a-impure.o)
 .debug_info    0x0000000000005034      0xd1a c:/users/makoto/desktop/mwstage-2022-08_win10-1/mwstage/tools/ba-elf-ba2-r36379.w10/bin/../lib/gcc/ba-elf/4.7.4/../../../../ba-elf/lib/mcpu_jn51xx_sizeopt\libc.a(lib_a-locale.o)
 .debug_info    0x0000000000005d4e      0xe1c c:/users/makoto/desktop/mwstage-2022-08_win10-1/mwstage/tools/ba-elf-ba2-r36379.w10/bin/../lib/gcc/ba-elf/4.7.4/../../../../ba-elf/lib/mcpu_jn51xx_sizeopt\libc.a(lib_a-mallocr.o)
 .debug_info    0x0000000000006b6a       0xfc c:/users/makoto/desktop/mwstage-2022-08_win10-1/mwstage/tools/ba-elf-ba2-r36379.w10/bin/../lib/gcc/ba-elf/4.7.4/../../../../ba-elf/lib/mcpu_jn51xx_sizeopt\libc.a(lib_a-memchr.o)
 .debug_info    0x0000000000006c66      0x106 c:/users/makoto/desktop/mwstage-2022-08_win10-1/mwstage/tools/ba-elf-ba2-r36379.w10/bin/../lib/gcc/ba-elf/4.7.4/../../../../ba-elf/lib/mcpu_jn51xx_sizeopt\libc.a(lib_a-memcpy.o)
 .debug_info    0x0000000000006d6c      0x994 c:/users/makoto/desktop/mwstage-2022-08_win10-1/mwstage/tools/ba-elf-ba2-r36379.w10/bin/../lib/gcc/ba-elf/4.7.4/../../../../ba-elf/lib/mcpu_jn51xx_sizeopt\libc.a(lib_a-mlock.o)
 .debug_info    0x0000000000007700     0x1744 c:/users/makoto/desktop/mwstage-2022-08_win10-1/mwstage/tools/ba-elf-ba2-r36379.w10/bin/../lib/gcc/ba-elf/4.7.4/../../../../ba-elf/lib/mcpu_jn51xx_sizeopt\libc.a(lib_a-mprec.o)
 .debug_info    0x0000000000008e44      0x9db c:/users/makoto/desktop/mwstage-2022-08_win10-1/mwstage/tools/ba-elf-ba2-r36379.w10/bin/../lib/gcc/ba-elf/4.7.4/../../../../ba-elf/lib/mcpu_jn51xx_sizeopt\libc.a(lib_a-sbrkr.o)
 .debug_info    0x000000000000981f      0x149 c:/users/makoto/desktop/mwstage-2022-08_win10-1/mwstage/tools/ba-elf-ba2-r36379.w10/bin/../lib/gcc/ba-elf/4.7.4/../../../../ba-elf/lib/mcpu_jn51xx_sizeopt\libc.a(lib_a-s_fpclassify.o)
 .debug_info    0x0000000000009968       0xbb c:/users/makoto/desktop/mwstage-2022-08_win10-1/mwstage/tools/ba-elf-ba2-r36379.w10/bin/../lib/gcc/ba-elf/4.7.4/../../../../ba-elf/lib/mcpu_jn51xx_sizeopt\libc.a(lib_a-strcmp.o)
 .debug_info    0x0000000000009a23       0xc8 c:/users/makoto/desktop/mwstage-2022-08_win10-1/mwstage/tools/ba-elf-ba2-r36379.w10/bin/../lib/gcc/ba-elf/4.7.4/../../../../ba-elf/lib/mcpu_jn51xx_sizeopt\libc.a(lib_a-strlen.o)
 .debug_info    0x0000000000009aeb     0x111f c:/users/makoto/desktop/mwstage-2022-08_win10-1/mwstage/tools/ba-elf-ba2-r36379.w10/bin/../lib/gcc/ba-elf/4.7.4/../../../../ba-elf/lib/mcpu_jn51xx_sizeopt\libc.a(lib_a-svfiprintf.o)