Archive member included because of file (symbol)

C:/Users/Makoto/Desktop/MWSTAGE-2022-08_win10-1/MWSTAGE/MWSDK/TWENET/current/lib/libTWENET_BLUE.a(ToCoNet_event.o)
                              objs_BLUE/seg7.o (symbol from plugin) (PRSEV_u8RegisterEx)
C:/Users/Makoto/Desktop/MWSTAGE-2022-08_win10-1/MWSTAGE/MWSDK/TWENET/current/lib/libTWENET_BLUE.a(ToCoNet_main.o)
                              objs_BLUE/ST7032.o (symbol from plugin) (sToCoNet_Context)
C:/Users/Makoto/Desktop/MWSTAGE-2022-08_win10-1/MWSTAGE/MWSDK/TWENET/current/lib/libTWENET_BLUE.a(ToCoNet_utils.o)
                              ToCoNet_main.o (symbol from plugin) (ToCoNet_u32GetVersion)
C:/Users/Makoto/Desktop/MWSTAGE-2022-08_win10-1/MWSTAGE/MWSDK/TWENET/current/lib/libTWENET_BLUE.a(ToCoNet_mod_Nwk_Common.o)
                              ToCoNet_main.o (symbol from plugin) (ToCoNet_vRxProc_Mod)
C:/Users/Makoto/Desktop/MWSTAGE-2022-08_win10-1/MWSTAGE/MWSDK/TWENET/current/lib/libTWENET_BLUE.a(ToCoNet_mod_Channel_Mgr.o)
                              ToCoNet_main.o (symbol from plugin) (ToCoNet_ChMgr_bCh_Reconfig)
C:/Users/Makoto/Desktop/MWSTAGE-2022-08_win10-1/MWSTAGE/MWSDK/TWENET/current/lib/libTWENET_BLUE.a(Version.o)
                              ToCoNet_utils.o (symbol from plugin) (au8ToCoNetVersionInfo)
C:/Users/Makoto/Desktop/MWSTAGE-2022-08_win10-1/MWSTAGE/MWSDK/TWENET/current/lib/libTWENET_BLUE.a(AppQueueApi_ToCoNet.o)
                              ToCoNet_main.o (symbol from plugin) (_u32_INT_ticktimer)
C:/Users/Makoto/Desktop/MWSTAGE-2022-08_win10-1/MWSTAGE/MWSDK/TWENET/current/lib/libTWENEText_BLUE.a(AppStart.o)
                              (AppColdStart)
C:/Users/Makoto/Desktop/MWSTAGE-2022-08_win10-1/MWSTAGE/MWSDK/TWENET/current/lib/libTWENEText_BLUE.a(getMacAddr.o)
                              ToCoNet_main.o (symbol from plugin) (ToCoNet_u32GetSerialOnBoot)
C:/Users/Makoto/Desktop/MWSTAGE-2022-08_win10-1/MWSTAGE/MWSDK/TWENET/current/lib/libTWENEText_BLUE.a(mac.o)
                              ToCoNet_main.o (symbol from plugin) (Mac_vInit)
C:/Users/Makoto/Desktop/MWSTAGE-2022-08_win10-1/MWSTAGE/MWSDK/TWENET/current/lib/libTWENEText_BLUE.a(AES_CCM.o)
                              AppStart.o (symbol from plugin) (bAES_CCM_KeyReg)
C:/Users/Makoto/Desktop/MWSTAGE-2022-08_win10-1/MWSTAGE/MWSDK/TWENET/current/lib/libTWENEText_BLUE.a(no_ack_handler.o)
                              AppStart.o (symbol from plugin) (vInstallNoAckHandler)
C:/Users/Makoto/Desktop/MWSTAGE-2022-08_win10-1/MWSTAGE/MWSDK/TWENET/current/lib/libTWENEText_BLUE.a(Version.o)
                              ToCoNet_utils.o (symbol from plugin) (au8ToCoNetExtVersionInfo)
C:/Users/Makoto/Desktop/MWSTAGE-2022-08_win10-1/MWSTAGE/MWSDK/TWENET/current/lib/libTWENETutils_BLUE.a(serial.o)
                              objs_BLUE/seg7.o (symbol from plugin) (SERIAL_bTxChar)
C:/Users/Makoto/Desktop/MWSTAGE-2022-08_win10-1/MWSTAGE/MWSDK/TWENET/current/lib/libTWENETutils_BLUE.a(uart.o)
                              serial.o (symbol from plugin) (UART_vInit)
C:/Users/Makoto/Desktop/MWSTAGE-2022-08_win10-1/MWSTAGE/MWSDK/TWENET/current/lib/libTWENETutils_BLUE.a(ByteQueue.o)
                              ToCoNet_main.o (symbol from plugin) (QUEUE__vInit)
C:/Users/Makoto/Desktop/MWSTAGE-2022-08_win10-1/MWSTAGE/MWSDK/TWENET/current/lib/libTWENETutils_BLUE.a(ccitt8.o)
                              AppStart.o (symbol from plugin) (u8CCITT8)
C:/Users/Makoto/Desktop/MWSTAGE-2022-08_win10-1/MWSTAGE/MWSDK/TWENET/current/lib/libTWENETutils_BLUE.a(utils.o)
                              objs_BLUE/seg7.o (symbol from plugin) (vTimerConfig)
C:/Users/Makoto/Desktop/MWSTAGE-2022-08_win10-1/MWSTAGE/MWSDK/TWENET/current/lib/libTWENETutils_BLUE.a(ccm.o)
                              AES_CCM.o (symbol from plugin) (ccm_init_and_key)
C:/Users/Makoto/Desktop/MWSTAGE-2022-08_win10-1/MWSTAGE/MWSDK/TWENET/current/lib/libTWENETutils_BLUE.a(Version.o)
                              ToCoNet_utils.o (symbol from plugin) (au8ToCoNetUtilsVersionInfo)
C:/Users/Makoto/Desktop/MWSTAGE-2022-08_win10-1/MWSTAGE/MWSDK/TWENET/current/lib/libTWENETutils_BLUE.a(aescrypt.o)
                              ccm.o (symbol from plugin) (aes_encrypt)
C:/Users/Makoto/Desktop/MWSTAGE-2022-08_win10-1/MWSTAGE/MWSDK/TWENET/current/lib/libTWENETutils_BLUE.a(aeskey.o)
                              ccm.o (symbol from plugin) (aes_encrypt_key)
C:/Users/Makoto/Desktop/MWSTAGE-2022-08_win10-1/MWSTAGE/MWSDK/TWENET/current/lib/libTWENETutils_BLUE.a(aestab.o)
                              aeskey.o (symbol from plugin) (t_im)
C:/Users/Makoto/Desktop/MWSTAGE-2022-08_win10-1/MWSTAGE/MWSDK/TWENET/current/lib/libTWENETstgs_BLUE.a(tweinteractive.o)
                              objs_BLUE/seg7.o (symbol from plugin) (TWEINTRCT_bIsVerbose)
C:/Users/Makoto/Desktop/MWSTAGE-2022-08_win10-1/MWSTAGE/MWSDK/TWENET/current/lib/libTWENETstgs_BLUE.a(tweprintf.o)
                              tweinteractive.o (symbol from plugin) (TWE_fprintf)
[...]
Memory Configuration

Name             Origin             Length             Attributes
flash            0x0000000000080000 0x0000000000028000
ram              0x000000000400004c 0x0000000000007fb4
*default*        0x0000000000000000 0xffffffffffffffff

Linker script and memory map

LOAD objs_BLUE/_mwx_version.o
LOAD C:\Users\Makoto\AppData\Local\Temp\ccE95cNV.ltrans0.ltrans.o
LOAD C:\Users\Makoto\AppData\Local\Temp\ccE95cNV.ltrans1.ltrans.o
LOAD C:\Users\Makoto\AppData\Local\Temp\ccE95cNV.ltrans2.ltrans.o
LOAD C:\Users\Makoto\AppData\Local\Temp\ccE95cNV.ltrans3.ltrans.o
LOAD C:\Users\Makoto\AppData\Local\Temp\ccE95cNV.ltrans4.ltrans.o
LOAD C:\Users\Makoto\AppData\Local\Temp\ccE95cNV.ltrans5.ltrans.o
LOAD C:\Users\Makoto\AppData\Local\Temp\ccE95cNV.ltrans6.ltrans.o
LOAD C:\Users\Makoto\AppData\Local\Temp\ccE95cNV.ltrans7.ltrans.o
LOAD C:\Users\Makoto\AppData\Local\Temp\ccE95cNV.ltrans8.ltrans.o
LOAD C:\Users\Makoto\AppData\Local\Temp\ccE95cNV.ltrans9.ltrans.o
LOAD C:\Users\Makoto\AppData\Local\Temp\ccE95cNV.ltrans10.ltrans.o
LOAD C:\Users\Makoto\AppData\Local\Temp\ccE95cNV.ltrans11.ltrans.o
LOAD C:\Users\Makoto\AppData\Local\Temp\ccE95cNV.ltrans12.ltrans.o
LOAD C:\Users\Makoto\AppData\Local\Temp\ccE95cNV.ltrans13.ltrans.o
LOAD C:\Users\Makoto\AppData\Local\Temp\ccE95cNV.ltrans14.ltrans.o
LOAD C:\Users\Makoto\AppData\Local\Temp\ccE95cNV.ltrans15.ltrans.o
LOAD C:\Users\Makoto\AppData\Local\Temp\ccE95cNV.ltrans16.ltrans.o
LOAD C:\Users\Makoto\AppData\Local\Temp\ccE95cNV.ltrans17.ltrans.o
LOAD C:\Users\Makoto\AppData\Local\Temp\ccE95cNV.ltrans18.ltrans.o
LOAD C:\Users\Makoto\AppData\Local\Temp\ccE95cNV.ltrans19.ltrans.o
LOAD C:\Users\Makoto\AppData\Local\Temp\ccE95cNV.ltrans20.ltrans.o
LOAD C:\Users\Makoto\AppData\Local\Temp\ccE95cNV.ltrans21.ltrans.o
LOAD c:/users/makoto/desktop/mwstage-2022-08_win10-1/mwstage/tools/ba-elf-ba2-r36379.w10/bin/../lib/gcc/ba-elf/4.7.4/../../../../ba-elf/lib/mcpu_jn51xx_sizeopt\libc.a
LOAD c:/users/makoto/desktop/mwstage-2022-08_win10-1/mwstage/tools/ba-elf-ba2-r36379.w10/bin/../lib/gcc/ba-elf/4.7.4/mcpu_jn51xx_sizeopt\libgcc.a
LOAD c:/users/makoto/desktop/mwstage-2022-08_win10-1/mwstage/tools/ba-elf-ba2-r36379.w10/bin/../lib/gcc/ba-elf/4.7.4/../../../../ba-elf/lib/mcpu_jn51xx_sizeopt\libc.a
LOAD objs_BLUE/ST7032.o
LOAD objs_BLUE/seg7.o
LOAD C:/Users/Makoto/Desktop/MWSTAGE-2022-08_win10-1/MWSTAGE/MWSDK/TWENET/current/lib/libTWENET_BLUE.a
LOAD C:/Users/Makoto/Desktop/MWSTAGE-2022-08_win10-1/MWSTAGE/MWSDK/TWENET/current/lib/libTWENEText_BLUE.a
LOAD C:/Users/Makoto/Desktop/MWSTAGE-2022-08_win10-1/MWSTAGE/MWSDK/TWENET/current/lib/libTWENETutils_BLUE.a
LOAD C:/Users/Makoto/Desktop/MWSTAGE-2022-08_win10-1/MWSTAGE/MWSDK/TWENET/current/lib/libTWENETstgs_BLUE.a
LOAD C:/Users/Makoto/Desktop/MWSTAGE-2022-08_win10-1/MWSTAGE/MWSDK/TWENET/current/lib/libmwx_BLUE.a
LOAD C:/Users/Makoto/Desktop/MWSTAGE-2022-08_win10-1/MWSTAGE/MWSDK/TWENET/current/lib/libEASTL_BLUE.a
START GROUP
LOAD C:/Users/Makoto/Desktop/MWSTAGE-2022-08_win10-1/MWSTAGE/MWSDK/ChipLib/SW4063V1416/Components/Library\libAppApi_JN516x.a
LOAD C:/Users/Makoto/Desktop/MWSTAGE-2022-08_win10-1/MWSTAGE/MWSDK/ChipLib/SW4063V1416/Components/Library\libMAC_JN516x.a
LOAD C:/Users/Makoto/Desktop/MWSTAGE-2022-08_win10-1/MWSTAGE/MWSDK/ChipLib/SW4063V1416/Components/Library\libTimerServer_JN516x.a
LOAD C:/Users/Makoto/Desktop/MWSTAGE-2022-08_win10-1/MWSTAGE/MWSDK/ChipLib/SW4063V1416/Components/Library\libTOF_JN516x.a
LOAD C:/Users/Makoto/Desktop/MWSTAGE-2022-08_win10-1/MWSTAGE/MWSDK/ChipLib/SW4063V1416/Components/Library\libXcv_JN516x.a
LOAD C:/Users/Makoto/Desktop/MWSTAGE-2022-08_win10-1/MWSTAGE/MWSDK/ChipLib/SW4063V1416/Components/Library\libAes_JN516x.a
LOAD C:/Users/Makoto/Desktop/MWSTAGE-2022-08_win10-1/MWSTAGE/MWSDK/ChipLib/SW4063V1416/Components/Library\libHardwareApi_JN516x.a
LOAD C:/Users/Makoto/Desktop/MWSTAGE-2022-08_win10-1/MWSTAGE/MWSDK/ChipLib/SW4063V1416/Components/Library\libMicroSpecific_JN516x.a
LOAD C:/Users/Makoto/Desktop/MWSTAGE-2022-08_win10-1/MWSTAGE/MWSDK/ChipLib/SW4063V1416/Components/Library\libBoot_JN516x.a
LOAD C:/Users/Makoto/Desktop/MWSTAGE-2022-08_win10-1/MWSTAGE/MWSDK/ChipLib/SW4063V1416/Components/Library\libPDM_EEPROM_JN516x_NO_RTOS.a
LOAD C:/Users/Makoto/Desktop/MWSTAGE-2022-08_win10-1/MWSTAGE/MWSDK/TWENET/current/lib/libTWENET_BLUE.a
LOAD C:/Users/Makoto/Desktop/MWSTAGE-2022-08_win10-1/MWSTAGE/MWSDK/TWENET/current/lib/libTWENEText_BLUE.a
LOAD C:/Users/Makoto/Desktop/MWSTAGE-2022-08_win10-1/MWSTAGE/MWSDK/TWENET/current/lib/libTWENETutils_BLUE.a
LOAD C:/Users/Makoto/Desktop/MWSTAGE-2022-08_win10-1/MWSTAGE/MWSDK/TWENET/current/lib/libTWENETstgs_BLUE.a
LOAD C:/Users/Makoto/Desktop/MWSTAGE-2022-08_win10-1/MWSTAGE/MWSDK/TWENET/current/lib/libmwx_BLUE.a
LOAD C:/Users/Makoto/Desktop/MWSTAGE-2022-08_win10-1/MWSTAGE/MWSDK/TWENET/current/lib/libEASTL_BLUE.a
END GROUP
LOAD c:/users/makoto/desktop/mwstage-2022-08_win10-1/mwstage/tools/ba-elf-ba2-r36379.w10/bin/../lib/gcc/ba-elf/4.7.4/../../../../ba-elf/lib/mcpu_jn51xx_sizeopt\libstdc++.a
LOAD c:/users/makoto/desktop/mwstage-2022-08_win10-1/mwstage/tools/ba-elf-ba2-r36379.w10/bin/../lib/gcc/ba-elf/4.7.4/../../../../ba-elf/lib/mcpu_jn51xx_sizeopt\libm.a
LOAD c:/users/makoto/desktop/mwstage-2022-08_win10-1/mwstage/tools/ba-elf-ba2-r36379.w10/bin/../lib/gcc/ba-elf/4.7.4/../../../../ba-elf/lib/mcpu_jn51xx_sizeopt\libc.a
LOAD c:/users/makoto/desktop/mwstage-2022-08_win10-1/mwstage/tools/ba-elf-ba2-r36379.w10/bin/../lib/gcc/ba-elf/4.7.4/mcpu_jn51xx_sizeopt\libgcc.a
LOAD c:/users/makoto/desktop/mwstage-2022-08_win10-1/mwstage/tools/ba-elf-ba2-r36379.w10/bin/../lib/gcc/ba-elf/4.7.4/../../../../ba-elf/lib/mcpu_jn51xx_sizeopt\libc.a
                0x0000000000000800                _stack_size = 0x800
                0x0000000000080038                _exception_vsr_table = 0x80038
                0x0000000004000000                pSPIflashFncTable = 0x4000000
                0x0000000000000800                _stack_size = 0x800
                0x0000000000000044                restore_state = 0x44
                0x000000000000004a                bZSPIWaitWIPClear = 0x4a
                0x0000000000000050                u16ZSPIflashRDID = 0x50
                0x0000000000000056                u8SelectFlashChipType = 0x56
                0x000000000000005c                memcpy = 0x5c
                0x0000000000000066                vBootFlashProg = 0x66
                [0x0000000000000d16]                _minimum_heap_size = DEFINED (_minimum_heap_size)?_minimum_heap_size:0xd16
                0x0000000000000000                _SwConfig = (DEFINED (g_bSWConf_Debug) | (DEFINED (g_bSWConf_AltDebugPort) << 0x1))

.version        0x000000000007fffc        0x4
                0x000000000007fffc        0x4 LONG 0x4030008

.bir            0x0000000000080000       0x10
                0x0000000000080000                _flash_start = ABSOLUTE (.)
                0x0000000000080000                _flash_beg = ABSOLUTE (.)
                0x0000000000080000        0x4 LONG 0x12345678
                0x0000000000080004        0x4 LONG 0x11223344
                0x0000000000080008        0x4 LONG 0x55667788
                0x000000000008000c        0x1 BYTE 0x8
                0x000000000008000d        0x1 BYTE 0x1
                0x000000000008000e        0x2 SHORT 0x0

.flashheader    0x0000000000080010       0x28
                0x0000000000080010        0x4 LONG 0x0
                0x0000000000080014        0x4 LONG 0x0
                0x0000000000080018        0x4 LONG 0x0
                0x000000000008001c        0x2 SHORT 0x0
                0x000000000008001e        0x2 SHORT 0x0 ABSOLUTE (_SwConfig)
                0x0000000000080020                _enc_start = ABSOLUTE (.)
                0x0000000000080020        0x4 LONG 0x14d9c ABSOLUTE (_image_len)
                0x0000000000080024        0x4 LONG 0x944c4 ABSOLUTE (_flash_data_start)
                0x0000000000080028        0x2 SHORT 0x13 ((ABSOLUTE (_ram_data_start) / 0x4) & 0xffff)
                0x000000000008002a        0x2 SHORT 0x236 ((ABSOLUTE (_ram_data_len) / 0x4) & 0xffff)
                0x000000000008002c        0x2 SHORT 0x249 ((ABSOLUTE (_bss_start) / 0x4) & 0xffff)
                0x000000000008002e        0x2 SHORT 0x589 ((ABSOLUTE (_bss_len) / 0x4) & 0xffff)
                0x0000000000080030        0x4 LONG 0x8d0c9 ABSOLUTE (AppWarmStart)
                0x0000000000080034        0x4 LONG 0x8d199 ABSOLUTE (AppColdStart)
                0x0000000000000000                _enc_offset = (_enc_start & 0xf)
                0x0000000000000044                PROVIDE (vException_BusError, restore_state)
                0x0000000000000044                PROVIDE (vException_UnalignedAccess, restore_state)
                0x0000000000000044                PROVIDE (vException_IllegalInstruction, restore_state)
                0x0000000000000044                PROVIDE (vException_SysCall, restore_state)
                0x0000000000000044                PROVIDE (vException_Trap, restore_state)
                0x0000000000000044                PROVIDE (vException_StackOverflow, restore_state)
                0x0000000000080038                . = ABSOLUTE (_exception_vsr_table)

.vsr_table      0x0000000000080038       0x18
                0x0000000000080038        0x4 LONG 0x44 ABSOLUTE (vException_BusError)
                0x000000000008003c        0x4 LONG 0x44 ABSOLUTE (vException_UnalignedAccess)
                0x0000000000080040        0x4 LONG 0x44 ABSOLUTE (vException_IllegalInstruction)
                0x0000000000080044        0x4 LONG 0x44 ABSOLUTE (vException_SysCall)
                0x0000000000080048        0x4 LONG 0x44 ABSOLUTE (vException_Trap)
                0x000000000008004c        0x4 LONG 0x44 ABSOLUTE (vException_StackOverflow)

.vsr_handlers   0x0000000000080050       0xaa
 *(.vsr_handlers)
 .vsr_handlers  0x0000000000080050       0xaa C:/Users/Makoto/Desktop/MWSTAGE-2022-08_win10-1/MWSTAGE/MWSDK/ChipLib/SW4063V1416/Components/Library\libBoot_JN516x.a(ExceptionHandler.o)
                0x0000000000080050                _exception_external_interrupt
                0x00000000000800f8                _default_vsr_dummy

.rodata         0x0000000000080100      0x881
 *(.rodata*)
 .rodata        0x0000000000080100      0x1cb C:\Users\Makoto\AppData\Local\Temp\ccE95cNV.ltrans0.ltrans.o
 .rodata.str1.1
                0x00000000000802cb       0x48 C:\Users\Makoto\AppData\Local\Temp\ccE95cNV.ltrans1.ltrans.o
 *fill*         0x0000000000080313        0x1 00
 .rodata        0x0000000000080314       0x1c C:\Users\Makoto\AppData\Local\Temp\ccE95cNV.ltrans2.ltrans.o
                0x0000000000080314                psTamXcvContext
 .rodata.str1.1
                0x0000000000080330        0xd C:\Users\Makoto\AppData\Local\Temp\ccE95cNV.ltrans3.ltrans.o
 .rodata        0x000000000008033d       0x14 C:\Users\Makoto\AppData\Local\Temp\ccE95cNV.ltrans3.ltrans.o
 .rodata.str1.1
                0x0000000000080351        0xe C:\Users\Makoto\AppData\Local\Temp\ccE95cNV.ltrans4.ltrans.o
                                         0x12 (size before relaxing)
 *fill*         0x000000000008035f        0x1 00
 .rodata        0x0000000000080360       0x50 C:\Users\Makoto\AppData\Local\Temp\ccE95cNV.ltrans4.ltrans.o
 .rodata.str1.1
                0x00000000000803b0       0x11 C:\Users\Makoto\AppData\Local\Temp\ccE95cNV.ltrans5.ltrans.o
                                         0x22 (size before relaxing)
 *fill*         0x00000000000803c1        0x3 00
 .rodata        0x00000000000803c4       0x38 C:\Users\Makoto\AppData\Local\Temp\ccE95cNV.ltrans5.ltrans.o
                0x00000000000803c4                asStateFuncTbl.27437
 .rodata        0x00000000000803fc       0x34 C:\Users\Makoto\AppData\Local\Temp\ccE95cNV.ltrans6.ltrans.o
                0x000000000008040c                au32TimerBaseAddress
 .rodata.str1.1
                0x0000000000080430        0xd C:\Users\Makoto\AppData\Local\Temp\ccE95cNV.ltrans6.ltrans.o
 .rodata        0x000000000008043d        0x6 C:\Users\Makoto\AppData\Local\Temp\ccE95cNV.ltrans7.ltrans.o
                0x000000000008043d                aeXcvPhyEvtToScanEvt.5394.15953
 *fill*         0x0000000000080443        0x1 00
 .rodata        0x0000000000080444       0x64 C:\Users\Makoto\AppData\Local\Temp\ccE95cNV.ltrans8.ltrans.o
                0x0000000000080444                CSWTCH.35.26289.26289
 .rodata.str1.1
                0x00000000000804a8        0xe C:\Users\Makoto\AppData\Local\Temp\ccE95cNV.ltrans9.ltrans.o
 .rodata        0x00000000000804b6        0x5 C:\Users\Makoto\AppData\Local\Temp\ccE95cNV.ltrans9.ltrans.o
                0x00000000000804b6                gbHighPowerMode
                0x00000000000804b7                gu8ModuleID
 *fill*         0x00000000000804bb        0x1 00
 .rodata        0x00000000000804bc        0xc C:\Users\Makoto\AppData\Local\Temp\ccE95cNV.ltrans10.ltrans.o
                0x00000000000804bc                au32UartAddrOffset
 .rodata.str1.1
                0x00000000000804c8       0xe0 C:\Users\Makoto\AppData\Local\Temp\ccE95cNV.ltrans12.ltrans.o
                                         0xe3 (size before relaxing)
 .rodata        0x00000000000805a8        0xa C:\Users\Makoto\AppData\Local\Temp\ccE95cNV.ltrans13.ltrans.o
 *fill*         0x00000000000805b2        0x2 00
 .rodata        0x00000000000805b4       0xc0 C:\Users\Makoto\AppData\Local\Temp\ccE95cNV.ltrans14.ltrans.o
                0x00000000000805b4                s_aprScanHandleEvt.15950
                0x00000000000805e4                apvActionCalls
                0x000000000008066c                psTamMacContext
                0x0000000000080670                psTAMcontext
 .rodata.str1.1
                0x0000000000080674       0x1f C:\Users\Makoto\AppData\Local\Temp\ccE95cNV.ltrans15.ltrans.o
 .rodata        0x0000000000080693       0x10 C:\Users\Makoto\AppData\Local\Temp\ccE95cNV.ltrans15.ltrans.o
 .rodata.str1.1
                0x00000000000806a3       0x88 C:\Users\Makoto\AppData\Local\Temp\ccE95cNV.ltrans18.ltrans.o
 .rodata.str1.1
                0x000000000008072b       0x11 C:\Users\Makoto\AppData\Local\Temp\ccE95cNV.ltrans19.ltrans.o
 .rodata        0x000000000008073c       0x7c C:\Users\Makoto\AppData\Local\Temp\ccE95cNV.ltrans19.ltrans.o
                0x0000000000080770                u32MacLow_TOCOS
                0x0000000000080774                u32MacHigh_TOCOS
 .rodata.str1.1
                0x00000000000807b8       0x32 c:/users/makoto/desktop/mwstage-2022-08_win10-1/mwstage/tools/ba-elf-ba2-r36379.w10/bin/../lib/gcc/ba-elf/4.7.4/../../../../ba-elf/lib/mcpu_jn51xx_sizeopt\libc.a(lib_a-svfprintf.o)
                                         0x34 (size before relaxing)
 .rodata        0x00000000000807ea       0x20 c:/users/makoto/desktop/mwstage-2022-08_win10-1/mwstage/tools/ba-elf-ba2-r36379.w10/bin/../lib/gcc/ba-elf/4.7.4/../../../../ba-elf/lib/mcpu_jn51xx_sizeopt\libc.a(lib_a-svfprintf.o)
 .rodata.str1.1
                0x000000000008080a        0xd c:/users/makoto/desktop/mwstage-2022-08_win10-1/mwstage/tools/ba-elf-ba2-r36379.w10/bin/../lib/gcc/ba-elf/4.7.4/../../../../ba-elf/lib/mcpu_jn51xx_sizeopt\libc.a(lib_a-dtoa.o)
                                          0xf (size before relaxing)
 .rodata.str1.1
                0x0000000000080817        0x2 c:/users/makoto/desktop/mwstage-2022-08_win10-1/mwstage/tools/ba-elf-ba2-r36379.w10/bin/../lib/gcc/ba-elf/4.7.4/../../../../ba-elf/lib/mcpu_jn51xx_sizeopt\libc.a(lib_a-impure.o)
 .rodata.str1.1
                0x0000000000080819        0x6 c:/users/makoto/desktop/mwstage-2022-08_win10-1/mwstage/tools/ba-elf-ba2-r36379.w10/bin/../lib/gcc/ba-elf/4.7.4/../../../../ba-elf/lib/mcpu_jn51xx_sizeopt\libc.a(lib_a-locale.o)
                                          0xb (size before relaxing)
 *fill*         0x000000000008081f        0x1 00
 .rodata        0x0000000000080820      0x128 c:/users/makoto/desktop/mwstage-2022-08_win10-1/mwstage/tools/ba-elf-ba2-r36379.w10/bin/../lib/gcc/ba-elf/4.7.4/../../../../ba-elf/lib/mcpu_jn51xx_sizeopt\libc.a(lib_a-mprec.o)
                0x0000000000080820                __mprec_tinytens
                0x0000000000080848                __mprec_bigtens
                0x0000000000080870                __mprec_tens
 .rodata.str1.1
                0x0000000000000000       0x22 c:/users/makoto/desktop/mwstage-2022-08_win10-1/mwstage/tools/ba-elf-ba2-r36379.w10/bin/../lib/gcc/ba-elf/4.7.4/../../../../ba-elf/lib/mcpu_jn51xx_sizeopt\libc.a(lib_a-svfiprintf.o)
 .rodata        0x0000000000080948       0x20 c:/users/makoto/desktop/mwstage-2022-08_win10-1/mwstage/tools/ba-elf-ba2-r36379.w10/bin/../lib/gcc/ba-elf/4.7.4/../../../../ba-elf/lib/mcpu_jn51xx_sizeopt\libc.a(lib_a-svfiprintf.o)
 .rodata        0x0000000000080968       0x19 c:/users/makoto/desktop/mwstage-2022-08_win10-1/mwstage/tools/ba-elf-ba2-r36379.w10/bin/../lib/gcc/ba-elf/4.7.4/../../../../ba-elf/lib/mcpu_jn51xx_sizeopt\libc.a(lib_a-glue.o)

.text           0x0000000000080984    0x13b3f
 *(.text*)
 .text          0x0000000000080984      0xf5e C:\Users\Makoto\AppData\Local\Temp\ccE95cNV.ltrans0.ltrans.o
                0x0000000000080984                mac_vLPBAdjustBeaconOffset
                0x00000000000809e1                mac_u32LPBGetBeaconTimeout
                0x00000000000809ea                eWEnDTmrExpiry.15591
                0x00000000000809f5                eWEnDEdDone.15588
                0x0000000000080a50                eGenlDontCare.15585
                0x0000000000080a55                eGenlIllegal.15210
                0x0000000000080a5c                u32GetTimer0
                0x0000000000080a63                vSetTimer0
                0x0000000000080a72                _ZN3mwx2L112appdefs_crtpINS0_9NwkSimpleEE18_cbTweNet_vHwEventEPvmm.local.216
                0x0000000000080a75                _ZN3mwx2L112appdefs_crtpINS0_9NwkSimpleEE17_cbTweNet_u8HwIntEPvmm.local.215
                0x0000000000080a7a                _ZN3mwx2L114processev_crtpINS0_13BrdAppTweliteEE14vProcessEvCoreEP8_tsEvent7teEventm.local.222
                0x0000000000080a7d                _ZN3mwx2L112appdefs_crtpINS0_13BrdAppTweliteEE18_cbTweNet_vHwEventEPvmm.local.221
                0x0000000000080a80                _ZN3mwx2L112appdefs_crtpINS0_13BrdAppTweliteEE17_cbTweNet_u8HwIntEPvmm.local.220
                0x0000000000080a85                _out_fct.6669
                0x0000000000080a97                _out_null.6675
                0x0000000000080a9a                vOutputStream.6540
                0x0000000000080aa6                _ZN3mwx2L110serial_jen7vOutputEcPv.local.214
                0x0000000000080acd                vHandlerPatch.5653
                0x0000000000080b04                _ZN3mwx2L112appdefs_crtpINS0_9NwkSimpleEE18_cbTweNet_vTxEventEPvRNS0_12packet_ev_txE.local.212
                0x0000000000080b1e                _ZN3mwx2L112appdefs_crtpINS0_13BrdAppTweliteEE15_cbTweNet_vMainEPv.local.213
                0x0000000000080b36                _ZN3mwx2L112appdefs_crtpINS0_9NwkSimpleEE19_cbTweNet_vNwkEventEPvRNS0_13packet_ev_nwkE.local.226
                0x0000000000080b3f                _ZN3mwx2L112appdefs_crtpINS0_9NwkSimpleEE15_cbTweNet_vMainEPv.local.227
                0x0000000000080b42                _ZN3mwx2L112appdefs_crtpINS0_13BrdAppTweliteEE18_cbTweNet_vTxEventEPvRNS0_12packet_ev_txE.local.228
                0x0000000000080b45                _ZN3mwx2L112appdefs_crtpINS0_13BrdAppTweliteEE18_cbTweNet_vRxEventEPvRNS0_9packet_rxE.local.229
                0x0000000000080b48                _ZN3mwx2L112appdefs_crtpINS0_13BrdAppTweliteEE19_cbTweNet_vNwkEventEPvRNS0_13packet_ev_nwkE.local.230
                0x0000000000080b4b                u8TSCframeIncrease
                0x0000000000080b84                vCopyToDataFromMacAddr.22616
                0x0000000000080bb7                psTAQsearchFifo
                0x0000000000080c00                bTAQremoveFromFifo
                0x0000000000080c3d                vTAMinsertEvent
                0x0000000000080ca3                vTAM_TxRetryTimeout
                0x0000000000080ca7                vTACsetTxFrameDefaults
                0x0000000000080ccd                u8TACgetHeaderSize
                0x0000000000080d0a                u32TACpayloadToU32M
                0x0000000000080d2b                vTACu32ToPayloadM
                0x0000000000080d43                vTACbuildBeacon
                0x0000000000080f4b                bTACframeInProgress
                0x0000000000080f75                bTACassessBeaconForPayload
                0x0000000000080fc6                bIsBbcSafeForTx
                0x0000000000080ffb                vTATwriteAclMaterialToHardware
                0x0000000000081020                vTATsetBLE
                0x0000000000081057                vTATgetFramePayload
                0x0000000000081074                eTATreadTXstatus
                0x00000000000810ba                vTAHsetPhyStateDirect.part.0.20075
                0x00000000000810d6                vDoGoOff.21896
                0x00000000000810f0                vMEMreturn
                0x0000000000081161                vTACinformOriginator
                0x0000000000081183                pvMEMget
                0x00000000000811af                vTAMDEdetermineNullState
                0x00000000000811c9                vTAMCOupdatePendingList
                0x000000000008129b                vTAMCOsetCoordinator
                0x00000000000812c1                vPhySetChannel
                0x00000000000812da                eScanHandleEvt.part.0.15621
                0x0000000000081303                mac_eDcfmIndPost
                0x0000000000081324                mac_psDcfmIndGetBuf
                0x0000000000081345                vMLMErxEnableConfirm
                0x0000000000081377                vMLMEcommStatus
                0x00000000000813da                vMLMEcommStatusFromFrame
                0x000000000008141e                vTSCpostTransmitUpdate
                0x000000000008144d                vMLMEsyncLoss
                0x0000000000081480                vPMICpostFailedAssocDcfm
                0x00000000000814b8                vPMICassocReqTO_2.14038
                0x00000000000814cf                MAC_vPibSetPanId
                0x00000000000814ea                vHandleTofRequest.12144
                0x00000000000814ed                vAppApiDefSetPrbsSeed
                0x0000000000081511                mwx::L1::duplciate_checker::_node_ele_init(mwx::L1::duplciate_checker::_node_ele*)
                0x0000000000081530                _ZN3mwx2L113serial_parserINS0_10alloc_heapIhEEEC1Ev.local.52
                0x0000000000081552                _ZN3mwx2L16twenetC1Ev.local.58
                0x00000000000815e9                _ZN3mwx2L110serial_jenC1Eh.local.107
                0x0000000000081619                _ZN3mwx2L115periph_analogueC1Ev.local.125
                0x0000000000081644                _ZN3mwx2L112appdefs_virt8on_eventEmRm.local.134
                0x000000000008165c                _ZN3mwx2L112appdefs_virt18cbToCoNet_vHwEventEmm.local.136
                0x0000000000081674                _ZN3mwx2L112appdefs_virt18cbToCoNet_vTxEventERNS0_12packet_ev_txE.local.137
                0x000000000008168c                _ZN3mwx2L112appdefs_virt19cbToCoNet_vNwkEventERNS0_13packet_ev_nwkE.local.139
                0x00000000000816a4                s_div_by
                0x00000000000816d5                u8CCITT8
                0x00000000000816fb                bAES_CCM_KeyReg
                0x000000000008173a                bFifoPush.4358
                0x0000000000081773                vAppQApiPostMlme.4344
                0x0000000000081792                vAppQApiPostMcps.4351
                0x00000000000817ad                pvFifoPull.4355
                0x00000000000817d4                psAppQApiGetMlmeBuffer.4341
                0x00000000000817dc                psAppQApiGetMcpsBuffer.4348
                0x00000000000817e4                PRSEV_vSetState
                0x00000000000817f4                PRSEV_vProcessEv_core.3228
                0x0000000000081896                PRSEV_vProcessEvPost
                0x00000000000818c8                _PRSEV_vProcessEvSingle
                0x00000000000818d5                ToCoNet_vMacStart
 .text.unlikely
                0x00000000000818e2       0x65 C:\Users\Makoto\AppData\Local\Temp\ccE95cNV.ltrans0.ltrans.o
                0x00000000000818e2                _ZN3mwx2L112appdefs_virt18cbToCoNet_vRxEventERNS0_9packet_rxE.local.138
                0x00000000000818fa                PRSEV_u8Register
                0x0000000000081938                _PRSEV_vProcessEvSingleH
 .text          0x0000000000081947      0xa06 C:\Users\Makoto\AppData\Local\Temp\ccE95cNV.ltrans1.ltrans.o
                0x0000000000081947                ToCoNet_vMain
 *fill*         0x000000000008234d        0x3 00
 .text          0x0000000000082350      0xac0 C:\Users\Makoto\AppData\Local\Temp\ccE95cNV.ltrans2.ltrans.o
                0x0000000000082350                vPMICassocReqTO_1.14031
                0x00000000000823d8                vTAMDEstartSync
                0x0000000000082457                eTAMselect
                0x0000000000082598                MAC_pvCtor
                0x00000000000829b3                u32AppApiDefInit
                0x0000000000082a68                _ToCoNet_vMacInit
                0x0000000000082ace                _ToCoNet_vRfConfig
                0x0000000000082c0f                vDeterminePowerState.18856
                0x0000000000082c94                vTAMDEint1FiredTrackingBeacon
                0x0000000000082d34                vTAMDEint2FiredTrackingDR
                0x0000000000082d59                vTAMDEframeTXtrackingDR
                0x0000000000082db3                vTAMDEint2FiredPollActive
                0x0000000000082de7                vTAMDEreqTXnullTrackingCAP
                0x0000000000082e00                vTAM_TxRetryTimer
 .text          0x0000000000082e10      0x81c C:\Users\Makoto\AppData\Local\Temp\ccE95cNV.ltrans3.ltrans.o
                0x0000000000082e10                UART_vHandleUartInterrupt.5780
                0x0000000000082e97                vXCV_IntHandlerPhy
                0x0000000000082f49                vScanHandleTimer.15207
                0x0000000000082f4e                bAES_CCM_EncodeKey
                0x0000000000082ffb                _ZN3mwx2L114processev_crtpINS0_9NwkSimpleEE14vProcessEvCoreEP8_tsEvent7teEventm.local.219
                0x00000000000830ae                vXCV_IntHandlerBbc
                0x0000000000083151                vTAMCOint2Fired
                0x0000000000083172                _ZN3mwx2L114periph_twowire14cmd_tx_no_stopEb.isra.4.1416.constprop.382
                0x0000000000083180                _ZN3mwx2L114periph_twowire12cmd_tx_startEv.isra.3.1414
                0x000000000008318e                vTAIsetCapTime
                0x00000000000831af                vTAIsetRxEnableTime
                0x00000000000831d0                vDoGoActive.21898
                0x00000000000831f2                vTAMRXEint2Fired
                0x0000000000083228                _ZN3mwx2L115periph_analogue5setupEbhPFvvE.local.124.constprop.316
                0x00000000000832bf                TWESYSUTL_vWaitPoll
                0x0000000000083360                _ZL5delaym.1407
                0x000000000008338b                vMLMEbeaconNotify
                0x00000000000834e9                vMCPSframeReceived
                0x00000000000835ac                vSetPHYfromMacValue.18732
                0x00000000000835de                vTAMDEint1FiredWaitDR
                0x00000000000835eb                vTAMRXEsetReceiveForPibChange
 .text.unlikely
                0x000000000008362c      0x178 C:\Users\Makoto\AppData\Local\Temp\ccE95cNV.ltrans3.ltrans.o
                0x000000000008369c                bStartXtal32k.25965
 .text          0x00000000000837a4     0x11c3 C:\Users\Makoto\AppData\Local\Temp\ccE95cNV.ltrans4.ltrans.o
                0x0000000000084242                vHnd_E_STATE_WAIT_TX.27405
                0x00000000000842b3                _vsnprintf.constprop.384
                0x00000000000848c6                vAHI_SiMasterConfigure.constprop.380
                0x00000000000848fa                QUEUE__u8RemoveItem.part.1.5855
                0x0000000000084935                QUEUE__vAddItem.constprop.346
 .text          0x0000000000084967      0xd46 C:\Users\Makoto\AppData\Local\Temp\ccE95cNV.ltrans5.ltrans.o
                0x0000000000084967                TSV_eStart
                0x0000000000084a4b                eTAStransmitRequest
                0x0000000000084de6                vTAM_MCPSdataRequest
                0x0000000000084e29                bTACcheckPANconflict
                0x0000000000084ee2                TSV_eOpen
                0x0000000000084eea                vAppApiDefRestoreMacSettings
                0x0000000000084fbb                vAppApiDefSaveMacSettings
                0x0000000000085018                mac_vLPBSleep
                0x00000000000850d6                pvAppApiDefGetMacAddrLocation
                0x00000000000850df                eAppApiDefPlmeGet
                0x0000000000085131                eAppApiDefPlmeSet
                0x000000000008518a                vAppApiDefMcpsRequest
                0x00000000000851b5                vHnd_E_STATE_PREPARE_TX.27392
 .text          0x00000000000856ad      0x869 C:\Users\Makoto\AppData\Local\Temp\ccE95cNV.ltrans6.ltrans.o
                0x00000000000856ad                vHnd_E_STATE_RUNNING.27413
                0x00000000000858f7                SERIAL_vTxReady
                0x0000000000085958                _ZN3mwx2L110serial_jen6_beginEv.part.25.7477
                0x0000000000085bdd                vTimerStart
                0x0000000000085cd7                _ZN3mwx2L112periph_timer5beginEtbb.local.200
                0x0000000000085e34                _ZN3mwx2L112periph_timer10_on_wakeupEv.local.131
                0x0000000000085e57                _ZN6ST70325printEPc.constprop.359
 .text.unlikely
                0x0000000000085f16      0x10a C:\Users\Makoto\AppData\Local\Temp\ccE95cNV.ltrans6.ltrans.o
                0x0000000000085f16                display()
 *fill*         0x0000000000086020        0x0 00
 .text          0x0000000000086020      0xb9c C:\Users\Makoto\AppData\Local\Temp\ccE95cNV.ltrans7.ltrans.o
                0x0000000000086020                TSV_eStop
                0x00000000000860c1                vTAStidyUpAfterFrameTX
                0x00000000000860de                eWChCChanChgd.15618
                0x00000000000862ce                eGenTmrExpiry.15903
                0x0000000000086310                eWEDTEdDone.15906
                0x0000000000086334                MAC_vHandleMlmeReqRsp
                0x0000000000086ae5                vTAMDEint1FiredTracking
                0x0000000000086b55                vTAMDEint1FiredSyncReq
 .text          0x0000000000086bbc      0xb94 C:\Users\Makoto\AppData\Local\Temp\ccE95cNV.ltrans8.ltrans.o
                0x0000000000086bbc                mac_vLPBStartTimer
                0x0000000000086d4e                vProcessEvCoreTx.27374
                0x0000000000086e3e                vMicroIntEnableOnly.constprop.354
                0x0000000000086e6a                vAHI_ProtocolPower.constprop.353
                0x0000000000086e78                XCV_vCtor.constprop.351
                0x0000000000086fdd                vAHI_DoSetPullup.constprop.337
                0x0000000000086ffd                vAHI_DioWakeEnable.constprop.336
                0x0000000000087011                _ZN3mwx2L112periph_timer11change_dutyEtt.local.203
                0x0000000000087054                vAHI_TimerEnable.part.1.26156.constprop.325
                0x00000000000870bf                _ZN3mwx2L115periph_analogue10_adc_startEv.local.43.constprop.320
                0x00000000000871a8                mwx::L1::periph_analogue::ADC_handler(unsigned long, unsigned long)
                0x00000000000871ef                u8HwEventHandler.3438
                0x0000000000087297                _ZN3mwx2L16twenet5beginEv.local.112.constprop.300
                0x00000000000872dc                _ZN3mwx2L114periph_buttons5beginEmht.constprop.299
                0x000000000008733f                bAES_CCMstar
                0x000000000008740b                pvHeap_Alloc
                0x000000000008740e                operator new(unsigned long)
                0x0000000000087431                _ZN3mwx2L112appdefs_virt5setupEv.part.4.2385
                0x0000000000087456                u32AHI_Init
                0x0000000000087518                vMicroIntRestoreState
                0x0000000000087524                _ToCoNet_bRfChChannel
                0x00000000000875b9                ToCoNet_ChMgr_bCh_Reconfig
                0x0000000000087621                ToCoNet_ChMgr_vCh_TxFin
                0x000000000008764d                vHnd_E_STATE_IDLE.27397
                0x00000000000876b1                vAHI_TickTimerIntEnable
                0x000000000008770c                vAHI_TickTimerConfigure
                0x0000000000087727                bAHI_DoEnableOutputs
 *fill*         0x0000000000087750        0x0 00
 .text          0x0000000000087750      0x8f8 C:\Users\Makoto\AppData\Local\Temp\ccE95cNV.ltrans9.ltrans.o
                0x0000000000087789                vAppQApiPostHwIntT.4337
                0x000000000008785c                TWETERM_iGetC.27779
                0x00000000000878bf                vRxChar.5678
                0x0000000000087910                vTimerConfig
                0x0000000000087a9f                MWX_Panic
                0x0000000000087b03                cbAppColdStart.part.32.8084
                0x0000000000087ced                _ZN3mwx2L112periph_timer5_stopEv.part.9.7443
                0x0000000000087d5c                _ZN3mwx2L114periph_twowire11cmd_tx_stopEb.isra.5.1419.constprop.381
                0x0000000000087d6a                _ZN3mwx2L110serial_jen13_set_baudrateEt.isra.2.7424
                0x0000000000087e1b                u8TAM_AES_WriteAuxilliarySecurityHeaderIntoBuffer
                0x0000000000087e8d                phy_ePibSet.part.1.17417
                0x0000000000087ed5                _ZN3mwx2L115periph_analogue5beginEv.local.120.constprop.315
                0x0000000000087f41                u32AHI_ReadIndexSectorBits.constprop.257
                0x0000000000087fa2                _ZN3mwx2L114periph_twowire5writeEh.local.233.constprop.373
                0x0000000000087fdf                _ZN6ST70327commandEh.constprop.369
                0x0000000000088038                _ZN6ST703217normalFunctionSetEv.constprop.365
 .text          0x0000000000088048      0xa78 C:\Users\Makoto\AppData\Local\Temp\ccE95cNV.ltrans10.ltrans.o
                0x0000000000088093                SERIAL_bTxChar
                0x0000000000088144                TWETERM_vFlush.27748
                0x00000000000881c2                vTACintRXheader
                0x00000000000889bd                eGenRxHdrDone.15601
                0x00000000000889cd                _ZN3mwx2L112appdefs_crtpINS0_13BrdAppTweliteEE9_on_eventEPvmRm.local.191
 .text          0x0000000000088ac0      0xaf3 C:\Users\Makoto\AppData\Local\Temp\ccE95cNV.ltrans11.ltrans.o
                0x0000000000088ac0                vAHI_IntHandlerTimer2
                0x0000000000088ae0                vAHI_IntHandlerSysCtrl
                0x0000000000088b3a                vAHI_IntHandlerUart1
                0x0000000000088b65                vAHI_IntHandlerUart0
                0x0000000000088b90                vAHI_IntHandlerTimer4
                0x0000000000088bb1                vAHI_IntHandlerTimer3
                0x0000000000088bd2                vAHI_IntHandlerTimer1
                0x0000000000088bf2                vAHI_IntHandlerTimer0
                0x0000000000088c13                vTimerCallback.25941
                0x0000000000088c1e                vAHI_IntHandlerSpiMaster
                0x0000000000088c44                vAHI_IntHandlerAnalogPeriph
                0x0000000000088c64                vTTIBLETimerExpired
                0x0000000000088c6f                vTTITimer2Expired
                0x0000000000088c75                vTTITimer1Expired
                0x0000000000088c7b                vTTITransactionTimerExpired
                0x0000000000088ca4                bUpdateTime.20934
                0x0000000000088cdf                u8AHI_WakeTimerFiredStatus
                0x0000000000088cf3                vAHI_WakeTimerStop.part.3.26621
                0x0000000000088d13                mac_vLPBStopTimer
                0x0000000000088d1d                vAHI_UartSetClocksPerBit.part.18.26417
                0x0000000000088d44                vAHI_UartSetRTSCTS.part.15.26402
                0x0000000000088d6b                vAHI_UartReset.part.4.26375
                0x0000000000088da3                vAHI_UartSetControl.part.2.26359
                0x0000000000088df4                vAHI_UartSetBaudDivisor.part.1.26355
                0x0000000000088e33                vAHI_TimerStop.part.7.26185
                0x0000000000088e51                vAHI_TimerDisable.part.2.26164
                0x0000000000088e74                vAHI_WatchdogStop
                0x0000000000088e8b                vAHI_CpuDoze
                0x0000000000088e9e                _ZN3mwx2L120periph_pulse_counter10_on_wakeupEv.part.18.7458
                0x0000000000088f14                u32AHI_DioWakeStatus
                0x0000000000088f25                vAHI_DioWakeEdge
                0x0000000000088f45                _ZL11digitalReadh.2352
                0x0000000000088f60                vAHI_DioSetPullup
                0x0000000000088f80                vAHI_DioSetOutput
                0x0000000000088f94                vAHI_DioSetDirection
                0x0000000000088fa8                vACI_CmdWaitBusy
                0x000000000008900c                vACI_OptimisedCcmStar
                0x0000000000089224                vTAIdisableInterrupt
                0x000000000008923d                vUpdateRegisters.25204
                0x0000000000089284                psRemove.part.0.25154
                0x00000000000892b3                vMAC_MISCpollConfirm
                0x00000000000892e4                MAC_u8AclFindInfo
                0x000000000008940e                vTASretrieveSecurity
                0x0000000000089430                MAC_bLookUpKeyDescriptor.22706
                0x00000000000894aa                bTSCgetOutgoingInfo
 .text.unlikely
                0x00000000000895b3       0x11 C:\Users\Makoto\AppData\Local\Temp\ccE95cNV.ltrans11.ltrans.o
                0x00000000000895b3                vStartXtal32kExternalRc.25955
 .text          0x00000000000895c4      0x793 C:\Users\Makoto\AppData\Local\Temp\ccE95cNV.ltrans12.ltrans.o
                0x0000000000089702                vProcessEvCoreMac
                0x0000000000089769                setup()
 .text          0x0000000000089d57      0x918 C:\Users\Makoto\AppData\Local\Temp\ccE95cNV.ltrans13.ltrans.o
                0x0000000000089eb7                bAES_CCM_DecodeKey
                0x0000000000089f73                bTAM_AES_CCMstarPatch
                0x000000000008a0b7                bTAM_AES_CCMstarPatch2006
                0x000000000008a1be                vWriteFrame.20434
                0x000000000008a396                bTATsendFrame
                0x000000000008a3e9                bSendDataRequest.18736
                0x000000000008a4fb                _ZN3mwx2L110serial_jen10_on_wakeupEv.part.27.7602
                0x000000000008a575                _MWX_periph_init()
 *fill*         0x000000000008a66f        0x1 00
 .text          0x000000000008a670      0x7e4 C:\Users\Makoto\AppData\Local\Temp\ccE95cNV.ltrans14.ltrans.o
                0x000000000008aa8a                vTAMCOframeRXcap
                0x000000000008aa9c                vTAMCOframeRXgoingIdle
                0x000000000008aab2                vTAMCOframeRXnobeacon
                0x000000000008aac4                vTAMDEframeRX
                0x000000000008aaec                vTAMDEframeRXtrackingDR
                0x000000000008ab2f                vTAMDEframePreSyncReq
                0x000000000008ab48                eWCoRRxDone.15598
                0x000000000008abf2                eWBcnRxDone.15610
                0x000000000008ad8d                vTAMCOframeTXbeacon
 .text          0x000000000008ae54      0x801 C:\Users\Makoto\AppData\Local\Temp\ccE95cNV.ltrans15.ltrans.o
                0x000000000008ae8b                _ZN3mwx2L111_printobj_4ImhhhE9_do_printEPvPFvcS3_ES3_.local.225
                0x000000000008aeaf                _ZN3mwx2L111_printobj_2IttE9_do_printEPvPFvcS3_ES3_.local.224
                0x000000000008aec6                _ZN3mwx2L111_printobj_1IhE9_do_printEPvPFvcS3_ES3_.local.223
                0x000000000008aeda                vTAMRXEsetPhy
                0x000000000008af9d                vTAHsetPhyState
                0x000000000008afcd                vTACsetPHYfromMacValue
                0x000000000008afee                _ZN3mwx2L114periph_twowire9busy_waitEv.isra.1.1412
                0x000000000008b037                bAHI_ReadMACID
                0x000000000008b07d                _ZL17delayMicrosecondsm.1404
                0x000000000008b10d                _ZN3mwx2L114periph_buttons5setupEh.part.0.8478.constprop.298
                0x000000000008b137                _ZN3mwx2L114periph_twowireC1Eh.local.76
                0x000000000008b174                ToCoNet_vInit
                0x000000000008b4b7                _ZN3mwx2L114periph_twowire8_init_hwEb.isra.7.1424.constprop.378
                0x000000000008b4e8                vExpireHead.25159
                0x000000000008b518                bAHI_SetClockRate
                0x000000000008b623                _ZN3mwx2L19_printobj8do_printEPFvcPvES2_.local.211.constprop.335
 .text.unlikely
                0x000000000008b655       0xc2 C:\Users\Makoto\AppData\Local\Temp\ccE95cNV.ltrans15.ltrans.o
                0x000000000008b655                u32AppQApiInitInt_PATCH
                0x000000000008b664                vAHI_MemoryHold.26055
                0x000000000008b6a9                _ZN3mwx2L110periph_spi11transceiver5writeEi.local.187
 *fill*         0x000000000008b717        0x1 00
 .text          0x000000000008b718      0x94c C:\Users\Makoto\AppData\Local\Temp\ccE95cNV.ltrans16.ltrans.o
                0x000000000008b85b                vHnd_E_STATE_FINISH_TX_FAIL.27382
                0x000000000008b912                vHnd_E_STATE_FINISH_TX_SUCCESS.27387
                0x000000000008b9a5                vTAMCOreqTXinCAP
                0x000000000008b9cb                pinMode(unsigned char, mwx::L1::enum_wapper<PIN_MODE::eMWX_DIO_MODE, unsigned char>)
                0x000000000008bb4f                _ZN3mwx2L113BrdAppTwelite6_setupEv.local.192
                0x000000000008bc6d                vTrySendFromDirectCAP.18189
                0x000000000008bc89                vTrySendFromDirectNoBeacon.18193
                0x000000000008bcb5                vTAMCOint1Fired
                0x000000000008bdd2                vTAMCOstartBeacon
                0x000000000008be0d                vStartStoreValues.18257
                0x000000000008bec4                bStartCallback.18286
                0x000000000008bef3                vTAMCOint1FiredCAP
                0x000000000008bf66                vTAMCOreqTXnoBeacon
                0x000000000008bf78                vTrySendUnslotted.18734
                0x000000000008bf93                bProcessBeaconRX.18739
 .text          0x000000000008c064      0x88c C:\Users\Makoto\AppData\Local\Temp\ccE95cNV.ltrans17.ltrans.o
                0x000000000008c0a3                bSendSyncLoss.20869
                0x000000000008c0bb                bPollReqSent.24465
                0x000000000008c0d3                bMCPSframeTXcomplete.16638
                0x000000000008c128                bPMICdisassocReqSent.14027
                0x000000000008c1a3                MAC_vHandleMcpsReqRsp
                0x000000000008c230                bTASsendCommStatusInd
                0x000000000008c245                bAssocRespSent.14023
                0x000000000008c258                vTACcheckPollResponse
                0x000000000008c28c                vTAMDEframeRXsyncReq
                0x000000000008c4dc                vTAMDEint1FiredTrackingCAPgts
                0x000000000008c58e                eTACprocessFrameTXcomplete
                0x000000000008c70d                eWONTTxDone.15604
                0x000000000008c73b                eWBRTTxDone.15607
                0x000000000008c759                vTAMCOframeTXgoingIdle
                0x000000000008c772                vTAMCOframeTXcap
                0x000000000008c797                vTAMCOframeTXnobeacon
                0x000000000008c7ad                vTAMCOframeStarting
                0x000000000008c7c6                vTAMDEframeTXDEnull
                0x000000000008c7eb                vTAMDEframeTXtrackingCAPgts
                0x000000000008c819                bPMICassocReqSent.14019
                0x000000000008c89b                bPMICassocReqPollSent.14034
 .text          0x000000000008c8f0      0x704 C:\Users\Makoto\AppData\Local\Temp\ccE95cNV.ltrans18.ltrans.o
                0x000000000008c8f0                MWX_DebugMsg
                0x000000000008c931                _ZN3mwx2L112appdefs_crtpINS0_9NwkSimpleEE18_cbTweNet_vRxEventEPvRNS0_9packet_rxE.local.217
 .text          0x000000000008cff4      0x6e1 C:\Users\Makoto\AppData\Local\Temp\ccE95cNV.ltrans19.ltrans.o
                0x000000000008cff4                vPostDcfm.15594
                0x000000000008d0c9                AppWarmStart
                0x000000000008d199                AppColdStart
 .text          0x000000000008d6d5      0x204 C:\Users\Makoto\AppData\Local\Temp\ccE95cNV.ltrans20.ltrans.o
                0x000000000008d6d5                TWETERM_iPutS.27771
                0x000000000008d6fa                TWETERM_iPutC.27775
                0x000000000008d70b                vAppApiDefMlmeRequest
                0x000000000008d736                pvAppApiDefGetMacHandle
                0x000000000008d73f                cbAppWarmStart.part.28.7863
                0x000000000008d8ca                _ZN3mwx2L110serial_jen5writeEi.local.146
 *fill*         0x000000000008d8d9        0x3 00
 .text.unlikely
                0x000000000008d8dc      0x310 C:\Users\Makoto\AppData\Local\Temp\ccE95cNV.ltrans20.ltrans.o
                0x000000000008d8f9                vProcessIncomingHwEvent.3607
 .text.unlikely
                0x000000000008dbec      0x43c C:\Users\Makoto\AppData\Local\Temp\ccE95cNV.ltrans21.ltrans.o
                0x000000000008dbec                ToCoNet_vStart
 .text          0x000000000008e028       0x25 c:/users/makoto/desktop/mwstage-2022-08_win10-1/mwstage/tools/ba-elf-ba2-r36379.w10/bin/../lib/gcc/ba-elf/4.7.4/../../../../ba-elf/lib/mcpu_jn51xx_sizeopt\libc.a(lib_a-memcmp.o)
                0x000000000008e028                memcmp
 .text          0x000000000008e04d       0x39 c:/users/makoto/desktop/mwstage-2022-08_win10-1/mwstage/tools/ba-elf-ba2-r36379.w10/bin/../lib/gcc/ba-elf/4.7.4/mcpu_jn51xx_sizeopt\libgcc.a(_fixunsdfsi.o)
                0x000000000008e04d                __fixunsdfsi
 .text          0x000000000008e086      0x350 c:/users/makoto/desktop/mwstage-2022-08_win10-1/mwstage/tools/ba-elf-ba2-r36379.w10/bin/../lib/gcc/ba-elf/4.7.4/mcpu_jn51xx_sizeopt\libgcc.a(_udivdi3.o)
                0x000000000008e086                __udivdi3
 .text          0x000000000008e3d6      0x312 c:/users/makoto/desktop/mwstage-2022-08_win10-1/mwstage/tools/ba-elf-ba2-r36379.w10/bin/../lib/gcc/ba-elf/4.7.4/mcpu_jn51xx_sizeopt\libgcc.a(_umoddi3.o)
                0x000000000008e3d6                __umoddi3
 .text          0x000000000008e6e8       0x27 C:/Users/Makoto/Desktop/MWSTAGE-2022-08_win10-1/MWSTAGE/MWSDK/ChipLib/SW4063V1416/Components/Library\libHardwareApi_JN516x.a(AHI_Interrupt.o)
                0x000000000008e6e8                vAHI_InterruptSetPriority
                0x000000000008e706                vAHI_InterruptSetActivePriorityLevel
 .text.vMicroSyscall
                0x000000000008e70f       0x17 C:/Users/Makoto/Desktop/MWSTAGE-2022-08_win10-1/MWSTAGE/MWSDK/ChipLib/SW4063V1416/Components/Library\libMicroSpecific_JN516x.a(MicroSyscall_ba.o)
                0x000000000008e70f                vMicroSyscall
 .text          0x000000000008e726       0x12 c:/users/makoto/desktop/mwstage-2022-08_win10-1/mwstage/tools/ba-elf-ba2-r36379.w10/bin/../lib/gcc/ba-elf/4.7.4/../../../../ba-elf/lib/mcpu_jn51xx_sizeopt\libc.a(lib_a-memset.o)
                0x000000000008e726                memset
 .text          0x000000000008e738       0x84 c:/users/makoto/desktop/mwstage-2022-08_win10-1/mwstage/tools/ba-elf-ba2-r36379.w10/bin/../lib/gcc/ba-elf/4.7.4/../../../../ba-elf/lib/mcpu_jn51xx_sizeopt\libc.a(lib_a-sprintf.o)
                0x000000000008e738                _sprintf_r
                0x000000000008e776                sprintf
 *fill*         0x000000000008e7bc        0x0 00
 .text          0x000000000008e7bc     0x10e4 c:/users/makoto/desktop/mwstage-2022-08_win10-1/mwstage/tools/ba-elf-ba2-r36379.w10/bin/../lib/gcc/ba-elf/4.7.4/../../../../ba-elf/lib/mcpu_jn51xx_sizeopt\libc.a(lib_a-svfprintf.o)
                0x000000000008e7bc                _svfprintf_r
 .text          0x000000000008f8a0      0xd83 c:/users/makoto/desktop/mwstage-2022-08_win10-1/mwstage/tools/ba-elf-ba2-r36379.w10/bin/../lib/gcc/ba-elf/4.7.4/../../../../ba-elf/lib/mcpu_jn51xx_sizeopt\libc.a(lib_a-dtoa.o)
                0x000000000008f9eb                _dtoa_r
 .text          0x0000000000090623       0x86 c:/users/makoto/desktop/mwstage-2022-08_win10-1/mwstage/tools/ba-elf-ba2-r36379.w10/bin/../lib/gcc/ba-elf/4.7.4/../../../../ba-elf/lib/mcpu_jn51xx_sizeopt\libc.a(lib_a-locale.o)
                0x0000000000090623                _setlocale_r
                0x0000000000090669                __locale_charset
                0x0000000000090672                __locale_mb_cur_max
                0x000000000009067b                __locale_msgcharset
                0x0000000000090684                __locale_cjk_lang
                0x0000000000090689                _localeconv_r
                0x0000000000090692                setlocale
                0x00000000000906a0                localeconv
 .text          0x00000000000906a9      0x4ba c:/users/makoto/desktop/mwstage-2022-08_win10-1/mwstage/tools/ba-elf-ba2-r36379.w10/bin/../lib/gcc/ba-elf/4.7.4/../../../../ba-elf/lib/mcpu_jn51xx_sizeopt\libc.a(lib_a-mallocr.o)
                0x00000000000906a9                _malloc_r
 .text          0x0000000000090b63       0x19 c:/users/makoto/desktop/mwstage-2022-08_win10-1/mwstage/tools/ba-elf-ba2-r36379.w10/bin/../lib/gcc/ba-elf/4.7.4/../../../../ba-elf/lib/mcpu_jn51xx_sizeopt\libc.a(lib_a-memchr.o)
                0x0000000000090b63                memchr
 .text          0x0000000000090b7c       0x19 c:/users/makoto/desktop/mwstage-2022-08_win10-1/mwstage/tools/ba-elf-ba2-r36379.w10/bin/../lib/gcc/ba-elf/4.7.4/../../../../ba-elf/lib/mcpu_jn51xx_sizeopt\libc.a(lib_a-memcpy.o)
 .text          0x0000000000090b95        0x6 c:/users/makoto/desktop/mwstage-2022-08_win10-1/mwstage/tools/ba-elf-ba2-r36379.w10/bin/../lib/gcc/ba-elf/4.7.4/../../../../ba-elf/lib/mcpu_jn51xx_sizeopt\libc.a(lib_a-mlock.o)
                0x0000000000090b95                __malloc_lock
                0x0000000000090b98                __malloc_unlock
 .text          0x0000000000090b9b      0x8bb c:/users/makoto/desktop/mwstage-2022-08_win10-1/mwstage/tools/ba-elf-ba2-r36379.w10/bin/../lib/gcc/ba-elf/4.7.4/../../../../ba-elf/lib/mcpu_jn51xx_sizeopt\libc.a(lib_a-mprec.o)
                0x0000000000090b9b                _Balloc
                0x0000000000090bf3                _Bfree
                0x0000000000090c0d                __multadd
                0x0000000000090c9a                __s2b
                0x0000000000090d27                __hi0bits
                0x0000000000090d7c                __lo0bits
                0x0000000000090df5                __i2b
                0x0000000000090e0a                __multiply
                0x0000000000090f4b                __pow5mult
                0x0000000000090fca                __lshift
                0x000000000009107e                __mcmp
                0x00000000000910bd                __mdiff
                0x000000000009119f                __ulp
                0x00000000000911e3                __b2d
                0x0000000000091286                __d2b
                0x0000000000091345                __ratio
                0x0000000000091395                _mprec_log10
                0x00000000000913c9                __copybits
                0x0000000000091402                __any_on
 .text          0x0000000000091456       0x23 c:/users/makoto/desktop/mwstage-2022-08_win10-1/mwstage/tools/ba-elf-ba2-r36379.w10/bin/../lib/gcc/ba-elf/4.7.4/../../../../ba-elf/lib/mcpu_jn51xx_sizeopt\libc.a(lib_a-sbrkr.o)
                0x0000000000091456                _sbrk_r
 .text          0x0000000000091479       0x5c c:/users/makoto/desktop/mwstage-2022-08_win10-1/mwstage/tools/ba-elf-ba2-r36379.w10/bin/../lib/gcc/ba-elf/4.7.4/../../../../ba-elf/lib/mcpu_jn51xx_sizeopt\libc.a(lib_a-s_fpclassify.o)
                0x0000000000091479                __fpclassifyd
 .text          0x00000000000914d5       0x25 c:/users/makoto/desktop/mwstage-2022-08_win10-1/mwstage/tools/ba-elf-ba2-r36379.w10/bin/../lib/gcc/ba-elf/4.7.4/../../../../ba-elf/lib/mcpu_jn51xx_sizeopt\libc.a(lib_a-strcmp.o)
                0x00000000000914d5                strcmp
 .text          0x00000000000914fa       0x12 c:/users/makoto/desktop/mwstage-2022-08_win10-1/mwstage/tools/ba-elf-ba2-r36379.w10/bin/../lib/gcc/ba-elf/4.7.4/../../../../ba-elf/lib/mcpu_jn51xx_sizeopt\libc.a(lib_a-strlen.o)
                0x00000000000914fa                strlen
 .text          0x000000000009150c      0x8f1 c:/users/makoto/desktop/mwstage-2022-08_win10-1/mwstage/tools/ba-elf-ba2-r36379.w10/bin/../lib/gcc/ba-elf/4.7.4/../../../../ba-elf/lib/mcpu_jn51xx_sizeopt\libc.a(lib_a-svfiprintf.o)
                0x000000000009150c                __ssprint_r
                0x0000000000091630                _svfiprintf_r
 .text          0x0000000000091dfd       0x64 c:/users/makoto/desktop/mwstage-2022-08_win10-1/mwstage/tools/ba-elf-ba2-r36379.w10/bin/../lib/gcc/ba-elf/4.7.4/../../../../ba-elf/lib/mcpu_jn51xx_sizeopt\libc.a(lib_a-callocr.o)
                0x0000000000091dfd                _calloc_r
 .text          0x0000000000091e61      0x271 c:/users/makoto/desktop/mwstage-2022-08_win10-1/mwstage/tools/ba-elf-ba2-r36379.w10/bin/../lib/gcc/ba-elf/4.7.4/../../../../ba-elf/lib/mcpu_jn51xx_sizeopt\libc.a(lib_a-freer.o)
                0x0000000000091e61                _malloc_trim_r
                0x0000000000091f15                _free_r
 .text          0x00000000000920d2      0x1d0 c:/users/makoto/desktop/mwstage-2022-08_win10-1/mwstage/tools/ba-elf-ba2-r36379.w10/bin/../lib/gcc/ba-elf/4.7.4/../../../../ba-elf/lib/mcpu_jn51xx_sizeopt\libc.a(lib_a-glue.o)
                0x00000000000920d2                _read
                0x00000000000920ec                _write
                0x0000000000092106                _open
                0x0000000000092120                _close
                0x000000000009213a                _isatty
                0x0000000000092155                _lseek
                0x0000000000092170                _fstat
                0x000000000009218b                _times
                0x00000000000921a6                _time
                0x00000000000921c1                _creat
                0x00000000000921dc                _link
                0x00000000000921f7                _unlink
                0x0000000000092212                _fork
                0x000000000009222c                isatty
                0x000000000009222e                __unlink
                0x0000000000092230                _exit
                0x0000000000092234                _kill
                0x0000000000092238                _getpid
                0x000000000009223d                _sbrk
 .text          0x00000000000922a2       0x44 c:/users/makoto/desktop/mwstage-2022-08_win10-1/mwstage/tools/ba-elf-ba2-r36379.w10/bin/../lib/gcc/ba-elf/4.7.4/../../../../ba-elf/lib/mcpu_jn51xx_sizeopt\libc.a(lib_a-memmove.o)
                0x00000000000922a2                memmove
 .text          0x00000000000922e6      0x33c c:/users/makoto/desktop/mwstage-2022-08_win10-1/mwstage/tools/ba-elf-ba2-r36379.w10/bin/../lib/gcc/ba-elf/4.7.4/../../../../ba-elf/lib/mcpu_jn51xx_sizeopt\libc.a(lib_a-reallocr.o)
                0x00000000000922e6                _realloc_r
 .text          0x0000000000092622        0x9 c:/users/makoto/desktop/mwstage-2022-08_win10-1/mwstage/tools/ba-elf-ba2-r36379.w10/bin/../lib/gcc/ba-elf/4.7.4/../../../../ba-elf/lib/mcpu_jn51xx_sizeopt\libc.a(lib_a-errno.o)
                0x0000000000092622                __errno
 *fill*         0x000000000009262b        0x1 00
 .text          0x000000000009262c      0x204 c:/users/makoto/desktop/mwstage-2022-08_win10-1/mwstage/tools/ba-elf-ba2-r36379.w10/bin/../lib/gcc/ba-elf/4.7.4/mcpu_jn51xx_sizeopt\libgcc.a(__udivsi3.o)
                0x000000000009262c                __udivsi3
 .text          0x0000000000092830       0x30 c:/users/makoto/desktop/mwstage-2022-08_win10-1/mwstage/tools/ba-elf-ba2-r36379.w10/bin/../lib/gcc/ba-elf/4.7.4/mcpu_jn51xx_sizeopt\libgcc.a(__divsi3.o)
                0x0000000000092830                __divsi3
 .text          0x0000000000092860      0x1b0 c:/users/makoto/desktop/mwstage-2022-08_win10-1/mwstage/tools/ba-elf-ba2-r36379.w10/bin/../lib/gcc/ba-elf/4.7.4/mcpu_jn51xx_sizeopt\libgcc.a(__umodsi3.o)
                0x0000000000092860                __umodsi3
 .text          0x0000000000092a10       0x24 c:/users/makoto/desktop/mwstage-2022-08_win10-1/mwstage/tools/ba-elf-ba2-r36379.w10/bin/../lib/gcc/ba-elf/4.7.4/mcpu_jn51xx_sizeopt\libgcc.a(__modsi3.o)
                0x0000000000092a10                __modsi3
 .text          0x0000000000092a34      0x682 c:/users/makoto/desktop/mwstage-2022-08_win10-1/mwstage/tools/ba-elf-ba2-r36379.w10/bin/../lib/gcc/ba-elf/4.7.4/mcpu_jn51xx_sizeopt\libgcc.a(adddf3.o)
                0x0000000000092a34                __adddf3
 *fill*         0x00000000000930b6        0x2 00
 .text          0x00000000000930b8      0x5c8 c:/users/makoto/desktop/mwstage-2022-08_win10-1/mwstage/tools/ba-elf-ba2-r36379.w10/bin/../lib/gcc/ba-elf/4.7.4/mcpu_jn51xx_sizeopt\libgcc.a(divdf3.o)
                0x00000000000930b8                __divdf3
 .text          0x0000000000093680       0x7f c:/users/makoto/desktop/mwstage-2022-08_win10-1/mwstage/tools/ba-elf-ba2-r36379.w10/bin/../lib/gcc/ba-elf/4.7.4/mcpu_jn51xx_sizeopt\libgcc.a(eqdf2.o)
                0x0000000000093680                __nedf2
                0x0000000000093680                __eqdf2
 .text          0x00000000000936ff       0xca c:/users/makoto/desktop/mwstage-2022-08_win10-1/mwstage/tools/ba-elf-ba2-r36379.w10/bin/../lib/gcc/ba-elf/4.7.4/mcpu_jn51xx_sizeopt\libgcc.a(gedf2.o)
                0x00000000000936ff                __gedf2
                0x00000000000936ff                __gtdf2
 .text          0x00000000000937c9       0xcb c:/users/makoto/desktop/mwstage-2022-08_win10-1/mwstage/tools/ba-elf-ba2-r36379.w10/bin/../lib/gcc/ba-elf/4.7.4/mcpu_jn51xx_sizeopt\libgcc.a(ledf2.o)
                0x00000000000937c9                __ledf2
                0x00000000000937c9                __ltdf2
 .text          0x0000000000093894      0x488 c:/users/makoto/desktop/mwstage-2022-08_win10-1/mwstage/tools/ba-elf-ba2-r36379.w10/bin/../lib/gcc/ba-elf/4.7.4/mcpu_jn51xx_sizeopt\libgcc.a(muldf3.o)
                0x0000000000093894                __muldf3
 .text          0x0000000000093d1c      0x693 c:/users/makoto/desktop/mwstage-2022-08_win10-1/mwstage/tools/ba-elf-ba2-r36379.w10/bin/../lib/gcc/ba-elf/4.7.4/mcpu_jn51xx_sizeopt\libgcc.a(subdf3.o)
                0x0000000000093d1c                __subdf3
 .text          0x00000000000943af       0x64 c:/users/makoto/desktop/mwstage-2022-08_win10-1/mwstage/tools/ba-elf-ba2-r36379.w10/bin/../lib/gcc/ba-elf/4.7.4/mcpu_jn51xx_sizeopt\libgcc.a(fixdfsi.o)
                0x00000000000943af                __fixdfsi
 .text          0x0000000000094413       0x61 c:/users/makoto/desktop/mwstage-2022-08_win10-1/mwstage/tools/ba-elf-ba2-r36379.w10/bin/../lib/gcc/ba-elf/4.7.4/mcpu_jn51xx_sizeopt\libgcc.a(floatsidf.o)
                0x0000000000094413                __floatsidf
 .text          0x0000000000094474       0x4f c:/users/makoto/desktop/mwstage-2022-08_win10-1/mwstage/tools/ba-elf-ba2-r36379.w10/bin/../lib/gcc/ba-elf/4.7.4/mcpu_jn51xx_sizeopt\libgcc.a(floatunsidf.o)
                0x0000000000094474                __floatunsidf
                0x00000000000944c3                _flash_end = ABSOLUTE (.)

.rela.dyn       0x00000000000944c4        0x0
 .rela.text     0x0000000000000000        0x0 c:/users/makoto/desktop/mwstage-2022-08_win10-1/mwstage/tools/ba-elf-ba2-r36379.w10/bin/../lib/gcc/ba-elf/4.7.4/../../../../ba-elf/lib/mcpu_jn51xx_sizeopt\libc.a(lib_a-sprintf.o)
 .rela.text.unlikely
                0x0000000000000000        0x0 c:/users/makoto/desktop/mwstage-2022-08_win10-1/mwstage/tools/ba-elf-ba2-r36379.w10/bin/../lib/gcc/ba-elf/4.7.4/../../../../ba-elf/lib/mcpu_jn51xx_sizeopt\libc.a(lib_a-sprintf.o)
 .rela.rodata   0x0000000000000000        0x0 c:/users/makoto/desktop/mwstage-2022-08_win10-1/mwstage/tools/ba-elf-ba2-r36379.w10/bin/../lib/gcc/ba-elf/4.7.4/../../../../ba-elf/lib/mcpu_jn51xx_sizeopt\libc.a(lib_a-sprintf.o)
 .rela.data     0x0000000000000000        0x0 c:/users/makoto/desktop/mwstage-2022-08_win10-1/mwstage/tools/ba-elf-ba2-r36379.w10/bin/../lib/gcc/ba-elf/4.7.4/../../../../ba-elf/lib/mcpu_jn51xx_sizeopt\libc.a(lib_a-sprintf.o)
                0x000000000400004c                . = ORIGIN (ram)

.data           0x000000000400004c      0x8d8 load address 0x00000000000944c4
                0x000000000400004c                _ram_data_start = ABSOLUTE (.)
 *(.data*)
 .data          0x000000000400004c        0x4 C:\Users\Makoto\AppData\Local\Temp\ccE95cNV.ltrans1.ltrans.o
                0x000000000400004c                score
 .data          0x0000000004000050        0x1 C:\Users\Makoto\AppData\Local\Temp\ccE95cNV.ltrans2.ltrans.o
 .data.initinboot
                0x0000000004000051        0x1 C:\Users\Makoto\AppData\Local\Temp\ccE95cNV.ltrans2.ltrans.o
                0x0000000004000051                gMAC_u8MaxBuffers
 .data          0x0000000004000052        0x1 C:\Users\Makoto\AppData\Local\Temp\ccE95cNV.ltrans5.ltrans.o
                0x0000000004000052                u8TxWkrNow.27515
 .data          0x0000000004000053        0x1 C:\Users\Makoto\AppData\Local\Temp\ccE95cNV.ltrans6.ltrans.o
 .data          0x0000000004000054        0x4 C:\Users\Makoto\AppData\Local\Temp\ccE95cNV.ltrans8.ltrans.o
                0x0000000004000054                u32HeapStart
 .data.initinboot
                0x0000000004000058        0x8 C:\Users\Makoto\AppData\Local\Temp\ccE95cNV.ltrans8.ltrans.o
 .data          0x0000000004000060        0x1 C:\Users\Makoto\AppData\Local\Temp\ccE95cNV.ltrans9.ltrans.o
                0x0000000004000060                _toconet_tx_u8_init_queue_flag
 *fill*         0x0000000004000061        0x1 00
 .data          0x0000000004000062        0x2 C:\Users\Makoto\AppData\Local\Temp\ccE95cNV.ltrans12.ltrans.o
                0x0000000004000062                brightness
 *fill*         0x0000000004000064        0x4 00
 .data          0x0000000004000068      0x430 c:/users/makoto/desktop/mwstage-2022-08_win10-1/mwstage/tools/ba-elf-ba2-r36379.w10/bin/../lib/gcc/ba-elf/4.7.4/../../../../ba-elf/lib/mcpu_jn51xx_sizeopt\libc.a(lib_a-impure.o)
                0x0000000004000068                _impure_ptr
 .data          0x0000000004000498       0x7c c:/users/makoto/desktop/mwstage-2022-08_win10-1/mwstage/tools/ba-elf-ba2-r36379.w10/bin/../lib/gcc/ba-elf/4.7.4/../../../../ba-elf/lib/mcpu_jn51xx_sizeopt\libc.a(lib_a-locale.o)
                0x0000000004000498                __mb_cur_max
 .data          0x0000000004000514      0x410 c:/users/makoto/desktop/mwstage-2022-08_win10-1/mwstage/tools/ba-elf-ba2-r36379.w10/bin/../lib/gcc/ba-elf/4.7.4/../../../../ba-elf/lib/mcpu_jn51xx_sizeopt\libc.a(lib_a-mallocr.o)
                0x0000000004000514                __malloc_sbrk_base
                0x0000000004000518                __malloc_trim_threshold
                0x000000000400051c                __malloc_av_
 *(.data.*)
                0x0000000004000924                . = ALIGN (0x4)
                0x0000000004000924                _ram_data_end = ABSOLUTE (.)

.bss            0x0000000004000924     0x1624 load address 0x0000000000094d9c
                0x0000000004000924                _bss_start = ABSOLUTE (.)
 *(.bss*)
 .bss           0x0000000004000924        0xc C:\Users\Makoto\AppData\Local\Temp\ccE95cNV.ltrans0.ltrans.o
 .bss           0x0000000004000930       0x78 C:\Users\Makoto\AppData\Local\Temp\ccE95cNV.ltrans1.ltrans.o
                0x0000000004000930                sMcpsIndQueue.4576
                0x0000000004000940                sMcpsIndBufferQueue.4574
                0x0000000004000950                sMlmeIndQueue.4577
                0x0000000004000960                sMlmeIndBufferQueue.4575
                0x0000000004000970                sHwIndQueue.4578
                0x0000000004000980                sHwIndBufferQueue.4579
                0x0000000004000990                _u32_INT_adc_comp
                0x0000000004000994                _u32_INT_ticktimer
                0x0000000004000998                temp
                0x000000000400099c                _periph_availmap
 .bss           0x00000000040009a8       0x20 C:\Users\Makoto\AppData\Local\Temp\ccE95cNV.ltrans2.ltrans.o
                0x00000000040009a8                g_sXcv
                0x00000000040009ac                prMcpsRequest.11031
                0x00000000040009b0                prMlmeRequest.11030
                0x00000000040009b4                prOriginalHandler.5657
 .bss.initinboot
                0x00000000040009c8        0x8 C:\Users\Makoto\AppData\Local\Temp\ccE95cNV.ltrans2.ltrans.o
                0x00000000040009c8                g_u32MacAddrLocation
                0x00000000040009cc                prvUserTxStartedCallback
 .bss           0x00000000040009d0       0x24 C:\Users\Makoto\AppData\Local\Temp\ccE95cNV.ltrans3.ltrans.o
                0x00000000040009d0                gbTimeOutFlag.26128
                0x00000000040009d4                sAppHousekeeping
                0x00000000040009ec                prApAppCallback.25695
                0x00000000040009f0                bIntEnableFlag.25692
 .bss           0x00000000040009f4        0x1 C:\Users\Makoto\AppData\Local\Temp\ccE95cNV.ltrans4.ltrans.o
 *fill*         0x00000000040009f5        0x3 00
 .bss           0x00000000040009f8       0x28 C:\Users\Makoto\AppData\Local\Temp\ccE95cNV.ltrans5.ltrans.o
                0x00000000040009f8                sCh_Context.4214
                0x00000000040009fc                asTx.27471
 .bss.initinboot
                0x0000000004000a20        0x1 C:\Users\Makoto\AppData\Local\Temp\ccE95cNV.ltrans5.ltrans.o
 *fill*         0x0000000004000a21        0x3 00
 .bss           0x0000000004000a24       0x64 C:\Users\Makoto\AppData\Local\Temp\ccE95cNV.ltrans6.ltrans.o
                0x0000000004000a24                TxWorker_u8Num.27472
                0x0000000004000a26                au16TimerSettings.26290
                0x0000000004000a30                prUart1AppCallback.26596
                0x0000000004000a34                prUart0AppCallback.26595
                0x0000000004000a38                sOpt.5829
 .bss           0x0000000004000a88       0x20 C:\Users\Makoto\AppData\Local\Temp\ccE95cNV.ltrans7.ltrans.o
                0x0000000004000a88                sAssocSecurity.14648
                0x0000000004000a94                bScanInProgress.15946
                0x0000000004000a95                g_bJenieBackwardsCompatibilityMode
                0x0000000004000a98                s_sTimerList
 .bss           0x0000000004000aa8        0x3 C:\Users\Makoto\AppData\Local\Temp\ccE95cNV.ltrans8.ltrans.o
 *fill*         0x0000000004000aab        0x1 00
 .bss.dontinitinboot
                0x0000000004000aac        0xc C:\Users\Makoto\AppData\Local\Temp\ccE95cNV.ltrans8.ltrans.o
 .bss           0x0000000004000ab8      0x62c C:\Users\Makoto\AppData\Local\Temp\ccE95cNV.ltrans9.ltrans.o
                0x0000000004000ab8                prAppHwCallback.4582
                0x0000000004000abc                apfTimerAppCallback.26341
                0x0000000004000ad0                prTickTimeAppCallback
 .bss           0x00000000040010e4       0x64 C:\Users\Makoto\AppData\Local\Temp\ccE95cNV.ltrans10.ltrans.o
                0x00000000040010e4                asUARTS.5822
                0x0000000004001104                _SERIAL_bmTxIntEnabled
                0x0000000004001108                asSerialPorts
 .bss           0x0000000004001148        0x4 C:\Users\Makoto\AppData\Local\Temp\ccE95cNV.ltrans11.ltrans.o
 .bss           0x000000000400114c        0xc C:\Users\Makoto\AppData\Local\Temp\ccE95cNV.ltrans13.ltrans.o
                0x000000000400114c                _psSerial
 .bss.dontinitinboot
                0x0000000004001158        0x1 C:\Users\Makoto\AppData\Local\Temp\ccE95cNV.ltrans13.ltrans.o
 *fill*         0x0000000004001159        0x3 00
 .bss           0x000000000400115c      0x1bc C:\Users\Makoto\AppData\Local\Temp\ccE95cNV.ltrans14.ltrans.o
                0x000000000400115c                g_pvMac
                0x0000000004001160                the_mac
                0x000000000400117c                Buttons
                0x0000000004001184                Timer4
                0x000000000400118c                Timer3
                0x0000000004001194                Timer2
                0x000000000400119c                Timer1
                0x00000000040011a4                Timer0
                0x00000000040011ac                PulseCounter1
                0x00000000040011b0                PulseCounter0
                0x00000000040011b4                Analogue
                0x00000000040011cc                SPI
                0x00000000040011d0                Wire
                0x00000000040011e8                SerialParser
                0x0000000004001224                Serial1
                0x0000000004001244                Serial
                0x0000000004001264                the_vnet2
                0x0000000004001268                the_vnet
                0x000000000400126c                the_vhw
                0x0000000004001270                the_vsettings
                0x0000000004001274                the_vapp
                0x0000000004001278                the_twelite
                0x0000000004001310                lcd
 .bss.initinboot
                0x0000000004001318      0x1c0 C:\Users\Makoto\AppData\Local\Temp\ccE95cNV.ltrans14.ltrans.o
                0x0000000004001318                g_sMac
 .bss           0x00000000040014d8      0x71c C:\Users\Makoto\AppData\Local\Temp\ccE95cNV.ltrans15.ltrans.o
                0x00000000040014d8                prSpiAppCallback.25929
                0x00000000040014dc                prSiAppCallback.27142
                0x00000000040014e0                prAppMcpsCallback.4580
                0x00000000040014e4                prAppMlmeCallback.4581
                0x00000000040014e8                bTxEventQueued.21764
                0x00000000040014e9                u8TxEventStatus.21765
 .bss.initinboot
                0x0000000004001bf4        0x4 C:\Users\Makoto\AppData\Local\Temp\ccE95cNV.ltrans15.ltrans.o
                0x0000000004001bf4                prSysCtrlAppCallback.26132
 .bss           0x0000000004001bf8       0x40 C:\Users\Makoto\AppData\Local\Temp\ccE95cNV.ltrans17.ltrans.o
                0x0000000004001bf8                u8AssocResponsesInProgress.14647
                0x0000000004001bfc                g_sLP
 .bss           0x0000000004001c38       0x10 C:\Users\Makoto\AppData\Local\Temp\ccE95cNV.ltrans18.ltrans.o
                0x0000000004001c38                pvPostFunc.3309
                0x0000000004001c3c                u32PostArg.3308
                0x0000000004001c40                evPost.3307
 .bss           0x0000000004001c48      0x118 C:\Users\Makoto\AppData\Local\Temp\ccE95cNV.ltrans19.ltrans.o
                0x0000000004001c48                sContext.5647
                0x0000000004001c74                sToCoNet_Modules
                0x0000000004001ccc                _ZL5_vcbs.8236
                0x0000000004001ce0                sToCoNet_AppContext
                0x0000000004001cfc                sToCoNet_Context
 .bss           0x0000000004001d60       0x10 C:\Users\Makoto\AppData\Local\Temp\ccE95cNV.ltrans20.ltrans.o
                0x0000000004001d60                sSerCmd_P3.6492
 .bss           0x0000000004001d70      0x15c C:\Users\Makoto\AppData\Local\Temp\ccE95cNV.ltrans21.ltrans.o
                0x0000000004001d70                u8AppId_Pkt_head.5526
                0x0000000004001d74                u32AppId.5523
                0x0000000004001d78                u32MyAddr.5525
                0x0000000004001d7c                bRxQueue_Init.5524
                0x0000000004001d80                psRxQueueList.5522
                0x0000000004001d94                asEventHandler.3295
                0x0000000004001e34                sEvVars
                0x0000000004001e50                u32TickCount_ms
                0x0000000004001e54                au8Txdatabuff_idx_sTxQueue
                0x0000000004001e58                u8TxBuffSiz_sTxQueue
                0x0000000004001e5c                sTxdatabuff_sTxQueue
                0x0000000004001e60                sTxQueue
                0x0000000004001e7c                au8Rxdatabuff_idx_sRxQueue
                0x0000000004001e80                u8RxBuffSiz_sRxQueue
                0x0000000004001e84                sRxdatabuff_sRxQueue
                0x0000000004001e88                sRxQueue
                0x0000000004001ea4                au8Rxdatabuff_idx_sRxQueueCmd
                0x0000000004001ea8                u8RxBuffSiz_sRxQueueCmd
                0x0000000004001eac                sRxdatabuff_sRxQueueCmd
                0x0000000004001eb0                sRxQueueCmd.3746
 .bss.dontinitinboot
                0x0000000004001ecc       0x40 C:/Users/Makoto/Desktop/MWSTAGE-2022-08_win10-1/MWSTAGE/MWSDK/ChipLib/SW4063V1416/Components/Library\libBoot_JN516x.a(ExceptionHandler.o)
                0x0000000004001ecc                isr_handlers
 .bss           0x0000000004001f0c       0x34 c:/users/makoto/desktop/mwstage-2022-08_win10-1/mwstage/tools/ba-elf-ba2-r36379.w10/bin/../lib/gcc/ba-elf/4.7.4/../../../../ba-elf/lib/mcpu_jn51xx_sizeopt\libc.a(lib_a-mallocr.o)
                0x0000000004001f0c                __malloc_current_mallinfo
                0x0000000004001f34                __malloc_max_total_mem
                0x0000000004001f38                __malloc_max_sbrked_mem
                0x0000000004001f3c                __malloc_top_pad
 .bss           0x0000000004001f40        0x4 c:/users/makoto/desktop/mwstage-2022-08_win10-1/mwstage/tools/ba-elf-ba2-r36379.w10/bin/../lib/gcc/ba-elf/4.7.4/../../../../ba-elf/lib/mcpu_jn51xx_sizeopt\libc.a(lib_a-glue.o)
 *(.bss.*)
 *(.scommon*)
 .scommon       0x0000000004001f44        0x4 c:/users/makoto/desktop/mwstage-2022-08_win10-1/mwstage/tools/ba-elf-ba2-r36379.w10/bin/../lib/gcc/ba-elf/4.7.4/../../../../ba-elf/lib/mcpu_jn51xx_sizeopt\libc.a(lib_a-reent.o)
                0x0000000004001f44                errno
 *(.scommon.*)
 *(COMMON)
                0x0000000004001f48                . = ALIGN (0x4)
                0x0000000004001f48                _bss_end = ABSOLUTE (.)
                0x0000000004001f48                end = .

.heap           0x0000000004001f48      0xd16 load address 0x00000000000963c0
                0x0000000004001f48                _heap_start = ABSOLUTE (.)
                0x0000000004002c5e                . = (. + _minimum_heap_size)
 *fill*         0x0000000004001f48      0xd16 00

.stack          0x0000000004007800      0x800 load address 0x000000000009bc78
                0x0000000004007800                _heap_end = ABSOLUTE (.)
                0x0000000004007800                _stack_low_water_mark = ABSOLUTE (.)
                0x0000000004008000                . = (. + _stack_size)
 *fill*         0x0000000004007800      0x800 00
                0x0000000004008000                _stack = .

.test           0x0000000000094d9c        0x1
                0x0000000000094d9c        0x1 BYTE 0xff
                0x00000000000944c4                _flash_data_start = LOADADDR (.data)
                0x00000000000008d8                _ram_data_len = (((_ram_data_end - _ram_data_start) + 0x3) & 0xfffffffffffffffc)
                0x0000000000001624                _bss_len = (((_bss_end - _bss_start) + 0x3) & 0xfffffffffffffffc)
                0x0000000000014d9c                _image_len = ((((_flash_end - _flash_start) + _ram_data_len) + 0x3) & 0xfffffffffffffffc)
                0x0000000004008000                _ram_top = (ABSOLUTE (ORIGIN (ram)) + 0x7fb4)
                0x0000000004008000                ram_top = (ABSOLUTE (ORIGIN (ram)) + 0x7fb4)
                0x0000000001001580                _app_ram_start = 0x1001580
                0x0000000004000054                PROVIDE (_heap_location, u32HeapStart)
                0x0000000004000054                PROVIDE (heap_location, u32HeapStart)
                0x0000000000084ee2                TSV_eOpenVector = TSV_eOpen
                0x0000000000084967                TSV_eStartVector = TSV_eStart
                0x0000000000086020                TSV_eStopVector = TSV_eStop
                0x000000000008d736                pvAppApiGetMacHandle = pvAppApiDefGetMacHandle
                0x00000000000829b3                u32AppApiInit = u32AppApiDefInit
                0x000000000008d70b                vAppApiMlmeRequest = vAppApiDefMlmeRequest
                0x000000000008518a                vAppApiMcpsRequest = vAppApiDefMcpsRequest
                0x0000000000085131                eAppApiPlmeSet = eAppApiDefPlmeSet
                0x00000000000850df                eAppApiPlmeGet = eAppApiDefPlmeGet
                0x00000000000850d6                pvAppApiGetMacAddrLocation = pvAppApiDefGetMacAddrLocation
                0x0000000000084fbb                vAppApiSaveMacSettings = vAppApiDefSaveMacSettings
                0x0000000000084eea                vAppApiRestoreMacSettings = vAppApiDefRestoreMacSettings
OUTPUT(objs_BLUE/seg7_BLUE_L1305_V0-1-0.elf elf32-ba)

.comment        0x0000000000000000       0x11
 .comment       0x0000000000000000       0x12 C:\Users\Makoto\AppData\Local\Temp\ccE95cNV.ltrans0.ltrans.o
 .comment       0x0000000000000000       0x12 C:\Users\Makoto\AppData\Local\Temp\ccE95cNV.ltrans1.ltrans.o
 .comment       0x0000000000000000       0x12 C:\Users\Makoto\AppData\Local\Temp\ccE95cNV.ltrans2.ltrans.o
 .comment       0x0000000000000000       0x12 C:\Users\Makoto\AppData\Local\Temp\ccE95cNV.ltrans3.ltrans.o
 .comment       0x0000000000000000       0x12 C:\Users\Makoto\AppData\Local\Temp\ccE95cNV.ltrans4.ltrans.o
 .comment       0x0000000000000000       0x12 C:\Users\Makoto\AppData\Local\Temp\ccE95cNV.ltrans5.ltrans.o
 .comment       0x0000000000000000       0x12 C:\Users\Makoto\AppData\Local\Temp\ccE95cNV.ltrans6.ltrans.o
 .comment       0x0000000000000000       0x12 C:\Users\Makoto\AppData\Local\Temp\ccE95cNV.ltrans7.ltrans.o
 .comment       0x0000000000000000       0x12 C:\Users\Makoto\AppData\Local\Temp\ccE95cNV.ltrans8.ltrans.o
 .comment       0x0000000000000000       0x12 C:\Users\Makoto\AppData\Local\Temp\ccE95cNV.ltrans9.ltrans.o
 .comment       0x0000000000000000       0x12 C:\Users\Makoto\AppData\Local\Temp\ccE95cNV.ltrans10.ltrans.o
 .comment       0x0000000000000000       0x12 C:\Users\Makoto\AppData\Local\Temp\ccE95cNV.ltrans11.ltrans.o
 .comment       0x0000000000000000       0x12 C:\Users\Makoto\AppData\Local\Temp\ccE95cNV.ltrans12.ltrans.o
 .comment       0x0000000000000000       0x12 C:\Users\Makoto\AppData\Local\Temp\ccE95cNV.ltrans13.ltrans.o
 .comment       0x0000000000000000       0x12 C:\Users\Makoto\AppData\Local\Temp\ccE95cNV.ltrans14.ltrans.o
 .comment       0x0000000000000000       0x12 C:\Users\Makoto\AppData\Local\Temp\ccE95cNV.ltrans15.ltrans.o
 .comment       0x0000000000000000       0x12 C:\Users\Makoto\AppData\Local\Temp\ccE95cNV.ltrans16.ltrans.o
 .comment       0x0000000000000000       0x12 C:\Users\Makoto\AppData\Local\Temp\ccE95cNV.ltrans17.ltrans.o
 .comment       0x0000000000000000       0x12 C:\Users\Makoto\AppData\Local\Temp\ccE95cNV.ltrans18.ltrans.o
 .comment       0x0000000000000000       0x12 C:\Users\Makoto\AppData\Local\Temp\ccE95cNV.ltrans19.ltrans.o
 .comment       0x0000000000000000       0x12 C:\Users\Makoto\AppData\Local\Temp\ccE95cNV.ltrans20.ltrans.o
 .comment       0x0000000000000000       0x12 C:\Users\Makoto\AppData\Local\Temp\ccE95cNV.ltrans21.ltrans.o
 .comment       0x0000000000000000       0x12 c:/users/makoto/desktop/mwstage-2022-08_win10-1/mwstage/tools/ba-elf-ba2-r36379.w10/bin/../lib/gcc/ba-elf/4.7.4/../../../../ba-elf/lib/mcpu_jn51xx_sizeopt\libc.a(lib_a-memcmp.o)
 .comment       0x0000000000000000       0x12 c:/users/makoto/desktop/mwstage-2022-08_win10-1/mwstage/tools/ba-elf-ba2-r36379.w10/bin/../lib/gcc/ba-elf/4.7.4/mcpu_jn51xx_sizeopt\libgcc.a(_fixunsdfsi.o)
 .comment       0x0000000000000000       0x12 c:/users/makoto/desktop/mwstage-2022-08_win10-1/mwstage/tools/ba-elf-ba2-r36379.w10/bin/../lib/gcc/ba-elf/4.7.4/mcpu_jn51xx_sizeopt\libgcc.a(_udivdi3.o)
 .comment       0x0000000000000000       0x12 c:/users/makoto/desktop/mwstage-2022-08_win10-1/mwstage/tools/ba-elf-ba2-r36379.w10/bin/../lib/gcc/ba-elf/4.7.4/mcpu_jn51xx_sizeopt\libgcc.a(_umoddi3.o)
 .comment       0x0000000000000000       0x11 C:/Users/Makoto/Desktop/MWSTAGE-2022-08_win10-1/MWSTAGE/MWSDK/ChipLib/SW4063V1416/Components/Library\libMicroSpecific_JN516x.a(MicroSyscall_ba.o)
                                         0x12 (size before relaxing)
 .comment       0x0000000000000000       0x12 c:/users/makoto/desktop/mwstage-2022-08_win10-1/mwstage/tools/ba-elf-ba2-r36379.w10/bin/../lib/gcc/ba-elf/4.7.4/../../../../ba-elf/lib/mcpu_jn51xx_sizeopt\libc.a(lib_a-memset.o)
 .comment       0x0000000000000000       0x12 c:/users/makoto/desktop/mwstage-2022-08_win10-1/mwstage/tools/ba-elf-ba2-r36379.w10/bin/../lib/gcc/ba-elf/4.7.4/../../../../ba-elf/lib/mcpu_jn51xx_sizeopt\libc.a(lib_a-sprintf.o)
 .comment       0x0000000000000000       0x12 c:/users/makoto/desktop/mwstage-2022-08_win10-1/mwstage/tools/ba-elf-ba2-r36379.w10/bin/../lib/gcc/ba-elf/4.7.4/../../../../ba-elf/lib/mcpu_jn51xx_sizeopt\libc.a(lib_a-svfprintf.o)
 .comment       0x0000000000000000       0x12 c:/users/makoto/desktop/mwstage-2022-08_win10-1/mwstage/tools/ba-elf-ba2-r36379.w10/bin/../lib/gcc/ba-elf/4.7.4/../../../../ba-elf/lib/mcpu_jn51xx_sizeopt\libc.a(lib_a-dtoa.o)
 .comment       0x0000000000000000       0x12 c:/users/makoto/desktop/mwstage-2022-08_win10-1/mwstage/tools/ba-elf-ba2-r36379.w10/bin/../lib/gcc/ba-elf/4.7.4/../../../../ba-elf/lib/mcpu_jn51xx_sizeopt\libc.a(lib_a-impure.o)
 .comment       0x0000000000000000       0x12 c:/users/makoto/desktop/mwstage-2022-08_win10-1/mwstage/tools/ba-elf-ba2-r36379.w10/bin/../lib/gcc/ba-elf/4.7.4/../../../../ba-elf/lib/mcpu_jn51xx_sizeopt\libc.a(lib_a-locale.o)
 .comment       0x0000000000000000       0x12 c:/users/makoto/desktop/mwstage-2022-08_win10-1/mwstage/tools/ba-elf-ba2-r36379.w10/bin/../lib/gcc/ba-elf/4.7.4/../../../../ba-elf/lib/mcpu_jn51xx_sizeopt\libc.a(lib_a-mallocr.o)
 .comment       0x0000000000000000       0x12 c:/users/makoto/desktop/mwstage-2022-08_win10-1/mwstage/tools/ba-elf-ba2-r36379.w10/bin/../lib/gcc/ba-elf/4.7.4/../../../../ba-elf/lib/mcpu_jn51xx_sizeopt\libc.a(lib_a-memchr.o)
 .comment       0x0000000000000000       0x12 c:/users/makoto/desktop/mwstage-2022-08_win10-1/mwstage/tools/ba-elf-ba2-r36379.w10/bin/../lib/gcc/ba-elf/4.7.4/../../../../ba-elf/lib/mcpu_jn51xx_sizeopt\libc.a(lib_a-memcpy.o)
 .comment       0x0000000000000000       0x12 c:/users/makoto/desktop/mwstage-2022-08_win10-1/mwstage/tools/ba-elf-ba2-r36379.w10/bin/../lib/gcc/ba-elf/4.7.4/../../../../ba-elf/lib/mcpu_jn51xx_sizeopt\libc.a(lib_a-mlock.o)
 .comment       0x0000000000000000       0x12 c:/users/makoto/desktop/mwstage-2022-08_win10-1/mwstage/tools/ba-elf-ba2-r36379.w10/bin/../lib/gcc/ba-elf/4.7.4/../../../../ba-elf/lib/mcpu_jn51xx_sizeopt\libc.a(lib_a-mprec.o)
 .comment       0x0000000000000000       0x12 c:/users/makoto/desktop/mwstage-2022-08_win10-1/mwstage/tools/ba-elf-ba2-r36379.w10/bin/../lib/gcc/ba-elf/4.7.4/../../../../ba-elf/lib/mcpu_jn51xx_sizeopt\libc.a(lib_a-sbrkr.o)
 .comment       0x0000000000000000       0x12 c:/users/makoto/desktop/mwstage-2022-08_win10-1/mwstage/tools/ba-elf-ba2-r36379.w10/bin/../lib/gcc/ba-elf/4.7.4/../../../../ba-elf/lib/mcpu_jn51xx_sizeopt\libc.a(lib_a-s_fpclassify.o)
 .comment       0x0000000000000000       0x12 c:/users/makoto/desktop/mwstage-2022-08_win10-1/mwstage/tools/ba-elf-ba2-r36379.w10/bin/../lib/gcc/ba-elf/4.7.4/../../../../ba-elf/lib/mcpu_jn51xx_sizeopt\libc.a(lib_a-strcmp.o)
 .comment       0x0000000000000000       0x12 c:/users/makoto/desktop/mwstage-2022-08_win10-1/mwstage/tools/ba-elf-ba2-r36379.w10/bin/../lib/gcc/ba-elf/4.7.4/../../../../ba-elf/lib/mcpu_jn51xx_sizeopt\libc.a(lib_a-strlen.o)
 .comment       0x0000000000000000       0x12 c:/users/makoto/desktop/mwstage-2022-08_win10-1/mwstage/tools/ba-elf-ba2-r36379.w10/bin/../lib/gcc/ba-elf/4.7.4/../../../../ba-elf/lib/mcpu_jn51xx_sizeopt\libc.a(lib_a-svfiprintf.o)
 .comment       0x0000000000000000       0x12 c:/users/makoto/desktop/mwstage-2022-08_win10-1/mwstage/tools/ba-elf-ba2-r36379.w10/bin/../lib/gcc/ba-elf/4.7.4/../../../../ba-elf/lib/mcpu_jn51xx_sizeopt\libc.a(lib_a-callocr.o)
 .comment       0x0000000000000000       0x12 c:/users/makoto/desktop/mwstage-2022-08_win10-1/mwstage/tools/ba-elf-ba2-r36379.w10/bin/../lib/gcc/ba-elf/4.7.4/../../../../ba-elf/lib/mcpu_jn51xx_sizeopt\libc.a(lib_a-freer.o)
 .comment       0x0000000000000000       0x12 c:/users/makoto/desktop/mwstage-2022-08_win10-1/mwstage/tools/ba-elf-ba2-r36379.w10/bin/../lib/gcc/ba-elf/4.7.4/../../../../ba-elf/lib/mcpu_jn51xx_sizeopt\libc.a(lib_a-glue.o)
 .comment       0x0000000000000000       0x12 c:/users/makoto/desktop/mwstage-2022-08_win10-1/mwstage/tools/ba-elf-ba2-r36379.w10/bin/../lib/gcc/ba-elf/4.7.4/../../../../ba-elf/lib/mcpu_jn51xx_sizeopt\libc.a(lib_a-memmove.o)
 .comment       0x0000000000000000       0x12 c:/users/makoto/desktop/mwstage-2022-08_win10-1/mwstage/tools/ba-elf-ba2-r36379.w10/bin/../lib/gcc/ba-elf/4.7.4/../../../../ba-elf/lib/mcpu_jn51xx_sizeopt\libc.a(lib_a-reallocr.o)
 .comment       0x0000000000000000       0x12 c:/users/makoto/desktop/mwstage-2022-08_win10-1/mwstage/tools/ba-elf-ba2-r36379.w10/bin/../lib/gcc/ba-elf/4.7.4/../../../../ba-elf/lib/mcpu_jn51xx_sizeopt\libc.a(lib_a-reent.o)
 .comment       0x0000000000000000       0x12 c:/users/makoto/desktop/mwstage-2022-08_win10-1/mwstage/tools/ba-elf-ba2-r36379.w10/bin/../lib/gcc/ba-elf/4.7.4/../../../../ba-elf/lib/mcpu_jn51xx_sizeopt\libc.a(lib_a-errno.o)
 .comment       0x0000000000000000       0x12 c:/users/makoto/desktop/mwstage-2022-08_win10-1/mwstage/tools/ba-elf-ba2-r36379.w10/bin/../lib/gcc/ba-elf/4.7.4/mcpu_jn51xx_sizeopt\libgcc.a(adddf3.o)
 .comment       0x0000000000000000       0x12 c:/users/makoto/desktop/mwstage-2022-08_win10-1/mwstage/tools/ba-elf-ba2-r36379.w10/bin/../lib/gcc/ba-elf/4.7.4/mcpu_jn51xx_sizeopt\libgcc.a(divdf3.o)
 .comment       0x0000000000000000       0x12 c:/users/makoto/desktop/mwstage-2022-08_win10-1/mwstage/tools/ba-elf-ba2-r36379.w10/bin/../lib/gcc/ba-elf/4.7.4/mcpu_jn51xx_sizeopt\libgcc.a(eqdf2.o)
 .comment       0x0000000000000000       0x12 c:/users/makoto/desktop/mwstage-2022-08_win10-1/mwstage/tools/ba-elf-ba2-r36379.w10/bin/../lib/gcc/ba-elf/4.7.4/mcpu_jn51xx_sizeopt\libgcc.a(gedf2.o)
 .comment       0x0000000000000000       0x12 c:/users/makoto/desktop/mwstage-2022-08_win10-1/mwstage/tools/ba-elf-ba2-r36379.w10/bin/../lib/gcc/ba-elf/4.7.4/mcpu_jn51xx_sizeopt\libgcc.a(ledf2.o)
 .comment       0x0000000000000000       0x12 c:/users/makoto/desktop/mwstage-2022-08_win10-1/mwstage/tools/ba-elf-ba2-r36379.w10/bin/../lib/gcc/ba-elf/4.7.4/mcpu_jn51xx_sizeopt\libgcc.a(muldf3.o)
 .comment       0x0000000000000000       0x12 c:/users/makoto/desktop/mwstage-2022-08_win10-1/mwstage/tools/ba-elf-ba2-r36379.w10/bin/../lib/gcc/ba-elf/4.7.4/mcpu_jn51xx_sizeopt\libgcc.a(subdf3.o)
 .comment       0x0000000000000000       0x12 c:/users/makoto/desktop/mwstage-2022-08_win10-1/mwstage/tools/ba-elf-ba2-r36379.w10/bin/../lib/gcc/ba-elf/4.7.4/mcpu_jn51xx_sizeopt\libgcc.a(fixdfsi.o)
 .comment       0x0000000000000000       0x12 c:/users/makoto/desktop/mwstage-2022-08_win10-1/mwstage/tools/ba-elf-ba2-r36379.w10/bin/../lib/gcc/ba-elf/4.7.4/mcpu_jn51xx_sizeopt\libgcc.a(floatsidf.o)
 .comment       0x0000000000000000       0x12 c:/users/makoto/desktop/mwstage-2022-08_win10-1/mwstage/tools/ba-elf-ba2-r36379.w10/bin/../lib/gcc/ba-elf/4.7.4/mcpu_jn51xx_sizeopt\libgcc.a(floatunsidf.o)

.debug_info     0x0000000000000000    0x11452
 .debug_info    0x0000000000000000       0xf3 c:/users/makoto/desktop/mwstage-2022-08_win10-1/mwstage/tools/ba-elf-ba2-r36379.w10/bin/../lib/gcc/ba-elf/4.7.4/../../../../ba-elf/lib/mcpu_jn51xx_sizeopt\libc.a(lib_a-memcmp.o)
 .debug_info    0x00000000000000f3       0xd3 c:/users/makoto/desktop/mwstage-2022-08_win10-1/mwstage/tools/ba-elf-ba2-r36379.w10/bin/../lib/gcc/ba-elf/4.7.4/mcpu_jn51xx_sizeopt\libgcc.a(_fixunsdfsi.o)
 .debug_info    0x00000000000001c6      0x648 c:/users/makoto/desktop/mwstage-2022-08_win10-1/mwstage/tools/ba-elf-ba2-r36379.w10/bin/../lib/gcc/ba-elf/4.7.4/mcpu_jn51xx_sizeopt\libgcc.a(_udivdi3.o)
 .debug_info    0x000000000000080e      0x69d c:/users/makoto/desktop/mwstage-2022-08_win10-1/mwstage/tools/ba-elf-ba2-r36379.w10/bin/../lib/gcc/ba-elf/4.7.4/mcpu_jn51xx_sizeopt\libgcc.a(_umoddi3.o)
 .debug_info    0x0000000000000eab       0xaa C:/Users/Makoto/Desktop/MWSTAGE-2022-08_win10-1/MWSTAGE/MWSDK/ChipLib/SW4063V1416/Components/Library\libBoot_JN516x.a(ExceptionHandler.o)
 .debug_info    0x0000000000000f55       0xd7 c:/users/makoto/desktop/mwstage-2022-08_win10-1/mwstage/tools/ba-elf-ba2-r36379.w10/bin/../lib/gcc/ba-elf/4.7.4/../../../../ba-elf/lib/mcpu_jn51xx_sizeopt\libc.a(lib_a-memset.o)
 .debug_info    0x000000000000102c      0xac6 c:/users/makoto/desktop/mwstage-2022-08_win10-1/mwstage/tools/ba-elf-ba2-r36379.w10/bin/../lib/gcc/ba-elf/4.7.4/../../../../ba-elf/lib/mcpu_jn51xx_sizeopt\libc.a(lib_a-sprintf.o)
 .debug_info    0x0000000000001af2     0x1797 c:/users/makoto/desktop/mwstage-2022-08_win10-1/mwstage/tools/ba-elf-ba2-r36379.w10/bin/../lib/gcc/ba-elf/4.7.4/../../../../ba-elf/lib/mcpu_jn51xx_sizeopt\libc.a(lib_a-svfprintf.o)
 .debug_info    0x0000000000003289     0x143b c:/users/makoto/desktop/mwstage-2022-08_win10-1/mwstage/tools/ba-elf-ba2-r36379.w10/bin/../lib/gcc/ba-elf/4.7.4/../../../../ba-elf/lib/mcpu_jn51xx_sizeopt\libc.a(lib_a-dtoa.o)
 .debug_info    0x00000000000046c4      0x970 c:/users/makoto/desktop/mwstage-2022-08_win10-1/mwstage/tools/ba-elf-ba2-r36379.w10/bin/../lib/gcc/ba-elf/4.7.4/../../../../ba-elf/lib/mcpu_jn51xx_sizeopt\libc.a(lib_a-impure.o)
 .debug_info    0x0000000000005034      0xd1a c:/users/makoto/desktop/mwstage-2022-08_win10-1/mwstage/tools/ba-elf-ba2-r36379.w10/bin/../lib/gcc/ba-elf/4.7.4/../../../../ba-elf/lib/mcpu_jn51xx_sizeopt\libc.a(lib_a-locale.o)
 .debug_info    0x0000000000005d4e      0xe1c c:/users/makoto/desktop/mwstage-2022-08_win10-1/mwstage/tools/ba-elf-ba2-r36379.w10/bin/../lib/gcc/ba-elf/4.7.4/../../../../ba-elf/lib/mcpu_jn51xx_sizeopt\libc.a(lib_a-mallocr.o)
 .debug_info    0x0000000000006b6a       0xfc c:/users/makoto/desktop/mwstage-2022-08_win10-1/mwstage/tools/ba-elf-ba2-r36379.w10/bin/../lib/gcc/ba-elf/4.7.4/../../../../ba-elf/lib/mcpu_jn51xx_sizeopt\libc.a(lib_a-memchr.o)
 .debug_info    0x0000000000006c66      0x106 c:/users/makoto/desktop/mwstage-2022-08_win10-1/mwstage/tools/ba-elf-ba2-r36379.w10/bin/../lib/gcc/ba-elf/4.7.4/../../../../ba-elf/lib/mcpu_jn51xx_sizeopt\libc.a(lib_a-memcpy.o)
 .debug_info    0x0000000000006d6c      0x994 c:/users/makoto/desktop/mwstage-2022-08_win10-1/mwstage/tools/ba-elf-ba2-r36379.w10/bin/../lib/gcc/ba-elf/4.7.4/../../../../ba-elf/lib/mcpu_jn51xx_sizeopt\libc.a(lib_a-mlock.o)
 .debug_info    0x0000000000007700     0x1744 c:/users/makoto/desktop/mwstage-2022-08_win10-1/mwstage/tools/ba-elf-ba2-r36379.w10/bin/../lib/gcc/ba-elf/4.7.4/../../../../ba-elf/lib/mcpu_jn51xx_sizeopt\libc.a(lib_a-mprec.o)
 .debug_info    0x0000000000008e44      0x9db c:/users/makoto/desktop/mwstage-2022-08_win10-1/mwstage/tools/ba-elf-ba2-r36379.w10/bin/../lib/gcc/ba-elf/4.7.4/../../../../ba-elf/lib/mcpu_jn51xx_sizeopt\libc.a(lib_a-sbrkr.o)
 .debug_info    0x000000000000981f      0x149 c:/users/makoto/desktop/mwstage-2022-08_win10-1/mwstage/tools/ba-elf-ba2-r36379.w10/bin/../lib/gcc/ba-elf/4.7.4/../../../../ba-elf/lib/mcpu_jn51xx_sizeopt\libc.a(lib_a-s_fpclassify.o)
 .debug_info    0x0000000000009968       0xbb c:/users/makoto/desktop/mwstage-2022-08_win10-1/mwstage/tools/ba-elf-ba2-r36379.w10/bin/../lib/gcc/ba-elf/4.7.4/../../../../ba-elf/lib/mcpu_jn51xx_sizeopt\libc.a(lib_a-strcmp.o)