Archive member included because of file (symbol)

C:/Users/Makoto/Desktop/MWSTAGE-2022-08_win10-1/MWSTAGE/MWSDK/TWENET/current/lib/libTWENET_BLUE.a(ToCoNet_event.o)
                              objs_BLUE/Sender.o (symbol from plugin) (PRSEV_u8RegisterEx)
C:/Users/Makoto/Desktop/MWSTAGE-2022-08_win10-1/MWSTAGE/MWSDK/TWENET/current/lib/libTWENET_BLUE.a(ToCoNet_main.o)
                              objs_BLUE/Sender.o (symbol from plugin) (u32TickCount_ms)
C:/Users/Makoto/Desktop/MWSTAGE-2022-08_win10-1/MWSTAGE/MWSDK/TWENET/current/lib/libTWENET_BLUE.a(ToCoNet_utils.o)
                              ToCoNet_main.o (symbol from plugin) (ToCoNet_u32GetVersion)
C:/Users/Makoto/Desktop/MWSTAGE-2022-08_win10-1/MWSTAGE/MWSDK/TWENET/current/lib/libTWENET_BLUE.a(ToCoNet_mod_Nwk_Common.o)
                              ToCoNet_main.o (symbol from plugin) (ToCoNet_vRxProc_Mod)
C:/Users/Makoto/Desktop/MWSTAGE-2022-08_win10-1/MWSTAGE/MWSDK/TWENET/current/lib/libTWENET_BLUE.a(ToCoNet_mod_Channel_Mgr.o)
                              ToCoNet_main.o (symbol from plugin) (ToCoNet_ChMgr_bCh_Reconfig)
C:/Users/Makoto/Desktop/MWSTAGE-2022-08_win10-1/MWSTAGE/MWSDK/TWENET/current/lib/libTWENET_BLUE.a(Version.o)
                              ToCoNet_utils.o (symbol from plugin) (au8ToCoNetVersionInfo)
C:/Users/Makoto/Desktop/MWSTAGE-2022-08_win10-1/MWSTAGE/MWSDK/TWENET/current/lib/libTWENET_BLUE.a(AppQueueApi_ToCoNet.o)
                              ToCoNet_main.o (symbol from plugin) (_u32_INT_ticktimer)
C:/Users/Makoto/Desktop/MWSTAGE-2022-08_win10-1/MWSTAGE/MWSDK/TWENET/current/lib/libTWENEText_BLUE.a(AppStart.o)
                              (AppColdStart)
C:/Users/Makoto/Desktop/MWSTAGE-2022-08_win10-1/MWSTAGE/MWSDK/TWENET/current/lib/libTWENEText_BLUE.a(getMacAddr.o)
                              ToCoNet_main.o (symbol from plugin) (ToCoNet_u32GetSerialOnBoot)
C:/Users/Makoto/Desktop/MWSTAGE-2022-08_win10-1/MWSTAGE/MWSDK/TWENET/current/lib/libTWENEText_BLUE.a(mac.o)
                              ToCoNet_main.o (symbol from plugin) (Mac_vInit)
C:/Users/Makoto/Desktop/MWSTAGE-2022-08_win10-1/MWSTAGE/MWSDK/TWENET/current/lib/libTWENEText_BLUE.a(AES_CCM.o)
                              AppStart.o (symbol from plugin) (bAES_CCM_KeyReg)
C:/Users/Makoto/Desktop/MWSTAGE-2022-08_win10-1/MWSTAGE/MWSDK/TWENET/current/lib/libTWENEText_BLUE.a(no_ack_handler.o)
                              AppStart.o (symbol from plugin) (vInstallNoAckHandler)
C:/Users/Makoto/Desktop/MWSTAGE-2022-08_win10-1/MWSTAGE/MWSDK/TWENET/current/lib/libTWENEText_BLUE.a(Version.o)
                              ToCoNet_utils.o (symbol from plugin) (au8ToCoNetExtVersionInfo)
C:/Users/Makoto/Desktop/MWSTAGE-2022-08_win10-1/MWSTAGE/MWSDK/TWENET/current/lib/libTWENETutils_BLUE.a(serial.o)
                              objs_BLUE/Sender.o (symbol from plugin) (SERIAL_bTxChar)
C:/Users/Makoto/Desktop/MWSTAGE-2022-08_win10-1/MWSTAGE/MWSDK/TWENET/current/lib/libTWENETutils_BLUE.a(uart.o)
                              serial.o (symbol from plugin) (UART_vInit)
C:/Users/Makoto/Desktop/MWSTAGE-2022-08_win10-1/MWSTAGE/MWSDK/TWENET/current/lib/libTWENETutils_BLUE.a(ByteQueue.o)
                              ToCoNet_main.o (symbol from plugin) (QUEUE__vInit)
C:/Users/Makoto/Desktop/MWSTAGE-2022-08_win10-1/MWSTAGE/MWSDK/TWENET/current/lib/libTWENETutils_BLUE.a(ccitt8.o)
                              AppStart.o (symbol from plugin) (u8CCITT8)
C:/Users/Makoto/Desktop/MWSTAGE-2022-08_win10-1/MWSTAGE/MWSDK/TWENET/current/lib/libTWENETutils_BLUE.a(utils.o)
                              objs_BLUE/Sender.o (symbol from plugin) (vTimerConfig)
C:/Users/Makoto/Desktop/MWSTAGE-2022-08_win10-1/MWSTAGE/MWSDK/TWENET/current/lib/libTWENETutils_BLUE.a(ccm.o)
                              AES_CCM.o (symbol from plugin) (ccm_init_and_key)
C:/Users/Makoto/Desktop/MWSTAGE-2022-08_win10-1/MWSTAGE/MWSDK/TWENET/current/lib/libTWENETutils_BLUE.a(Version.o)
                              ToCoNet_utils.o (symbol from plugin) (au8ToCoNetUtilsVersionInfo)
C:/Users/Makoto/Desktop/MWSTAGE-2022-08_win10-1/MWSTAGE/MWSDK/TWENET/current/lib/libTWENETutils_BLUE.a(aescrypt.o)
                              ccm.o (symbol from plugin) (aes_encrypt)
C:/Users/Makoto/Desktop/MWSTAGE-2022-08_win10-1/MWSTAGE/MWSDK/TWENET/current/lib/libTWENETutils_BLUE.a(aeskey.o)
                              ccm.o (symbol from plugin) (aes_encrypt_key)
C:/Users/Makoto/Desktop/MWSTAGE-2022-08_win10-1/MWSTAGE/MWSDK/TWENET/current/lib/libTWENETutils_BLUE.a(aestab.o)
                              aeskey.o (symbol from plugin) (t_im)
C:/Users/Makoto/Desktop/MWSTAGE-2022-08_win10-1/MWSTAGE/MWSDK/TWENET/current/lib/libTWENETstgs_BLUE.a(tweinteractive.o)
                              objs_BLUE/Sender.o (symbol from plugin) (TWEINTRCT_bIsVerbose)
C:/Users/Makoto/Desktop/MWSTAGE-2022-08_win10-1/MWSTAGE/MWSDK/TWENET/current/lib/libTWENETstgs_BLUE.a(tweprintf.o)
                              tweinteractive.o (symbol from plugin) (TWE_fprintf)
[...]
Memory Configuration

Name             Origin             Length             Attributes
flash            0x0000000000080000 0x0000000000028000
ram              0x000000000400004c 0x0000000000007fb4
*default*        0x0000000000000000 0xffffffffffffffff

Linker script and memory map

LOAD objs_BLUE/_mwx_version.o
LOAD C:\Users\Makoto\AppData\Local\Temp\cc1thbkh.ltrans0.ltrans.o
LOAD C:\Users\Makoto\AppData\Local\Temp\cc1thbkh.ltrans1.ltrans.o
LOAD C:\Users\Makoto\AppData\Local\Temp\cc1thbkh.ltrans2.ltrans.o
LOAD C:\Users\Makoto\AppData\Local\Temp\cc1thbkh.ltrans3.ltrans.o
LOAD C:\Users\Makoto\AppData\Local\Temp\cc1thbkh.ltrans4.ltrans.o
LOAD C:\Users\Makoto\AppData\Local\Temp\cc1thbkh.ltrans5.ltrans.o
LOAD C:\Users\Makoto\AppData\Local\Temp\cc1thbkh.ltrans6.ltrans.o
LOAD C:\Users\Makoto\AppData\Local\Temp\cc1thbkh.ltrans7.ltrans.o
LOAD C:\Users\Makoto\AppData\Local\Temp\cc1thbkh.ltrans8.ltrans.o
LOAD C:\Users\Makoto\AppData\Local\Temp\cc1thbkh.ltrans9.ltrans.o
LOAD C:\Users\Makoto\AppData\Local\Temp\cc1thbkh.ltrans10.ltrans.o
LOAD C:\Users\Makoto\AppData\Local\Temp\cc1thbkh.ltrans11.ltrans.o
LOAD C:\Users\Makoto\AppData\Local\Temp\cc1thbkh.ltrans12.ltrans.o
LOAD C:\Users\Makoto\AppData\Local\Temp\cc1thbkh.ltrans13.ltrans.o
LOAD C:\Users\Makoto\AppData\Local\Temp\cc1thbkh.ltrans14.ltrans.o
LOAD C:\Users\Makoto\AppData\Local\Temp\cc1thbkh.ltrans15.ltrans.o
LOAD C:\Users\Makoto\AppData\Local\Temp\cc1thbkh.ltrans16.ltrans.o
LOAD C:\Users\Makoto\AppData\Local\Temp\cc1thbkh.ltrans17.ltrans.o
LOAD C:\Users\Makoto\AppData\Local\Temp\cc1thbkh.ltrans18.ltrans.o
LOAD C:\Users\Makoto\AppData\Local\Temp\cc1thbkh.ltrans19.ltrans.o
LOAD C:\Users\Makoto\AppData\Local\Temp\cc1thbkh.ltrans20.ltrans.o
LOAD c:/users/makoto/desktop/mwstage-2022-08_win10-1/mwstage/tools/ba-elf-ba2-r36379.w10/bin/../lib/gcc/ba-elf/4.7.4/../../../../ba-elf/lib/mcpu_jn51xx_sizeopt\libc.a
LOAD c:/users/makoto/desktop/mwstage-2022-08_win10-1/mwstage/tools/ba-elf-ba2-r36379.w10/bin/../lib/gcc/ba-elf/4.7.4/mcpu_jn51xx_sizeopt\libgcc.a
LOAD c:/users/makoto/desktop/mwstage-2022-08_win10-1/mwstage/tools/ba-elf-ba2-r36379.w10/bin/../lib/gcc/ba-elf/4.7.4/../../../../ba-elf/lib/mcpu_jn51xx_sizeopt\libc.a
LOAD objs_BLUE/Sender.o
LOAD C:/Users/Makoto/Desktop/MWSTAGE-2022-08_win10-1/MWSTAGE/MWSDK/TWENET/current/lib/libTWENET_BLUE.a
LOAD C:/Users/Makoto/Desktop/MWSTAGE-2022-08_win10-1/MWSTAGE/MWSDK/TWENET/current/lib/libTWENEText_BLUE.a
LOAD C:/Users/Makoto/Desktop/MWSTAGE-2022-08_win10-1/MWSTAGE/MWSDK/TWENET/current/lib/libTWENETutils_BLUE.a
LOAD C:/Users/Makoto/Desktop/MWSTAGE-2022-08_win10-1/MWSTAGE/MWSDK/TWENET/current/lib/libTWENETstgs_BLUE.a
LOAD C:/Users/Makoto/Desktop/MWSTAGE-2022-08_win10-1/MWSTAGE/MWSDK/TWENET/current/lib/libmwx_BLUE.a
LOAD C:/Users/Makoto/Desktop/MWSTAGE-2022-08_win10-1/MWSTAGE/MWSDK/TWENET/current/lib/libEASTL_BLUE.a
START GROUP
LOAD C:/Users/Makoto/Desktop/MWSTAGE-2022-08_win10-1/MWSTAGE/MWSDK/ChipLib/SW4063V1416/Components/Library\libAppApi_JN516x.a
LOAD C:/Users/Makoto/Desktop/MWSTAGE-2022-08_win10-1/MWSTAGE/MWSDK/ChipLib/SW4063V1416/Components/Library\libMAC_JN516x.a
LOAD C:/Users/Makoto/Desktop/MWSTAGE-2022-08_win10-1/MWSTAGE/MWSDK/ChipLib/SW4063V1416/Components/Library\libTimerServer_JN516x.a
LOAD C:/Users/Makoto/Desktop/MWSTAGE-2022-08_win10-1/MWSTAGE/MWSDK/ChipLib/SW4063V1416/Components/Library\libTOF_JN516x.a
LOAD C:/Users/Makoto/Desktop/MWSTAGE-2022-08_win10-1/MWSTAGE/MWSDK/ChipLib/SW4063V1416/Components/Library\libXcv_JN516x.a
LOAD C:/Users/Makoto/Desktop/MWSTAGE-2022-08_win10-1/MWSTAGE/MWSDK/ChipLib/SW4063V1416/Components/Library\libAes_JN516x.a
LOAD C:/Users/Makoto/Desktop/MWSTAGE-2022-08_win10-1/MWSTAGE/MWSDK/ChipLib/SW4063V1416/Components/Library\libHardwareApi_JN516x.a
LOAD C:/Users/Makoto/Desktop/MWSTAGE-2022-08_win10-1/MWSTAGE/MWSDK/ChipLib/SW4063V1416/Components/Library\libMicroSpecific_JN516x.a
LOAD C:/Users/Makoto/Desktop/MWSTAGE-2022-08_win10-1/MWSTAGE/MWSDK/ChipLib/SW4063V1416/Components/Library\libBoot_JN516x.a
LOAD C:/Users/Makoto/Desktop/MWSTAGE-2022-08_win10-1/MWSTAGE/MWSDK/ChipLib/SW4063V1416/Components/Library\libPDM_EEPROM_JN516x_NO_RTOS.a
LOAD C:/Users/Makoto/Desktop/MWSTAGE-2022-08_win10-1/MWSTAGE/MWSDK/TWENET/current/lib/libTWENET_BLUE.a
LOAD C:/Users/Makoto/Desktop/MWSTAGE-2022-08_win10-1/MWSTAGE/MWSDK/TWENET/current/lib/libTWENEText_BLUE.a
LOAD C:/Users/Makoto/Desktop/MWSTAGE-2022-08_win10-1/MWSTAGE/MWSDK/TWENET/current/lib/libTWENETutils_BLUE.a
LOAD C:/Users/Makoto/Desktop/MWSTAGE-2022-08_win10-1/MWSTAGE/MWSDK/TWENET/current/lib/libTWENETstgs_BLUE.a
LOAD C:/Users/Makoto/Desktop/MWSTAGE-2022-08_win10-1/MWSTAGE/MWSDK/TWENET/current/lib/libmwx_BLUE.a
LOAD C:/Users/Makoto/Desktop/MWSTAGE-2022-08_win10-1/MWSTAGE/MWSDK/TWENET/current/lib/libEASTL_BLUE.a
END GROUP
LOAD c:/users/makoto/desktop/mwstage-2022-08_win10-1/mwstage/tools/ba-elf-ba2-r36379.w10/bin/../lib/gcc/ba-elf/4.7.4/../../../../ba-elf/lib/mcpu_jn51xx_sizeopt\libstdc++.a
LOAD c:/users/makoto/desktop/mwstage-2022-08_win10-1/mwstage/tools/ba-elf-ba2-r36379.w10/bin/../lib/gcc/ba-elf/4.7.4/../../../../ba-elf/lib/mcpu_jn51xx_sizeopt\libm.a
LOAD c:/users/makoto/desktop/mwstage-2022-08_win10-1/mwstage/tools/ba-elf-ba2-r36379.w10/bin/../lib/gcc/ba-elf/4.7.4/../../../../ba-elf/lib/mcpu_jn51xx_sizeopt\libc.a
LOAD c:/users/makoto/desktop/mwstage-2022-08_win10-1/mwstage/tools/ba-elf-ba2-r36379.w10/bin/../lib/gcc/ba-elf/4.7.4/mcpu_jn51xx_sizeopt\libgcc.a
LOAD c:/users/makoto/desktop/mwstage-2022-08_win10-1/mwstage/tools/ba-elf-ba2-r36379.w10/bin/../lib/gcc/ba-elf/4.7.4/../../../../ba-elf/lib/mcpu_jn51xx_sizeopt\libc.a
                0x0000000000000800                _stack_size = 0x800
                0x0000000000080038                _exception_vsr_table = 0x80038
                0x0000000004000000                pSPIflashFncTable = 0x4000000
                0x0000000000000800                _stack_size = 0x800
                0x0000000000000044                restore_state = 0x44
                0x000000000000004a                bZSPIWaitWIPClear = 0x4a
                0x0000000000000050                u16ZSPIflashRDID = 0x50
                0x0000000000000056                u8SelectFlashChipType = 0x56
                0x000000000000005c                memcpy = 0x5c
                0x0000000000000066                vBootFlashProg = 0x66
                [0x0000000000000d16]                _minimum_heap_size = DEFINED (_minimum_heap_size)?_minimum_heap_size:0xd16
                0x0000000000000000                _SwConfig = (DEFINED (g_bSWConf_Debug) | (DEFINED (g_bSWConf_AltDebugPort) << 0x1))

.version        0x000000000007fffc        0x4
                0x000000000007fffc        0x4 LONG 0x4030008

.bir            0x0000000000080000       0x10
                0x0000000000080000                _flash_start = ABSOLUTE (.)
                0x0000000000080000                _flash_beg = ABSOLUTE (.)
                0x0000000000080000        0x4 LONG 0x12345678
                0x0000000000080004        0x4 LONG 0x11223344
                0x0000000000080008        0x4 LONG 0x55667788
                0x000000000008000c        0x1 BYTE 0x8
                0x000000000008000d        0x1 BYTE 0x1
                0x000000000008000e        0x2 SHORT 0x0

.flashheader    0x0000000000080010       0x28
                0x0000000000080010        0x4 LONG 0x0
                0x0000000000080014        0x4 LONG 0x0
                0x0000000000080018        0x4 LONG 0x0
                0x000000000008001c        0x2 SHORT 0x0
                0x000000000008001e        0x2 SHORT 0x0 ABSOLUTE (_SwConfig)
                0x0000000000080020                _enc_start = ABSOLUTE (.)
                0x0000000000080020        0x4 LONG 0xfb6c ABSOLUTE (_image_len)
                0x0000000000080024        0x4 LONG 0x8fb54 ABSOLUTE (_flash_data_start)
                0x0000000000080028        0x2 SHORT 0x13 ((ABSOLUTE (_ram_data_start) / 0x4) & 0xffff)
                0x000000000008002a        0x2 SHORT 0x6 ((ABSOLUTE (_ram_data_len) / 0x4) & 0xffff)
                0x000000000008002c        0x2 SHORT 0x19 ((ABSOLUTE (_bss_start) / 0x4) & 0xffff)
                0x000000000008002e        0x2 SHORT 0x575 ((ABSOLUTE (_bss_len) / 0x4) & 0xffff)
                0x0000000000080030        0x4 LONG 0x86544 ABSOLUTE (AppWarmStart)
                0x0000000000080034        0x4 LONG 0x87b5b ABSOLUTE (AppColdStart)
                0x0000000000000000                _enc_offset = (_enc_start & 0xf)
                0x0000000000000044                PROVIDE (vException_BusError, restore_state)
                0x0000000000000044                PROVIDE (vException_UnalignedAccess, restore_state)
                0x0000000000000044                PROVIDE (vException_IllegalInstruction, restore_state)
                0x0000000000000044                PROVIDE (vException_SysCall, restore_state)
                0x0000000000000044                PROVIDE (vException_Trap, restore_state)
                0x0000000000000044                PROVIDE (vException_StackOverflow, restore_state)
                0x0000000000080038                . = ABSOLUTE (_exception_vsr_table)

.vsr_table      0x0000000000080038       0x18
                0x0000000000080038        0x4 LONG 0x44 ABSOLUTE (vException_BusError)
                0x000000000008003c        0x4 LONG 0x44 ABSOLUTE (vException_UnalignedAccess)
                0x0000000000080040        0x4 LONG 0x44 ABSOLUTE (vException_IllegalInstruction)
                0x0000000000080044        0x4 LONG 0x44 ABSOLUTE (vException_SysCall)
                0x0000000000080048        0x4 LONG 0x44 ABSOLUTE (vException_Trap)
                0x000000000008004c        0x4 LONG 0x44 ABSOLUTE (vException_StackOverflow)

.vsr_handlers   0x0000000000080050       0xaa
 *(.vsr_handlers)
 .vsr_handlers  0x0000000000080050       0xaa C:/Users/Makoto/Desktop/MWSTAGE-2022-08_win10-1/MWSTAGE/MWSDK/ChipLib/SW4063V1416/Components/Library\libBoot_JN516x.a(ExceptionHandler.o)
                0x0000000000080050                _exception_external_interrupt
                0x00000000000800f8                _default_vsr_dummy

.rodata         0x0000000000080100      0x64e
 *(.rodata*)
 .rodata.str1.1
                0x0000000000080100       0x11 C:\Users\Makoto\AppData\Local\Temp\cc1thbkh.ltrans0.ltrans.o
 .rodata        0x0000000000080111        0x5 C:\Users\Makoto\AppData\Local\Temp\cc1thbkh.ltrans0.ltrans.o
 .rodata        0x0000000000080116       0x9a C:\Users\Makoto\AppData\Local\Temp\cc1thbkh.ltrans1.ltrans.o
 .rodata        0x00000000000801b0       0xd4 C:\Users\Makoto\AppData\Local\Temp\cc1thbkh.ltrans2.ltrans.o
                0x00000000000801b0                s_aprScanHandleEvt.14969
                0x00000000000801e0                apvActionCalls
                0x0000000000080268                aprLPBMacVectorRamTable
                0x000000000008027c                psTamMacContext
                0x0000000000080280                psTAMcontext
 .rodata.str1.1
                0x0000000000080284       0x12 C:\Users\Makoto\AppData\Local\Temp\cc1thbkh.ltrans3.ltrans.o
 *fill*         0x0000000000080296        0x2 00
 .rodata        0x0000000000080298       0x50 C:\Users\Makoto\AppData\Local\Temp\cc1thbkh.ltrans3.ltrans.o
 .rodata.str1.1
                0x00000000000802e8        0xe C:\Users\Makoto\AppData\Local\Temp\cc1thbkh.ltrans4.ltrans.o
 .rodata        0x00000000000802f6       0x16 C:\Users\Makoto\AppData\Local\Temp\cc1thbkh.ltrans4.ltrans.o
                0x00000000000802f6                gbHighPowerMode
                0x00000000000802f7                gu8ModuleID
 .rodata        0x000000000008030c        0xc C:\Users\Makoto\AppData\Local\Temp\cc1thbkh.ltrans5.ltrans.o
                0x000000000008030c                au32UartAddrOffset
 .rodata.str1.1
                0x0000000000080318       0x88 C:\Users\Makoto\AppData\Local\Temp\cc1thbkh.ltrans6.ltrans.o
 .rodata.str1.1
                0x00000000000803a0        0xd C:\Users\Makoto\AppData\Local\Temp\cc1thbkh.ltrans7.ltrans.o
 .rodata        0x00000000000803ad       0x14 C:\Users\Makoto\AppData\Local\Temp\cc1thbkh.ltrans7.ltrans.o
 .rodata        0x00000000000803c1        0x6 C:\Users\Makoto\AppData\Local\Temp\cc1thbkh.ltrans8.ltrans.o
                0x00000000000803c1                aeXcvPhyEvtToScanEvt.5394.14972
 .rodata.str1.1
                0x00000000000803c7       0x11 C:\Users\Makoto\AppData\Local\Temp\cc1thbkh.ltrans9.ltrans.o
                                         0x22 (size before relaxing)
 .rodata        0x00000000000803d8       0x38 C:\Users\Makoto\AppData\Local\Temp\cc1thbkh.ltrans9.ltrans.o
                0x00000000000803d8                asStateFuncTbl.26456
 .rodata.str1.1
                0x0000000000080410       0x11 C:\Users\Makoto\AppData\Local\Temp\cc1thbkh.ltrans10.ltrans.o
 *fill*         0x0000000000080421        0x3 00
 .rodata        0x0000000000080424       0x7c C:\Users\Makoto\AppData\Local\Temp\cc1thbkh.ltrans10.ltrans.o
                0x0000000000080458                u32MacLow_TOCOS
                0x000000000008045c                u32MacHigh_TOCOS
 .rodata        0x00000000000804a0      0x148 C:\Users\Makoto\AppData\Local\Temp\cc1thbkh.ltrans11.ltrans.o
 .rodata        0x00000000000805e8        0x4 C:\Users\Makoto\AppData\Local\Temp\cc1thbkh.ltrans12.ltrans.o
 .rodata        0x00000000000805ec       0x2c C:\Users\Makoto\AppData\Local\Temp\cc1thbkh.ltrans13.ltrans.o
                0x00000000000805ec                CSWTCH.35.25308.25308
 .rodata        0x0000000000080618        0xa C:\Users\Makoto\AppData\Local\Temp\cc1thbkh.ltrans14.ltrans.o
 *fill*         0x0000000000080622        0x2 00
 .rodata        0x0000000000080624       0x1c C:\Users\Makoto\AppData\Local\Temp\cc1thbkh.ltrans15.ltrans.o
                0x0000000000080624                psTamXcvContext
 .rodata.str1.1
                0x0000000000080640       0xe2 C:\Users\Makoto\AppData\Local\Temp\cc1thbkh.ltrans16.ltrans.o
                                         0xe4 (size before relaxing)
 *fill*         0x0000000000080722        0x2 00
 .rodata        0x0000000000080724       0x14 C:\Users\Makoto\AppData\Local\Temp\cc1thbkh.ltrans17.ltrans.o
                0x0000000000080724                au32TimerBaseAddress
 .rodata.str1.1
                0x0000000000080738       0x16 C:\Users\Makoto\AppData\Local\Temp\cc1thbkh.ltrans20.ltrans.o

.text           0x0000000000080750     0xf403
 *(.text*)
 .text          0x0000000000080750      0xb03 C:\Users\Makoto\AppData\Local\Temp\cc1thbkh.ltrans0.ltrans.o
                0x0000000000080750                ToCoNet_vMain
 .text          0x0000000000081253      0xcf7 C:\Users\Makoto\AppData\Local\Temp\cc1thbkh.ltrans1.ltrans.o
                0x0000000000081253                vTTIBLETimerExpired
                0x000000000008125e                vACI_CmdWaitBusy
                0x000000000008126b                vEcbEncodeStripe.24533
                0x00000000000812c2                vTAIdisableInterrupt
                0x00000000000812db                vUpdateRegisters.24223
                0x0000000000081322                psRemove.part.0.24173
                0x0000000000081351                vMAC_MISCpollConfirm
                0x0000000000081382                MAC_u8AclFindInfo
                0x00000000000814ac                vTASretrieveSecurity
                0x00000000000814ce                MAC_bLookUpKeyDescriptor.21725
                0x0000000000081548                u8TSCframeIncrease
                0x0000000000081581                vCopyToDataFromMacAddr.21635
                0x00000000000815b4                bTSCgetOutgoingInfo
                0x00000000000816bd                psTAQsearchFifo
                0x0000000000081706                bTAQremoveFromFifo
                0x0000000000081743                vTAMinsertEvent
                0x00000000000817a9                vTTITimer2Expired
                0x00000000000817ad                vTTITimer1Expired
                0x00000000000817b1                vTAM_TxRetryTimeout
                0x00000000000817b5                vTACsetTxFrameDefaults
                0x00000000000817db                u8TACgetHeaderSize
                0x0000000000081818                bUpdateTime.19953
                0x0000000000081853                u32TACpayloadToU32M
                0x0000000000081874                vTACu32ToPayloadM
                0x000000000008188c                vTACbuildBeacon
                0x0000000000081a94                bTACframeInProgress
                0x0000000000081abe                bTACassessBeaconForPayload
                0x0000000000081b0f                bIsBbcSafeForTx
                0x0000000000081b44                vTATwriteAclMaterialToHardware
                0x0000000000081b69                vTATsetBLE
                0x0000000000081ba0                vTATgetFramePayload
                0x0000000000081bbd                eTATreadTXstatus
                0x0000000000081c03                vTAHsetPhyStateDirect.part.0.19094
                0x0000000000081c1f                vDoGoOff.20915
                0x0000000000081c39                vMLMErxEnableConfirm
                0x0000000000081c6c                vMLMEcommStatus
                0x0000000000081cd0                vMLMEcommStatusFromFrame
                0x0000000000081d14                vTSCpostTransmitUpdate
                0x0000000000081d43                vMLMEsyncLoss
                0x0000000000081d77                vMEMreturn
                0x0000000000081de8                vTACinformOriginator
                0x0000000000081e0a                vTTITransactionTimerExpired
                0x0000000000081e32                pvMEMget
                0x0000000000081e5e                vTAMDEdetermineNullState
                0x0000000000081e78                vTAMCOupdatePendingList
 *fill*         0x0000000000081f4a        0x2 00
 .text          0x0000000000081f4c      0xbac C:\Users\Makoto\AppData\Local\Temp\cc1thbkh.ltrans2.ltrans.o
                0x0000000000081f4c                eWBRTTxDone.14626
                0x0000000000081f6a                vTAMCOframeTXgoingIdle
                0x0000000000081f83                vTAMCOframeTXcap
                0x0000000000081fa9                eWCoRRxDone.14617
                0x0000000000082053                eWBcnRxDone.14629
                0x000000000008263e                vTAMCOframeRXcap
                0x0000000000082651                vTAMCOframeRXgoingIdle
                0x0000000000082667                vTAMCOframeRXnobeacon
                0x000000000008267a                vTAMDEframeRX
                0x00000000000826a3                vTAMDEframeRXtrackingDR
                0x00000000000826e7                vTAMDEframePreSyncReq
                0x0000000000082700                vTAMCOframeTXbeacon
                0x00000000000827c8                vTAMDEframeRXsyncReq
                0x0000000000082a18                vTAMDEint1FiredTrackingCAPgts
                0x0000000000082ac9                eWONTTxDone.14623
 .text          0x0000000000082af8     0x115d C:\Users\Makoto\AppData\Local\Temp\cc1thbkh.ltrans3.ltrans.o
                0x0000000000083596                vExpireHead.24178
                0x00000000000835c6                _vsnprintf.constprop.327
                0x0000000000083bd9                MWX_DebugMsg
                0x0000000000083c1a                QUEUE__u8RemoveItem.part.1.5044
 .text.unlikely
                0x0000000000083c55       0x28 C:\Users\Makoto\AppData\Local\Temp\cc1thbkh.ltrans3.ltrans.o
                0x0000000000083c55                fctprintf.constprop.304
 *fill*         0x0000000000083c7d        0x3 00
 .text          0x0000000000083c80      0x958 C:\Users\Makoto\AppData\Local\Temp\cc1thbkh.ltrans4.ltrans.o
                0x0000000000083c80                SerCmdAscii_Output.5797
                0x0000000000083d5a                vAppQApiPostHwIntT.3526
                0x0000000000083e2d                vRxChar.4867
                0x0000000000083e7e                vXCV_IntHandlerPhy
                0x0000000000083f30                vScanHandleTimer.14226
                0x0000000000083f35                vTAMRXEint2Fired
                0x0000000000083f6b                vTimerConfig
                0x00000000000840fb                MWX_Panic
                0x000000000008415f                _ZN3mwx2L114periph_twowireC1Eh.local.76
                0x000000000008419c                cbAppColdStart.part.32.7362
                0x0000000000084386                SERIAL_i16RxChar
                0x00000000000843e9                TWETERM_iGetC.26798
                0x000000000008440b                _ZN3mwx2L110serial_jen13_set_baudrateEt.isra.2.6702
                0x00000000000844bc                u8TAM_AES_WriteAuxilliarySecurityHeaderIntoBuffer
                0x000000000008452e                phy_ePibSet.part.1.16436
                0x0000000000084576                u32AHI_ReadIndexSectorBits.constprop.218
 .text          0x00000000000845d8      0xacd C:\Users\Makoto\AppData\Local\Temp\cc1thbkh.ltrans5.ltrans.o
                0x0000000000084623                SERIAL_bTxChar
                0x00000000000846d4                TWETERM_vFlush.26767
                0x0000000000084752                vTACintRXheader
                0x0000000000084f4d                eGenRxHdrDone.14620
                0x0000000000084f5d                vHnd_E_STATE_FINISH_TX_FAIL.26401
                0x0000000000085013                vHnd_E_STATE_FINISH_TX_SUCCESS.26406
 .text          0x00000000000850a5      0x5c7 C:\Users\Makoto\AppData\Local\Temp\cc1thbkh.ltrans6.ltrans.o
                0x00000000000850a5                _ZN3mwx2L112appdefs_crtpINS0_9NwkSimpleEE18_cbTweNet_vRxEventEPvRNS0_9packet_rxE.local.195
                0x00000000000855f3                TWETERM_iPutS.26790
                0x0000000000085618                TWETERM_iPutC.26794
                0x0000000000085629                vAppApiDefMlmeRequest
                0x0000000000085654                pvAppApiDefGetMacHandle
                0x000000000008565d                _ZN3mwx2L110serial_jen5writeEi.local.146
 *fill*         0x000000000008566c        0x0 00
 .text.unlikely
                0x000000000008566c      0x310 C:\Users\Makoto\AppData\Local\Temp\cc1thbkh.ltrans6.ltrans.o
                0x0000000000085689                vProcessIncomingHwEvent.2796
 .text          0x000000000008597c      0xae5 C:\Users\Makoto\AppData\Local\Temp\cc1thbkh.ltrans7.ltrans.o
                0x000000000008597c                UART_vHandleUartInterrupt.4969
                0x0000000000085a03                bAES_CCM_EncodeKey
                0x0000000000085ab0                _ZN3mwx2L114processev_crtpINS0_9NwkSimpleEE14vProcessEvCoreEP8_tsEvent7teEventm.local.197
                0x0000000000085b63                vXCV_IntHandlerBbc
                0x0000000000085c06                vTAIsetRxEnableTime
                0x0000000000085c27                vDoGoActive.20917
                0x0000000000085c49                vTAIsetCapTime
                0x0000000000085c6a                _ZN3mwx2L115periph_analogue5setupEbhPFvvE.local.124.constprop.230
                0x0000000000085d04                vMLMEbeaconNotify
                0x0000000000085e62                vTAMRXEsetPhy
                0x0000000000085f25                vTAHsetPhyState
                0x0000000000085f55                vTAMCOint2Fired
                0x0000000000085f75                vSetPHYfromMacValue.17751
                0x0000000000085fa7                vTAMDEint1FiredWaitDR
                0x0000000000085fb4                vTACsetPHYfromMacValue
                0x0000000000085fd5                vTAMRXEsetReceiveForPibChange
                0x0000000000086015                bAHI_ReadMACID
                0x000000000008605b                vMCPSframeReceived
                0x000000000008611e                ToCoNet_vInit
 .text.unlikely
                0x0000000000086461        0xf C:\Users\Makoto\AppData\Local\Temp\cc1thbkh.ltrans7.ltrans.o
                0x0000000000086461                u32AppQApiInitInt_PATCH
 *fill*         0x0000000000086470        0x0 00
 .text          0x0000000000086470      0xa8c C:\Users\Makoto\AppData\Local\Temp\cc1thbkh.ltrans8.ltrans.o
                0x0000000000086470                vPostDcfm.14613
                0x0000000000086544                AppWarmStart
                0x000000000008661f                vSetNextChannel.14661
                0x0000000000086678                MAC_vHandleMlmeReqRsp
                0x0000000000086e29                vTAMDEint1FiredTracking
                0x0000000000086e98                vTAMDEint1FiredSyncReq
 .text          0x0000000000086efc      0xc5f C:\Users\Makoto\AppData\Local\Temp\cc1thbkh.ltrans9.ltrans.o
                0x0000000000086efc                TSV_eStart
                0x0000000000086fe0                eTAStransmitRequest
                0x000000000008737b                TSV_eOpen
                0x0000000000087383                vAppApiDefRestoreMacSettings
                0x0000000000087454                vAppApiDefSaveMacSettings
                0x00000000000874b1                mac_vLPBSleep
                0x0000000000087584                pvAppApiDefGetMacAddrLocation
                0x000000000008758d                eAppApiDefPlmeGet
                0x00000000000875df                eAppApiDefPlmeSet
                0x0000000000087638                vAppApiDefMcpsRequest
                0x0000000000087663                vHnd_E_STATE_PREPARE_TX.26411
 .text          0x0000000000087b5b      0x53c C:\Users\Makoto\AppData\Local\Temp\cc1thbkh.ltrans10.ltrans.o
                0x0000000000087b5b                AppColdStart
 .text.unlikely
                0x0000000000088097      0x440 C:\Users\Makoto\AppData\Local\Temp\cc1thbkh.ltrans10.ltrans.o
                0x0000000000088097                ToCoNet_vStart
 *fill*         0x00000000000884d7        0x1 00
 .text          0x00000000000884d8      0x96c C:\Users\Makoto\AppData\Local\Temp\cc1thbkh.ltrans11.ltrans.o
                0x00000000000884d8                mac_vLPBAdjustBeaconOffset
                0x0000000000088535                mac_u32LPBGetBeaconTimeout
                0x000000000008853e                eWEnDTmrExpiry.14610
                0x0000000000088549                eWEnDEdDone.14607
                0x00000000000885a4                eGenlDontCare.14604
                0x00000000000885a9                eGenlIllegal.14229
                0x00000000000885b0                u32GetTimer0
                0x00000000000885b7                vSetTimer0
                0x00000000000885c6                _ZN3mwx2L112appdefs_crtpINS0_9NwkSimpleEE18_cbTweNet_vHwEventEPvmm.local.194
                0x00000000000885c9                _ZN3mwx2L112appdefs_crtpINS0_9NwkSimpleEE17_cbTweNet_u8HwIntEPvmm.local.193
                0x00000000000885ce                _out_fct.5947
                0x00000000000885e0                _out_null.5953
                0x00000000000885e3                SerCmdBinary_Output.5863
                0x000000000008864c                SerCmdBinary_u8Parse.5816
                0x0000000000088754                SerCmdAscii_u8Parse.5748
                0x00000000000888bd                vOutputStream.5729
                0x00000000000888c9                _ZN3mwx2L110serial_jen7vOutputEcPv.local.192
                0x00000000000888f0                vHandlerPatch.4842
                0x0000000000088927                _ZN3mwx2L112appdefs_crtpINS0_9NwkSimpleEE18_cbTweNet_vTxEventEPvRNS0_12packet_ev_txE.local.191
                0x0000000000088941                _ZN3mwx2L112appdefs_crtpINS0_9NwkSimpleEE19_cbTweNet_vNwkEventEPvRNS0_13packet_ev_nwkE.local.198
                0x000000000008894a                _ZN3mwx2L112appdefs_crtpINS0_9NwkSimpleEE15_cbTweNet_vMainEPv.local.199
                0x000000000008894d                vTAMCOsetCoordinator
                0x0000000000088973                vPhySetChannel
                0x000000000008898c                eScanHandleEvt.part.0.14640
                0x00000000000889b5                mac_eDcfmIndPost
                0x00000000000889d6                mac_psDcfmIndGetBuf
                0x00000000000889f7                vPMICpostFailedAssocDcfm
                0x0000000000088a2f                vPMICassocReqTO_2.13057
                0x0000000000088a46                MAC_vPibSetPanId
                0x0000000000088a61                vHandleTofRequest.11163
                0x0000000000088a64                vAppApiDefSetPrbsSeed
                0x0000000000088a88                mwx::L1::duplciate_checker::_node_ele_init(mwx::L1::duplciate_checker::_node_ele*)
                0x0000000000088aa6                _ZN3mwx2L113serial_parserINS0_10alloc_heapIhEEEC1Ev.local.52
                0x0000000000088ac8                _ZN3mwx2L16twenetC1Ev.local.58
                0x0000000000088b5f                _ZN3mwx2L110serial_jenC1Eh.local.107
                0x0000000000088b8f                _ZN3mwx2L115periph_analogueC1Ev.local.125
                0x0000000000088bba                _ZN3mwx2L112appdefs_virt8on_eventEmRm.local.134
                0x0000000000088bd2                _ZN3mwx2L112appdefs_virt18cbToCoNet_vHwEventEmm.local.136
                0x0000000000088bea                _ZN3mwx2L112appdefs_virt18cbToCoNet_vTxEventERNS0_12packet_ev_txE.local.137
                0x0000000000088c02                _ZN3mwx2L112appdefs_virt19cbToCoNet_vNwkEventERNS0_13packet_ev_nwkE.local.139
                0x0000000000088c1a                u8CCITT8
                0x0000000000088c40                bAES_CCM_KeyReg
                0x0000000000088c7f                bFifoPush.3547
                0x0000000000088cb8                vAppQApiPostMlme.3533
                0x0000000000088cd7                vAppQApiPostMcps.3540
                0x0000000000088cf2                pvFifoPull.3544
                0x0000000000088d19                psAppQApiGetMlmeBuffer.3530
                0x0000000000088d21                psAppQApiGetMcpsBuffer.3537
                0x0000000000088d29                PRSEV_vSetState
                0x0000000000088d39                PRSEV_vProcessEv_core.2417
                0x0000000000088ddb                PRSEV_vProcessEvPost
                0x0000000000088e0d                _PRSEV_vProcessEvSingle
                0x0000000000088e1a                ToCoNet_vMacStart
                0x0000000000088e27                _ZN3mwx2L18_smplbufIhNS0_12alloc_attachIhEEE9push_backEOh.local.156
 .text.unlikely
                0x0000000000088e44       0x65 C:\Users\Makoto\AppData\Local\Temp\cc1thbkh.ltrans11.ltrans.o
                0x0000000000088e44                _ZN3mwx2L112appdefs_virt18cbToCoNet_vRxEventERNS0_9packet_rxE.local.138
                0x0000000000088e5c                PRSEV_u8Register
                0x0000000000088e9a                _PRSEV_vProcessEvSingleH
 .text          0x0000000000088ea9      0xa4c C:\Users\Makoto\AppData\Local\Temp\cc1thbkh.ltrans12.ltrans.o
                0x0000000000088ea9                mac_vLPBStartTimer
                0x00000000000891d4                vTimerCallback.24960
                0x000000000008924a                vPollClkSource.24968.constprop.243
                0x000000000008925f                pvHeap_Alloc
                0x0000000000089261                operator new(unsigned long)
                0x0000000000089284                u32AHI_Init
                0x0000000000089346                vMicroIntRestoreState
                0x0000000000089352                vAHI_TickTimerIntEnable
                0x00000000000893ad                vAHI_TickTimerConfigure
                0x00000000000893c8                u8AHI_WakeTimerFiredStatus
                0x00000000000893dc                vAHI_WakeTimerStop.part.3.25640
                0x00000000000893fc                mac_vLPBStopTimer
                0x0000000000089406                vAHI_UartSetClocksPerBit.part.18.25436
                0x000000000008942d                vAHI_UartSetRTSCTS.part.15.25421
                0x0000000000089454                vAHI_UartReset.part.4.25394
                0x000000000008948c                vAHI_UartSetControl.part.2.25378
                0x00000000000894dd                vAHI_UartSetBaudDivisor.part.1.25374
                0x000000000008951c                vAHI_TimerStop.part.7.25204
                0x000000000008953a                vAHI_TimerDisable.part.2.25183
                0x000000000008955d                vAHI_WatchdogStop
                0x0000000000089574                vAHI_CpuDoze
                0x0000000000089587                _ZN3mwx2L120periph_pulse_counter10_on_wakeupEv.part.18.6736
                0x00000000000895fd                vAHI_DioSetDirection
                0x0000000000089611                vACI_OptimisedCcmStar
                0x0000000000089829                bAES_CCMstar
 .text.unlikely
                0x00000000000898f5       0x11 C:\Users\Makoto\AppData\Local\Temp\cc1thbkh.ltrans12.ltrans.o
                0x00000000000898f5                vStartXtal32kExternalRc.24974
 .text          0x0000000000089906      0x8e0 C:\Users\Makoto\AppData\Local\Temp\cc1thbkh.ltrans13.ltrans.o
                0x0000000000089906                vProcessEvCoreTx.26393
                0x000000000008998b                vMicroIntEnableOnly.constprop.322
                0x00000000000899b7                QUEUE__vAddItem.constprop.314
                0x00000000000899e9                _ToCoNet_bRfChChannel
                0x0000000000089a7e                ToCoNet_ChMgr_bCh_Reconfig
                0x0000000000089ae6                ToCoNet_ChMgr_vCh_TxFin
                0x0000000000089b12                vHnd_E_STATE_WAIT_TX.26424
                0x0000000000089b82                vHnd_E_STATE_IDLE.26416
                0x0000000000089be6                vAHI_ProtocolPower.constprop.321
                0x0000000000089bf4                XCV_vCtor.constprop.319
                0x0000000000089d59                vAHI_TimerEnable.part.1.25175.constprop.291
                0x0000000000089dc4                vTimerStart
                0x0000000000089ebe                _ZN3mwx2L16twenet5beginEv.local.112.constprop.270
                0x0000000000089f03                _ZN3mwx2L115periph_analogue10_adc_startEv.local.43.constprop.261
                0x0000000000089fec                mwx::L1::periph_analogue::ADC_handler(unsigned long, unsigned long)
                0x000000000008a033                u8HwEventHandler.2627
                0x000000000008a0db                bAHI_SetClockRate
 .text.unlikely
                0x000000000008a1e6      0x24a C:\Users\Makoto\AppData\Local\Temp\cc1thbkh.ltrans13.ltrans.o
                0x000000000008a1e6                _ZN3mwx2L110twenet_mac8transmitERNS0_9packet_txE.local.32.constprop.313
                0x000000000008a3eb                vAHI_MemoryHold.25074
 .text          0x000000000008a430      0xae4 C:\Users\Makoto\AppData\Local\Temp\cc1thbkh.ltrans14.ltrans.o
                0x000000000008a430                cbToCoNet_vTxEvent
                0x000000000008a573                bTAM_AES_CCMstarPatch
                0x000000000008a6b7                bTAM_AES_CCMstarPatch2006
                0x000000000008a996                bTATsendFrame
                0x000000000008a9e9                vTrySendFromDirectCAP.17208
                0x000000000008aa04                vTrySendFromDirectNoBeacon.17212
                0x000000000008aa2f                vTAMCOint1Fired
                0x000000000008ab4b                vTAMCOstartBeacon
                0x000000000008ab86                vStartStoreValues.17276
                0x000000000008ac3d                bStartCallback.17305
                0x000000000008ac6c                vTAMCOint1FiredCAP
                0x000000000008acdf                vTAMCOreqTXnoBeacon
                0x000000000008acf1                vTAMCOreqTXinCAP
                0x000000000008ad17                vTrySendUnslotted.17753
                0x000000000008ad31                bSendDataRequest.17755
                0x000000000008ae43                bProcessBeaconRX.17758
 *fill*         0x000000000008af14        0x0 00
 .text          0x000000000008af14      0xa10 C:\Users\Makoto\AppData\Local\Temp\cc1thbkh.ltrans15.ltrans.o
                0x000000000008af14                vPMICassocReqTO_1.13050
                0x000000000008af9c                vTAM_MCPSdataRequest
                0x000000000008afdf                bTACcheckPANconflict
                0x000000000008b098                vTAMDEstartSync
                0x000000000008b117                eTAMselect
                0x000000000008b258                MAC_pvCtor
                0x000000000008b673                u32AppApiDefInit
                0x000000000008b728                vDeterminePowerState.17875
                0x000000000008b7ac                vTAMDEint1FiredTrackingBeacon
                0x000000000008b84c                vTAMDEint2FiredTrackingDR
                0x000000000008b871                vTAMDEframeTXtrackingDR
                0x000000000008b8ca                vTAMDEint2FiredPollActive
                0x000000000008b8fe                vTAMDEreqTXnullTrackingCAP
                0x000000000008b917                vTAM_TxRetryTimer
 .text          0x000000000008b924      0x456 C:\Users\Makoto\AppData\Local\Temp\cc1thbkh.ltrans16.ltrans.o
                0x000000000008b924                _ToCoNet_vMacInit
                0x000000000008b98a                _ToCoNet_vRfConfig
                0x000000000008bacb                mwx::L1::NwkSimple::on_create(unsigned long&)
                0x000000000008bc87                setup()
 .text.unlikely
                0x000000000008bd7a      0x261 C:\Users\Makoto\AppData\Local\Temp\cc1thbkh.ltrans16.ltrans.o
                0x000000000008bd7a                vTransmit(unsigned char, unsigned short, unsigned short)
 .text          0x000000000008bfdb      0x57a C:\Users\Makoto\AppData\Local\Temp\cc1thbkh.ltrans17.ltrans.o
                0x000000000008bfdb                vHnd_E_STATE_RUNNING.26432
                0x000000000008c225                SERIAL_vTxReady
                0x000000000008c286                _ZN3mwx2L110serial_jen6_beginEv.part.25.6755
                0x000000000008c50b                _ZN3mwx2L112periph_timer6_startEv.part.8.6718
                0x000000000008c532                _ZN3mwx2L112periph_timer10_on_wakeupEv.local.131
 .text.unlikely
                0x000000000008c555      0x17d C:\Users\Makoto\AppData\Local\Temp\cc1thbkh.ltrans17.ltrans.o
                0x000000000008c5c5                bStartXtal32k.24984
 .text          0x000000000008c6d2      0x5e4 C:\Users\Makoto\AppData\Local\Temp\cc1thbkh.ltrans18.ltrans.o
                0x000000000008c74c                bAES_CCM_DecodeKey
                0x000000000008c808                u8Write802_15_4HeaderIntoBuffer.22924
                0x000000000008c968                cbAppWarmStart.part.28.7141
                0x000000000008cbbc                _MWX_periph_init()
 *fill*         0x000000000008ccb6        0x2 00
 .text          0x000000000008ccb8      0x780 C:\Users\Makoto\AppData\Local\Temp\cc1thbkh.ltrans19.ltrans.o
                0x000000000008ccb8                eGenTmrExpiry.14922
                0x000000000008ccfa                eWEDTEdDone.14925
                0x000000000008cd1e                TSV_eStop
                0x000000000008cddd                bPMICdisassocReqSent.13046
                0x000000000008ce97                MAC_vHandleMcpsReqRsp
                0x000000000008cf24                bMCPSframeTXcomplete.15657
                0x000000000008cf79                bSendSyncLoss.19888
                0x000000000008cf91                bPollReqSent.23484
                0x000000000008cfa9                bTASsendCommStatusInd
                0x000000000008cfbe                bAssocRespSent.13042
                0x000000000008cfd1                eTACprocessFrameTXcomplete
                0x000000000008d14d                vTAMCOframeTXnobeacon
                0x000000000008d162                vTAMCOframeStarting
                0x000000000008d17b                vTAMDEframeTXDEnull
                0x000000000008d19e                vTAMDEframeTXtrackingCAPgts
                0x000000000008d1ca                bPMICassocReqSent.13038
                0x000000000008d24c                bPMICassocReqPollSent.13053
                0x000000000008d2a0                eWChCChanChgd.14637
 .text          0x000000000008d438      0x157 C:\Users\Makoto\AppData\Local\Temp\cc1thbkh.ltrans20.ltrans.o
                0x000000000008d438                _ZN3mwx2L112appdefs_crtpINS0_9NwkSimpleEE9_on_eventEPvmRm.local.196
                0x000000000008d528                vProcessEvCoreMac
 .text          0x000000000008d58f       0x25 c:/users/makoto/desktop/mwstage-2022-08_win10-1/mwstage/tools/ba-elf-ba2-r36379.w10/bin/../lib/gcc/ba-elf/4.7.4/../../../../ba-elf/lib/mcpu_jn51xx_sizeopt\libc.a(lib_a-memcmp.o)
                0x000000000008d58f                memcmp
 .text          0x000000000008d5b4       0x19 c:/users/makoto/desktop/mwstage-2022-08_win10-1/mwstage/tools/ba-elf-ba2-r36379.w10/bin/../lib/gcc/ba-elf/4.7.4/../../../../ba-elf/lib/mcpu_jn51xx_sizeopt\libc.a(lib_a-memcpy.o)
 *fill*         0x000000000008d5cd        0x3 00
 .text          0x000000000008d5d0      0x204 c:/users/makoto/desktop/mwstage-2022-08_win10-1/mwstage/tools/ba-elf-ba2-r36379.w10/bin/../lib/gcc/ba-elf/4.7.4/mcpu_jn51xx_sizeopt\libgcc.a(__udivsi3.o)
                0x000000000008d5d0                __udivsi3
 .text          0x000000000008d7d4       0x30 c:/users/makoto/desktop/mwstage-2022-08_win10-1/mwstage/tools/ba-elf-ba2-r36379.w10/bin/../lib/gcc/ba-elf/4.7.4/mcpu_jn51xx_sizeopt\libgcc.a(__divsi3.o)
                0x000000000008d7d4                __divsi3
 .text          0x000000000008d804      0x1b0 c:/users/makoto/desktop/mwstage-2022-08_win10-1/mwstage/tools/ba-elf-ba2-r36379.w10/bin/../lib/gcc/ba-elf/4.7.4/mcpu_jn51xx_sizeopt\libgcc.a(__umodsi3.o)
                0x000000000008d804                __umodsi3
 .text          0x000000000008d9b4       0x24 c:/users/makoto/desktop/mwstage-2022-08_win10-1/mwstage/tools/ba-elf-ba2-r36379.w10/bin/../lib/gcc/ba-elf/4.7.4/mcpu_jn51xx_sizeopt\libgcc.a(__modsi3.o)
                0x000000000008d9b4                __modsi3
 .text          0x000000000008d9d8       0x39 c:/users/makoto/desktop/mwstage-2022-08_win10-1/mwstage/tools/ba-elf-ba2-r36379.w10/bin/../lib/gcc/ba-elf/4.7.4/mcpu_jn51xx_sizeopt\libgcc.a(_fixunsdfsi.o)
                0x000000000008d9d8                __fixunsdfsi
 .text          0x000000000008da11      0x350 c:/users/makoto/desktop/mwstage-2022-08_win10-1/mwstage/tools/ba-elf-ba2-r36379.w10/bin/../lib/gcc/ba-elf/4.7.4/mcpu_jn51xx_sizeopt\libgcc.a(_udivdi3.o)
                0x000000000008da11                __udivdi3
 .text          0x000000000008dd61      0x312 c:/users/makoto/desktop/mwstage-2022-08_win10-1/mwstage/tools/ba-elf-ba2-r36379.w10/bin/../lib/gcc/ba-elf/4.7.4/mcpu_jn51xx_sizeopt\libgcc.a(_umoddi3.o)
                0x000000000008dd61                __umoddi3
 .text          0x000000000008e073      0x682 c:/users/makoto/desktop/mwstage-2022-08_win10-1/mwstage/tools/ba-elf-ba2-r36379.w10/bin/../lib/gcc/ba-elf/4.7.4/mcpu_jn51xx_sizeopt\libgcc.a(adddf3.o)
                0x000000000008e073                __adddf3
 *fill*         0x000000000008e6f5        0x3 00
 .text          0x000000000008e6f8      0x5c8 c:/users/makoto/desktop/mwstage-2022-08_win10-1/mwstage/tools/ba-elf-ba2-r36379.w10/bin/../lib/gcc/ba-elf/4.7.4/mcpu_jn51xx_sizeopt\libgcc.a(divdf3.o)
                0x000000000008e6f8                __divdf3
 .text          0x000000000008ecc0       0x7f c:/users/makoto/desktop/mwstage-2022-08_win10-1/mwstage/tools/ba-elf-ba2-r36379.w10/bin/../lib/gcc/ba-elf/4.7.4/mcpu_jn51xx_sizeopt\libgcc.a(eqdf2.o)
                0x000000000008ecc0                __nedf2
                0x000000000008ecc0                __eqdf2
 .text          0x000000000008ed3f       0xca c:/users/makoto/desktop/mwstage-2022-08_win10-1/mwstage/tools/ba-elf-ba2-r36379.w10/bin/../lib/gcc/ba-elf/4.7.4/mcpu_jn51xx_sizeopt\libgcc.a(gedf2.o)
                0x000000000008ed3f                __gedf2
                0x000000000008ed3f                __gtdf2
 .text          0x000000000008ee09       0xcb c:/users/makoto/desktop/mwstage-2022-08_win10-1/mwstage/tools/ba-elf-ba2-r36379.w10/bin/../lib/gcc/ba-elf/4.7.4/mcpu_jn51xx_sizeopt\libgcc.a(ledf2.o)
                0x000000000008ee09                __ledf2
                0x000000000008ee09                __ltdf2
 .text          0x000000000008eed4      0x488 c:/users/makoto/desktop/mwstage-2022-08_win10-1/mwstage/tools/ba-elf-ba2-r36379.w10/bin/../lib/gcc/ba-elf/4.7.4/mcpu_jn51xx_sizeopt\libgcc.a(muldf3.o)
                0x000000000008eed4                __muldf3
 .text          0x000000000008f35c      0x693 c:/users/makoto/desktop/mwstage-2022-08_win10-1/mwstage/tools/ba-elf-ba2-r36379.w10/bin/../lib/gcc/ba-elf/4.7.4/mcpu_jn51xx_sizeopt\libgcc.a(subdf3.o)
                0x000000000008f35c                __subdf3
 .text          0x000000000008f9ef       0x64 c:/users/makoto/desktop/mwstage-2022-08_win10-1/mwstage/tools/ba-elf-ba2-r36379.w10/bin/../lib/gcc/ba-elf/4.7.4/mcpu_jn51xx_sizeopt\libgcc.a(fixdfsi.o)
                0x000000000008f9ef                __fixdfsi
 .text          0x000000000008fa53       0x61 c:/users/makoto/desktop/mwstage-2022-08_win10-1/mwstage/tools/ba-elf-ba2-r36379.w10/bin/../lib/gcc/ba-elf/4.7.4/mcpu_jn51xx_sizeopt\libgcc.a(floatsidf.o)
                0x000000000008fa53                __floatsidf
 .text          0x000000000008fab4       0x4f c:/users/makoto/desktop/mwstage-2022-08_win10-1/mwstage/tools/ba-elf-ba2-r36379.w10/bin/../lib/gcc/ba-elf/4.7.4/mcpu_jn51xx_sizeopt\libgcc.a(floatunsidf.o)
                0x000000000008fab4                __floatunsidf
 .text          0x000000000008fb03       0x27 C:/Users/Makoto/Desktop/MWSTAGE-2022-08_win10-1/MWSTAGE/MWSDK/ChipLib/SW4063V1416/Components/Library\libHardwareApi_JN516x.a(AHI_Interrupt.o)
                0x000000000008fb03                vAHI_InterruptSetPriority
                0x000000000008fb21                vAHI_InterruptSetActivePriorityLevel
 .text.vMicroSyscall
                0x000000000008fb2a       0x17 C:/Users/Makoto/Desktop/MWSTAGE-2022-08_win10-1/MWSTAGE/MWSDK/ChipLib/SW4063V1416/Components/Library\libMicroSpecific_JN516x.a(MicroSyscall_ba.o)
                0x000000000008fb2a                vMicroSyscall
 .text          0x000000000008fb41       0x12 c:/users/makoto/desktop/mwstage-2022-08_win10-1/mwstage/tools/ba-elf-ba2-r36379.w10/bin/../lib/gcc/ba-elf/4.7.4/../../../../ba-elf/lib/mcpu_jn51xx_sizeopt\libc.a(lib_a-memset.o)
                0x000000000008fb41                memset
                0x000000000008fb53                _flash_end = ABSOLUTE (.)

.rela.dyn       0x000000000008fb54        0x0
 .rela.text     0x0000000000000000        0x0 C:\Users\Makoto\AppData\Local\Temp\cc1thbkh.ltrans0.ltrans.o
 .rela.rodata   0x0000000000000000        0x0 C:\Users\Makoto\AppData\Local\Temp\cc1thbkh.ltrans0.ltrans.o
 .rela.text.unlikely
                0x0000000000000000        0x0 C:\Users\Makoto\AppData\Local\Temp\cc1thbkh.ltrans0.ltrans.o
 .rela.data     0x0000000000000000        0x0 C:\Users\Makoto\AppData\Local\Temp\cc1thbkh.ltrans0.ltrans.o
                0x000000000400004c                . = ORIGIN (ram)

.data           0x000000000400004c       0x18 load address 0x000000000008fb54
                0x000000000400004c                _ram_data_start = ABSOLUTE (.)
 *(.data*)
 .data          0x000000000400004c        0x4 C:\Users\Makoto\AppData\Local\Temp\cc1thbkh.ltrans0.ltrans.o
                0x000000000400004c                _mwx_periph_u8_grain_gpio
 .data          0x0000000004000050        0x1 C:\Users\Makoto\AppData\Local\Temp\cc1thbkh.ltrans4.ltrans.o
                0x0000000004000050                _toconet_tx_u8_init_queue_flag
 .data          0x0000000004000051        0x1 C:\Users\Makoto\AppData\Local\Temp\cc1thbkh.ltrans9.ltrans.o
                0x0000000004000051                u8TxWkrNow.26534
 *fill*         0x0000000004000052        0x2 00
 .data          0x0000000004000054        0x4 C:\Users\Makoto\AppData\Local\Temp\cc1thbkh.ltrans12.ltrans.o
                0x0000000004000054                u32HeapStart
 .data.initinboot
                0x0000000004000058        0x8 C:\Users\Makoto\AppData\Local\Temp\cc1thbkh.ltrans13.ltrans.o
 .data          0x0000000004000060        0x1 C:\Users\Makoto\AppData\Local\Temp\cc1thbkh.ltrans15.ltrans.o
 .data.initinboot
                0x0000000004000061        0x1 C:\Users\Makoto\AppData\Local\Temp\cc1thbkh.ltrans15.ltrans.o
                0x0000000004000061                gMAC_u8MaxBuffers
 *(.data.*)
                0x0000000004000064                . = ALIGN (0x4)
 *fill*         0x0000000004000062        0x2 00
                0x0000000004000064                _ram_data_end = ABSOLUTE (.)

.bss            0x0000000004000064     0x15d4 load address 0x000000000008fb6c
                0x0000000004000064                _bss_start = ABSOLUTE (.)
 *(.bss*)
 .bss           0x0000000004000064      0x124 C:\Users\Makoto\AppData\Local\Temp\cc1thbkh.ltrans0.ltrans.o
                0x0000000004000064                sMcpsIndQueue.3765
                0x0000000004000074                sMcpsIndBufferQueue.3763
                0x0000000004000084                sMlmeIndQueue.3766
                0x0000000004000094                sMlmeIndBufferQueue.3764
                0x00000000040000a4                sHwIndQueue.3767
                0x00000000040000b4                sHwIndBufferQueue.3768
                0x00000000040000c4                _u32_INT_adc_comp
                0x00000000040000c8                _u32_INT_ticktimer
                0x00000000040000cc                the_vsettings
                0x00000000040000d0                the_vhw
                0x00000000040000d4                the_vapp
                0x00000000040000d8                the_vnet2
                0x00000000040000dc                the_vnet
                0x00000000040000e0                asSerialPorts
                0x0000000004000118                Timer0
                0x0000000004000120                SerialParser
                0x000000000400015c                Serial
                0x000000000400017c                _periph_availmap
 .bss           0x0000000004000188        0x8 C:\Users\Makoto\AppData\Local\Temp\cc1thbkh.ltrans1.ltrans.o
 .bss           0x0000000004000190       0x40 C:\Users\Makoto\AppData\Local\Temp\cc1thbkh.ltrans2.ltrans.o
                0x0000000004000190                g_sLP
                0x00000000040001cc                g_pvMac
 .bss.initinboot
                0x00000000040001d0      0x1c0 C:\Users\Makoto\AppData\Local\Temp\cc1thbkh.ltrans2.ltrans.o
                0x00000000040001d0                g_sMac
 .bss           0x0000000004000390      0x618 C:\Users\Makoto\AppData\Local\Temp\cc1thbkh.ltrans4.ltrans.o
                0x0000000004000390                prAppHwCallback.3771
                0x0000000004000394                prTickTimeAppCallback
 .bss           0x00000000040009a8       0x2c C:\Users\Makoto\AppData\Local\Temp\cc1thbkh.ltrans5.ltrans.o
                0x00000000040009a8                asUARTS.5011
                0x00000000040009c8                _SERIAL_bmTxIntEnabled
 .bss           0x00000000040009d4       0x94 C:\Users\Makoto\AppData\Local\Temp\cc1thbkh.ltrans6.ltrans.o
                0x00000000040009d4                sSerCmd_P3.5681
                0x00000000040009e0                Timer4
                0x00000000040009e8                Timer3
                0x00000000040009f0                Timer2
                0x00000000040009f8                Timer1
                0x0000000004000a00                Analogue
                0x0000000004000a18                SPI
                0x0000000004000a1c                Wire
                0x0000000004000a34                Serial1
                0x0000000004000a54                Buttons
                0x0000000004000a5c                PulseCounter1
                0x0000000004000a60                PulseCounter0
 .bss           0x0000000004000a68      0x73c C:\Users\Makoto\AppData\Local\Temp\cc1thbkh.ltrans7.ltrans.o
                0x0000000004000a68                prSpiAppCallback.24948
                0x0000000004000a6c                prSiAppCallback.26161
                0x0000000004000a70                prAppMcpsCallback.3769
                0x0000000004000a74                prAppMlmeCallback.3770
                0x0000000004000a78                bTxEventQueued.20783
                0x0000000004000a79                u8TxEventStatus.20784
                0x0000000004000a7c                sAppHousekeeping
                0x0000000004000a94                prApAppCallback.24714
                0x0000000004000a98                bIntEnableFlag.24711
 .bss.initinboot
                0x00000000040011a4        0x4 C:\Users\Makoto\AppData\Local\Temp\cc1thbkh.ltrans7.ltrans.o
                0x00000000040011a4                prSysCtrlAppCallback.25151
 .bss           0x00000000040011a8       0x90 C:\Users\Makoto\AppData\Local\Temp\cc1thbkh.ltrans8.ltrans.o
                0x00000000040011a8                _ZL5_vcbs.7514
                0x00000000040011bc                sToCoNet_AppContext
                0x00000000040011d8                sToCoNet_Context
                0x0000000004001220                sAssocSecurity.13667
                0x000000000400122c                g_bJenieBackwardsCompatibilityMode
 .bss           0x0000000004001238       0x28 C:\Users\Makoto\AppData\Local\Temp\cc1thbkh.ltrans9.ltrans.o
                0x0000000004001238                sCh_Context.3403
                0x000000000400123c                asTx.26490
 .bss.initinboot
                0x0000000004001260        0x1 C:\Users\Makoto\AppData\Local\Temp\cc1thbkh.ltrans9.ltrans.o
 *fill*         0x0000000004001261        0x3 00
 .bss           0x0000000004001264      0x28c C:\Users\Makoto\AppData\Local\Temp\cc1thbkh.ltrans10.ltrans.o
                0x0000000004001264                u8AppId_Pkt_head.4715
                0x0000000004001268                u32AppId.4712
                0x000000000400126c                u32MyAddr.4714
                0x0000000004001270                bRxQueue_Init.4713
                0x0000000004001274                psRxQueueList.4711
                0x0000000004001288                asEventHandler.2484
                0x0000000004001328                sEvVars
                0x0000000004001344                u32TickCount_ms
                0x0000000004001348                au8Txdatabuff_idx_sTxQueue
                0x000000000400134c                u8TxBuffSiz_sTxQueue
                0x0000000004001350                sTxdatabuff_sTxQueue
                0x0000000004001354                sTxQueue
                0x0000000004001370                au8Rxdatabuff_idx_sRxQueue
                0x0000000004001374                u8RxBuffSiz_sRxQueue
                0x0000000004001378                sRxdatabuff_sRxQueue
                0x000000000400137c                sRxQueue
                0x0000000004001398                au8Rxdatabuff_idx_sRxQueueCmd
                0x000000000400139c                u8RxBuffSiz_sRxQueueCmd
                0x00000000040013a0                sRxdatabuff_sRxQueueCmd
                0x00000000040013a4                sRxQueueCmd.2935
                0x00000000040013c0                sContext.4836
                0x00000000040013ec                the_twelite
                0x0000000004001484                sToCoNet_Modules
 .bss           0x00000000040014f0        0x4 C:\Users\Makoto\AppData\Local\Temp\cc1thbkh.ltrans12.ltrans.o
 .bss.dontinitinboot
                0x00000000040014f4        0x4 C:\Users\Makoto\AppData\Local\Temp\cc1thbkh.ltrans12.ltrans.o
 .bss           0x00000000040014f8       0x14 C:\Users\Makoto\AppData\Local\Temp\cc1thbkh.ltrans13.ltrans.o
                0x00000000040014f8                pvPostFunc.2498
                0x00000000040014fc                u32PostArg.2497
                0x0000000004001500                evPost.2496
 .bss.dontinitinboot
                0x000000000400150c        0x8 C:\Users\Makoto\AppData\Local\Temp\cc1thbkh.ltrans13.ltrans.o
 .bss.dontinitinboot
                0x0000000004001514        0x1 C:\Users\Makoto\AppData\Local\Temp\cc1thbkh.ltrans14.ltrans.o
                0x0000000004001514                u8SecurityMode.22951
 *fill*         0x0000000004001515        0x3 00
 .bss           0x0000000004001518        0xc C:\Users\Makoto\AppData\Local\Temp\cc1thbkh.ltrans15.ltrans.o
                0x0000000004001518                g_sXcv
                0x000000000400151c                prMcpsRequest.10050
                0x0000000004001520                prMlmeRequest.10049
 .bss.initinboot
                0x0000000004001524        0x8 C:\Users\Makoto\AppData\Local\Temp\cc1thbkh.ltrans15.ltrans.o
                0x0000000004001524                g_u32MacAddrLocation
                0x0000000004001528                prvUserTxStartedCallback
 .bss           0x000000000400152c       0x30 C:\Users\Makoto\AppData\Local\Temp\cc1thbkh.ltrans16.ltrans.o
                0x000000000400152c                prOriginalHandler.4846
                0x0000000004001530                the_mac
 .bss           0x000000000400155c       0x7c C:\Users\Makoto\AppData\Local\Temp\cc1thbkh.ltrans17.ltrans.o
                0x000000000400155c                TxWorker_u8Num.26491
                0x0000000004001560                apfTimerAppCallback.25360
                0x0000000004001574                au16TimerSettings.25309
                0x000000000400157e                gbTimeOutFlag.25147
                0x0000000004001580                prUart1AppCallback.25615
                0x0000000004001584                prUart0AppCallback.25614
                0x0000000004001588                sOpt.5018
 .bss           0x00000000040015d8        0xc C:\Users\Makoto\AppData\Local\Temp\cc1thbkh.ltrans18.ltrans.o
                0x00000000040015d8                _psSerial
 .bss           0x00000000040015e4       0x14 C:\Users\Makoto\AppData\Local\Temp\cc1thbkh.ltrans19.ltrans.o
                0x00000000040015e4                s_sTimerList
                0x00000000040015f4                u8AssocResponsesInProgress.13666
 .bss.dontinitinboot
                0x00000000040015f8       0x40 C:/Users/Makoto/Desktop/MWSTAGE-2022-08_win10-1/MWSTAGE/MWSDK/ChipLib/SW4063V1416/Components/Library\libBoot_JN516x.a(ExceptionHandler.o)
                0x00000000040015f8                isr_handlers
 *(.bss.*)
 *(.scommon*)
 *(.scommon.*)
 *(COMMON)
                0x0000000004001638                . = ALIGN (0x4)
                0x0000000004001638                _bss_end = ABSOLUTE (.)
                0x0000000004001638                end = .

.heap           0x0000000004001638      0xd16 load address 0x0000000000091140
                0x0000000004001638                _heap_start = ABSOLUTE (.)
                0x000000000400234e                . = (. + _minimum_heap_size)
 *fill*         0x0000000004001638      0xd16 00

.stack          0x0000000004007800      0x800 load address 0x0000000000097308
                0x0000000004007800                _heap_end = ABSOLUTE (.)
                0x0000000004007800                _stack_low_water_mark = ABSOLUTE (.)
                0x0000000004008000                . = (. + _stack_size)
 *fill*         0x0000000004007800      0x800 00
                0x0000000004008000                _stack = .

.test           0x000000000008fb6c        0x1
                0x000000000008fb6c        0x1 BYTE 0xff
                0x000000000008fb54                _flash_data_start = LOADADDR (.data)
                0x0000000000000018                _ram_data_len = (((_ram_data_end - _ram_data_start) + 0x3) & 0xfffffffffffffffc)
                0x00000000000015d4                _bss_len = (((_bss_end - _bss_start) + 0x3) & 0xfffffffffffffffc)
                0x000000000000fb6c                _image_len = ((((_flash_end - _flash_start) + _ram_data_len) + 0x3) & 0xfffffffffffffffc)
                0x0000000004008000                _ram_top = (ABSOLUTE (ORIGIN (ram)) + 0x7fb4)
                0x0000000004008000                ram_top = (ABSOLUTE (ORIGIN (ram)) + 0x7fb4)
                0x0000000001001580                _app_ram_start = 0x1001580
                0x0000000004000054                PROVIDE (_heap_location, u32HeapStart)
                0x0000000004000054                PROVIDE (heap_location, u32HeapStart)
                0x000000000008737b                TSV_eOpenVector = TSV_eOpen
                0x0000000000086efc                TSV_eStartVector = TSV_eStart
                0x000000000008cd1e                TSV_eStopVector = TSV_eStop
                0x0000000000085654                pvAppApiGetMacHandle = pvAppApiDefGetMacHandle
                0x000000000008b673                u32AppApiInit = u32AppApiDefInit
                0x0000000000085629                vAppApiMlmeRequest = vAppApiDefMlmeRequest
                0x0000000000087638                vAppApiMcpsRequest = vAppApiDefMcpsRequest
                0x00000000000875df                eAppApiPlmeSet = eAppApiDefPlmeSet
                0x000000000008758d                eAppApiPlmeGet = eAppApiDefPlmeGet
                0x0000000000087584                pvAppApiGetMacAddrLocation = pvAppApiDefGetMacAddrLocation
                0x0000000000087454                vAppApiSaveMacSettings = vAppApiDefSaveMacSettings
                0x0000000000087383                vAppApiRestoreMacSettings = vAppApiDefRestoreMacSettings
OUTPUT(objs_BLUE/Sender_BLUE_L1305_V0-1-0.elf elf32-ba)

.comment        0x0000000000000000       0x11
 .comment       0x0000000000000000       0x12 C:\Users\Makoto\AppData\Local\Temp\cc1thbkh.ltrans0.ltrans.o
 .comment       0x0000000000000000       0x12 C:\Users\Makoto\AppData\Local\Temp\cc1thbkh.ltrans1.ltrans.o
 .comment       0x0000000000000000       0x12 C:\Users\Makoto\AppData\Local\Temp\cc1thbkh.ltrans2.ltrans.o
 .comment       0x0000000000000000       0x12 C:\Users\Makoto\AppData\Local\Temp\cc1thbkh.ltrans3.ltrans.o
 .comment       0x0000000000000000       0x12 C:\Users\Makoto\AppData\Local\Temp\cc1thbkh.ltrans4.ltrans.o
 .comment       0x0000000000000000       0x12 C:\Users\Makoto\AppData\Local\Temp\cc1thbkh.ltrans5.ltrans.o
 .comment       0x0000000000000000       0x12 C:\Users\Makoto\AppData\Local\Temp\cc1thbkh.ltrans6.ltrans.o
 .comment       0x0000000000000000       0x12 C:\Users\Makoto\AppData\Local\Temp\cc1thbkh.ltrans7.ltrans.o
 .comment       0x0000000000000000       0x12 C:\Users\Makoto\AppData\Local\Temp\cc1thbkh.ltrans8.ltrans.o
 .comment       0x0000000000000000       0x12 C:\Users\Makoto\AppData\Local\Temp\cc1thbkh.ltrans9.ltrans.o
 .comment       0x0000000000000000       0x12 C:\Users\Makoto\AppData\Local\Temp\cc1thbkh.ltrans10.ltrans.o
 .comment       0x0000000000000000       0x12 C:\Users\Makoto\AppData\Local\Temp\cc1thbkh.ltrans11.ltrans.o
 .comment       0x0000000000000000       0x12 C:\Users\Makoto\AppData\Local\Temp\cc1thbkh.ltrans12.ltrans.o
 .comment       0x0000000000000000       0x12 C:\Users\Makoto\AppData\Local\Temp\cc1thbkh.ltrans13.ltrans.o
 .comment       0x0000000000000000       0x12 C:\Users\Makoto\AppData\Local\Temp\cc1thbkh.ltrans14.ltrans.o
 .comment       0x0000000000000000       0x12 C:\Users\Makoto\AppData\Local\Temp\cc1thbkh.ltrans15.ltrans.o
 .comment       0x0000000000000000       0x12 C:\Users\Makoto\AppData\Local\Temp\cc1thbkh.ltrans16.ltrans.o
 .comment       0x0000000000000000       0x12 C:\Users\Makoto\AppData\Local\Temp\cc1thbkh.ltrans17.ltrans.o
 .comment       0x0000000000000000       0x12 C:\Users\Makoto\AppData\Local\Temp\cc1thbkh.ltrans18.ltrans.o
 .comment       0x0000000000000000       0x12 C:\Users\Makoto\AppData\Local\Temp\cc1thbkh.ltrans19.ltrans.o
 .comment       0x0000000000000000       0x12 C:\Users\Makoto\AppData\Local\Temp\cc1thbkh.ltrans20.ltrans.o
 .comment       0x0000000000000000       0x12 c:/users/makoto/desktop/mwstage-2022-08_win10-1/mwstage/tools/ba-elf-ba2-r36379.w10/bin/../lib/gcc/ba-elf/4.7.4/../../../../ba-elf/lib/mcpu_jn51xx_sizeopt\libc.a(lib_a-memcmp.o)
 .comment       0x0000000000000000       0x12 c:/users/makoto/desktop/mwstage-2022-08_win10-1/mwstage/tools/ba-elf-ba2-r36379.w10/bin/../lib/gcc/ba-elf/4.7.4/../../../../ba-elf/lib/mcpu_jn51xx_sizeopt\libc.a(lib_a-memcpy.o)
 .comment       0x0000000000000000       0x12 c:/users/makoto/desktop/mwstage-2022-08_win10-1/mwstage/tools/ba-elf-ba2-r36379.w10/bin/../lib/gcc/ba-elf/4.7.4/mcpu_jn51xx_sizeopt\libgcc.a(_fixunsdfsi.o)
 .comment       0x0000000000000000       0x12 c:/users/makoto/desktop/mwstage-2022-08_win10-1/mwstage/tools/ba-elf-ba2-r36379.w10/bin/../lib/gcc/ba-elf/4.7.4/mcpu_jn51xx_sizeopt\libgcc.a(_udivdi3.o)
 .comment       0x0000000000000000       0x12 c:/users/makoto/desktop/mwstage-2022-08_win10-1/mwstage/tools/ba-elf-ba2-r36379.w10/bin/../lib/gcc/ba-elf/4.7.4/mcpu_jn51xx_sizeopt\libgcc.a(_umoddi3.o)
 .comment       0x0000000000000000       0x12 c:/users/makoto/desktop/mwstage-2022-08_win10-1/mwstage/tools/ba-elf-ba2-r36379.w10/bin/../lib/gcc/ba-elf/4.7.4/mcpu_jn51xx_sizeopt\libgcc.a(adddf3.o)
 .comment       0x0000000000000000       0x12 c:/users/makoto/desktop/mwstage-2022-08_win10-1/mwstage/tools/ba-elf-ba2-r36379.w10/bin/../lib/gcc/ba-elf/4.7.4/mcpu_jn51xx_sizeopt\libgcc.a(divdf3.o)
 .comment       0x0000000000000000       0x12 c:/users/makoto/desktop/mwstage-2022-08_win10-1/mwstage/tools/ba-elf-ba2-r36379.w10/bin/../lib/gcc/ba-elf/4.7.4/mcpu_jn51xx_sizeopt\libgcc.a(eqdf2.o)
 .comment       0x0000000000000000       0x12 c:/users/makoto/desktop/mwstage-2022-08_win10-1/mwstage/tools/ba-elf-ba2-r36379.w10/bin/../lib/gcc/ba-elf/4.7.4/mcpu_jn51xx_sizeopt\libgcc.a(gedf2.o)
 .comment       0x0000000000000000       0x12 c:/users/makoto/desktop/mwstage-2022-08_win10-1/mwstage/tools/ba-elf-ba2-r36379.w10/bin/../lib/gcc/ba-elf/4.7.4/mcpu_jn51xx_sizeopt\libgcc.a(ledf2.o)
 .comment       0x0000000000000000       0x12 c:/users/makoto/desktop/mwstage-2022-08_win10-1/mwstage/tools/ba-elf-ba2-r36379.w10/bin/../lib/gcc/ba-elf/4.7.4/mcpu_jn51xx_sizeopt\libgcc.a(muldf3.o)
 .comment       0x0000000000000000       0x12 c:/users/makoto/desktop/mwstage-2022-08_win10-1/mwstage/tools/ba-elf-ba2-r36379.w10/bin/../lib/gcc/ba-elf/4.7.4/mcpu_jn51xx_sizeopt\libgcc.a(subdf3.o)
 .comment       0x0000000000000000       0x12 c:/users/makoto/desktop/mwstage-2022-08_win10-1/mwstage/tools/ba-elf-ba2-r36379.w10/bin/../lib/gcc/ba-elf/4.7.4/mcpu_jn51xx_sizeopt\libgcc.a(fixdfsi.o)
 .comment       0x0000000000000000       0x12 c:/users/makoto/desktop/mwstage-2022-08_win10-1/mwstage/tools/ba-elf-ba2-r36379.w10/bin/../lib/gcc/ba-elf/4.7.4/mcpu_jn51xx_sizeopt\libgcc.a(floatsidf.o)
 .comment       0x0000000000000000       0x12 c:/users/makoto/desktop/mwstage-2022-08_win10-1/mwstage/tools/ba-elf-ba2-r36379.w10/bin/../lib/gcc/ba-elf/4.7.4/mcpu_jn51xx_sizeopt\libgcc.a(floatunsidf.o)
 .comment       0x0000000000000000       0x11 C:/Users/Makoto/Desktop/MWSTAGE-2022-08_win10-1/MWSTAGE/MWSDK/ChipLib/SW4063V1416/Components/Library\libMicroSpecific_JN516x.a(MicroSyscall_ba.o)
                                         0x12 (size before relaxing)
 .comment       0x0000000000000000       0x12 c:/users/makoto/desktop/mwstage-2022-08_win10-1/mwstage/tools/ba-elf-ba2-r36379.w10/bin/../lib/gcc/ba-elf/4.7.4/../../../../ba-elf/lib/mcpu_jn51xx_sizeopt\libc.a(lib_a-memset.o)

.debug_info     0x0000000000000000     0x3453
 .debug_info    0x0000000000000000       0xf3 c:/users/makoto/desktop/mwstage-2022-08_win10-1/mwstage/tools/ba-elf-ba2-r36379.w10/bin/../lib/gcc/ba-elf/4.7.4/../../../../ba-elf/lib/mcpu_jn51xx_sizeopt\libc.a(lib_a-memcmp.o)
 .debug_info    0x00000000000000f3      0x106 c:/users/makoto/desktop/mwstage-2022-08_win10-1/mwstage/tools/ba-elf-ba2-r36379.w10/bin/../lib/gcc/ba-elf/4.7.4/../../../../ba-elf/lib/mcpu_jn51xx_sizeopt\libc.a(lib_a-memcpy.o)
 .debug_info    0x00000000000001f9       0xb7 c:/users/makoto/desktop/mwstage-2022-08_win10-1/mwstage/tools/ba-elf-ba2-r36379.w10/bin/../lib/gcc/ba-elf/4.7.4/mcpu_jn51xx_sizeopt\libgcc.a(__udivsi3.o)
 .debug_info    0x00000000000002b0       0xb7 c:/users/makoto/desktop/mwstage-2022-08_win10-1/mwstage/tools/ba-elf-ba2-r36379.w10/bin/../lib/gcc/ba-elf/4.7.4/mcpu_jn51xx_sizeopt\libgcc.a(__divsi3.o)
 .debug_info    0x0000000000000367       0xb7 c:/users/makoto/desktop/mwstage-2022-08_win10-1/mwstage/tools/ba-elf-ba2-r36379.w10/bin/../lib/gcc/ba-elf/4.7.4/mcpu_jn51xx_sizeopt\libgcc.a(__umodsi3.o)
 .debug_info    0x000000000000041e       0xb7 c:/users/makoto/desktop/mwstage-2022-08_win10-1/mwstage/tools/ba-elf-ba2-r36379.w10/bin/../lib/gcc/ba-elf/4.7.4/mcpu_jn51xx_sizeopt\libgcc.a(__modsi3.o)
 .debug_info    0x00000000000004d5       0xd3 c:/users/makoto/desktop/mwstage-2022-08_win10-1/mwstage/tools/ba-elf-ba2-r36379.w10/bin/../lib/gcc/ba-elf/4.7.4/mcpu_jn51xx_sizeopt\libgcc.a(_fixunsdfsi.o)
 .debug_info    0x00000000000005a8      0x648 c:/users/makoto/desktop/mwstage-2022-08_win10-1/mwstage/tools/ba-elf-ba2-r36379.w10/bin/../lib/gcc/ba-elf/4.7.4/mcpu_jn51xx_sizeopt\libgcc.a(_udivdi3.o)
 .debug_info    0x0000000000000bf0      0x69d c:/users/makoto/desktop/mwstage-2022-08_win10-1/mwstage/tools/ba-elf-ba2-r36379.w10/bin/../lib/gcc/ba-elf/4.7.4/mcpu_jn51xx_sizeopt\libgcc.a(_umoddi3.o)
 .debug_info    0x000000000000128d      0x4b2 c:/users/makoto/desktop/mwstage-2022-08_win10-1/mwstage/tools/ba-elf-ba2-r36379.w10/bin/../lib/gcc/ba-elf/4.7.4/mcpu_jn51xx_sizeopt\libgcc.a(adddf3.o)
 .debug_info    0x000000000000173f      0x5c5 c:/users/makoto/desktop/mwstage-2022-08_win10-1/mwstage/tools/ba-elf-ba2-r36379.w10/bin/../lib/gcc/ba-elf/4.7.4/mcpu_jn51xx_sizeopt\libgcc.a(divdf3.o)
 .debug_info    0x0000000000001d04      0x1e7 c:/users/makoto/desktop/mwstage-2022-08_win10-1/mwstage/tools/ba-elf-ba2-r36379.w10/bin/../lib/gcc/ba-elf/4.7.4/mcpu_jn51xx_sizeopt\libgcc.a(eqdf2.o)
 .debug_info    0x0000000000001eeb      0x20b c:/users/makoto/desktop/mwstage-2022-08_win10-1/mwstage/tools/ba-elf-ba2-r36379.w10/bin/../lib/gcc/ba-elf/4.7.4/mcpu_jn51xx_sizeopt\libgcc.a(gedf2.o)
 .debug_info    0x00000000000020f6      0x20b c:/users/makoto/desktop/mwstage-2022-08_win10-1/mwstage/tools/ba-elf-ba2-r36379.w10/bin/../lib/gcc/ba-elf/4.7.4/mcpu_jn51xx_sizeopt\libgcc.a(ledf2.o)
 .debug_info    0x0000000000002301      0x5c7 c:/users/makoto/desktop/mwstage-2022-08_win10-1/mwstage/tools/ba-elf-ba2-r36379.w10/bin/../lib/gcc/ba-elf/4.7.4/mcpu_jn51xx_sizeopt\libgcc.a(muldf3.o)
 .debug_info    0x00000000000028c8      0x4b2 c:/users/makoto/desktop/mwstage-2022-08_win10-1/mwstage/tools/ba-elf-ba2-r36379.w10/bin/../lib/gcc/ba-elf/4.7.4/mcpu_jn51xx_sizeopt\libgcc.a(subdf3.o)
 .debug_info    0x0000000000002d7a      0x1b7 c:/users/makoto/desktop/mwstage-2022-08_win10-1/mwstage/tools/ba-elf-ba2-r36379.w10/bin/../lib/gcc/ba-elf/4.7.4/mcpu_jn51xx_sizeopt\libgcc.a(fixdfsi.o)
 .debug_info    0x0000000000002f31      0x1d6 c:/users/makoto/desktop/mwstage-2022-08_win10-1/mwstage/tools/ba-elf-ba2-r36379.w10/bin/../lib/gcc/ba-elf/4.7.4/mcpu_jn51xx_sizeopt\libgcc.a(floatsidf.o)
 .debug_info    0x0000000000003107      0x1cb c:/users/makoto/desktop/mwstage-2022-08_win10-1/mwstage/tools/ba-elf-ba2-r36379.w10/bin/../lib/gcc/ba-elf/4.7.4/mcpu_jn51xx_sizeopt\libgcc.a(floatunsidf.o)
 .debug_info    0x00000000000032d2       0xaa C:/Users/Makoto/Desktop/MWSTAGE-2022-08_win10-1/MWSTAGE/MWSDK/ChipLib/SW4063V1416/Components/Library\libBoot_JN516x.a(ExceptionHandler.o)
 .debug_info    0x000000000000337c       0xd7 c:/users/makoto/desktop/mwstage-2022-08_win10-1/mwstage/tools/ba-elf-ba2-r36379.w10/bin/../lib/gcc/ba-elf/4.7.4/../../../../ba-elf/lib/mcpu_jn51xx_sizeopt\libc.a(lib_a-memset.o)

.debug_abbrev   0x0000000000000000     0x113e
 .debug_abbrev  0x0000000000000000       0x8e c:/users/makoto/desktop/mwstage-2022-08_win10-1/mwstage/tools/ba-elf-ba2-r36379.w10/bin/../lib/gcc/ba-elf/4.7.4/../../../../ba-elf/lib/mcpu_jn51xx_sizeopt\libc.a(lib_a-memcmp.o)
 .debug_abbrev  0x000000000000008e       0xa4 c:/users/makoto/desktop/mwstage-2022-08_win10-1/mwstage/tools/ba-elf-ba2-r36379.w10/bin/../lib/gcc/ba-elf/4.7.4/../../../../ba-elf/lib/mcpu_jn51xx_sizeopt\libc.a(lib_a-memcpy.o)
 .debug_abbrev  0x0000000000000132       0x14 c:/users/makoto/desktop/mwstage-2022-08_win10-1/mwstage/tools/ba-elf-ba2-r36379.w10/bin/../lib/gcc/ba-elf/4.7.4/mcpu_jn51xx_sizeopt\libgcc.a(__udivsi3.o)
 .debug_abbrev  0x0000000000000146       0x14 c:/users/makoto/desktop/mwstage-2022-08_win10-1/mwstage/tools/ba-elf-ba2-r36379.w10/bin/../lib/gcc/ba-elf/4.7.4/mcpu_jn51xx_sizeopt\libgcc.a(__divsi3.o)
 .debug_abbrev  0x000000000000015a       0x14 c:/users/makoto/desktop/mwstage-2022-08_win10-1/mwstage/tools/ba-elf-ba2-r36379.w10/bin/../lib/gcc/ba-elf/4.7.4/mcpu_jn51xx_sizeopt\libgcc.a(__umodsi3.o)
 .debug_abbrev  0x000000000000016e       0x14 c:/users/makoto/desktop/mwstage-2022-08_win10-1/mwstage/tools/ba-elf-ba2-r36379.w10/bin/../lib/gcc/ba-elf/4.7.4/mcpu_jn51xx_sizeopt\libgcc.a(__modsi3.o)
 .debug_abbrev  0x0000000000000182       0x60 c:/users/makoto/desktop/mwstage-2022-08_win10-1/mwstage/tools/ba-elf-ba2-r36379.w10/bin/../lib/gcc/ba-elf/4.7.4/mcpu_jn51xx_sizeopt\libgcc.a(_fixunsdfsi.o)
 .debug_abbrev  0x00000000000001e2      0x15d c:/users/makoto/desktop/mwstage-2022-08_win10-1/mwstage/tools/ba-elf-ba2-r36379.w10/bin/../lib/gcc/ba-elf/4.7.4/mcpu_jn51xx_sizeopt\libgcc.a(_udivdi3.o)
 .debug_abbrev  0x000000000000033f      0x175 c:/users/makoto/desktop/mwstage-2022-08_win10-1/mwstage/tools/ba-elf-ba2-r36379.w10/bin/../lib/gcc/ba-elf/4.7.4/mcpu_jn51xx_sizeopt\libgcc.a(_umoddi3.o)
 .debug_abbrev  0x00000000000004b4      0x133 c:/users/makoto/desktop/mwstage-2022-08_win10-1/mwstage/tools/ba-elf-ba2-r36379.w10/bin/../lib/gcc/ba-elf/4.7.4/mcpu_jn51xx_sizeopt\libgcc.a(adddf3.o)
 .debug_abbrev  0x00000000000005e7      0x12f c:/users/makoto/desktop/mwstage-2022-08_win10-1/mwstage/tools/ba-elf-ba2-r36379.w10/bin/../lib/gcc/ba-elf/4.7.4/mcpu_jn51xx_sizeopt\libgcc.a(divdf3.o)
 .debug_abbrev  0x0000000000000716      0x128 c:/users/makoto/desktop/mwstage-2022-08_win10-1/mwstage/tools/ba-elf-ba2-r36379.w10/bin/../lib/gcc/ba-elf/4.7.4/mcpu_jn51xx_sizeopt\libgcc.a(eqdf2.o)
 .debug_abbrev  0x000000000000083e      0x137 c:/users/makoto/desktop/mwstage-2022-08_win10-1/mwstage/tools/ba-elf-ba2-r36379.w10/bin/../lib/gcc/ba-elf/4.7.4/mcpu_jn51xx_sizeopt\libgcc.a(gedf2.o)
 .debug_abbrev  0x0000000000000975      0x139 c:/users/makoto/desktop/mwstage-2022-08_win10-1/mwstage/tools/ba-elf-ba2-r36379.w10/bin/../lib/gcc/ba-elf/4.7.4/mcpu_jn51xx_sizeopt\libgcc.a(ledf2.o)
 .debug_abbrev  0x0000000000000aae      0x141 c:/users/makoto/desktop/mwstage-2022-08_win10-1/mwstage/tools/ba-elf-ba2-r36379.w10/bin/../lib/gcc/ba-elf/4.7.4/mcpu_jn51xx_sizeopt\libgcc.a(muldf3.o)
 .debug_abbrev  0x0000000000000bef      0x133 c:/users/makoto/desktop/mwstage-2022-08_win10-1/mwstage/tools/ba-elf-ba2-r36379.w10/bin/../lib/gcc/ba-elf/4.7.4/mcpu_jn51xx_sizeopt\libgcc.a(subdf3.o)
 .debug_abbrev  0x0000000000000d22      0x12a c:/users/makoto/desktop/mwstage-2022-08_win10-1/mwstage/tools/ba-elf-ba2-r36379.w10/bin/../lib/gcc/ba-elf/4.7.4/mcpu_jn51xx_sizeopt\libgcc.a(fixdfsi.o)
 .debug_abbrev  0x0000000000000e4c      0x128 c:/users/makoto/desktop/mwstage-2022-08_win10-1/mwstage/tools/ba-elf-ba2-r36379.w10/bin/../lib/gcc/ba-elf/4.7.4/mcpu_jn51xx_sizeopt\libgcc.a(floatsidf.o)
 .debug_abbrev  0x0000000000000f74      0x128 c:/users/makoto/desktop/mwstage-2022-08_win10-1/mwstage/tools/ba-elf-ba2-r36379.w10/bin/../lib/gcc/ba-elf/4.7.4/mcpu_jn51xx_sizeopt\libgcc.a(floatunsidf.o)
 .debug_abbrev  0x000000000000109c       0x14 C:/Users/Makoto/Desktop/MWSTAGE-2022-08_win10-1/MWSTAGE/MWSDK/ChipLib/SW4063V1416/Components/Library\libBoot_JN516x.a(ExceptionHandler.o)
 .debug_abbrev  0x00000000000010b0       0x8e c:/users/makoto/desktop/mwstage-2022-08_win10-1/mwstage/tools/ba-elf-ba2-r36379.w10/bin/../lib/gcc/ba-elf/4.7.4/../../../../ba-elf/lib/mcpu_jn51xx_sizeopt\libc.a(lib_a-memset.o)

.debug_loc      0x0000000000000000     0x599c
 .debug_loc     0x0000000000000000       0x73 c:/users/makoto/desktop/mwstage-2022-08_win10-1/mwstage/tools/ba-elf-ba2-r36379.w10/bin/../lib/gcc/ba-elf/4.7.4/../../../../ba-elf/lib/mcpu_jn51xx_sizeopt\libc.a(lib_a-memcmp.o)
 .debug_loc     0x0000000000000073       0x39 c:/users/makoto/desktop/mwstage-2022-08_win10-1/mwstage/tools/ba-elf-ba2-r36379.w10/bin/../lib/gcc/ba-elf/4.7.4/../../../../ba-elf/lib/mcpu_jn51xx_sizeopt\libc.a(lib_a-memcpy.o)
 .debug_loc     0x00000000000000ac       0x48 c:/users/makoto/desktop/mwstage-2022-08_win10-1/mwstage/tools/ba-elf-ba2-r36379.w10/bin/../lib/gcc/ba-elf/4.7.4/mcpu_jn51xx_sizeopt\libgcc.a(_fixunsdfsi.o)
 .debug_loc     0x00000000000000f4      0xa7b c:/users/makoto/desktop/mwstage-2022-08_win10-1/mwstage/tools/ba-elf-ba2-r36379.w10/bin/../lib/gcc/ba-elf/4.7.4/mcpu_jn51xx_sizeopt\libgcc.a(_udivdi3.o)
 .debug_loc     0x0000000000000b6f      0x985 c:/users/makoto/desktop/mwstage-2022-08_win10-1/mwstage/tools/ba-elf-ba2-r36379.w10/bin/../lib/gcc/ba-elf/4.7.4/mcpu_jn51xx_sizeopt\libgcc.a(_umoddi3.o)
 .debug_loc     0x00000000000014f4     0x10f3 c:/users/makoto/desktop/mwstage-2022-08_win10-1/mwstage/tools/ba-elf-ba2-r36379.w10/bin/../lib/gcc/ba-elf/4.7.4/mcpu_jn51xx_sizeopt\libgcc.a(adddf3.o)
 .debug_loc     0x00000000000025e7     0x117e c:/users/makoto/desktop/mwstage-2022-08_win10-1/mwstage/tools/ba-elf-ba2-r36379.w10/bin/../lib/gcc/ba-elf/4.7.4/mcpu_jn51xx_sizeopt\libgcc.a(divdf3.o)
 .debug_loc     0x0000000000003765       0x83 c:/users/makoto/desktop/mwstage-2022-08_win10-1/mwstage/tools/ba-elf-ba2-r36379.w10/bin/../lib/gcc/ba-elf/4.7.4/mcpu_jn51xx_sizeopt\libgcc.a(eqdf2.o)
 .debug_loc     0x00000000000037e8      0x154 c:/users/makoto/desktop/mwstage-2022-08_win10-1/mwstage/tools/ba-elf-ba2-r36379.w10/bin/../lib/gcc/ba-elf/4.7.4/mcpu_jn51xx_sizeopt\libgcc.a(gedf2.o)
 .debug_loc     0x000000000000393c       0xe6 c:/users/makoto/desktop/mwstage-2022-08_win10-1/mwstage/tools/ba-elf-ba2-r36379.w10/bin/../lib/gcc/ba-elf/4.7.4/mcpu_jn51xx_sizeopt\libgcc.a(ledf2.o)
 .debug_loc     0x0000000000003a22      0xa0e c:/users/makoto/desktop/mwstage-2022-08_win10-1/mwstage/tools/ba-elf-ba2-r36379.w10/bin/../lib/gcc/ba-elf/4.7.4/mcpu_jn51xx_sizeopt\libgcc.a(muldf3.o)
 .debug_loc     0x0000000000004430     0x114e c:/users/makoto/desktop/mwstage-2022-08_win10-1/mwstage/tools/ba-elf-ba2-r36379.w10/bin/../lib/gcc/ba-elf/4.7.4/mcpu_jn51xx_sizeopt\libgcc.a(subdf3.o)
 .debug_loc     0x000000000000557e       0xa8 c:/users/makoto/desktop/mwstage-2022-08_win10-1/mwstage/tools/ba-elf-ba2-r36379.w10/bin/../lib/gcc/ba-elf/4.7.4/mcpu_jn51xx_sizeopt\libgcc.a(fixdfsi.o)
 .debug_loc     0x0000000000005626      0x1be c:/users/makoto/desktop/mwstage-2022-08_win10-1/mwstage/tools/ba-elf-ba2-r36379.w10/bin/../lib/gcc/ba-elf/4.7.4/mcpu_jn51xx_sizeopt\libgcc.a(floatsidf.o)
 .debug_loc     0x00000000000057e4      0x179 c:/users/makoto/desktop/mwstage-2022-08_win10-1/mwstage/tools/ba-elf-ba2-r36379.w10/bin/../lib/gcc/ba-elf/4.7.4/mcpu_jn51xx_sizeopt\libgcc.a(floatunsidf.o)
 .debug_loc     0x000000000000595d       0x3f c:/users/makoto/desktop/mwstage-2022-08_win10-1/mwstage/tools/ba-elf-ba2-r36379.w10/bin/../lib/gcc/ba-elf/4.7.4/../../../../ba-elf/lib/mcpu_jn51xx_sizeopt\libc.a(lib_a-memset.o)

.debug_aranges  0x0000000000000000      0x2a0
 .debug_aranges
                0x0000000000000000       0x20 c:/users/makoto/desktop/mwstage-2022-08_win10-1/mwstage/tools/ba-elf-ba2-r36379.w10/bin/../lib/gcc/ba-elf/4.7.4/../../../../ba-elf/lib/mcpu_jn51xx_sizeopt\libc.a(lib_a-memcmp.o)
 .debug_aranges
                0x0000000000000020       0x20 c:/users/makoto/desktop/mwstage-2022-08_win10-1/mwstage/tools/ba-elf-ba2-r36379.w10/bin/../lib/gcc/ba-elf/4.7.4/../../../../ba-elf/lib/mcpu_jn51xx_sizeopt\libc.a(lib_a-memcpy.o)
 .debug_aranges
                0x0000000000000040       0x20 c:/users/makoto/desktop/mwstage-2022-08_win10-1/mwstage/tools/ba-elf-ba2-r36379.w10/bin/../lib/gcc/ba-elf/4.7.4/mcpu_jn51xx_sizeopt\libgcc.a(__udivsi3.o)
 .debug_aranges
                0x0000000000000060       0x20 c:/users/makoto/desktop/mwstage-2022-08_win10-1/mwstage/tools/ba-elf-ba2-r36379.w10/bin/../lib/gcc/ba-elf/4.7.4/mcpu_jn51xx_sizeopt\libgcc.a(__divsi3.o)
 .debug_aranges
                0x0000000000000080       0x20 c:/users/makoto/desktop/mwstage-2022-08_win10-1/mwstage/tools/ba-elf-ba2-r36379.w10/bin/../lib/gcc/ba-elf/4.7.4/mcpu_jn51xx_sizeopt\libgcc.a(__umodsi3.o)
 .debug_aranges
                0x00000000000000a0       0x20 c:/users/makoto/desktop/mwstage-2022-08_win10-1/mwstage/tools/ba-elf-ba2-r36379.w10/bin/../lib/gcc/ba-elf/4.7.4/mcpu_jn51xx_sizeopt\libgcc.a(__modsi3.o)
 .debug_aranges
                0x00000000000000c0       0x20 c:/users/makoto/desktop/mwstage-2022-08_win10-1/mwstage/tools/ba-elf-ba2-r36379.w10/bin/../lib/gcc/ba-elf/4.7.4/mcpu_jn51xx_sizeopt\libgcc.a(_fixunsdfsi.o)
 .debug_aranges
                0x00000000000000e0       0x20 c:/users/makoto/desktop/mwstage-2022-08_win10-1/mwstage/tools/ba-elf-ba2-r36379.w10/bin/../lib/gcc/ba-elf/4.7.4/mcpu_jn51xx_sizeopt\libgcc.a(_udivdi3.o)
 .debug_aranges
                0x0000000000000100       0x20 c:/users/makoto/desktop/mwstage-2022-08_win10-1/mwstage/tools/ba-elf-ba2-r36379.w10/bin/../lib/gcc/ba-elf/4.7.4/mcpu_jn51xx_sizeopt\libgcc.a(_umoddi3.o)
 .debug_aranges
                0x0000000000000120       0x20 c:/users/makoto/desktop/mwstage-2022-08_win10-1/mwstage/tools/ba-elf-ba2-r36379.w10/bin/../lib/gcc/ba-elf/4.7.4/mcpu_jn51xx_sizeopt\libgcc.a(adddf3.o)
 .debug_aranges
                0x0000000000000140       0x20 c:/users/makoto/desktop/mwstage-2022-08_win10-1/mwstage/tools/ba-elf-ba2-r36379.w10/bin/../lib/gcc/ba-elf/4.7.4/mcpu_jn51xx_sizeopt\libgcc.a(divdf3.o)
 .debug_aranges
                0x0000000000000160       0x20 c:/users/makoto/desktop/mwstage-2022-08_win10-1/mwstage/tools/ba-elf-ba2-r36379.w10/bin/../lib/gcc/ba-elf/4.7.4/mcpu_jn51xx_sizeopt\libgcc.a(eqdf2.o)
 .debug_aranges
                0x0000000000000180       0x20 c:/users/makoto/desktop/mwstage-2022-08_win10-1/mwstage/tools/ba-elf-ba2-r36379.w10/bin/../lib/gcc/ba-elf/4.7.4/mcpu_jn51xx_sizeopt\libgcc.a(gedf2.o)
 .debug_aranges
                0x00000000000001a0       0x20 c:/users/makoto/desktop/mwstage-2022-08_win10-1/mwstage/tools/ba-elf-ba2-r36379.w10/bin/../lib/gcc/ba-elf/4.7.4/mcpu_jn51xx_sizeopt\libgcc.a(ledf2.o)
 .debug_aranges
                0x00000000000001c0       0x20 c:/users/makoto/desktop/mwstage-2022-08_win10-1/mwstage/tools/ba-elf-ba2-r36379.w10/bin/../lib/gcc/ba-elf/4.7.4/mcpu_jn51xx_sizeopt\libgcc.a(muldf3.o)
 .debug_aranges
                0x00000000000001e0       0x20 c:/users/makoto/desktop/mwstage-2022-08_win10-1/mwstage/tools/ba-elf-ba2-r36379.w10/bin/../lib/gcc/ba-elf/4.7.4/mcpu_jn51xx_sizeopt\libgcc.a(subdf3.o)
 .debug_aranges
                0x0000000000000200       0x20 c:/users/makoto/desktop/mwstage-2022-08_win10-1/mwstage/tools/ba-elf-ba2-r36379.w10/bin/../lib/gcc/ba-elf/4.7.4/mcpu_jn51xx_sizeopt\libgcc.a(fixdfsi.o)
 .debug_aranges
                0x0000000000000220       0x20 c:/users/makoto/desktop/mwstage-2022-08_win10-1/mwstage/tools/ba-elf-ba2-r36379.w10/bin/../lib/gcc/ba-elf/4.7.4/mcpu_jn51xx_sizeopt\libgcc.a(floatsidf.o)
 .debug_aranges
                0x0000000000000240       0x20 c:/users/makoto/desktop/mwstage-2022-08_win10-1/mwstage/tools/ba-elf-ba2-r36379.w10/bin/../lib/gcc/ba-elf/4.7.4/mcpu_jn51xx_sizeopt\libgcc.a(floatunsidf.o)
 .debug_aranges
                0x0000000000000260       0x20 C:/Users/Makoto/Desktop/MWSTAGE-2022-08_win10-1/MWSTAGE/MWSDK/ChipLib/SW4063V1416/Components/Library\libBoot_JN516x.a(ExceptionHandler.o)
 .debug_aranges
                0x0000000000000280       0x20 c:/users/makoto/desktop/mwstage-2022-08_win10-1/mwstage/tools/ba-elf-ba2-r36379.w10/bin/../lib/gcc/ba-elf/4.7.4/../../../../ba-elf/lib/mcpu_jn51xx_sizeopt\libc.a(lib_a-memset.o)

.debug_line     0x0000000000000000     0x2bd2
 .debug_line    0x0000000000000000      0x15a c:/users/makoto/desktop/mwstage-2022-08_win10-1/mwstage/tools/ba-elf-ba2-r36379.w10/bin/../lib/gcc/ba-elf/4.7.4/../../../../ba-elf/lib/mcpu_jn51xx_sizeopt\libc.a(lib_a-memcmp.o)
 .debug_line    0x000000000000015a      0x14e c:/users/makoto/desktop/mwstage-2022-08_win10-1/mwstage/tools/ba-elf-ba2-r36379.w10/bin/../lib/gcc/ba-elf/4.7.4/../../../../ba-elf/lib/mcpu_jn51xx_sizeopt\libc.a(lib_a-memcpy.o)
 .debug_line    0x00000000000002a8      0x47b c:/users/makoto/desktop/mwstage-2022-08_win10-1/mwstage/tools/ba-elf-ba2-r36379.w10/bin/../lib/gcc/ba-elf/4.7.4/mcpu_jn51xx_sizeopt\libgcc.a(__udivsi3.o)
 .debug_line    0x0000000000000723       0xbb c:/users/makoto/desktop/mwstage-2022-08_win10-1/mwstage/tools/ba-elf-ba2-r36379.w10/bin/../lib/gcc/ba-elf/4.7.4/mcpu_jn51xx_sizeopt\libgcc.a(__divsi3.o)
 .debug_line    0x00000000000007de      0x3c7 c:/users/makoto/desktop/mwstage-2022-08_win10-1/mwstage/tools/ba-elf-ba2-r36379.w10/bin/../lib/gcc/ba-elf/4.7.4/mcpu_jn51xx_sizeopt\libgcc.a(__umodsi3.o)
 .debug_line    0x0000000000000ba5       0xa3 c:/users/makoto/desktop/mwstage-2022-08_win10-1/mwstage/tools/ba-elf-ba2-r36379.w10/bin/../lib/gcc/ba-elf/4.7.4/mcpu_jn51xx_sizeopt\libgcc.a(__modsi3.o)
 .debug_line    0x0000000000000c48       0x9f c:/users/makoto/desktop/mwstage-2022-08_win10-1/mwstage/tools/ba-elf-ba2-r36379.w10/bin/../lib/gcc/ba-elf/4.7.4/mcpu_jn51xx_sizeopt\libgcc.a(_fixunsdfsi.o)
 .debug_line    0x0000000000000ce7      0x1b7 c:/users/makoto/desktop/mwstage-2022-08_win10-1/mwstage/tools/ba-elf-ba2-r36379.w10/bin/../lib/gcc/ba-elf/4.7.4/mcpu_jn51xx_sizeopt\libgcc.a(_udivdi3.o)
 .debug_line    0x0000000000000e9e      0x1b7 c:/users/makoto/desktop/mwstage-2022-08_win10-1/mwstage/tools/ba-elf-ba2-r36379.w10/bin/../lib/gcc/ba-elf/4.7.4/mcpu_jn51xx_sizeopt\libgcc.a(_umoddi3.o)
 .debug_line    0x0000000000001055      0x63d c:/users/makoto/desktop/mwstage-2022-08_win10-1/mwstage/tools/ba-elf-ba2-r36379.w10/bin/../lib/gcc/ba-elf/4.7.4/mcpu_jn51xx_sizeopt\libgcc.a(adddf3.o)
 .debug_line    0x0000000000001692      0x3b5 c:/users/makoto/desktop/mwstage-2022-08_win10-1/mwstage/tools/ba-elf-ba2-r36379.w10/bin/../lib/gcc/ba-elf/4.7.4/mcpu_jn51xx_sizeopt\libgcc.a(divdf3.o)
 .debug_line    0x0000000000001a47       0xf1 c:/users/makoto/desktop/mwstage-2022-08_win10-1/mwstage/tools/ba-elf-ba2-r36379.w10/bin/../lib/gcc/ba-elf/4.7.4/mcpu_jn51xx_sizeopt\libgcc.a(eqdf2.o)
 .debug_line    0x0000000000001b38      0x15f c:/users/makoto/desktop/mwstage-2022-08_win10-1/mwstage/tools/ba-elf-ba2-r36379.w10/bin/../lib/gcc/ba-elf/4.7.4/mcpu_jn51xx_sizeopt\libgcc.a(gedf2.o)
 .debug_line    0x0000000000001c97      0x15f c:/users/makoto/desktop/mwstage-2022-08_win10-1/mwstage/tools/ba-elf-ba2-r36379.w10/bin/../lib/gcc/ba-elf/4.7.4/mcpu_jn51xx_sizeopt\libgcc.a(ledf2.o)
 .debug_line    0x0000000000001df6      0x269 c:/users/makoto/desktop/mwstage-2022-08_win10-1/mwstage/tools/ba-elf-ba2-r36379.w10/bin/../lib/gcc/ba-elf/4.7.4/mcpu_jn51xx_sizeopt\libgcc.a(muldf3.o)
 .debug_line    0x000000000000205f      0x656 c:/users/makoto/desktop/mwstage-2022-08_win10-1/mwstage/tools/ba-elf-ba2-r36379.w10/bin/../lib/gcc/ba-elf/4.7.4/mcpu_jn51xx_sizeopt\libgcc.a(subdf3.o)
 .debug_line    0x00000000000026b5       0xc8 c:/users/makoto/desktop/mwstage-2022-08_win10-1/mwstage/tools/ba-elf-ba2-r36379.w10/bin/../lib/gcc/ba-elf/4.7.4/mcpu_jn51xx_sizeopt\libgcc.a(fixdfsi.o)
 .debug_line    0x000000000000277d       0xbc c:/users/makoto/desktop/mwstage-2022-08_win10-1/mwstage/tools/ba-elf-ba2-r36379.w10/bin/../lib/gcc/ba-elf/4.7.4/mcpu_jn51xx_sizeopt\libgcc.a(floatsidf.o)
 .debug_line    0x0000000000002839       0xbe c:/users/makoto/desktop/mwstage-2022-08_win10-1/mwstage/tools/ba-elf-ba2-r36379.w10/bin/../lib/gcc/ba-elf/4.7.4/mcpu_jn51xx_sizeopt\libgcc.a(floatunsidf.o)
 .debug_line    0x00000000000028f7      0x197 C:/Users/Makoto/Desktop/MWSTAGE-2022-08_win10-1/MWSTAGE/MWSDK/ChipLib/SW4063V1416/Components/Library\libBoot_JN516x.a(ExceptionHandler.o)
 .debug_line    0x0000000000002a8e      0x144 c:/users/makoto/desktop/mwstage-2022-08_win10-1/mwstage/tools/ba-elf-ba2-r36379.w10/bin/../lib/gcc/ba-elf/4.7.4/../../../../ba-elf/lib/mcpu_jn51xx_sizeopt\libc.a(lib_a-memset.o)

.debug_str      0x0000000000000000      0x6be
 .debug_str     0x0000000000000000       0x49 c:/users/makoto/desktop/mwstage-2022-08_win10-1/mwstage/tools/ba-elf-ba2-r36379.w10/bin/../lib/gcc/ba-elf/4.7.4/../../../../ba-elf/lib/mcpu_jn51xx_sizeopt\libc.a(lib_a-memcmp.o)
                                        0x155 (size before relaxing)
 .debug_str     0x0000000000000049       0x5d c:/users/makoto/desktop/mwstage-2022-08_win10-1/mwstage/tools/ba-elf-ba2-r36379.w10/bin/../lib/gcc/ba-elf/4.7.4/../../../../ba-elf/lib/mcpu_jn51xx_sizeopt\libc.a(lib_a-memcpy.o)
                                        0x169 (size before relaxing)
 .debug_str     0x00000000000000a6       0xc5 c:/users/makoto/desktop/mwstage-2022-08_win10-1/mwstage/tools/ba-elf-ba2-r36379.w10/bin/../lib/gcc/ba-elf/4.7.4/mcpu_jn51xx_sizeopt\libgcc.a(_fixunsdfsi.o)
                                        0x169 (size before relaxing)
 .debug_str     0x000000000000016b       0x7b c:/users/makoto/desktop/mwstage-2022-08_win10-1/mwstage/tools/ba-elf-ba2-r36379.w10/bin/../lib/gcc/ba-elf/4.7.4/mcpu_jn51xx_sizeopt\libgcc.a(_udivdi3.o)
                                        0x1d7 (size before relaxing)
 .debug_str     0x00000000000001e6        0xa c:/users/makoto/desktop/mwstage-2022-08_win10-1/mwstage/tools/ba-elf-ba2-r36379.w10/bin/../lib/gcc/ba-elf/4.7.4/mcpu_jn51xx_sizeopt\libgcc.a(_umoddi3.o)
                                        0x1d7 (size before relaxing)
 .debug_str     0x00000000000001f0       0xc6 c:/users/makoto/desktop/mwstage-2022-08_win10-1/mwstage/tools/ba-elf-ba2-r36379.w10/bin/../lib/gcc/ba-elf/4.7.4/mcpu_jn51xx_sizeopt\libgcc.a(adddf3.o)
                                        0x1ba (size before relaxing)
 .debug_str     0x00000000000002b6       0x7a c:/users/makoto/desktop/mwstage-2022-08_win10-1/mwstage/tools/ba-elf-ba2-r36379.w10/bin/../lib/gcc/ba-elf/4.7.4/mcpu_jn51xx_sizeopt\libgcc.a(divdf3.o)
                                        0x1f9 (size before relaxing)
 .debug_str     0x0000000000000330       0x3f c:/users/makoto/desktop/mwstage-2022-08_win10-1/mwstage/tools/ba-elf-ba2-r36379.w10/bin/../lib/gcc/ba-elf/4.7.4/mcpu_jn51xx_sizeopt\libgcc.a(eqdf2.o)
                                        0x16e (size before relaxing)
 .debug_str     0x000000000000036f       0x57 c:/users/makoto/desktop/mwstage-2022-08_win10-1/mwstage/tools/ba-elf-ba2-r36379.w10/bin/../lib/gcc/ba-elf/4.7.4/mcpu_jn51xx_sizeopt\libgcc.a(gedf2.o)
                                        0x186 (size before relaxing)
 .debug_str     0x00000000000003c6       0x3f c:/users/makoto/desktop/mwstage-2022-08_win10-1/mwstage/tools/ba-elf-ba2-r36379.w10/bin/../lib/gcc/ba-elf/4.7.4/mcpu_jn51xx_sizeopt\libgcc.a(ledf2.o)
                                        0x186 (size before relaxing)
 .debug_str     0x0000000000000405       0x72 c:/users/makoto/desktop/mwstage-2022-08_win10-1/mwstage/tools/ba-elf-ba2-r36379.w10/bin/../lib/gcc/ba-elf/4.7.4/mcpu_jn51xx_sizeopt\libgcc.a(muldf3.o)
                                        0x1eb (size before relaxing)
 .debug_str     0x0000000000000477       0x41 c:/users/makoto/desktop/mwstage-2022-08_win10-1/mwstage/tools/ba-elf-ba2-r36379.w10/bin/../lib/gcc/ba-elf/4.7.4/mcpu_jn51xx_sizeopt\libgcc.a(subdf3.o)
                                        0x1ba (size before relaxing)
 .debug_str     0x00000000000004b8       0x4b c:/users/makoto/desktop/mwstage-2022-08_win10-1/mwstage/tools/ba-elf-ba2-r36379.w10/bin/../lib/gcc/ba-elf/4.7.4/mcpu_jn51xx_sizeopt\libgcc.a(fixdfsi.o)
                                        0x17f (size before relaxing)
 .debug_str     0x0000000000000503       0x54 c:/users/makoto/desktop/mwstage-2022-08_win10-1/mwstage/tools/ba-elf-ba2-r36379.w10/bin/../lib/gcc/ba-elf/4.7.4/mcpu_jn51xx_sizeopt\libgcc.a(floatsidf.o)
                                        0x188 (size before relaxing)
 .debug_str     0x0000000000000557       0x4b c:/users/makoto/desktop/mwstage-2022-08_win10-1/mwstage/tools/ba-elf-ba2-r36379.w10/bin/../lib/gcc/ba-elf/4.7.4/mcpu_jn51xx_sizeopt\libgcc.a(floatunsidf.o)
                                        0x185 (size before relaxing)
 .debug_str     0x00000000000005a2      0x11c c:/users/makoto/desktop/mwstage-2022-08_win10-1/mwstage/tools/ba-elf-ba2-r36379.w10/bin/../lib/gcc/ba-elf/4.7.4/../../../../ba-elf/lib/mcpu_jn51xx_sizeopt\libc.a(lib_a-memset.o)
                                        0x155 (size before relaxing)

.debug_frame    0x0000000000000000      0x24c
 .debug_frame   0x0000000000000000       0x20 c:/users/makoto/desktop/mwstage-2022-08_win10-1/mwstage/tools/ba-elf-ba2-r36379.w10/bin/../lib/gcc/ba-elf/4.7.4/../../../../ba-elf/lib/mcpu_jn51xx_sizeopt\libc.a(lib_a-memcmp.o)
 .debug_frame   0x0000000000000020       0x20 c:/users/makoto/desktop/mwstage-2022-08_win10-1/mwstage/tools/ba-elf-ba2-r36379.w10/bin/../lib/gcc/ba-elf/4.7.4/../../../../ba-elf/lib/mcpu_jn51xx_sizeopt\libc.a(lib_a-memcpy.o)
 .debug_frame   0x0000000000000040       0x2c c:/users/makoto/desktop/mwstage-2022-08_win10-1/mwstage/tools/ba-elf-ba2-r36379.w10/bin/../lib/gcc/ba-elf/4.7.4/mcpu_jn51xx_sizeopt\libgcc.a(_fixunsdfsi.o)
 .debug_frame   0x000000000000006c       0x30 c:/users/makoto/desktop/mwstage-2022-08_win10-1/mwstage/tools/ba-elf-ba2-r36379.w10/bin/../lib/gcc/ba-elf/4.7.4/mcpu_jn51xx_sizeopt\libgcc.a(adddf3.o)
 .debug_frame   0x000000000000009c       0x34 c:/users/makoto/desktop/mwstage-2022-08_win10-1/mwstage/tools/ba-elf-ba2-r36379.w10/bin/../lib/gcc/ba-elf/4.7.4/mcpu_jn51xx_sizeopt\libgcc.a(divdf3.o)
 .debug_frame   0x00000000000000d0       0x30 c:/users/makoto/desktop/mwstage-2022-08_win10-1/mwstage/tools/ba-elf-ba2-r36379.w10/bin/../lib/gcc/ba-elf/4.7.4/mcpu_jn51xx_sizeopt\libgcc.a(eqdf2.o)
 .debug_frame   0x0000000000000100       0x34 c:/users/makoto/desktop/mwstage-2022-08_win10-1/mwstage/tools/ba-elf-ba2-r36379.w10/bin/../lib/gcc/ba-elf/4.7.4/mcpu_jn51xx_sizeopt\libgcc.a(gedf2.o)
 .debug_frame   0x0000000000000134       0x34 c:/users/makoto/desktop/mwstage-2022-08_win10-1/mwstage/tools/ba-elf-ba2-r36379.w10/bin/../lib/gcc/ba-elf/4.7.4/mcpu_jn51xx_sizeopt\libgcc.a(ledf2.o)