Archive member included because of file (symbol)

C:/Users/makot/Desktop/ScoreBoradProject/MWSTAGE-2020-12_win10/MWSTAGE/MWSDK/TWENET/current/lib/libTWENET_RED.a(ToCoNet_event.o)
                              objs_RED/WirelessUart_receive.o (symbol from plugin) (PRSEV_u8RegisterEx)
C:/Users/makot/Desktop/ScoreBoradProject/MWSTAGE-2020-12_win10/MWSTAGE/MWSDK/TWENET/current/lib/libTWENET_RED.a(ToCoNet_main.o)
                              objs_RED/WirelessUart_receive.o (symbol from plugin) (sToCoNet_Context)
C:/Users/makot/Desktop/ScoreBoradProject/MWSTAGE-2020-12_win10/MWSTAGE/MWSDK/TWENET/current/lib/libTWENET_RED.a(ToCoNet_utils.o)
                              ToCoNet_main.o (symbol from plugin) (ToCoNet_u32GetVersion)
C:/Users/makot/Desktop/ScoreBoradProject/MWSTAGE-2020-12_win10/MWSTAGE/MWSDK/TWENET/current/lib/libTWENET_RED.a(ToCoNet_mod_Tx.o)
                              objs_RED/mwx_appcore.o (symbol from plugin) (ToCoNet_vReg_mod_Tx_Standard)
C:/Users/makot/Desktop/ScoreBoradProject/MWSTAGE-2020-12_win10/MWSTAGE/MWSDK/TWENET/current/lib/libTWENET_RED.a(ToCoNet_mod_TxRxQueue.o)
                              objs_RED/mwx_appcore.o (symbol from plugin) (ToCoNet_vReg_mod_TxRxQueueSmall)
C:/Users/makot/Desktop/ScoreBoradProject/MWSTAGE-2020-12_win10/MWSTAGE/MWSDK/TWENET/current/lib/libTWENET_RED.a(ToCoNet_mod_Nwk_Common.o)
                              ToCoNet_main.o (symbol from plugin) (ToCoNet_vRxProc_Mod)
C:/Users/makot/Desktop/ScoreBoradProject/MWSTAGE-2020-12_win10/MWSTAGE/MWSDK/TWENET/current/lib/libTWENET_RED.a(ToCoNet_mod_Channel_Mgr.o)
                              ToCoNet_mod_Tx.o (symbol from plugin) (ToCoNet_ChMgr_bCh_OnTx)
C:/Users/makot/Desktop/ScoreBoradProject/MWSTAGE-2020-12_win10/MWSTAGE/MWSDK/TWENET/current/lib/libTWENET_RED.a(Version.o)
                              ToCoNet_utils.o (symbol from plugin) (au8ToCoNetVersionInfo)
C:/Users/makot/Desktop/ScoreBoradProject/MWSTAGE-2020-12_win10/MWSTAGE/MWSDK/TWENET/current/lib/libTWENET_RED.a(AppQueueApi_ToCoNet.o)
                              ToCoNet_main.o (symbol from plugin) (_u32_INT_ticktimer)
C:/Users/makot/Desktop/ScoreBoradProject/MWSTAGE-2020-12_win10/MWSTAGE/MWSDK/TWENET/current/lib/libTWENEText_RED.a(AppStart.o)
                              (AppColdStart)
C:/Users/makot/Desktop/ScoreBoradProject/MWSTAGE-2020-12_win10/MWSTAGE/MWSDK/TWENET/current/lib/libTWENEText_RED.a(getMacAddr.o)
                              ToCoNet_main.o (symbol from plugin) (ToCoNet_u32GetSerialOnBoot)
C:/Users/makot/Desktop/ScoreBoradProject/MWSTAGE-2020-12_win10/MWSTAGE/MWSDK/TWENET/current/lib/libTWENEText_RED.a(mac.o)
                              ToCoNet_main.o (symbol from plugin) (Mac_vInit)
C:/Users/makot/Desktop/ScoreBoradProject/MWSTAGE-2020-12_win10/MWSTAGE/MWSDK/TWENET/current/lib/libTWENEText_RED.a(AES_CCM.o)
                              AppStart.o (symbol from plugin) (bAES_CCM_KeyReg)
C:/Users/makot/Desktop/ScoreBoradProject/MWSTAGE-2020-12_win10/MWSTAGE/MWSDK/TWENET/current/lib/libTWENEText_RED.a(no_ack_handler.o)
                              AppStart.o (symbol from plugin) (vInstallNoAckHandler)
C:/Users/makot/Desktop/ScoreBoradProject/MWSTAGE-2020-12_win10/MWSTAGE/MWSDK/TWENET/current/lib/libTWENEText_RED.a(Version.o)
                              ToCoNet_utils.o (symbol from plugin) (au8ToCoNetExtVersionInfo)
C:/Users/makot/Desktop/ScoreBoradProject/MWSTAGE-2020-12_win10/MWSTAGE/MWSDK/TWENET/current/lib/libTWENETutils_RED.a(serial.o)
                              objs_RED/WirelessUart_receive.o (symbol from plugin) (SERIAL_bTxChar)
C:/Users/makot/Desktop/ScoreBoradProject/MWSTAGE-2020-12_win10/MWSTAGE/MWSDK/TWENET/current/lib/libTWENETutils_RED.a(uart.o)
                              serial.o (symbol from plugin) (UART_vInit)
C:/Users/makot/Desktop/ScoreBoradProject/MWSTAGE-2020-12_win10/MWSTAGE/MWSDK/TWENET/current/lib/libTWENETutils_RED.a(ByteQueue.o)
                              ToCoNet_main.o (symbol from plugin) (QUEUE__vInit)
C:/Users/makot/Desktop/ScoreBoradProject/MWSTAGE-2020-12_win10/MWSTAGE/MWSDK/TWENET/current/lib/libTWENETutils_RED.a(ccitt8.o)
                              AppStart.o (symbol from plugin) (u8CCITT8)
C:/Users/makot/Desktop/ScoreBoradProject/MWSTAGE-2020-12_win10/MWSTAGE/MWSDK/TWENET/current/lib/libTWENETutils_RED.a(fprintf.o)
                              objs_RED/sensors/legacy/sensor_driver.o (symbol from plugin) (vfPrintf)
C:/Users/makot/Desktop/ScoreBoradProject/MWSTAGE-2020-12_win10/MWSTAGE/MWSDK/TWENET/current/lib/libTWENETutils_RED.a(utils.o)
                              objs_RED/mwx_appcore.o (symbol from plugin) (vTimerConfig)
C:/Users/makot/Desktop/ScoreBoradProject/MWSTAGE-2020-12_win10/MWSTAGE/MWSDK/TWENET/current/lib/libTWENETutils_RED.a(ccm.o)
                              AES_CCM.o (symbol from plugin) (ccm_init_and_key)
C:/Users/makot/Desktop/ScoreBoradProject/MWSTAGE-2020-12_win10/MWSTAGE/MWSDK/TWENET/current/lib/libTWENETutils_RED.a(Version.o)
[...]
Memory Configuration

Name             Origin             Length             Attributes
flash            0x0000000000080000 0x0000000000080000
ram              0x000000000400004c 0x0000000000007fb4
*default*        0x0000000000000000 0xffffffffffffffff

Linker script and memory map

LOAD objs_RED/sensors/legacy/SMBus.o
LOAD C:\Users\makot\AppData\Local\Temp\ccp396wm.ltrans0.ltrans.o
LOAD C:\Users\makot\AppData\Local\Temp\ccp396wm.ltrans1.ltrans.o
LOAD C:\Users\makot\AppData\Local\Temp\ccp396wm.ltrans2.ltrans.o
LOAD C:\Users\makot\AppData\Local\Temp\ccp396wm.ltrans3.ltrans.o
LOAD C:\Users\makot\AppData\Local\Temp\ccp396wm.ltrans4.ltrans.o
LOAD C:\Users\makot\AppData\Local\Temp\ccp396wm.ltrans5.ltrans.o
LOAD C:\Users\makot\AppData\Local\Temp\ccp396wm.ltrans6.ltrans.o
LOAD C:\Users\makot\AppData\Local\Temp\ccp396wm.ltrans7.ltrans.o
LOAD C:\Users\makot\AppData\Local\Temp\ccp396wm.ltrans8.ltrans.o
LOAD C:\Users\makot\AppData\Local\Temp\ccp396wm.ltrans9.ltrans.o
LOAD C:\Users\makot\AppData\Local\Temp\ccp396wm.ltrans10.ltrans.o
LOAD C:\Users\makot\AppData\Local\Temp\ccp396wm.ltrans11.ltrans.o
LOAD C:\Users\makot\AppData\Local\Temp\ccp396wm.ltrans12.ltrans.o
LOAD C:\Users\makot\AppData\Local\Temp\ccp396wm.ltrans13.ltrans.o
LOAD C:\Users\makot\AppData\Local\Temp\ccp396wm.ltrans14.ltrans.o
LOAD C:\Users\makot\AppData\Local\Temp\ccp396wm.ltrans15.ltrans.o
LOAD C:\Users\makot\AppData\Local\Temp\ccp396wm.ltrans16.ltrans.o
LOAD C:\Users\makot\AppData\Local\Temp\ccp396wm.ltrans17.ltrans.o
LOAD C:\Users\makot\AppData\Local\Temp\ccp396wm.ltrans18.ltrans.o
LOAD C:\Users\makot\AppData\Local\Temp\ccp396wm.ltrans19.ltrans.o
LOAD C:\Users\makot\AppData\Local\Temp\ccp396wm.ltrans20.ltrans.o
LOAD C:\Users\makot\AppData\Local\Temp\ccp396wm.ltrans21.ltrans.o
LOAD c:/users/makot/desktop/scoreboradproject/mwstage-2020-12_win10/mwstage/tools/ba-elf-ba2-r36379.w10/bin/../lib/gcc/ba-elf/4.7.4/../../../../ba-elf/lib/mcpu_jn51xx_sizeopt\libc.a
LOAD c:/users/makot/desktop/scoreboradproject/mwstage-2020-12_win10/mwstage/tools/ba-elf-ba2-r36379.w10/bin/../lib/gcc/ba-elf/4.7.4/mcpu_jn51xx_sizeopt\libgcc.a
LOAD c:/users/makot/desktop/scoreboradproject/mwstage-2020-12_win10/mwstage/tools/ba-elf-ba2-r36379.w10/bin/../lib/gcc/ba-elf/4.7.4/../../../../ba-elf/lib/mcpu_jn51xx_sizeopt\libc.a
LOAD objs_RED/sensors/legacy/sensor_driver.o
LOAD objs_RED/sensors/legacy/SHTC3.o
LOAD objs_RED/sensors/legacy/SHT31.o
LOAD objs_RED/sensors/legacy/LTR308ALS.o
LOAD objs_RED/sensors/legacy/BME280.o
LOAD objs_RED/mwx_debug.o
LOAD objs_RED/WirelessUart_receive.o
LOAD objs_RED/mwx_utils_crc8.o
LOAD objs_RED/mwx_utils.o
LOAD objs_RED/mwx_appcore.o
LOAD objs_RED/mwx_memory.o
LOAD objs_RED/mwx_periph.o
LOAD objs_RED/mwx_periph_dio.o
LOAD objs_RED/mwx_periph_buttons.o
LOAD objs_RED/mwx_periph_analogue.o
LOAD objs_RED/mwx_periph_eeprom.o
LOAD objs_RED/mwx_stream.o
LOAD objs_RED/mwx_duplicate_checker.o
LOAD objs_RED/mwx_parser_pkt.o
LOAD objs_RED/settings/mwx_settings.o
LOAD objs_RED/settings/mwx_stgs_standard.o
LOAD objs_RED/settings/mwx_stgs_standard_core.o
LOAD objs_RED/settings/mwx_stgs_standard_tbl.o
LOAD objs_RED/boards/mwx_brd_pal_amb.o
LOAD objs_RED/boards/mwx_brd_pal_mot.o
LOAD objs_RED/boards/mwx_brd_pal_mag.o
LOAD objs_RED/boards/mwx_brd_pal_notice.o
LOAD objs_RED/boards/mwx_brd_monostick.o
LOAD objs_RED/boards/mwx_brd_app_twelite.o
LOAD objs_RED/boards/mwx_brd_cue.o
LOAD objs_RED/networks/mwx_nwk_simple.o
LOAD objs_RED/sensors/legacy/probe.o
LOAD objs_RED/sensors/mwx_sns_MC3630.o
LOAD objs_RED/sensors/mwx_sns_PCA9632.o
LOAD C:/Users/makot/Desktop/ScoreBoradProject/MWSTAGE-2020-12_win10/MWSTAGE/MWSDK/TWENET/current/lib/libTWENET_RED.a
LOAD C:/Users/makot/Desktop/ScoreBoradProject/MWSTAGE-2020-12_win10/MWSTAGE/MWSDK/TWENET/current/lib/libTWENEText_RED.a
LOAD C:/Users/makot/Desktop/ScoreBoradProject/MWSTAGE-2020-12_win10/MWSTAGE/MWSDK/TWENET/current/lib/libTWENETutils_RED.a
LOAD C:/Users/makot/Desktop/ScoreBoradProject/MWSTAGE-2020-12_win10/MWSTAGE/MWSDK/TWENET/current/lib/libTWENETstgs_RED.a
START GROUP
LOAD C:/Users/makot/Desktop/ScoreBoradProject/MWSTAGE-2020-12_win10/MWSTAGE/MWSDK/ChipLib/SW4063V1416/Components/Library\libAppApi_JN5169.a
LOAD C:/Users/makot/Desktop/ScoreBoradProject/MWSTAGE-2020-12_win10/MWSTAGE/MWSDK/ChipLib/SW4063V1416/Components/Library\libMAC_JN5169.a
LOAD C:/Users/makot/Desktop/ScoreBoradProject/MWSTAGE-2020-12_win10/MWSTAGE/MWSDK/ChipLib/SW4063V1416/Components/Library\libTimerServer_JN516x.a
LOAD C:/Users/makot/Desktop/ScoreBoradProject/MWSTAGE-2020-12_win10/MWSTAGE/MWSDK/ChipLib/SW4063V1416/Components/Library\libTOF_JN516x.a
LOAD C:/Users/makot/Desktop/ScoreBoradProject/MWSTAGE-2020-12_win10/MWSTAGE/MWSDK/ChipLib/SW4063V1416/Components/Library\libXcv_JN5169.a
LOAD C:/Users/makot/Desktop/ScoreBoradProject/MWSTAGE-2020-12_win10/MWSTAGE/MWSDK/ChipLib/SW4063V1416/Components/Library\libMMAC_JN5169.a
LOAD C:/Users/makot/Desktop/ScoreBoradProject/MWSTAGE-2020-12_win10/MWSTAGE/MWSDK/ChipLib/SW4063V1416/Components/Library\libJPT_JN5169.a
LOAD C:/Users/makot/Desktop/ScoreBoradProject/MWSTAGE-2020-12_win10/MWSTAGE/MWSDK/ChipLib/SW4063V1416/Components/Library\libAes_JN516x.a
LOAD C:/Users/makot/Desktop/ScoreBoradProject/MWSTAGE-2020-12_win10/MWSTAGE/MWSDK/ChipLib/SW4063V1416/Components/Library\libHardwareApi_JN5169.a
LOAD C:/Users/makot/Desktop/ScoreBoradProject/MWSTAGE-2020-12_win10/MWSTAGE/MWSDK/ChipLib/SW4063V1416/Components/Library\libMicroSpecific_JN516x.a
LOAD C:/Users/makot/Desktop/ScoreBoradProject/MWSTAGE-2020-12_win10/MWSTAGE/MWSDK/ChipLib/SW4063V1416/Components/Library\libBoot_JN516x.a
LOAD C:/Users/makot/Desktop/ScoreBoradProject/MWSTAGE-2020-12_win10/MWSTAGE/MWSDK/ChipLib/SW4063V1416/Components/Library\libPDM_EEPROM_JN516x_NO_RTOS.a
LOAD C:/Users/makot/Desktop/ScoreBoradProject/MWSTAGE-2020-12_win10/MWSTAGE/MWSDK/TWENET/current/lib/libTWENET_RED.a
LOAD C:/Users/makot/Desktop/ScoreBoradProject/MWSTAGE-2020-12_win10/MWSTAGE/MWSDK/TWENET/current/lib/libTWENEText_RED.a
LOAD C:/Users/makot/Desktop/ScoreBoradProject/MWSTAGE-2020-12_win10/MWSTAGE/MWSDK/TWENET/current/lib/libTWENETutils_RED.a
LOAD C:/Users/makot/Desktop/ScoreBoradProject/MWSTAGE-2020-12_win10/MWSTAGE/MWSDK/TWENET/current/lib/libTWENETstgs_RED.a
END GROUP
LOAD c:/users/makot/desktop/scoreboradproject/mwstage-2020-12_win10/mwstage/tools/ba-elf-ba2-r36379.w10/bin/../lib/gcc/ba-elf/4.7.4/../../../../ba-elf/lib/mcpu_jn51xx_sizeopt\libstdc++.a
LOAD c:/users/makot/desktop/scoreboradproject/mwstage-2020-12_win10/mwstage/tools/ba-elf-ba2-r36379.w10/bin/../lib/gcc/ba-elf/4.7.4/../../../../ba-elf/lib/mcpu_jn51xx_sizeopt\libm.a
LOAD c:/users/makot/desktop/scoreboradproject/mwstage-2020-12_win10/mwstage/tools/ba-elf-ba2-r36379.w10/bin/../lib/gcc/ba-elf/4.7.4/../../../../ba-elf/lib/mcpu_jn51xx_sizeopt\libc.a
LOAD c:/users/makot/desktop/scoreboradproject/mwstage-2020-12_win10/mwstage/tools/ba-elf-ba2-r36379.w10/bin/../lib/gcc/ba-elf/4.7.4/mcpu_jn51xx_sizeopt\libgcc.a
LOAD c:/users/makot/desktop/scoreboradproject/mwstage-2020-12_win10/mwstage/tools/ba-elf-ba2-r36379.w10/bin/../lib/gcc/ba-elf/4.7.4/../../../../ba-elf/lib/mcpu_jn51xx_sizeopt\libc.a
                0x0000000000001000                _minimum_heap_size = 0x1000
                0x0000000000000c00                _stack_size = 0xc00
                0x0000000000080038                exception_vsr_table = 0x80038
                0x0000000004000000                pSPIflashFncTable = 0x4000000
                0x0000000000000044                restore_state = 0x44
                0x000000000000004a                bZSPIWaitWIPClear = 0x4a
                0x0000000000000050                u16ZSPIflashRDID = 0x50
                0x0000000000000056                u8SelectFlashChipType = 0x56
                0x000000000000005c                memcpy = 0x5c
                0x0000000000000066                vBootFlashProg = 0x66
                [0x0000000000000d16]                __minimum_heap_size = DEFINED (__minimum_heap_size)?__minimum_heap_size:0xd16
                [0x0000000000000800]                __stack_size = DEFINED (__stack_size)?__stack_size:0x800
                0x0000000000000000                _SwConfig = (DEFINED (g_bSWConf_Debug) | (DEFINED (g_bSWConf_AltDebugPort) << 0x1))

.version        0x000000000007fffc        0x4
                0x000000000007fffc        0x4 LONG 0xf03000b

.bir            0x0000000000080000       0x10
                0x0000000000080000                _flash_start = ABSOLUTE (.)
                0x0000000000080000                _flash_beg = ABSOLUTE (.)
                0x0000000000080000        0x4 LONG 0x12345678
                0x0000000000080004        0x4 LONG 0x11223344
                0x0000000000080008        0x4 LONG 0x55667788
                0x000000000008000c        0x1 BYTE 0x8
                0x000000000008000d        0x1 BYTE 0x1
                0x000000000008000e        0x2 SHORT 0x0

.flashheader    0x0000000000080010       0x28
                0x0000000000080010        0x4 LONG 0x0
                0x0000000000080014        0x4 LONG 0x0
                0x0000000000080018        0x4 LONG 0x0
                0x000000000008001c        0x2 SHORT 0x0
                0x000000000008001e        0x2 SHORT 0x0 ABSOLUTE (_SwConfig)
                0x0000000000080020                _enc_start = ABSOLUTE (.)
                0x0000000000080020        0x4 LONG 0x10504 ABSOLUTE (_image_len)
                0x0000000000080024        0x4 LONG 0x904f4 ABSOLUTE (_flash_data_start)
                0x0000000000080028        0x2 SHORT 0x13 ((ABSOLUTE (_ram_data_start) / 0x4) & 0xffff)
                0x000000000008002a        0x2 SHORT 0x4 ((ABSOLUTE (_ram_data_len) / 0x4) & 0xffff)
                0x000000000008002c        0x2 SHORT 0x17 ((ABSOLUTE (_bss_start) / 0x4) & 0xffff)
                0x000000000008002e        0x2 SHORT 0x59a ((ABSOLUTE (_bss_len) / 0x4) & 0xffff)
                0x0000000000080030        0x4 LONG 0x87ff8 ABSOLUTE (AppWarmStart)
                0x0000000000080034        0x4 LONG 0x89600 ABSOLUTE (AppColdStart)
                0x0000000000000000                _enc_offset = (_enc_start & 0xf)
                0x0000000000000044                PROVIDE (vException_BusError, restore_state)
                0x0000000000000044                PROVIDE (vException_UnalignedAccess, restore_state)
                0x0000000000000044                PROVIDE (vException_IllegalInstruction, restore_state)
                0x0000000000000044                PROVIDE (vException_SysCall, restore_state)
                0x0000000000000044                PROVIDE (vException_Trap, restore_state)
                0x0000000000000044                PROVIDE (vException_StackOverflow, restore_state)
                0x0000000000080038                . = ABSOLUTE (exception_vsr_table)

.vsr_table      0x0000000000080038       0x18
                0x0000000000080038        0x4 LONG 0x44 ABSOLUTE (vException_BusError)
                0x000000000008003c        0x4 LONG 0x44 ABSOLUTE (vException_UnalignedAccess)
                0x0000000000080040        0x4 LONG 0x44 ABSOLUTE (vException_IllegalInstruction)
                0x0000000000080044        0x4 LONG 0x44 ABSOLUTE (vException_SysCall)
                0x0000000000080048        0x4 LONG 0x44 ABSOLUTE (vException_Trap)
                0x000000000008004c        0x4 LONG 0x44 ABSOLUTE (vException_StackOverflow)

.vsr_handlers   0x0000000000080050       0xaa
 *(.vsr_handlers)
 .vsr_handlers  0x0000000000080050       0xaa C:/Users/makot/Desktop/ScoreBoradProject/MWSTAGE-2020-12_win10/MWSTAGE/MWSDK/ChipLib/SW4063V1416/Components/Library\libBoot_JN516x.a(ExceptionHandler.o)
                0x0000000000080050                _exception_external_interrupt
                0x00000000000800f8                _default_vsr_dummy

.rodata         0x0000000000080100      0x733
 *(.rodata*)
 .rodata        0x0000000000080100      0x148 C:\Users\makot\AppData\Local\Temp\ccp396wm.ltrans0.ltrans.o
 .rodata.str1.1
                0x0000000000080248       0x8a C:\Users\makot\AppData\Local\Temp\ccp396wm.ltrans1.ltrans.o
                                         0x8f (size before relaxing)
 .rodata        0x00000000000802d2        0x5 C:\Users\makot\AppData\Local\Temp\ccp396wm.ltrans1.ltrans.o
 .rodata.str1.1
                0x00000000000802d7       0x12 C:\Users\makot\AppData\Local\Temp\ccp396wm.ltrans2.ltrans.o
 *fill*         0x00000000000802e9        0x7 00
 .rodata        0x00000000000802f0       0xd0 C:\Users\makot\AppData\Local\Temp\ccp396wm.ltrans2.ltrans.o
 .rodata        0x00000000000803c0       0xd4 C:\Users\makot\AppData\Local\Temp\ccp396wm.ltrans3.ltrans.o
                0x00000000000803c0                s_aprScanHandleEvt.21225
                0x00000000000803f0                apvActionCalls
                0x0000000000080478                aprLPBMacVectorRamTable
                0x000000000008048c                psTamMacContext
                0x0000000000080490                psTAMcontext
 .rodata        0x0000000000080494       0x9a C:\Users\makot\AppData\Local\Temp\ccp396wm.ltrans4.ltrans.o
 .rodata        0x000000000008052e        0x4 C:\Users\makot\AppData\Local\Temp\ccp396wm.ltrans5.ltrans.o
 *fill*         0x0000000000080532        0x2 00
 .rodata        0x0000000000080534       0x30 C:\Users\makot\AppData\Local\Temp\ccp396wm.ltrans6.ltrans.o
                0x0000000000080534                au32TimerBaseAddress
                0x0000000000080548                CSWTCH.35.31814.31814
                0x000000000008055c                au32UartAddrOffset
 .rodata.str1.1
                0x0000000000080564       0x88 C:\Users\makot\AppData\Local\Temp\ccp396wm.ltrans7.ltrans.o
 .rodata        0x00000000000805ec        0xa C:\Users\makot\AppData\Local\Temp\ccp396wm.ltrans8.ltrans.o
 .rodata.str1.1
                0x00000000000805f6        0xf C:\Users\makot\AppData\Local\Temp\ccp396wm.ltrans9.ltrans.o
                                         0x21 (size before relaxing)
 .rodata        0x0000000000080605       0x17 C:\Users\makot\AppData\Local\Temp\ccp396wm.ltrans9.ltrans.o
 .rodata        0x000000000008061c       0x20 C:\Users\makot\AppData\Local\Temp\ccp396wm.ltrans10.ltrans.o
                0x000000000008061c                aeTimerInterruptDeviceIDlut.31867
 .rodata        0x000000000008063c        0x6 C:\Users\makot\AppData\Local\Temp\ccp396wm.ltrans11.ltrans.o
                0x000000000008063c                aeXcvPhyEvtToScanEvt.5424.21228
 .rodata.str1.1
                0x0000000000080642       0x22 C:\Users\makot\AppData\Local\Temp\ccp396wm.ltrans12.ltrans.o
 .rodata        0x0000000000080664       0x38 C:\Users\makot\AppData\Local\Temp\ccp396wm.ltrans12.ltrans.o
                0x0000000000080664                asStateFuncTbl.11102
 .rodata.str1.1
                0x000000000008069c       0x11 C:\Users\makot\AppData\Local\Temp\ccp396wm.ltrans13.ltrans.o
 *fill*         0x00000000000806ad        0x3 00
 .rodata        0x00000000000806b0       0x7c C:\Users\makot\AppData\Local\Temp\ccp396wm.ltrans13.ltrans.o
                0x00000000000806e4                u32MacLow_TOCOS
                0x00000000000806e8                u32MacHigh_TOCOS
 .rodata.str1.1
                0x000000000008072c       0x16 C:\Users\makot\AppData\Local\Temp\ccp396wm.ltrans14.ltrans.o
                                         0x27 (size before relaxing)
 *fill*         0x0000000000080742        0x2 00
 .rodata        0x0000000000080744       0x18 C:\Users\makot\AppData\Local\Temp\ccp396wm.ltrans15.ltrans.o
 .rodata.str1.1
                0x000000000008075c       0x10 C:\Users\makot\AppData\Local\Temp\ccp396wm.ltrans17.ltrans.o
 .rodata        0x000000000008076c       0x11 C:\Users\makot\AppData\Local\Temp\ccp396wm.ltrans17.ltrans.o
 *fill*         0x000000000008077d        0x3 00
 .rodata        0x0000000000080780        0xc C:\Users\makot\AppData\Local\Temp\ccp396wm.ltrans18.ltrans.o
                0x0000000000080788                psTamXcvContext
 .rodata.str1.1
                0x000000000008078c       0xa7 C:\Users\makot\AppData\Local\Temp\ccp396wm.ltrans18.ltrans.o
                                         0xaa (size before relaxing)

.text           0x0000000000080834     0xfcbf
 *(.text*)
 .text          0x0000000000080834      0xd9c C:\Users\makot\AppData\Local\Temp\ccp396wm.ltrans0.ltrans.o
                0x0000000000080834                mac_vLPBAdjustBeaconOffset
                0x0000000000080891                mac_u32LPBGetBeaconTimeout
                0x000000000008089a                eWEnDTmrExpiry.20866
                0x00000000000808a5                eWEnDEdDone.20863
                0x0000000000080900                eGenlDontCare.20860
                0x0000000000080905                eGenlIllegal.20485
                0x000000000008090c                u32GetTimer0
                0x0000000000080913                vSetTimer0
                0x0000000000080922                _out_fct.15528
                0x0000000000080934                _out_null.15534
                0x0000000000080937                SerCmdBinary_Output.14803
                0x00000000000809a0                SerCmdBinary_u8Parse.14756
                0x0000000000080aa8                SerCmdAscii_u8Parse.14688
                0x0000000000080c11                vOutputStream.14669
                0x0000000000080c1d                vHandlerPatch.13040
                0x0000000000080c54                _ZN3mwx2L112appdefs_crtpINS0_9NwkSimpleEE18_cbTweNet_vHwEventEPvmm.local.271
                0x0000000000080c57                _ZN3mwx2L112appdefs_crtpINS0_9NwkSimpleEE17_cbTweNet_u8HwIntEPvmm.local.270
                0x0000000000080c5c                _ZN3mwx2L112appdefs_crtpINS0_9NwkSimpleEE18_cbTweNet_vTxEventEPvRNS0_12packet_ev_txE.local.275
                0x0000000000080c76                _ZN3mwx2L112appdefs_crtpINS0_9NwkSimpleEE19_cbTweNet_vNwkEventEPvRNS0_13packet_ev_nwkE.local.276
                0x0000000000080c87                _ZN3mwx2L112appdefs_crtpINS0_9NwkSimpleEE15_cbTweNet_vMainEPv.local.277
                0x0000000000080c8a                _ZN3mwx2L110serial_jen7vOutputEcPv.local.278
                0x0000000000080c96                vTACu32ToPayloadM
                0x0000000000080cae                bTACframeInProgress
                0x0000000000080cd8                bTACassessBeaconForPayload
                0x0000000000080d29                bIsBbcSafeForTx
                0x0000000000080d5e                vTATwriteAclMaterialToHardware
                0x0000000000080d83                vTATsetBLE
                0x0000000000080dba                vTATgetFramePayload
                0x0000000000080dd7                eTATreadTXstatus
                0x0000000000080e1d                vTAHsetPhyStateDirect.part.0.25346
                0x0000000000080e39                vMEMreturn
                0x0000000000080eaa                vTACinformOriginator
                0x0000000000080ecc                pvMEMget
                0x0000000000080ef8                vTAMDEdetermineNullState
                0x0000000000080f12                vTAMCOupdatePendingList
                0x0000000000080fe4                vTAMCOsetCoordinator
                0x000000000008100a                eScanHandleEvt.part.0.20896
                0x0000000000081033                mac_eDcfmIndPost
                0x0000000000081054                mac_psDcfmIndGetBuf
                0x0000000000081075                vMLMErxEnableConfirm
                0x00000000000810a7                vMLMEcommStatus
                0x000000000008110a                vMLMEcommStatusFromFrame
                0x000000000008114e                vMLMEsyncLoss
                0x0000000000081181                vPMICpostFailedAssocDcfm
                0x00000000000811b9                vPMICassocReqTO_2.19313
                0x00000000000811d0                MAC_vPibSetPanId
                0x00000000000811eb                vHandleTofRequest.17419
                0x00000000000811ee                vAppApiDefSetPrbsSeed
                0x0000000000081212                u8CCITT8
                0x0000000000081238                Mac_vInit
                0x0000000000081284                bAES_CCM_KeyReg
                0x00000000000812c3                bFifoPush.11746
                0x00000000000812fc                vAppQApiPostMlme.11732
                0x000000000008131b                vAppQApiPostMcps.11739
                0x0000000000081336                pvFifoPull.11743
                0x000000000008135d                psAppQApiGetMlmeBuffer.11729
                0x0000000000081365                psAppQApiGetMcpsBuffer.11736
                0x000000000008136d                PRSEV_vSetState
                0x000000000008137d                PRSEV_vProcessEv_core.10180
                0x000000000008141f                PRSEV_vProcessEvPost
                0x0000000000081451                _PRSEV_vProcessEvSingle
                0x000000000008145e                ToCoNet_vMacStart
                0x000000000008146b                mwx::L1::duplciate_checker::_node_ele_init(mwx::L1::duplciate_checker::_node_ele*)
                0x000000000008148a                _ZN3mwx2L18_smplbufIhNS0_12alloc_attachIhEEE9push_backERKh.local.71
                0x00000000000814a7                _ZN3mwx2L112appdefs_virtD1Ev.local.195
                0x00000000000814aa                _ZN3mwx2L113serial_parserINS0_10alloc_heapIhEEEC1Ev.local.141
                0x00000000000814cc                _ZN3mwx2L16twenetC1Ev.local.145
                0x0000000000081554                _ZN3mwx2L115periph_analogueC1Ev.local.179
                0x000000000008157f                _ZN3mwx2L112appdefs_virt8on_eventEmRm.local.187
                0x0000000000081591                _ZN3mwx2L112appdefs_virt18cbToCoNet_vTxEventERNS0_12packet_ev_txE.local.190
                0x00000000000815a3                _ZN3mwx2L112appdefs_virt19cbToCoNet_vNwkEventERNS0_13packet_ev_nwkE.local.192
                0x00000000000815b5                _ZN3mwx2L112appdefs_virt5setupEv.local.194
 .text.unlikely
                0x00000000000815d0       0x5f C:\Users\makot\AppData\Local\Temp\ccp396wm.ltrans0.ltrans.o
                0x00000000000815d0                PRSEV_u8Register
                0x000000000008160e                _PRSEV_vProcessEvSingleH
                0x000000000008161d                _ZN3mwx2L112appdefs_virt18cbToCoNet_vRxEventERNS0_9packet_rxE.local.191
 .text.unlikely
                0x000000000008162f      0x81d C:\Users\makot\AppData\Local\Temp\ccp396wm.ltrans1.ltrans.o
                0x000000000008162f                loop()
 .text          0x0000000000081e4c      0xef2 C:\Users\makot\AppData\Local\Temp\ccp396wm.ltrans2.ltrans.o
                0x0000000000082044                _ftoa.15602.constprop.430
                0x000000000008239d                _ntoa_long_long.15576.constprop.427
                0x0000000000082472                _ntoa_long.15564.constprop.432
                0x000000000008253f                vMicroIntEnableOnly.constprop.420
                0x000000000008256b                vMMAC_SetChannelAndPower
                0x0000000000082714                vPhySetChannel
                0x0000000000082733                QUEUE__u8RemoveItem
                0x000000000008278d                QUEUE__vAddItem.constprop.410
                0x00000000000827bf                _ToCoNet_bRfChChannel
                0x0000000000082856                ToCoNet_ChMgr_bCh_Reconfig
                0x00000000000828be                ToCoNet_ChMgr_vCh_TxFin
                0x00000000000828ea                vHnd_E_STATE_WAIT_TX.11069
                0x000000000008295a                vHnd_E_STATE_IDLE.11061
                0x00000000000829be                vAHI_ProtocolPower.constprop.419
                0x00000000000829cc                vMMAC_ConfigureRadio
                0x0000000000082b77                bAHI_SetClockRate
                0x0000000000082c82                bAES_CCM_DecodeKey
 .text.unlikely
                0x0000000000082d3e       0x45 C:\Users\makot\AppData\Local\Temp\ccp396wm.ltrans2.ltrans.o
                0x0000000000082d3e                vAHI_MemoryHold.31578
 *fill*         0x0000000000082d83        0x1 00
 .text          0x0000000000082d84      0xba4 C:\Users\makot\AppData\Local\Temp\ccp396wm.ltrans3.ltrans.o
                0x0000000000082d84                eWBRTTxDone.20882
                0x0000000000082da2                vTAMCOframeTXgoingIdle
                0x0000000000082dbb                vTAMCOframeTXcap
                0x0000000000082de0                eWCoRRxDone.20873
                0x0000000000082e8a                eWBcnRxDone.20885
                0x0000000000083476                vTAMCOframeRXcap
                0x0000000000083488                vTAMCOframeRXgoingIdle
                0x000000000008349e                vTAMCOframeRXnobeacon
                0x00000000000834b0                vTAMDEframeRX
                0x00000000000834d8                vTAMDEframeRXtrackingDR
                0x000000000008351b                vTAMDEframePreSyncReq
                0x0000000000083533                vTAMCOframeTXbeacon
                0x00000000000835fa                vTAMDEframeRXsyncReq
                0x0000000000083849                vTAMDEint1FiredTrackingCAPgts
                0x00000000000838fa                eWONTTxDone.20879
 .text          0x0000000000083928      0xc47 C:\Users\makot\AppData\Local\Temp\ccp396wm.ltrans4.ltrans.o
                0x0000000000083928                vAHI_IntHandlerTimer4
                0x0000000000083949                vAHI_IntHandlerTimer3
                0x000000000008396a                vAHI_IntHandlerTimer1
                0x000000000008398a                vAHI_IntHandlerTimer0
                0x00000000000839ab                vTimerCallback.31461
                0x00000000000839b6                vAHI_IntHandlerSpiMaster
                0x00000000000839dc                vAHI_IntHandlerAnalogPeriph
                0x00000000000839fc                vTTIBLETimerExpired
                0x0000000000083a07                vAHI_WatchdogStop
                0x0000000000083a1e                _ZN3mwx2L120periph_pulse_counter10_on_wakeupEv.part.12.3538
                0x0000000000083a94                u32AHI_DioWakeStatus
                0x0000000000083aa5                vAHI_DioWakeEdge
                0x0000000000083ac5                vAHI_DioSetPullup
                0x0000000000083ae5                vAHI_DioSetOutput
                0x0000000000083af9                vAHI_DioSetDirection
                0x0000000000083b0d                vACI_CmdWaitBusy
                0x0000000000083b71                vACI_OptimisedCcmStar
                0x0000000000083d89                vTAIdisableInterrupt
                0x0000000000083da2                psRemove.part.0.30425
                0x0000000000083dd1                vMAC_MISCpollConfirm
                0x0000000000083e02                MAC_u8AclFindInfo
                0x0000000000083f2c                vTASretrieveSecurity
                0x0000000000083f4e                MAC_bLookUpKeyDescriptor.27977
                0x0000000000083fc8                u8TSCframeIncrease
                0x0000000000084001                vTSCpostTransmitUpdate
                0x0000000000084031                vCopyToDataFromMacAddr.27887
                0x0000000000084064                bTSCgetOutgoingInfo
                0x000000000008416d                vDoGoOff.27167
                0x0000000000084187                psTAQsearchFifo
                0x00000000000841d0                bTAQremoveFromFifo
                0x000000000008420d                vTTITransactionTimerExpired
                0x0000000000084236                vTAMinsertEvent
                0x000000000008429c                vTTITimer2Expired
                0x00000000000842a0                vTTITimer1Expired
                0x00000000000842a4                vTAM_TxRetryTimeout
                0x00000000000842a8                vTACsetTxFrameDefaults
                0x00000000000842ce                u8TACgetHeaderSize
                0x000000000008430b                bUpdateTime.26205
                0x0000000000084346                vTACbuildBeacon
                0x000000000008454e                u32TACpayloadToU32M
 .text.unlikely
                0x000000000008456f       0x24 C:\Users\makot\AppData\Local\Temp\ccp396wm.ltrans4.ltrans.o
                0x000000000008456f                vAHI_CpuDoze
                0x0000000000084582                vStartXtal32kExternalRc.31475
 .text          0x0000000000084593      0xb1f C:\Users\makot\AppData\Local\Temp\ccp396wm.ltrans5.ltrans.o
                0x0000000000084593                vAHI_IntHandlerTickTimer
                0x00000000000845da                vTACintRXheader
                0x0000000000084dd5                vTAMCOint1Fired
                0x0000000000084ef1                vTAMCOint1FiredCAP
                0x0000000000084f63                vTAMCOreqTXnoBeacon
                0x0000000000084f75                vTAMCOstartBeacon
                0x0000000000084fb0                vStartStoreValues.23528
                0x0000000000085067                bStartCallback.23557
                0x0000000000085096                vTrySendFromDirectCAP.23460
 *fill*         0x00000000000850b2        0x2 00
 .text          0x00000000000850b4      0x808 C:\Users\makot\AppData\Local\Temp\ccp396wm.ltrans6.ltrans.o
                0x00000000000850b4                _ZN3mwx2L113serial_parserINS0_12alloc_attachIhEEE4putcINS0_10serial_jenEEEiiP15_tsTWETERM_FILE.local.228
                0x000000000008541b                _MWX_periph_init()
                0x00000000000854de                vTimerConfig
                0x00000000000856e3                cbAppWarmStart.part.25.3881
                0x000000000008589d                _ZN3mwx2L16streamINS0_10serial_jenEElsERNS0_18MWX_Stream_EndLineE.isra.29.2368
 .text          0x00000000000858bc      0x570 C:\Users\makot\AppData\Local\Temp\ccp396wm.ltrans7.ltrans.o
                0x00000000000858bc                _ZN3mwx2L112appdefs_crtpINS0_9NwkSimpleEE18_cbTweNet_vRxEventEPvRNS0_9packet_rxE.local.272
                0x0000000000085df8                vAppApiDefMlmeRequest
                0x0000000000085e23                pvAppApiDefGetMacHandle
 *fill*         0x0000000000085e2c        0x0 00
 .text.unlikely
                0x0000000000085e2c      0x318 C:\Users\makot\AppData\Local\Temp\ccp396wm.ltrans7.ltrans.o
                0x0000000000085e49                vProcessIncomingHwEvent.10559
 .text          0x0000000000086144      0x907 C:\Users\makot\AppData\Local\Temp\ccp396wm.ltrans8.ltrans.o
                0x00000000000862a4                bAES_CCM_EncodeKey
                0x0000000000086351                SERIAL_vTxReady
                0x0000000000086389                bTAM_AES_CCMstarPatch
                0x00000000000864cd                bTAM_AES_CCMstarPatch2006
                0x00000000000865d4                vWriteFrame.25705
                0x00000000000867ac                bTATsendFrame
                0x00000000000867ff                vTrySendFromDirectNoBeacon.23464
                0x000000000008682a                vTAMCOreqTXinCAP
                0x000000000008684f                vTrySendUnslotted.24005
                0x0000000000086868                bSendDataRequest.24007
                0x000000000008697a                bProcessBeaconRX.24010
 .text.unlikely
                0x0000000000086a4b      0x181 C:\Users\makot\AppData\Local\Temp\ccp396wm.ltrans8.ltrans.o
                0x0000000000086ac4                bStartXtal32k.31485
 .text          0x0000000000086bcc      0x720 C:\Users\makot\AppData\Local\Temp\ccp396wm.ltrans9.ltrans.o
                0x0000000000086bcc                UART_vHandleUartInterrupt.13168
                0x0000000000086c53                _ZN3mwx2L114processev_crtpINS0_9NwkSimpleEE14vProcessEvCoreEP8_tsEvent7teEventm.local.274
                0x0000000000086d06                vRxChar.13065
                0x0000000000086d57                vXCV_IntHandlerPhy
                0x0000000000086e09                vScanHandleTimer.20482
                0x0000000000086e0e                vXCV_IntHandlerBbc
                0x0000000000086eb1                SERIAL_i16RxChar
                0x0000000000086f10                TWETERM_iGetC.15427
                0x0000000000086f32                u8TAM_AES_WriteAuxilliarySecurityHeaderIntoBuffer
                0x0000000000086fa4                u32AHI_ReadIndexSectorBits.constprop.287
                0x0000000000087005                vTAIsetCapTime
                0x0000000000087026                vTAIsetRxEnableTime
                0x0000000000087047                vDoGoActive.27169
                0x0000000000087069                vTAMRXEint2Fired
                0x000000000008709f                _ZN3mwx2L115periph_analogue5setupEbhPFvvE.local.178.constprop.323
                0x0000000000087139                vTAMRXEsetPhy
                0x00000000000871fc                vTAHsetPhyState
                0x000000000008722c                vTAMCOint2Fired
                0x000000000008724c                vSetPHYfromMacValue.24003
                0x000000000008727e                vTAMDEint1FiredWaitDR
                0x000000000008728b                vTACsetPHYfromMacValue
                0x00000000000872ac                vTAMRXEsetReceiveForPibChange
 .text.unlikely
                0x00000000000872ec      0x14d C:\Users\makot\AppData\Local\Temp\ccp396wm.ltrans9.ltrans.o
                0x00000000000872ec                _ZN3mwx2L114periph_twowireILi32EE9busy_waitEv.isra.4.9847
                0x000000000008732d                _ZN3mwx2L114periph_twowireILi32EE14cmd_tx_no_stopEv.isra.9.9853
                0x000000000008734c                _ZN3mwx2L114periph_twowireILi32EE5writeEPKhh.local.15.constprop.376
                0x000000000008738c                _ZL5delaym.2334.constprop.405
 .text          0x0000000000087439      0xadc C:\Users\makot\AppData\Local\Temp\ccp396wm.ltrans10.ltrans.o
                0x0000000000087439                mac_vLPBStartTimer
                0x000000000008769b                vProcessEvCoreTx.11038
                0x000000000008778b                vPollClkSource.31469.constprop.407
                0x00000000000877a0                vAHI_SiMasterConfigure.constprop.366
                0x00000000000877d4                _ZN3mwx2L16twenet5beginEv.local.170.constprop.361
                0x0000000000087819                _ZN3mwx2L114periph_buttons5beginEmht.constprop.360
                0x000000000008787c                vAHI_DoSetPullup.constprop.357
                0x000000000008789c                vAHI_DioWakeEnable.constprop.356
                0x00000000000878b0                vTimerStart
                0x00000000000879c9                vAHI_TimerEnable.part.1.31681.constprop.330
                0x0000000000087a34                _ZN3mwx2L115periph_analogue10_adc_startEv.local.126.constprop.320
                0x0000000000087b1d                u8HwEventHandler.10390
                0x0000000000087bc2                mwx::L1::periph_analogue::ADC_handler(unsigned long, unsigned long)
                0x0000000000087c09                bAES_CCMstar
                0x0000000000087cd5                pvHeap_Alloc
                0x0000000000087cd8                operator new(unsigned long)
                0x0000000000087cfb                u32AHI_Init
                0x0000000000087dbd                vMicroIntRestoreState
                0x0000000000087dc9                bAHI_DoEnableOutputs
                0x0000000000087df2                u8AHI_WakeTimerFiredStatus
                0x0000000000087e06                vAHI_WakeTimerStop.part.3.32146
                0x0000000000087e26                vAHI_UartSetRTSCTS.part.15.31927
                0x0000000000087e4d                vAHI_UartReset.part.4.31900
                0x0000000000087e85                vAHI_UartSetControl.part.2.31884
                0x0000000000087ed6                vAHI_UartSetBaudDivisor.part.1.31880
 .text.unlikely
                0x0000000000087f15        0xd C:\Users\makot\AppData\Local\Temp\ccp396wm.ltrans10.ltrans.o
                0x0000000000087f15                bAHI_SiMasterPollTransferInProgress
 *fill*         0x0000000000087f22        0x2 00
 .text          0x0000000000087f24      0xa80 C:\Users\makot\AppData\Local\Temp\ccp396wm.ltrans11.ltrans.o
                0x0000000000087f24                vPostDcfm.20869
                0x0000000000087ff8                AppWarmStart
                0x00000000000880c8                vSetNextChannel.20917
                0x0000000000088121                MAC_vHandleMlmeReqRsp
                0x00000000000888d1                vTAMDEint1FiredTracking
                0x0000000000088940                vTAMDEint1FiredSyncReq
 .text          0x00000000000889a4      0xc5c C:\Users\makot\AppData\Local\Temp\ccp396wm.ltrans12.ltrans.o
                0x00000000000889a4                TSV_eStart
                0x0000000000088a88                eTAStransmitRequest
                0x0000000000088e23                TSV_eOpen
                0x0000000000088e2b                vAppApiDefRestoreMacSettings
                0x0000000000088f12                vAppApiDefSaveMacSettings
                0x0000000000088f6f                mac_vLPBSleep
                0x000000000008902d                pvAppApiDefGetMacAddrLocation
                0x0000000000089036                eAppApiDefPlmeGet
                0x0000000000089088                eAppApiDefPlmeSet
                0x00000000000890f9                vAppApiDefMcpsRequest
                0x0000000000089124                vHnd_E_STATE_PREPARE_TX.11056
 .text          0x0000000000089600      0x55c C:\Users\makot\AppData\Local\Temp\ccp396wm.ltrans13.ltrans.o
                0x0000000000089600                AppColdStart
 .text.unlikely
                0x0000000000089b5c      0x401 C:\Users\makot\AppData\Local\Temp\ccp396wm.ltrans13.ltrans.o
                0x0000000000089b5c                ToCoNet_vStart
 .text          0x0000000000089f5d      0x9a2 C:\Users\makot\AppData\Local\Temp\ccp396wm.ltrans14.ltrans.o
                0x0000000000089f5d                _ZN3mwx2L112appdefs_crtpINS0_9NwkSimpleEE9_on_eventEPvmRm.local.273
                0x000000000008a04c                vProcessEvCoreMac
                0x000000000008a0b4                ToCoNet_vMain
 *fill*         0x000000000008a8ff        0x1 00
 .text          0x000000000008a900      0x96c C:\Users\makot\AppData\Local\Temp\ccp396wm.ltrans15.ltrans.o
                0x000000000008a900                vPMICassocReqTO_1.19306
                0x000000000008a988                vTAM_MCPSdataRequest
                0x000000000008a9cb                bTACcheckPANconflict
                0x000000000008aa84                vTAMDEstartSync
                0x000000000008ab03                eTAMselect
                0x000000000008ac44                MAC_pvCtor
                0x000000000008b06d                vDeterminePowerState.24127
                0x000000000008b0f1                vTAMDEint1FiredTrackingBeacon
                0x000000000008b191                vTAMDEint2FiredTrackingDR
                0x000000000008b1b6                vTAMDEframeTXtrackingDR
                0x000000000008b20f                vTAMDEint2FiredPollActive
                0x000000000008b243                vTAMDEreqTXnullTrackingCAP
                0x000000000008b25c                vTAM_TxRetryTimer
 .text          0x000000000008b26c      0x8ae C:\Users\makot\AppData\Local\Temp\ccp396wm.ltrans16.ltrans.o
                0x000000000008b26c                vHnd_E_STATE_RUNNING.11077
                0x000000000008b4b9                mac_vLPBStopTimer
                0x000000000008b4c4                vMLMEbeaconNotify
                0x000000000008b623                vMCPSframeReceived
                0x000000000008b6e7                bAHI_ReadMACID
                0x000000000008b72d                ToCoNet_vInit
                0x000000000008ba70                vExpireHead.30430
                0x000000000008baa0                fctprintf
                0x000000000008bac2                _ZN3mwx2L111_printobj_2ImhE9_do_printEPvPFvcS3_ES3_.local.269
                0x000000000008bad9                MWX_DebugMsg
 .text.unlikely
                0x000000000008bb1a      0x1f0 C:\Users\makot\AppData\Local\Temp\ccp396wm.ltrans16.ltrans.o
                0x000000000008bb1a                u32AppQApiInitInt_PATCH
                0x000000000008bb29                _ZN3mwx2L110twenet_mac8transmitERNS0_9packet_txE.local.74.constprop.409
 .text          0x000000000008bd0a      0x6a9 C:\Users\makot\AppData\Local\Temp\ccp396wm.ltrans17.ltrans.o
                0x000000000008bd0a                SerCmdAscii_Output.14737
                0x000000000008be90                vHnd_E_STATE_FINISH_TX_FAIL.11046
                0x000000000008bf47                vHnd_E_STATE_FINISH_TX_SUCCESS.11051
                0x000000000008c013                vAppQApiPostHwIntT.11725
                0x000000000008c0e7                MWX_Panic
                0x000000000008c14b                cbAppColdStart.part.28.3988
 .text.unlikely
                0x000000000008c3b3       0xa3 C:\Users\makot\AppData\Local\Temp\ccp396wm.ltrans17.ltrans.o
                0x000000000008c3b3                sendScore()
 .text          0x000000000008c456      0x5ef C:\Users\makot\AppData\Local\Temp\ccp396wm.ltrans18.ltrans.o
                0x000000000008c456                u32AppApiDefInit
                0x000000000008c521                _ToCoNet_vMacInit
                0x000000000008c587                _ToCoNet_vRfConfig
                0x000000000008c731                mwx::L1::NwkSimple::on_create(unsigned long&)
                0x000000000008c77e                _ZN3mwx2L123twenet_instance_manager3useINS0_9NwkSimpleEEERT_Rm.local.225.constprop.371
                0x000000000008c8b5                setup()
 *fill*         0x000000000008ca45        0x3 00
 .text          0x000000000008ca48      0x780 C:\Users\makot\AppData\Local\Temp\ccp396wm.ltrans19.ltrans.o
                0x000000000008ca48                eGenTmrExpiry.21178
                0x000000000008ca8a                eWEDTEdDone.21181
                0x000000000008caae                TSV_eStop
                0x000000000008cb6d                bPMICdisassocReqSent.19302
                0x000000000008cc27                MAC_vHandleMcpsReqRsp
                0x000000000008ccb4                bMCPSframeTXcomplete.21913
                0x000000000008cd09                bSendSyncLoss.26140
                0x000000000008cd21                bPollReqSent.29736
                0x000000000008cd39                bTASsendCommStatusInd
                0x000000000008cd4e                bAssocRespSent.19298
                0x000000000008cd61                eTACprocessFrameTXcomplete
                0x000000000008cedd                vTAMCOframeTXnobeacon
                0x000000000008cef2                vTAMCOframeStarting
                0x000000000008cf0b                vTAMDEframeTXDEnull
                0x000000000008cf2e                vTAMDEframeTXtrackingCAPgts
                0x000000000008cf5a                bPMICassocReqSent.19294
                0x000000000008cfdc                bPMICassocReqPollSent.19309
                0x000000000008d030                eWChCChanChgd.20893
 .text          0x000000000008d1c8      0x9bf C:\Users\makot\AppData\Local\Temp\ccp396wm.ltrans20.ltrans.o
                0x000000000008d1c8                _etoa.15622.constprop.428
                0x000000000008d574                _vsnprintf.constprop.426
 *fill*         0x000000000008db87        0x1 00
 .text          0x000000000008db88      0x370 C:\Users\makot\AppData\Local\Temp\ccp396wm.ltrans21.ltrans.o
                0x000000000008dbd3                SERIAL_bTxChar
                0x000000000008dc75                _ZN3mwx2L113serial_parserINS0_10alloc_heapIhEEE4putcINS0_10serial_jenEEEiiP15_tsTWETERM_FILE.local.232
                0x000000000008dc89                TWETERM_iPutS.15419
                0x000000000008dcae                TWETERM_iPutC.15423
                0x000000000008dcbf                TWETERM_vFlush.15396
                0x000000000008dd3d                eGenRxHdrDone.20876
                0x000000000008dd4d                _ZN3mwx2L16streamINS0_10serial_jenEE6_printEPKc.local.20
                0x000000000008dd72                pinMode(unsigned char, mwx::L1::enum_wapper<PIN_MODE::eMWX_DIO_MODE, unsigned char>)
 .text          0x000000000008def8       0x25 c:/users/makot/desktop/scoreboradproject/mwstage-2020-12_win10/mwstage/tools/ba-elf-ba2-r36379.w10/bin/../lib/gcc/ba-elf/4.7.4/../../../../ba-elf/lib/mcpu_jn51xx_sizeopt\libc.a(lib_a-memcmp.o)
                0x000000000008def8                memcmp
 .text          0x000000000008df1d       0x19 c:/users/makot/desktop/scoreboradproject/mwstage-2020-12_win10/mwstage/tools/ba-elf-ba2-r36379.w10/bin/../lib/gcc/ba-elf/4.7.4/../../../../ba-elf/lib/mcpu_jn51xx_sizeopt\libc.a(lib_a-memcpy.o)
 *fill*         0x000000000008df36        0x2 00
 .text          0x000000000008df38      0x204 c:/users/makot/desktop/scoreboradproject/mwstage-2020-12_win10/mwstage/tools/ba-elf-ba2-r36379.w10/bin/../lib/gcc/ba-elf/4.7.4/mcpu_jn51xx_sizeopt\libgcc.a(__udivsi3.o)
                0x000000000008df38                __udivsi3
 .text          0x000000000008e13c       0x30 c:/users/makot/desktop/scoreboradproject/mwstage-2020-12_win10/mwstage/tools/ba-elf-ba2-r36379.w10/bin/../lib/gcc/ba-elf/4.7.4/mcpu_jn51xx_sizeopt\libgcc.a(__divsi3.o)
                0x000000000008e13c                __divsi3
 .text          0x000000000008e16c      0x1b0 c:/users/makot/desktop/scoreboradproject/mwstage-2020-12_win10/mwstage/tools/ba-elf-ba2-r36379.w10/bin/../lib/gcc/ba-elf/4.7.4/mcpu_jn51xx_sizeopt\libgcc.a(__umodsi3.o)
                0x000000000008e16c                __umodsi3
 .text          0x000000000008e31c       0x24 c:/users/makot/desktop/scoreboradproject/mwstage-2020-12_win10/mwstage/tools/ba-elf-ba2-r36379.w10/bin/../lib/gcc/ba-elf/4.7.4/mcpu_jn51xx_sizeopt\libgcc.a(__modsi3.o)
                0x000000000008e31c                __modsi3
 .text          0x000000000008e340       0x39 c:/users/makot/desktop/scoreboradproject/mwstage-2020-12_win10/mwstage/tools/ba-elf-ba2-r36379.w10/bin/../lib/gcc/ba-elf/4.7.4/mcpu_jn51xx_sizeopt\libgcc.a(_fixunsdfsi.o)
                0x000000000008e340                __fixunsdfsi
 .text          0x000000000008e379      0x350 c:/users/makot/desktop/scoreboradproject/mwstage-2020-12_win10/mwstage/tools/ba-elf-ba2-r36379.w10/bin/../lib/gcc/ba-elf/4.7.4/mcpu_jn51xx_sizeopt\libgcc.a(_udivdi3.o)
                0x000000000008e379                __udivdi3
 .text          0x000000000008e6c9      0x312 c:/users/makot/desktop/scoreboradproject/mwstage-2020-12_win10/mwstage/tools/ba-elf-ba2-r36379.w10/bin/../lib/gcc/ba-elf/4.7.4/mcpu_jn51xx_sizeopt\libgcc.a(_umoddi3.o)
                0x000000000008e6c9                __umoddi3
 .text          0x000000000008e9db      0x682 c:/users/makot/desktop/scoreboradproject/mwstage-2020-12_win10/mwstage/tools/ba-elf-ba2-r36379.w10/bin/../lib/gcc/ba-elf/4.7.4/mcpu_jn51xx_sizeopt\libgcc.a(adddf3.o)
                0x000000000008e9db                __adddf3
 *fill*         0x000000000008f05d        0x3 00
 .text          0x000000000008f060      0x5c8 c:/users/makot/desktop/scoreboradproject/mwstage-2020-12_win10/mwstage/tools/ba-elf-ba2-r36379.w10/bin/../lib/gcc/ba-elf/4.7.4/mcpu_jn51xx_sizeopt\libgcc.a(divdf3.o)
                0x000000000008f060                __divdf3
 .text          0x000000000008f628       0x7f c:/users/makot/desktop/scoreboradproject/mwstage-2020-12_win10/mwstage/tools/ba-elf-ba2-r36379.w10/bin/../lib/gcc/ba-elf/4.7.4/mcpu_jn51xx_sizeopt\libgcc.a(eqdf2.o)
                0x000000000008f628                __nedf2
                0x000000000008f628                __eqdf2
 .text          0x000000000008f6a7       0xca c:/users/makot/desktop/scoreboradproject/mwstage-2020-12_win10/mwstage/tools/ba-elf-ba2-r36379.w10/bin/../lib/gcc/ba-elf/4.7.4/mcpu_jn51xx_sizeopt\libgcc.a(gedf2.o)
                0x000000000008f6a7                __gedf2
                0x000000000008f6a7                __gtdf2
 .text          0x000000000008f771       0xcb c:/users/makot/desktop/scoreboradproject/mwstage-2020-12_win10/mwstage/tools/ba-elf-ba2-r36379.w10/bin/../lib/gcc/ba-elf/4.7.4/mcpu_jn51xx_sizeopt\libgcc.a(ledf2.o)
                0x000000000008f771                __ledf2
                0x000000000008f771                __ltdf2
 .text          0x000000000008f83c      0x488 c:/users/makot/desktop/scoreboradproject/mwstage-2020-12_win10/mwstage/tools/ba-elf-ba2-r36379.w10/bin/../lib/gcc/ba-elf/4.7.4/mcpu_jn51xx_sizeopt\libgcc.a(muldf3.o)
                0x000000000008f83c                __muldf3
 .text          0x000000000008fcc4      0x693 c:/users/makot/desktop/scoreboradproject/mwstage-2020-12_win10/mwstage/tools/ba-elf-ba2-r36379.w10/bin/../lib/gcc/ba-elf/4.7.4/mcpu_jn51xx_sizeopt\libgcc.a(subdf3.o)
                0x000000000008fcc4                __subdf3
 .text          0x0000000000090357       0x64 c:/users/makot/desktop/scoreboradproject/mwstage-2020-12_win10/mwstage/tools/ba-elf-ba2-r36379.w10/bin/../lib/gcc/ba-elf/4.7.4/mcpu_jn51xx_sizeopt\libgcc.a(fixdfsi.o)
                0x0000000000090357                __fixdfsi
 .text          0x00000000000903bb       0x61 c:/users/makot/desktop/scoreboradproject/mwstage-2020-12_win10/mwstage/tools/ba-elf-ba2-r36379.w10/bin/../lib/gcc/ba-elf/4.7.4/mcpu_jn51xx_sizeopt\libgcc.a(floatsidf.o)
                0x00000000000903bb                __floatsidf
 .text          0x000000000009041c       0x4f c:/users/makot/desktop/scoreboradproject/mwstage-2020-12_win10/mwstage/tools/ba-elf-ba2-r36379.w10/bin/../lib/gcc/ba-elf/4.7.4/mcpu_jn51xx_sizeopt\libgcc.a(floatunsidf.o)
                0x000000000009041c                __floatunsidf
 .text          0x000000000009046b       0x27 C:/Users/makot/Desktop/ScoreBoradProject/MWSTAGE-2020-12_win10/MWSTAGE/MWSDK/ChipLib/SW4063V1416/Components/Library\libHardwareApi_JN5169.a(AHI_Interrupt.o)
                0x000000000009046b                vAHI_InterruptSetPriority
                0x0000000000090489                vAHI_InterruptSetActivePriorityLevel
 .text.vMicroSyscall
                0x0000000000090492       0x17 C:/Users/makot/Desktop/ScoreBoradProject/MWSTAGE-2020-12_win10/MWSTAGE/MWSDK/ChipLib/SW4063V1416/Components/Library\libMicroSpecific_JN516x.a(MicroSyscall_ba.o)
                0x0000000000090492                vMicroSyscall
 .text          0x00000000000904a9       0x12 c:/users/makot/desktop/scoreboradproject/mwstage-2020-12_win10/mwstage/tools/ba-elf-ba2-r36379.w10/bin/../lib/gcc/ba-elf/4.7.4/../../../../ba-elf/lib/mcpu_jn51xx_sizeopt\libc.a(lib_a-memset.o)
                0x00000000000904a9                memset
 .text          0x00000000000904bb       0x38 c:/users/makot/desktop/scoreboradproject/mwstage-2020-12_win10/mwstage/tools/ba-elf-ba2-r36379.w10/bin/../lib/gcc/ba-elf/4.7.4/../../../../ba-elf/lib/mcpu_jn51xx_sizeopt\libc.a(lib_a-strncmp.o)
                0x00000000000904bb                strncmp
                0x00000000000904f3                _flash_end = ABSOLUTE (.)

.rela.dyn       0x00000000000904f4        0x0
 .rela.text     0x0000000000000000        0x0 C:\Users\makot\AppData\Local\Temp\ccp396wm.ltrans0.ltrans.o
 .rela.text.unlikely
                0x0000000000000000        0x0 C:\Users\makot\AppData\Local\Temp\ccp396wm.ltrans0.ltrans.o
 .rela.rodata   0x0000000000000000        0x0 C:\Users\makot\AppData\Local\Temp\ccp396wm.ltrans0.ltrans.o
 .rela.data     0x0000000000000000        0x0 C:\Users\makot\AppData\Local\Temp\ccp396wm.ltrans0.ltrans.o
                0x000000000400004c                . = ORIGIN (ram)

.data           0x000000000400004c       0x10 load address 0x00000000000904f4
                0x000000000400004c                _ram_data_start = ABSOLUTE (.)
 *(.data*)
 .data          0x000000000400004c        0x1 C:\Users\makot\AppData\Local\Temp\ccp396wm.ltrans2.ltrans.o
 *fill*         0x000000000400004d        0x3 00
 .data          0x0000000004000050        0x4 C:\Users\makot\AppData\Local\Temp\ccp396wm.ltrans10.ltrans.o
                0x0000000004000050                u32HeapStart
 .data          0x0000000004000054        0x1 C:\Users\makot\AppData\Local\Temp\ccp396wm.ltrans12.ltrans.o
                0x0000000004000054                u8TxWkrNow.11180
 *fill*         0x0000000004000055        0x1 00
 .data          0x0000000004000056        0x2 C:\Users\makot\AppData\Local\Temp\ccp396wm.ltrans14.ltrans.o
 .data          0x0000000004000058        0x1 C:\Users\makot\AppData\Local\Temp\ccp396wm.ltrans15.ltrans.o
 .data.initinboot
                0x0000000004000059        0x1 C:\Users\makot\AppData\Local\Temp\ccp396wm.ltrans15.ltrans.o
                0x0000000004000059                gMAC_u8MaxBuffers
 .data          0x000000000400005a        0x1 C:\Users\makot\AppData\Local\Temp\ccp396wm.ltrans17.ltrans.o
                0x000000000400005a                _toconet_tx_u8_init_queue_flag
 *(.data.*)
                0x000000000400005c                . = ALIGN (0x4)
 *fill*         0x000000000400005b        0x1 00
                0x000000000400005c                _ram_data_end = ABSOLUTE (.)

.bss            0x000000000400005c     0x1668 load address 0x0000000000090504
                0x000000000400005c                _bss_start = ABSOLUTE (.)
 *(.bss*)
 .bss           0x000000000400005c        0xc C:\Users\makot\AppData\Local\Temp\ccp396wm.ltrans0.ltrans.o
 .bss           0x0000000004000068       0xf0 C:\Users\makot\AppData\Local\Temp\ccp396wm.ltrans1.ltrans.o
                0x0000000004000068                the_mac
                0x0000000004000078                asSerialPorts
                0x00000000040000b0                SerialParser
                0x00000000040000ec                mode
                0x00000000040000f0                Serial
                0x0000000004000110                score
                0x0000000004000120                Wire
                0x0000000004000150                Buttons
 .bss           0x0000000004000158       0x18 C:\Users\makot\AppData\Local\Temp\ccp396wm.ltrans2.ltrans.o
 .bss           0x0000000004000170       0x40 C:\Users\makot\AppData\Local\Temp\ccp396wm.ltrans3.ltrans.o
                0x0000000004000170                g_sLP
                0x00000000040001ac                g_pvMac
 .bss.initinboot
                0x00000000040001b0      0x1c0 C:\Users\makot\AppData\Local\Temp\ccp396wm.ltrans3.ltrans.o
                0x00000000040001b0                g_sMac
 .bss           0x0000000004000370        0x1 C:\Users\makot\AppData\Local\Temp\ccp396wm.ltrans4.ltrans.o
                0x0000000004000370                u8TAM_TxStatusOverride
 *fill*         0x0000000004000371        0x3 00
 .bss           0x0000000004000374        0x8 C:\Users\makot\AppData\Local\Temp\ccp396wm.ltrans5.ltrans.o
 .bss           0x000000000400037c       0xa8 C:\Users\makot\AppData\Local\Temp\ccp396wm.ltrans6.ltrans.o
                0x000000000400037c                apfTimerAppCallback.31866
                0x0000000004000390                prTickTimeAppCallback
                0x0000000004000394                au16TimerSettings.31815
                0x00000000040003a0                prUart1AppCallback.32121
                0x00000000040003a4                prUart0AppCallback.32120
                0x00000000040003a8                asUARTS.13210
                0x00000000040003c8                sOpt.13217
                0x00000000040003d8                _psSerial
 .bss           0x0000000004000424       0x70 C:\Users\makot\AppData\Local\Temp\ccp396wm.ltrans7.ltrans.o
                0x0000000004000424                Timer4
                0x000000000400042c                Timer3
                0x0000000004000434                Timer2
                0x000000000400043c                Timer1
                0x0000000004000444                Timer0
                0x000000000400044c                Analogue
                0x0000000004000464                SPI
                0x0000000004000468                Serial1
                0x0000000004000488                PulseCounter1
                0x000000000400048c                PulseCounter0
 .bss           0x0000000004000494        0x1 C:\Users\makot\AppData\Local\Temp\ccp396wm.ltrans8.ltrans.o
                0x0000000004000494                gbTimeOutFlag.31653
 .bss.dontinitinboot
                0x0000000004000495        0x1 C:\Users\makot\AppData\Local\Temp\ccp396wm.ltrans8.ltrans.o
 *fill*         0x0000000004000496        0x2 00
 .bss           0x0000000004000498       0x24 C:\Users\makot\AppData\Local\Temp\ccp396wm.ltrans9.ltrans.o
                0x0000000004000498                bTxEventQueued.27035
                0x0000000004000499                u8TxEventStatus.27036
                0x000000000400049c                sAppHousekeeping
                0x00000000040004b4                prApAppCallback.31215
                0x00000000040004b8                bIntEnableFlag.31212
 .bss           0x00000000040004bc        0x8 C:\Users\makot\AppData\Local\Temp\ccp396wm.ltrans10.ltrans.o
 .bss.dontinitinboot
                0x00000000040004c4        0x4 C:\Users\makot\AppData\Local\Temp\ccp396wm.ltrans10.ltrans.o
 .bss           0x00000000040004c8       0x8c C:\Users\makot\AppData\Local\Temp\ccp396wm.ltrans11.ltrans.o
                0x00000000040004c8                _ZL5_vcbs.4123
                0x00000000040004d8                sToCoNet_AppContext
                0x00000000040004f4                sToCoNet_Context
                0x000000000400053c                sAssocSecurity.19923
                0x0000000004000548                g_bJenieBackwardsCompatibilityMode
 .bss           0x0000000004000554       0x2c C:\Users\makot\AppData\Local\Temp\ccp396wm.ltrans12.ltrans.o
                0x0000000004000554                sCh_Context.11602
                0x0000000004000558                u32MyAddr.12912
                0x000000000400055c                asTx.11136
 .bss.initinboot
                0x0000000004000580        0x1 C:\Users\makot\AppData\Local\Temp\ccp396wm.ltrans12.ltrans.o
 *fill*         0x0000000004000581        0x3 00
 .bss           0x0000000004000584      0x278 C:\Users\makot\AppData\Local\Temp\ccp396wm.ltrans13.ltrans.o
                0x0000000004000584                psRxQueueList.12910
                0x0000000004000598                asEventHandler.10247
                0x0000000004000638                sEvVars
                0x0000000004000654                u32TickCount_ms
                0x0000000004000658                au8Txdatabuff_idx_sTxQueue
                0x000000000400065c                u8TxBuffSiz_sTxQueue
                0x0000000004000660                sTxdatabuff_sTxQueue
                0x0000000004000664                sTxQueue
                0x0000000004000680                au8Rxdatabuff_idx_sRxQueue
                0x0000000004000684                u8RxBuffSiz_sRxQueue
                0x0000000004000688                sRxdatabuff_sRxQueue
                0x000000000400068c                sRxQueue
                0x00000000040006a8                au8Rxdatabuff_idx_sRxQueueCmd
                0x00000000040006ac                u8RxBuffSiz_sRxQueueCmd
                0x00000000040006b0                sRxdatabuff_sRxQueueCmd
                0x00000000040006b4                sRxQueueCmd.10703
                0x00000000040006d0                sContext.13034
                0x00000000040006fc                the_twelite
                0x000000000400078c                TWENET_u8RFdevice_minor.12338
                0x000000000400078d                TWENET_u8RFdevice_major.12337
                0x000000000400078e                _TWENET_TX_POWER_MAX
                0x0000000004000790                sToCoNet_Modules
 .bss           0x00000000040007fc       0xfc C:\Users\makot\AppData\Local\Temp\ccp396wm.ltrans14.ltrans.o
                0x00000000040007fc                sMcpsIndQueue.11964
                0x000000000400080c                bRxQueue_Init.12911
                0x000000000400080d                u8AppId_Pkt_head.12913
                0x0000000004000810                u32AppId.12909
                0x0000000004000814                sMcpsIndBufferQueue.11962
                0x0000000004000824                sMlmeIndQueue.11965
                0x0000000004000834                sMlmeIndBufferQueue.11963
                0x0000000004000844                sHwIndQueue.11966
                0x0000000004000854                sHwIndBufferQueue.11967
                0x0000000004000864                _u32_INT_adc_comp
                0x0000000004000868                _u32_INT_ticktimer
                0x000000000400086c                the_vsettings
                0x000000000400088c                the_vhw
                0x00000000040008ac                the_vapp
                0x00000000040008cc                the_vnet
                0x00000000040008ec                _periph_availmap
 .bss           0x00000000040008f8        0x4 C:\Users\makot\AppData\Local\Temp\ccp396wm.ltrans15.ltrans.o
                0x00000000040008f8                i8TxPower.22713
 .bss.initinboot
                0x00000000040008fc        0x8 C:\Users\makot\AppData\Local\Temp\ccp396wm.ltrans15.ltrans.o
                0x00000000040008fc                g_u32MacAddrLocation
                0x0000000004000900                prvUserTxStartedCallback
 .bss           0x0000000004000904      0x72c C:\Users\makot\AppData\Local\Temp\ccp396wm.ltrans16.ltrans.o
                0x0000000004000904                pvPostFunc.10261
                0x0000000004000908                u32PostArg.10260
                0x000000000400090c                evPost.10259
                0x0000000004000910                prSpiAppCallback.31449
                0x0000000004000914                prSiAppCallback.32684
                0x0000000004000918                prAppMcpsCallback.11968
                0x000000000400091c                prAppMlmeCallback.11969
                0x0000000004000920                TxWorker_u8Num.11137
 .bss.initinboot
                0x0000000004001030        0x4 C:\Users\makot\AppData\Local\Temp\ccp396wm.ltrans16.ltrans.o
                0x0000000004001030                prSysCtrlAppCallback.31657
 .bss           0x0000000004001034      0x614 C:\Users\makot\AppData\Local\Temp\ccp396wm.ltrans17.ltrans.o
                0x0000000004001034                prAppHwCallback.11970
 .bss           0x0000000004001648       0x24 C:\Users\makot\AppData\Local\Temp\ccp396wm.ltrans18.ltrans.o
                0x0000000004001648                g_sXcv
                0x000000000400164c                prMcpsRequest.16307
                0x0000000004001650                prMlmeRequest.16306
                0x0000000004001654                prOriginalHandler.13044
 .bss           0x000000000400166c       0x14 C:\Users\makot\AppData\Local\Temp\ccp396wm.ltrans19.ltrans.o
                0x000000000400166c                s_sTimerList
                0x000000000400167c                u8AssocResponsesInProgress.19922
 .bss           0x0000000004001680        0x4 C:\Users\makot\AppData\Local\Temp\ccp396wm.ltrans21.ltrans.o
                0x0000000004001680                _SERIAL_bmTxIntEnabled
 .bss.dontinitinboot
                0x0000000004001684       0x40 C:/Users/makot/Desktop/ScoreBoradProject/MWSTAGE-2020-12_win10/MWSTAGE/MWSDK/ChipLib/SW4063V1416/Components/Library\libBoot_JN516x.a(ExceptionHandler.o)
                0x0000000004001684                isr_handlers
 *(.bss.*)
 *(.scommon*)
 *(.scommon.*)
 *(COMMON)
                0x00000000040016c4                . = ALIGN (0x4)
                0x00000000040016c4                _bss_end = ABSOLUTE (.)
                0x00000000040016c4                end = .

.heap           0x00000000040016c4      0xd16 load address 0x0000000000091b6c
                0x00000000040016c4                _heap_start = ABSOLUTE (.)
                0x00000000040023da                . = (. + __minimum_heap_size)
 *fill*         0x00000000040016c4      0xd16 00

.stack          0x0000000004007800      0x800 load address 0x0000000000097ca8
                0x0000000004007800                _heap_end = ABSOLUTE (.)
                0x0000000004007800                _stack_low_water_mark = ABSOLUTE (.)
                0x0000000004008000                . = (. + __stack_size)
 *fill*         0x0000000004007800      0x800 00
                0x0000000004008000                _stack = .

.test           0x0000000000090504        0x1
                0x0000000000090504        0x1 BYTE 0xff
                0x00000000000904f4                _flash_data_start = LOADADDR (.data)
                0x0000000000000010                _ram_data_len = (((_ram_data_end - _ram_data_start) + 0x3) & 0xfffffffffffffffc)
                0x0000000000001668                _bss_len = (((_bss_end - _bss_start) + 0x3) & 0xfffffffffffffffc)
                0x0000000000010504                _image_len = ((((_flash_end - _flash_start) + _ram_data_len) + 0x3) & 0xfffffffffffffffc)
                0x0000000004008000                _ram_top = (ABSOLUTE (ORIGIN (ram)) + 0x7fb4)
                0x0000000004008000                ram_top = (ABSOLUTE (ORIGIN (ram)) + 0x7fb4)
                0x0000000001001580                _app_ram_start = 0x1001580
                0x0000000004000050                PROVIDE (_heap_location, u32HeapStart)
                0x0000000004000050                PROVIDE (heap_location, u32HeapStart)
                0x0000000000088e23                TSV_eOpenVector = TSV_eOpen
                0x00000000000889a4                TSV_eStartVector = TSV_eStart
                0x000000000008caae                TSV_eStopVector = TSV_eStop
                0x0000000000085e23                pvAppApiGetMacHandle = pvAppApiDefGetMacHandle
                0x000000000008c456                u32AppApiInit = u32AppApiDefInit
                0x0000000000085df8                vAppApiMlmeRequest = vAppApiDefMlmeRequest
                0x00000000000890f9                vAppApiMcpsRequest = vAppApiDefMcpsRequest
                0x0000000000089088                eAppApiPlmeSet = eAppApiDefPlmeSet
                0x0000000000089036                eAppApiPlmeGet = eAppApiDefPlmeGet
                0x000000000008902d                pvAppApiGetMacAddrLocation = pvAppApiDefGetMacAddrLocation
                0x0000000000088f12                vAppApiSaveMacSettings = vAppApiDefSaveMacSettings
                0x0000000000088e2b                vAppApiRestoreMacSettings = vAppApiDefRestoreMacSettings
OUTPUT(objs_RED/WirelessUart_receive_RED_L1304_V0-1-0.elf elf32-ba)

.comment        0x0000000000000000       0x11
 .comment       0x0000000000000000       0x12 C:\Users\makot\AppData\Local\Temp\ccp396wm.ltrans0.ltrans.o
 .comment       0x0000000000000000       0x12 C:\Users\makot\AppData\Local\Temp\ccp396wm.ltrans1.ltrans.o
 .comment       0x0000000000000000       0x12 C:\Users\makot\AppData\Local\Temp\ccp396wm.ltrans2.ltrans.o
 .comment       0x0000000000000000       0x12 C:\Users\makot\AppData\Local\Temp\ccp396wm.ltrans3.ltrans.o
 .comment       0x0000000000000000       0x12 C:\Users\makot\AppData\Local\Temp\ccp396wm.ltrans4.ltrans.o
 .comment       0x0000000000000000       0x12 C:\Users\makot\AppData\Local\Temp\ccp396wm.ltrans5.ltrans.o
 .comment       0x0000000000000000       0x12 C:\Users\makot\AppData\Local\Temp\ccp396wm.ltrans6.ltrans.o
 .comment       0x0000000000000000       0x12 C:\Users\makot\AppData\Local\Temp\ccp396wm.ltrans7.ltrans.o
 .comment       0x0000000000000000       0x12 C:\Users\makot\AppData\Local\Temp\ccp396wm.ltrans8.ltrans.o
 .comment       0x0000000000000000       0x12 C:\Users\makot\AppData\Local\Temp\ccp396wm.ltrans9.ltrans.o
 .comment       0x0000000000000000       0x12 C:\Users\makot\AppData\Local\Temp\ccp396wm.ltrans10.ltrans.o
 .comment       0x0000000000000000       0x12 C:\Users\makot\AppData\Local\Temp\ccp396wm.ltrans11.ltrans.o
 .comment       0x0000000000000000       0x12 C:\Users\makot\AppData\Local\Temp\ccp396wm.ltrans12.ltrans.o
 .comment       0x0000000000000000       0x12 C:\Users\makot\AppData\Local\Temp\ccp396wm.ltrans13.ltrans.o
 .comment       0x0000000000000000       0x12 C:\Users\makot\AppData\Local\Temp\ccp396wm.ltrans14.ltrans.o
 .comment       0x0000000000000000       0x12 C:\Users\makot\AppData\Local\Temp\ccp396wm.ltrans15.ltrans.o
 .comment       0x0000000000000000       0x12 C:\Users\makot\AppData\Local\Temp\ccp396wm.ltrans16.ltrans.o
 .comment       0x0000000000000000       0x12 C:\Users\makot\AppData\Local\Temp\ccp396wm.ltrans17.ltrans.o
 .comment       0x0000000000000000       0x12 C:\Users\makot\AppData\Local\Temp\ccp396wm.ltrans18.ltrans.o
 .comment       0x0000000000000000       0x12 C:\Users\makot\AppData\Local\Temp\ccp396wm.ltrans19.ltrans.o
 .comment       0x0000000000000000       0x12 C:\Users\makot\AppData\Local\Temp\ccp396wm.ltrans20.ltrans.o
 .comment       0x0000000000000000       0x12 C:\Users\makot\AppData\Local\Temp\ccp396wm.ltrans21.ltrans.o
 .comment       0x0000000000000000       0x12 c:/users/makot/desktop/scoreboradproject/mwstage-2020-12_win10/mwstage/tools/ba-elf-ba2-r36379.w10/bin/../lib/gcc/ba-elf/4.7.4/../../../../ba-elf/lib/mcpu_jn51xx_sizeopt\libc.a(lib_a-memcmp.o)
 .comment       0x0000000000000000       0x12 c:/users/makot/desktop/scoreboradproject/mwstage-2020-12_win10/mwstage/tools/ba-elf-ba2-r36379.w10/bin/../lib/gcc/ba-elf/4.7.4/../../../../ba-elf/lib/mcpu_jn51xx_sizeopt\libc.a(lib_a-memcpy.o)
 .comment       0x0000000000000000       0x12 c:/users/makot/desktop/scoreboradproject/mwstage-2020-12_win10/mwstage/tools/ba-elf-ba2-r36379.w10/bin/../lib/gcc/ba-elf/4.7.4/mcpu_jn51xx_sizeopt\libgcc.a(_fixunsdfsi.o)
 .comment       0x0000000000000000       0x12 c:/users/makot/desktop/scoreboradproject/mwstage-2020-12_win10/mwstage/tools/ba-elf-ba2-r36379.w10/bin/../lib/gcc/ba-elf/4.7.4/mcpu_jn51xx_sizeopt\libgcc.a(_udivdi3.o)
 .comment       0x0000000000000000       0x12 c:/users/makot/desktop/scoreboradproject/mwstage-2020-12_win10/mwstage/tools/ba-elf-ba2-r36379.w10/bin/../lib/gcc/ba-elf/4.7.4/mcpu_jn51xx_sizeopt\libgcc.a(_umoddi3.o)
 .comment       0x0000000000000000       0x12 c:/users/makot/desktop/scoreboradproject/mwstage-2020-12_win10/mwstage/tools/ba-elf-ba2-r36379.w10/bin/../lib/gcc/ba-elf/4.7.4/mcpu_jn51xx_sizeopt\libgcc.a(adddf3.o)
 .comment       0x0000000000000000       0x12 c:/users/makot/desktop/scoreboradproject/mwstage-2020-12_win10/mwstage/tools/ba-elf-ba2-r36379.w10/bin/../lib/gcc/ba-elf/4.7.4/mcpu_jn51xx_sizeopt\libgcc.a(divdf3.o)
 .comment       0x0000000000000000       0x12 c:/users/makot/desktop/scoreboradproject/mwstage-2020-12_win10/mwstage/tools/ba-elf-ba2-r36379.w10/bin/../lib/gcc/ba-elf/4.7.4/mcpu_jn51xx_sizeopt\libgcc.a(eqdf2.o)
 .comment       0x0000000000000000       0x12 c:/users/makot/desktop/scoreboradproject/mwstage-2020-12_win10/mwstage/tools/ba-elf-ba2-r36379.w10/bin/../lib/gcc/ba-elf/4.7.4/mcpu_jn51xx_sizeopt\libgcc.a(gedf2.o)
 .comment       0x0000000000000000       0x12 c:/users/makot/desktop/scoreboradproject/mwstage-2020-12_win10/mwstage/tools/ba-elf-ba2-r36379.w10/bin/../lib/gcc/ba-elf/4.7.4/mcpu_jn51xx_sizeopt\libgcc.a(ledf2.o)
 .comment       0x0000000000000000       0x12 c:/users/makot/desktop/scoreboradproject/mwstage-2020-12_win10/mwstage/tools/ba-elf-ba2-r36379.w10/bin/../lib/gcc/ba-elf/4.7.4/mcpu_jn51xx_sizeopt\libgcc.a(muldf3.o)
 .comment       0x0000000000000000       0x12 c:/users/makot/desktop/scoreboradproject/mwstage-2020-12_win10/mwstage/tools/ba-elf-ba2-r36379.w10/bin/../lib/gcc/ba-elf/4.7.4/mcpu_jn51xx_sizeopt\libgcc.a(subdf3.o)
 .comment       0x0000000000000000       0x12 c:/users/makot/desktop/scoreboradproject/mwstage-2020-12_win10/mwstage/tools/ba-elf-ba2-r36379.w10/bin/../lib/gcc/ba-elf/4.7.4/mcpu_jn51xx_sizeopt\libgcc.a(fixdfsi.o)
 .comment       0x0000000000000000       0x12 c:/users/makot/desktop/scoreboradproject/mwstage-2020-12_win10/mwstage/tools/ba-elf-ba2-r36379.w10/bin/../lib/gcc/ba-elf/4.7.4/mcpu_jn51xx_sizeopt\libgcc.a(floatsidf.o)
 .comment       0x0000000000000000       0x12 c:/users/makot/desktop/scoreboradproject/mwstage-2020-12_win10/mwstage/tools/ba-elf-ba2-r36379.w10/bin/../lib/gcc/ba-elf/4.7.4/mcpu_jn51xx_sizeopt\libgcc.a(floatunsidf.o)
 .comment       0x0000000000000000       0x11 C:/Users/makot/Desktop/ScoreBoradProject/MWSTAGE-2020-12_win10/MWSTAGE/MWSDK/ChipLib/SW4063V1416/Components/Library\libMicroSpecific_JN516x.a(MicroSyscall_ba.o)
                                         0x12 (size before relaxing)
 .comment       0x0000000000000000       0x12 c:/users/makot/desktop/scoreboradproject/mwstage-2020-12_win10/mwstage/tools/ba-elf-ba2-r36379.w10/bin/../lib/gcc/ba-elf/4.7.4/../../../../ba-elf/lib/mcpu_jn51xx_sizeopt\libc.a(lib_a-memset.o)
 .comment       0x0000000000000000       0x12 c:/users/makot/desktop/scoreboradproject/mwstage-2020-12_win10/mwstage/tools/ba-elf-ba2-r36379.w10/bin/../lib/gcc/ba-elf/4.7.4/../../../../ba-elf/lib/mcpu_jn51xx_sizeopt\libc.a(lib_a-strncmp.o)

.debug_info     0x0000000000000000     0x3526
 .debug_info    0x0000000000000000       0xf3 c:/users/makot/desktop/scoreboradproject/mwstage-2020-12_win10/mwstage/tools/ba-elf-ba2-r36379.w10/bin/../lib/gcc/ba-elf/4.7.4/../../../../ba-elf/lib/mcpu_jn51xx_sizeopt\libc.a(lib_a-memcmp.o)
 .debug_info    0x00000000000000f3      0x106 c:/users/makot/desktop/scoreboradproject/mwstage-2020-12_win10/mwstage/tools/ba-elf-ba2-r36379.w10/bin/../lib/gcc/ba-elf/4.7.4/../../../../ba-elf/lib/mcpu_jn51xx_sizeopt\libc.a(lib_a-memcpy.o)
 .debug_info    0x00000000000001f9       0xb7 c:/users/makot/desktop/scoreboradproject/mwstage-2020-12_win10/mwstage/tools/ba-elf-ba2-r36379.w10/bin/../lib/gcc/ba-elf/4.7.4/mcpu_jn51xx_sizeopt\libgcc.a(__udivsi3.o)
 .debug_info    0x00000000000002b0       0xb7 c:/users/makot/desktop/scoreboradproject/mwstage-2020-12_win10/mwstage/tools/ba-elf-ba2-r36379.w10/bin/../lib/gcc/ba-elf/4.7.4/mcpu_jn51xx_sizeopt\libgcc.a(__divsi3.o)
 .debug_info    0x0000000000000367       0xb7 c:/users/makot/desktop/scoreboradproject/mwstage-2020-12_win10/mwstage/tools/ba-elf-ba2-r36379.w10/bin/../lib/gcc/ba-elf/4.7.4/mcpu_jn51xx_sizeopt\libgcc.a(__umodsi3.o)
 .debug_info    0x000000000000041e       0xb7 c:/users/makot/desktop/scoreboradproject/mwstage-2020-12_win10/mwstage/tools/ba-elf-ba2-r36379.w10/bin/../lib/gcc/ba-elf/4.7.4/mcpu_jn51xx_sizeopt\libgcc.a(__modsi3.o)
 .debug_info    0x00000000000004d5       0xd3 c:/users/makot/desktop/scoreboradproject/mwstage-2020-12_win10/mwstage/tools/ba-elf-ba2-r36379.w10/bin/../lib/gcc/ba-elf/4.7.4/mcpu_jn51xx_sizeopt\libgcc.a(_fixunsdfsi.o)
 .debug_info    0x00000000000005a8      0x648 c:/users/makot/desktop/scoreboradproject/mwstage-2020-12_win10/mwstage/tools/ba-elf-ba2-r36379.w10/bin/../lib/gcc/ba-elf/4.7.4/mcpu_jn51xx_sizeopt\libgcc.a(_udivdi3.o)
 .debug_info    0x0000000000000bf0      0x69d c:/users/makot/desktop/scoreboradproject/mwstage-2020-12_win10/mwstage/tools/ba-elf-ba2-r36379.w10/bin/../lib/gcc/ba-elf/4.7.4/mcpu_jn51xx_sizeopt\libgcc.a(_umoddi3.o)
 .debug_info    0x000000000000128d      0x4b2 c:/users/makot/desktop/scoreboradproject/mwstage-2020-12_win10/mwstage/tools/ba-elf-ba2-r36379.w10/bin/../lib/gcc/ba-elf/4.7.4/mcpu_jn51xx_sizeopt\libgcc.a(adddf3.o)
 .debug_info    0x000000000000173f      0x5c5 c:/users/makot/desktop/scoreboradproject/mwstage-2020-12_win10/mwstage/tools/ba-elf-ba2-r36379.w10/bin/../lib/gcc/ba-elf/4.7.4/mcpu_jn51xx_sizeopt\libgcc.a(divdf3.o)
 .debug_info    0x0000000000001d04      0x1e7 c:/users/makot/desktop/scoreboradproject/mwstage-2020-12_win10/mwstage/tools/ba-elf-ba2-r36379.w10/bin/../lib/gcc/ba-elf/4.7.4/mcpu_jn51xx_sizeopt\libgcc.a(eqdf2.o)
 .debug_info    0x0000000000001eeb      0x20b c:/users/makot/desktop/scoreboradproject/mwstage-2020-12_win10/mwstage/tools/ba-elf-ba2-r36379.w10/bin/../lib/gcc/ba-elf/4.7.4/mcpu_jn51xx_sizeopt\libgcc.a(gedf2.o)
 .debug_info    0x00000000000020f6      0x20b c:/users/makot/desktop/scoreboradproject/mwstage-2020-12_win10/mwstage/tools/ba-elf-ba2-r36379.w10/bin/../lib/gcc/ba-elf/4.7.4/mcpu_jn51xx_sizeopt\libgcc.a(ledf2.o)
 .debug_info    0x0000000000002301      0x5c7 c:/users/makot/desktop/scoreboradproject/mwstage-2020-12_win10/mwstage/tools/ba-elf-ba2-r36379.w10/bin/../lib/gcc/ba-elf/4.7.4/mcpu_jn51xx_sizeopt\libgcc.a(muldf3.o)
 .debug_info    0x00000000000028c8      0x4b2 c:/users/makot/desktop/scoreboradproject/mwstage-2020-12_win10/mwstage/tools/ba-elf-ba2-r36379.w10/bin/../lib/gcc/ba-elf/4.7.4/mcpu_jn51xx_sizeopt\libgcc.a(subdf3.o)
 .debug_info    0x0000000000002d7a      0x1b7 c:/users/makot/desktop/scoreboradproject/mwstage-2020-12_win10/mwstage/tools/ba-elf-ba2-r36379.w10/bin/../lib/gcc/ba-elf/4.7.4/mcpu_jn51xx_sizeopt\libgcc.a(fixdfsi.o)
 .debug_info    0x0000000000002f31      0x1d6 c:/users/makot/desktop/scoreboradproject/mwstage-2020-12_win10/mwstage/tools/ba-elf-ba2-r36379.w10/bin/../lib/gcc/ba-elf/4.7.4/mcpu_jn51xx_sizeopt\libgcc.a(floatsidf.o)
 .debug_info    0x0000000000003107      0x1cb c:/users/makot/desktop/scoreboradproject/mwstage-2020-12_win10/mwstage/tools/ba-elf-ba2-r36379.w10/bin/../lib/gcc/ba-elf/4.7.4/mcpu_jn51xx_sizeopt\libgcc.a(floatunsidf.o)
 .debug_info    0x00000000000032d2       0xaa C:/Users/makot/Desktop/ScoreBoradProject/MWSTAGE-2020-12_win10/MWSTAGE/MWSDK/ChipLib/SW4063V1416/Components/Library\libBoot_JN516x.a(ExceptionHandler.o)
 .debug_info    0x000000000000337c       0xd7 c:/users/makot/desktop/scoreboradproject/mwstage-2020-12_win10/mwstage/tools/ba-elf-ba2-r36379.w10/bin/../lib/gcc/ba-elf/4.7.4/../../../../ba-elf/lib/mcpu_jn51xx_sizeopt\libc.a(lib_a-memset.o)
 .debug_info    0x0000000000003453       0xd3 c:/users/makot/desktop/scoreboradproject/mwstage-2020-12_win10/mwstage/tools/ba-elf-ba2-r36379.w10/bin/../lib/gcc/ba-elf/4.7.4/../../../../ba-elf/lib/mcpu_jn51xx_sizeopt\libc.a(lib_a-strncmp.o)

.debug_abbrev   0x0000000000000000     0x11ae
 .debug_abbrev  0x0000000000000000       0x8e c:/users/makot/desktop/scoreboradproject/mwstage-2020-12_win10/mwstage/tools/ba-elf-ba2-r36379.w10/bin/../lib/gcc/ba-elf/4.7.4/../../../../ba-elf/lib/mcpu_jn51xx_sizeopt\libc.a(lib_a-memcmp.o)
 .debug_abbrev  0x000000000000008e       0xa4 c:/users/makot/desktop/scoreboradproject/mwstage-2020-12_win10/mwstage/tools/ba-elf-ba2-r36379.w10/bin/../lib/gcc/ba-elf/4.7.4/../../../../ba-elf/lib/mcpu_jn51xx_sizeopt\libc.a(lib_a-memcpy.o)
 .debug_abbrev  0x0000000000000132       0x14 c:/users/makot/desktop/scoreboradproject/mwstage-2020-12_win10/mwstage/tools/ba-elf-ba2-r36379.w10/bin/../lib/gcc/ba-elf/4.7.4/mcpu_jn51xx_sizeopt\libgcc.a(__udivsi3.o)
 .debug_abbrev  0x0000000000000146       0x14 c:/users/makot/desktop/scoreboradproject/mwstage-2020-12_win10/mwstage/tools/ba-elf-ba2-r36379.w10/bin/../lib/gcc/ba-elf/4.7.4/mcpu_jn51xx_sizeopt\libgcc.a(__divsi3.o)
 .debug_abbrev  0x000000000000015a       0x14 c:/users/makot/desktop/scoreboradproject/mwstage-2020-12_win10/mwstage/tools/ba-elf-ba2-r36379.w10/bin/../lib/gcc/ba-elf/4.7.4/mcpu_jn51xx_sizeopt\libgcc.a(__umodsi3.o)
 .debug_abbrev  0x000000000000016e       0x14 c:/users/makot/desktop/scoreboradproject/mwstage-2020-12_win10/mwstage/tools/ba-elf-ba2-r36379.w10/bin/../lib/gcc/ba-elf/4.7.4/mcpu_jn51xx_sizeopt\libgcc.a(__modsi3.o)
 .debug_abbrev  0x0000000000000182       0x60 c:/users/makot/desktop/scoreboradproject/mwstage-2020-12_win10/mwstage/tools/ba-elf-ba2-r36379.w10/bin/../lib/gcc/ba-elf/4.7.4/mcpu_jn51xx_sizeopt\libgcc.a(_fixunsdfsi.o)
 .debug_abbrev  0x00000000000001e2      0x15d c:/users/makot/desktop/scoreboradproject/mwstage-2020-12_win10/mwstage/tools/ba-elf-ba2-r36379.w10/bin/../lib/gcc/ba-elf/4.7.4/mcpu_jn51xx_sizeopt\libgcc.a(_udivdi3.o)
 .debug_abbrev  0x000000000000033f      0x175 c:/users/makot/desktop/scoreboradproject/mwstage-2020-12_win10/mwstage/tools/ba-elf-ba2-r36379.w10/bin/../lib/gcc/ba-elf/4.7.4/mcpu_jn51xx_sizeopt\libgcc.a(_umoddi3.o)
 .debug_abbrev  0x00000000000004b4      0x133 c:/users/makot/desktop/scoreboradproject/mwstage-2020-12_win10/mwstage/tools/ba-elf-ba2-r36379.w10/bin/../lib/gcc/ba-elf/4.7.4/mcpu_jn51xx_sizeopt\libgcc.a(adddf3.o)
 .debug_abbrev  0x00000000000005e7      0x12f c:/users/makot/desktop/scoreboradproject/mwstage-2020-12_win10/mwstage/tools/ba-elf-ba2-r36379.w10/bin/../lib/gcc/ba-elf/4.7.4/mcpu_jn51xx_sizeopt\libgcc.a(divdf3.o)
 .debug_abbrev  0x0000000000000716      0x128 c:/users/makot/desktop/scoreboradproject/mwstage-2020-12_win10/mwstage/tools/ba-elf-ba2-r36379.w10/bin/../lib/gcc/ba-elf/4.7.4/mcpu_jn51xx_sizeopt\libgcc.a(eqdf2.o)
 .debug_abbrev  0x000000000000083e      0x137 c:/users/makot/desktop/scoreboradproject/mwstage-2020-12_win10/mwstage/tools/ba-elf-ba2-r36379.w10/bin/../lib/gcc/ba-elf/4.7.4/mcpu_jn51xx_sizeopt\libgcc.a(gedf2.o)
 .debug_abbrev  0x0000000000000975      0x139 c:/users/makot/desktop/scoreboradproject/mwstage-2020-12_win10/mwstage/tools/ba-elf-ba2-r36379.w10/bin/../lib/gcc/ba-elf/4.7.4/mcpu_jn51xx_sizeopt\libgcc.a(ledf2.o)
 .debug_abbrev  0x0000000000000aae      0x141 c:/users/makot/desktop/scoreboradproject/mwstage-2020-12_win10/mwstage/tools/ba-elf-ba2-r36379.w10/bin/../lib/gcc/ba-elf/4.7.4/mcpu_jn51xx_sizeopt\libgcc.a(muldf3.o)
 .debug_abbrev  0x0000000000000bef      0x133 c:/users/makot/desktop/scoreboradproject/mwstage-2020-12_win10/mwstage/tools/ba-elf-ba2-r36379.w10/bin/../lib/gcc/ba-elf/4.7.4/mcpu_jn51xx_sizeopt\libgcc.a(subdf3.o)
 .debug_abbrev  0x0000000000000d22      0x12a c:/users/makot/desktop/scoreboradproject/mwstage-2020-12_win10/mwstage/tools/ba-elf-ba2-r36379.w10/bin/../lib/gcc/ba-elf/4.7.4/mcpu_jn51xx_sizeopt\libgcc.a(fixdfsi.o)
 .debug_abbrev  0x0000000000000e4c      0x128 c:/users/makot/desktop/scoreboradproject/mwstage-2020-12_win10/mwstage/tools/ba-elf-ba2-r36379.w10/bin/../lib/gcc/ba-elf/4.7.4/mcpu_jn51xx_sizeopt\libgcc.a(floatsidf.o)
 .debug_abbrev  0x0000000000000f74      0x128 c:/users/makot/desktop/scoreboradproject/mwstage-2020-12_win10/mwstage/tools/ba-elf-ba2-r36379.w10/bin/../lib/gcc/ba-elf/4.7.4/mcpu_jn51xx_sizeopt\libgcc.a(floatunsidf.o)
 .debug_abbrev  0x000000000000109c       0x14 C:/Users/makot/Desktop/ScoreBoradProject/MWSTAGE-2020-12_win10/MWSTAGE/MWSDK/ChipLib/SW4063V1416/Components/Library\libBoot_JN516x.a(ExceptionHandler.o)
 .debug_abbrev  0x00000000000010b0       0x8e c:/users/makot/desktop/scoreboradproject/mwstage-2020-12_win10/mwstage/tools/ba-elf-ba2-r36379.w10/bin/../lib/gcc/ba-elf/4.7.4/../../../../ba-elf/lib/mcpu_jn51xx_sizeopt\libc.a(lib_a-memset.o)
 .debug_abbrev  0x000000000000113e       0x70 c:/users/makot/desktop/scoreboradproject/mwstage-2020-12_win10/mwstage/tools/ba-elf-ba2-r36379.w10/bin/../lib/gcc/ba-elf/4.7.4/../../../../ba-elf/lib/mcpu_jn51xx_sizeopt\libc.a(lib_a-strncmp.o)

.debug_loc      0x0000000000000000     0x59f6
 .debug_loc     0x0000000000000000       0x73 c:/users/makot/desktop/scoreboradproject/mwstage-2020-12_win10/mwstage/tools/ba-elf-ba2-r36379.w10/bin/../lib/gcc/ba-elf/4.7.4/../../../../ba-elf/lib/mcpu_jn51xx_sizeopt\libc.a(lib_a-memcmp.o)
 .debug_loc     0x0000000000000073       0x39 c:/users/makot/desktop/scoreboradproject/mwstage-2020-12_win10/mwstage/tools/ba-elf-ba2-r36379.w10/bin/../lib/gcc/ba-elf/4.7.4/../../../../ba-elf/lib/mcpu_jn51xx_sizeopt\libc.a(lib_a-memcpy.o)
 .debug_loc     0x00000000000000ac       0x48 c:/users/makot/desktop/scoreboradproject/mwstage-2020-12_win10/mwstage/tools/ba-elf-ba2-r36379.w10/bin/../lib/gcc/ba-elf/4.7.4/mcpu_jn51xx_sizeopt\libgcc.a(_fixunsdfsi.o)
 .debug_loc     0x00000000000000f4      0xa7b c:/users/makot/desktop/scoreboradproject/mwstage-2020-12_win10/mwstage/tools/ba-elf-ba2-r36379.w10/bin/../lib/gcc/ba-elf/4.7.4/mcpu_jn51xx_sizeopt\libgcc.a(_udivdi3.o)
 .debug_loc     0x0000000000000b6f      0x985 c:/users/makot/desktop/scoreboradproject/mwstage-2020-12_win10/mwstage/tools/ba-elf-ba2-r36379.w10/bin/../lib/gcc/ba-elf/4.7.4/mcpu_jn51xx_sizeopt\libgcc.a(_umoddi3.o)
 .debug_loc     0x00000000000014f4     0x10f3 c:/users/makot/desktop/scoreboradproject/mwstage-2020-12_win10/mwstage/tools/ba-elf-ba2-r36379.w10/bin/../lib/gcc/ba-elf/4.7.4/mcpu_jn51xx_sizeopt\libgcc.a(adddf3.o)
 .debug_loc     0x00000000000025e7     0x117e c:/users/makot/desktop/scoreboradproject/mwstage-2020-12_win10/mwstage/tools/ba-elf-ba2-r36379.w10/bin/../lib/gcc/ba-elf/4.7.4/mcpu_jn51xx_sizeopt\libgcc.a(divdf3.o)
 .debug_loc     0x0000000000003765       0x83 c:/users/makot/desktop/scoreboradproject/mwstage-2020-12_win10/mwstage/tools/ba-elf-ba2-r36379.w10/bin/../lib/gcc/ba-elf/4.7.4/mcpu_jn51xx_sizeopt\libgcc.a(eqdf2.o)
 .debug_loc     0x00000000000037e8      0x154 c:/users/makot/desktop/scoreboradproject/mwstage-2020-12_win10/mwstage/tools/ba-elf-ba2-r36379.w10/bin/../lib/gcc/ba-elf/4.7.4/mcpu_jn51xx_sizeopt\libgcc.a(gedf2.o)
 .debug_loc     0x000000000000393c       0xe6 c:/users/makot/desktop/scoreboradproject/mwstage-2020-12_win10/mwstage/tools/ba-elf-ba2-r36379.w10/bin/../lib/gcc/ba-elf/4.7.4/mcpu_jn51xx_sizeopt\libgcc.a(ledf2.o)
 .debug_loc     0x0000000000003a22      0xa0e c:/users/makot/desktop/scoreboradproject/mwstage-2020-12_win10/mwstage/tools/ba-elf-ba2-r36379.w10/bin/../lib/gcc/ba-elf/4.7.4/mcpu_jn51xx_sizeopt\libgcc.a(muldf3.o)
 .debug_loc     0x0000000000004430     0x114e c:/users/makot/desktop/scoreboradproject/mwstage-2020-12_win10/mwstage/tools/ba-elf-ba2-r36379.w10/bin/../lib/gcc/ba-elf/4.7.4/mcpu_jn51xx_sizeopt\libgcc.a(subdf3.o)
 .debug_loc     0x000000000000557e       0xa8 c:/users/makot/desktop/scoreboradproject/mwstage-2020-12_win10/mwstage/tools/ba-elf-ba2-r36379.w10/bin/../lib/gcc/ba-elf/4.7.4/mcpu_jn51xx_sizeopt\libgcc.a(fixdfsi.o)
 .debug_loc     0x0000000000005626      0x1be c:/users/makot/desktop/scoreboradproject/mwstage-2020-12_win10/mwstage/tools/ba-elf-ba2-r36379.w10/bin/../lib/gcc/ba-elf/4.7.4/mcpu_jn51xx_sizeopt\libgcc.a(floatsidf.o)
 .debug_loc     0x00000000000057e4      0x179 c:/users/makot/desktop/scoreboradproject/mwstage-2020-12_win10/mwstage/tools/ba-elf-ba2-r36379.w10/bin/../lib/gcc/ba-elf/4.7.4/mcpu_jn51xx_sizeopt\libgcc.a(floatunsidf.o)
 .debug_loc     0x000000000000595d       0x3f c:/users/makot/desktop/scoreboradproject/mwstage-2020-12_win10/mwstage/tools/ba-elf-ba2-r36379.w10/bin/../lib/gcc/ba-elf/4.7.4/../../../../ba-elf/lib/mcpu_jn51xx_sizeopt\libc.a(lib_a-memset.o)
 .debug_loc     0x000000000000599c       0x5a c:/users/makot/desktop/scoreboradproject/mwstage-2020-12_win10/mwstage/tools/ba-elf-ba2-r36379.w10/bin/../lib/gcc/ba-elf/4.7.4/../../../../ba-elf/lib/mcpu_jn51xx_sizeopt\libc.a(lib_a-strncmp.o)

.debug_aranges  0x0000000000000000      0x2c0
 .debug_aranges
                0x0000000000000000       0x20 c:/users/makot/desktop/scoreboradproject/mwstage-2020-12_win10/mwstage/tools/ba-elf-ba2-r36379.w10/bin/../lib/gcc/ba-elf/4.7.4/../../../../ba-elf/lib/mcpu_jn51xx_sizeopt\libc.a(lib_a-memcmp.o)
 .debug_aranges
                0x0000000000000020       0x20 c:/users/makot/desktop/scoreboradproject/mwstage-2020-12_win10/mwstage/tools/ba-elf-ba2-r36379.w10/bin/../lib/gcc/ba-elf/4.7.4/../../../../ba-elf/lib/mcpu_jn51xx_sizeopt\libc.a(lib_a-memcpy.o)
 .debug_aranges
                0x0000000000000040       0x20 c:/users/makot/desktop/scoreboradproject/mwstage-2020-12_win10/mwstage/tools/ba-elf-ba2-r36379.w10/bin/../lib/gcc/ba-elf/4.7.4/mcpu_jn51xx_sizeopt\libgcc.a(__udivsi3.o)
 .debug_aranges
                0x0000000000000060       0x20 c:/users/makot/desktop/scoreboradproject/mwstage-2020-12_win10/mwstage/tools/ba-elf-ba2-r36379.w10/bin/../lib/gcc/ba-elf/4.7.4/mcpu_jn51xx_sizeopt\libgcc.a(__divsi3.o)
 .debug_aranges
                0x0000000000000080       0x20 c:/users/makot/desktop/scoreboradproject/mwstage-2020-12_win10/mwstage/tools/ba-elf-ba2-r36379.w10/bin/../lib/gcc/ba-elf/4.7.4/mcpu_jn51xx_sizeopt\libgcc.a(__umodsi3.o)
 .debug_aranges
                0x00000000000000a0       0x20 c:/users/makot/desktop/scoreboradproject/mwstage-2020-12_win10/mwstage/tools/ba-elf-ba2-r36379.w10/bin/../lib/gcc/ba-elf/4.7.4/mcpu_jn51xx_sizeopt\libgcc.a(__modsi3.o)
 .debug_aranges
                0x00000000000000c0       0x20 c:/users/makot/desktop/scoreboradproject/mwstage-2020-12_win10/mwstage/tools/ba-elf-ba2-r36379.w10/bin/../lib/gcc/ba-elf/4.7.4/mcpu_jn51xx_sizeopt\libgcc.a(_fixunsdfsi.o)
 .debug_aranges
                0x00000000000000e0       0x20 c:/users/makot/desktop/scoreboradproject/mwstage-2020-12_win10/mwstage/tools/ba-elf-ba2-r36379.w10/bin/../lib/gcc/ba-elf/4.7.4/mcpu_jn51xx_sizeopt\libgcc.a(_udivdi3.o)
 .debug_aranges
                0x0000000000000100       0x20 c:/users/makot/desktop/scoreboradproject/mwstage-2020-12_win10/mwstage/tools/ba-elf-ba2-r36379.w10/bin/../lib/gcc/ba-elf/4.7.4/mcpu_jn51xx_sizeopt\libgcc.a(_umoddi3.o)
 .debug_aranges
                0x0000000000000120       0x20 c:/users/makot/desktop/scoreboradproject/mwstage-2020-12_win10/mwstage/tools/ba-elf-ba2-r36379.w10/bin/../lib/gcc/ba-elf/4.7.4/mcpu_jn51xx_sizeopt\libgcc.a(adddf3.o)
 .debug_aranges
                0x0000000000000140       0x20 c:/users/makot/desktop/scoreboradproject/mwstage-2020-12_win10/mwstage/tools/ba-elf-ba2-r36379.w10/bin/../lib/gcc/ba-elf/4.7.4/mcpu_jn51xx_sizeopt\libgcc.a(divdf3.o)
 .debug_aranges
                0x0000000000000160       0x20 c:/users/makot/desktop/scoreboradproject/mwstage-2020-12_win10/mwstage/tools/ba-elf-ba2-r36379.w10/bin/../lib/gcc/ba-elf/4.7.4/mcpu_jn51xx_sizeopt\libgcc.a(eqdf2.o)
 .debug_aranges
                0x0000000000000180       0x20 c:/users/makot/desktop/scoreboradproject/mwstage-2020-12_win10/mwstage/tools/ba-elf-ba2-r36379.w10/bin/../lib/gcc/ba-elf/4.7.4/mcpu_jn51xx_sizeopt\libgcc.a(gedf2.o)
 .debug_aranges
                0x00000000000001a0       0x20 c:/users/makot/desktop/scoreboradproject/mwstage-2020-12_win10/mwstage/tools/ba-elf-ba2-r36379.w10/bin/../lib/gcc/ba-elf/4.7.4/mcpu_jn51xx_sizeopt\libgcc.a(ledf2.o)
 .debug_aranges
                0x00000000000001c0       0x20 c:/users/makot/desktop/scoreboradproject/mwstage-2020-12_win10/mwstage/tools/ba-elf-ba2-r36379.w10/bin/../lib/gcc/ba-elf/4.7.4/mcpu_jn51xx_sizeopt\libgcc.a(muldf3.o)
 .debug_aranges
                0x00000000000001e0       0x20 c:/users/makot/desktop/scoreboradproject/mwstage-2020-12_win10/mwstage/tools/ba-elf-ba2-r36379.w10/bin/../lib/gcc/ba-elf/4.7.4/mcpu_jn51xx_sizeopt\libgcc.a(subdf3.o)
 .debug_aranges
                0x0000000000000200       0x20 c:/users/makot/desktop/scoreboradproject/mwstage-2020-12_win10/mwstage/tools/ba-elf-ba2-r36379.w10/bin/../lib/gcc/ba-elf/4.7.4/mcpu_jn51xx_sizeopt\libgcc.a(fixdfsi.o)
 .debug_aranges
                0x0000000000000220       0x20 c:/users/makot/desktop/scoreboradproject/mwstage-2020-12_win10/mwstage/tools/ba-elf-ba2-r36379.w10/bin/../lib/gcc/ba-elf/4.7.4/mcpu_jn51xx_sizeopt\libgcc.a(floatsidf.o)
 .debug_aranges
                0x0000000000000240       0x20 c:/users/makot/desktop/scoreboradproject/mwstage-2020-12_win10/mwstage/tools/ba-elf-ba2-r36379.w10/bin/../lib/gcc/ba-elf/4.7.4/mcpu_jn51xx_sizeopt\libgcc.a(floatunsidf.o)
 .debug_aranges
                0x0000000000000260       0x20 C:/Users/makot/Desktop/ScoreBoradProject/MWSTAGE-2020-12_win10/MWSTAGE/MWSDK/ChipLib/SW4063V1416/Components/Library\libBoot_JN516x.a(ExceptionHandler.o)
 .debug_aranges
                0x0000000000000280       0x20 c:/users/makot/desktop/scoreboradproject/mwstage-2020-12_win10/mwstage/tools/ba-elf-ba2-r36379.w10/bin/../lib/gcc/ba-elf/4.7.4/../../../../ba-elf/lib/mcpu_jn51xx_sizeopt\libc.a(lib_a-memset.o)
 .debug_aranges
                0x00000000000002a0       0x20 c:/users/makot/desktop/scoreboradproject/mwstage-2020-12_win10/mwstage/tools/ba-elf-ba2-r36379.w10/bin/../lib/gcc/ba-elf/4.7.4/../../../../ba-elf/lib/mcpu_jn51xx_sizeopt\libc.a(lib_a-strncmp.o)

.debug_line     0x0000000000000000     0x2d38
 .debug_line    0x0000000000000000      0x15a c:/users/makot/desktop/scoreboradproject/mwstage-2020-12_win10/mwstage/tools/ba-elf-ba2-r36379.w10/bin/../lib/gcc/ba-elf/4.7.4/../../../../ba-elf/lib/mcpu_jn51xx_sizeopt\libc.a(lib_a-memcmp.o)
 .debug_line    0x000000000000015a      0x14e c:/users/makot/desktop/scoreboradproject/mwstage-2020-12_win10/mwstage/tools/ba-elf-ba2-r36379.w10/bin/../lib/gcc/ba-elf/4.7.4/../../../../ba-elf/lib/mcpu_jn51xx_sizeopt\libc.a(lib_a-memcpy.o)
 .debug_line    0x00000000000002a8      0x47b c:/users/makot/desktop/scoreboradproject/mwstage-2020-12_win10/mwstage/tools/ba-elf-ba2-r36379.w10/bin/../lib/gcc/ba-elf/4.7.4/mcpu_jn51xx_sizeopt\libgcc.a(__udivsi3.o)
 .debug_line    0x0000000000000723       0xbb c:/users/makot/desktop/scoreboradproject/mwstage-2020-12_win10/mwstage/tools/ba-elf-ba2-r36379.w10/bin/../lib/gcc/ba-elf/4.7.4/mcpu_jn51xx_sizeopt\libgcc.a(__divsi3.o)
 .debug_line    0x00000000000007de      0x3c7 c:/users/makot/desktop/scoreboradproject/mwstage-2020-12_win10/mwstage/tools/ba-elf-ba2-r36379.w10/bin/../lib/gcc/ba-elf/4.7.4/mcpu_jn51xx_sizeopt\libgcc.a(__umodsi3.o)
 .debug_line    0x0000000000000ba5       0xa3 c:/users/makot/desktop/scoreboradproject/mwstage-2020-12_win10/mwstage/tools/ba-elf-ba2-r36379.w10/bin/../lib/gcc/ba-elf/4.7.4/mcpu_jn51xx_sizeopt\libgcc.a(__modsi3.o)
 .debug_line    0x0000000000000c48       0x9f c:/users/makot/desktop/scoreboradproject/mwstage-2020-12_win10/mwstage/tools/ba-elf-ba2-r36379.w10/bin/../lib/gcc/ba-elf/4.7.4/mcpu_jn51xx_sizeopt\libgcc.a(_fixunsdfsi.o)
 .debug_line    0x0000000000000ce7      0x1b7 c:/users/makot/desktop/scoreboradproject/mwstage-2020-12_win10/mwstage/tools/ba-elf-ba2-r36379.w10/bin/../lib/gcc/ba-elf/4.7.4/mcpu_jn51xx_sizeopt\libgcc.a(_udivdi3.o)
 .debug_line    0x0000000000000e9e      0x1b7 c:/users/makot/desktop/scoreboradproject/mwstage-2020-12_win10/mwstage/tools/ba-elf-ba2-r36379.w10/bin/../lib/gcc/ba-elf/4.7.4/mcpu_jn51xx_sizeopt\libgcc.a(_umoddi3.o)
 .debug_line    0x0000000000001055      0x63d c:/users/makot/desktop/scoreboradproject/mwstage-2020-12_win10/mwstage/tools/ba-elf-ba2-r36379.w10/bin/../lib/gcc/ba-elf/4.7.4/mcpu_jn51xx_sizeopt\libgcc.a(adddf3.o)
 .debug_line    0x0000000000001692      0x3b5 c:/users/makot/desktop/scoreboradproject/mwstage-2020-12_win10/mwstage/tools/ba-elf-ba2-r36379.w10/bin/../lib/gcc/ba-elf/4.7.4/mcpu_jn51xx_sizeopt\libgcc.a(divdf3.o)