Archive member included because of file (symbol)

C:/Users/makot/Desktop/ScoreBoradProject/MWSTAGE-2020-04_win10/MWSTAGE/MWSDK/TWENET/current/lib/libTWENET_RED.a(ToCoNet_event.o)
                              objs_RED/WirelessUart_receive.o (symbol from plugin) (PRSEV_u8RegisterEx)
C:/Users/makot/Desktop/ScoreBoradProject/MWSTAGE-2020-04_win10/MWSTAGE/MWSDK/TWENET/current/lib/libTWENET_RED.a(ToCoNet_main.o)
                              objs_RED/WirelessUart_receive.o (symbol from plugin) (sToCoNet_Context)
C:/Users/makot/Desktop/ScoreBoradProject/MWSTAGE-2020-04_win10/MWSTAGE/MWSDK/TWENET/current/lib/libTWENET_RED.a(ToCoNet_utils.o)
                              ToCoNet_main.o (symbol from plugin) (ToCoNet_u32GetVersion)
C:/Users/makot/Desktop/ScoreBoradProject/MWSTAGE-2020-04_win10/MWSTAGE/MWSDK/TWENET/current/lib/libTWENET_RED.a(ToCoNet_mod_Tx.o)
                              objs_RED/mwx_appcore.o (symbol from plugin) (ToCoNet_vReg_mod_Tx_Standard)
C:/Users/makot/Desktop/ScoreBoradProject/MWSTAGE-2020-04_win10/MWSTAGE/MWSDK/TWENET/current/lib/libTWENET_RED.a(ToCoNet_mod_TxRxQueue.o)
                              objs_RED/mwx_appcore.o (symbol from plugin) (ToCoNet_vReg_mod_TxRxQueueSmall)
C:/Users/makot/Desktop/ScoreBoradProject/MWSTAGE-2020-04_win10/MWSTAGE/MWSDK/TWENET/current/lib/libTWENET_RED.a(ToCoNet_mod_Nwk_Common.o)
                              ToCoNet_main.o (symbol from plugin) (ToCoNet_vRxProc_Mod)
C:/Users/makot/Desktop/ScoreBoradProject/MWSTAGE-2020-04_win10/MWSTAGE/MWSDK/TWENET/current/lib/libTWENET_RED.a(ToCoNet_mod_Channel_Mgr.o)
                              ToCoNet_mod_Tx.o (symbol from plugin) (ToCoNet_ChMgr_bCh_OnTx)
C:/Users/makot/Desktop/ScoreBoradProject/MWSTAGE-2020-04_win10/MWSTAGE/MWSDK/TWENET/current/lib/libTWENET_RED.a(Version.o)
                              ToCoNet_utils.o (symbol from plugin) (au8ToCoNetVersionInfo)
C:/Users/makot/Desktop/ScoreBoradProject/MWSTAGE-2020-04_win10/MWSTAGE/MWSDK/TWENET/current/lib/libTWENET_RED.a(AppQueueApi_ToCoNet.o)
                              ToCoNet_main.o (symbol from plugin) (_u32_INT_ticktimer)
C:/Users/makot/Desktop/ScoreBoradProject/MWSTAGE-2020-04_win10/MWSTAGE/MWSDK/TWENET/current/lib/libTWENEText_RED.a(AppStart.o)
                              (AppColdStart)
C:/Users/makot/Desktop/ScoreBoradProject/MWSTAGE-2020-04_win10/MWSTAGE/MWSDK/TWENET/current/lib/libTWENEText_RED.a(getMacAddr.o)
                              ToCoNet_main.o (symbol from plugin) (ToCoNet_u32GetSerialOnBoot)
C:/Users/makot/Desktop/ScoreBoradProject/MWSTAGE-2020-04_win10/MWSTAGE/MWSDK/TWENET/current/lib/libTWENEText_RED.a(mac.o)
                              ToCoNet_main.o (symbol from plugin) (Mac_vInit)
C:/Users/makot/Desktop/ScoreBoradProject/MWSTAGE-2020-04_win10/MWSTAGE/MWSDK/TWENET/current/lib/libTWENEText_RED.a(AES_CCM.o)
                              AppStart.o (symbol from plugin) (bAES_CCM_KeyReg)
C:/Users/makot/Desktop/ScoreBoradProject/MWSTAGE-2020-04_win10/MWSTAGE/MWSDK/TWENET/current/lib/libTWENEText_RED.a(no_ack_handler.o)
                              AppStart.o (symbol from plugin) (vInstallNoAckHandler)
C:/Users/makot/Desktop/ScoreBoradProject/MWSTAGE-2020-04_win10/MWSTAGE/MWSDK/TWENET/current/lib/libTWENEText_RED.a(Version.o)
                              ToCoNet_utils.o (symbol from plugin) (au8ToCoNetExtVersionInfo)
C:/Users/makot/Desktop/ScoreBoradProject/MWSTAGE-2020-04_win10/MWSTAGE/MWSDK/TWENET/current/lib/libTWENETutils_RED.a(serial.o)
                              objs_RED/WirelessUart_receive.o (symbol from plugin) (SERIAL_bTxChar)
C:/Users/makot/Desktop/ScoreBoradProject/MWSTAGE-2020-04_win10/MWSTAGE/MWSDK/TWENET/current/lib/libTWENETutils_RED.a(uart.o)
                              serial.o (symbol from plugin) (UART_vInit)
C:/Users/makot/Desktop/ScoreBoradProject/MWSTAGE-2020-04_win10/MWSTAGE/MWSDK/TWENET/current/lib/libTWENETutils_RED.a(ByteQueue.o)
                              ToCoNet_main.o (symbol from plugin) (QUEUE__vInit)
C:/Users/makot/Desktop/ScoreBoradProject/MWSTAGE-2020-04_win10/MWSTAGE/MWSDK/TWENET/current/lib/libTWENETutils_RED.a(ccitt8.o)
                              AppStart.o (symbol from plugin) (u8CCITT8)
C:/Users/makot/Desktop/ScoreBoradProject/MWSTAGE-2020-04_win10/MWSTAGE/MWSDK/TWENET/current/lib/libTWENETutils_RED.a(fprintf.o)
                              objs_RED/sensors/legacy/sensor_driver.o (symbol from plugin) (vfPrintf)
C:/Users/makot/Desktop/ScoreBoradProject/MWSTAGE-2020-04_win10/MWSTAGE/MWSDK/TWENET/current/lib/libTWENETutils_RED.a(utils.o)
                              objs_RED/mwx_appcore.o (symbol from plugin) (vTimerConfig)
C:/Users/makot/Desktop/ScoreBoradProject/MWSTAGE-2020-04_win10/MWSTAGE/MWSDK/TWENET/current/lib/libTWENETutils_RED.a(ccm.o)
                              AES_CCM.o (symbol from plugin) (ccm_init_and_key)
C:/Users/makot/Desktop/ScoreBoradProject/MWSTAGE-2020-04_win10/MWSTAGE/MWSDK/TWENET/current/lib/libTWENETutils_RED.a(Version.o)
[...]
Memory Configuration

Name             Origin             Length             Attributes
flash            0x0000000000080000 0x0000000000080000
ram              0x000000000400004c 0x0000000000007fb4
*default*        0x0000000000000000 0xffffffffffffffff

Linker script and memory map

LOAD objs_RED/sensors/legacy/SMBus.o
LOAD C:\Users\makot\AppData\Local\Temp\cclvuCP0.ltrans0.ltrans.o
LOAD C:\Users\makot\AppData\Local\Temp\cclvuCP0.ltrans1.ltrans.o
LOAD C:\Users\makot\AppData\Local\Temp\cclvuCP0.ltrans2.ltrans.o
LOAD C:\Users\makot\AppData\Local\Temp\cclvuCP0.ltrans3.ltrans.o
LOAD C:\Users\makot\AppData\Local\Temp\cclvuCP0.ltrans4.ltrans.o
LOAD C:\Users\makot\AppData\Local\Temp\cclvuCP0.ltrans5.ltrans.o
LOAD C:\Users\makot\AppData\Local\Temp\cclvuCP0.ltrans6.ltrans.o
LOAD C:\Users\makot\AppData\Local\Temp\cclvuCP0.ltrans7.ltrans.o
LOAD C:\Users\makot\AppData\Local\Temp\cclvuCP0.ltrans8.ltrans.o
LOAD C:\Users\makot\AppData\Local\Temp\cclvuCP0.ltrans9.ltrans.o
LOAD C:\Users\makot\AppData\Local\Temp\cclvuCP0.ltrans10.ltrans.o
LOAD C:\Users\makot\AppData\Local\Temp\cclvuCP0.ltrans11.ltrans.o
LOAD C:\Users\makot\AppData\Local\Temp\cclvuCP0.ltrans12.ltrans.o
LOAD C:\Users\makot\AppData\Local\Temp\cclvuCP0.ltrans13.ltrans.o
LOAD C:\Users\makot\AppData\Local\Temp\cclvuCP0.ltrans14.ltrans.o
LOAD C:\Users\makot\AppData\Local\Temp\cclvuCP0.ltrans15.ltrans.o
LOAD C:\Users\makot\AppData\Local\Temp\cclvuCP0.ltrans16.ltrans.o
LOAD C:\Users\makot\AppData\Local\Temp\cclvuCP0.ltrans17.ltrans.o
LOAD C:\Users\makot\AppData\Local\Temp\cclvuCP0.ltrans18.ltrans.o
LOAD C:\Users\makot\AppData\Local\Temp\cclvuCP0.ltrans19.ltrans.o
LOAD C:\Users\makot\AppData\Local\Temp\cclvuCP0.ltrans20.ltrans.o
LOAD c:/users/makot/desktop/scoreboradproject/mwstage-2020-04_win10/mwstage/mwsdk/tools/ba-elf-ba2-r36379.w10/bin/../lib/gcc/ba-elf/4.7.4/../../../../ba-elf/lib/mcpu_jn51xx_sizeopt\libc.a
LOAD c:/users/makot/desktop/scoreboradproject/mwstage-2020-04_win10/mwstage/mwsdk/tools/ba-elf-ba2-r36379.w10/bin/../lib/gcc/ba-elf/4.7.4/mcpu_jn51xx_sizeopt\libgcc.a
LOAD c:/users/makot/desktop/scoreboradproject/mwstage-2020-04_win10/mwstage/mwsdk/tools/ba-elf-ba2-r36379.w10/bin/../lib/gcc/ba-elf/4.7.4/../../../../ba-elf/lib/mcpu_jn51xx_sizeopt\libc.a
LOAD objs_RED/sensors/legacy/sensor_driver.o
LOAD objs_RED/sensors/legacy/SHTC3.o
LOAD objs_RED/sensors/legacy/LTR308ALS.o
LOAD objs_RED/mwx_debug.o
LOAD objs_RED/WirelessUart_receive.o
LOAD objs_RED/mwx_utils_crc8.o
LOAD objs_RED/mwx_appcore.o
LOAD objs_RED/mwx_memory.o
LOAD objs_RED/mwx_periph.o
LOAD objs_RED/mwx_periph_dio.o
LOAD objs_RED/mwx_periph_buttons.o
LOAD objs_RED/mwx_periph_analogue.o
LOAD objs_RED/mwx_stream.o
LOAD objs_RED/mwx_duplicate_checker.o
LOAD objs_RED/mwx_settings.o
LOAD objs_RED/mwx_settings_default.o
LOAD objs_RED/boards/mwx_brd_pal_amb.o
LOAD objs_RED/boards/mwx_brd_pal_mot.o
LOAD objs_RED/boards/mwx_brd_pal_mag.o
LOAD objs_RED/boards/mwx_brd_monostick.o
LOAD objs_RED/boards/mwx_brd_app_twelite.o
LOAD objs_RED/networks/mwx_nwk_simple.o
LOAD objs_RED/sensors/legacy/probe.o
LOAD objs_RED/sensors/mwx_sns_MC3630.o
LOAD C:/Users/makot/Desktop/ScoreBoradProject/MWSTAGE-2020-04_win10/MWSTAGE/MWSDK/TWENET/current/lib/libTWENET_RED.a
LOAD C:/Users/makot/Desktop/ScoreBoradProject/MWSTAGE-2020-04_win10/MWSTAGE/MWSDK/TWENET/current/lib/libTWENEText_RED.a
LOAD C:/Users/makot/Desktop/ScoreBoradProject/MWSTAGE-2020-04_win10/MWSTAGE/MWSDK/TWENET/current/lib/libTWENETutils_RED.a
LOAD C:/Users/makot/Desktop/ScoreBoradProject/MWSTAGE-2020-04_win10/MWSTAGE/MWSDK/TWENET/current/lib/libTWENETstgs_RED.a
START GROUP
LOAD C:/Users/makot/Desktop/ScoreBoradProject/MWSTAGE-2020-04_win10/MWSTAGE/MWSDK/ChipLib/SW4063V1416/Components/Library\libAppApi_JN5169.a
LOAD C:/Users/makot/Desktop/ScoreBoradProject/MWSTAGE-2020-04_win10/MWSTAGE/MWSDK/ChipLib/SW4063V1416/Components/Library\libMAC_JN5169.a
LOAD C:/Users/makot/Desktop/ScoreBoradProject/MWSTAGE-2020-04_win10/MWSTAGE/MWSDK/ChipLib/SW4063V1416/Components/Library\libTimerServer_JN516x.a
LOAD C:/Users/makot/Desktop/ScoreBoradProject/MWSTAGE-2020-04_win10/MWSTAGE/MWSDK/ChipLib/SW4063V1416/Components/Library\libTOF_JN516x.a
LOAD C:/Users/makot/Desktop/ScoreBoradProject/MWSTAGE-2020-04_win10/MWSTAGE/MWSDK/ChipLib/SW4063V1416/Components/Library\libXcv_JN5169.a
LOAD C:/Users/makot/Desktop/ScoreBoradProject/MWSTAGE-2020-04_win10/MWSTAGE/MWSDK/ChipLib/SW4063V1416/Components/Library\libMMAC_JN5169.a
LOAD C:/Users/makot/Desktop/ScoreBoradProject/MWSTAGE-2020-04_win10/MWSTAGE/MWSDK/ChipLib/SW4063V1416/Components/Library\libJPT_JN5169.a
LOAD C:/Users/makot/Desktop/ScoreBoradProject/MWSTAGE-2020-04_win10/MWSTAGE/MWSDK/ChipLib/SW4063V1416/Components/Library\libAes_JN516x.a
LOAD C:/Users/makot/Desktop/ScoreBoradProject/MWSTAGE-2020-04_win10/MWSTAGE/MWSDK/ChipLib/SW4063V1416/Components/Library\libHardwareApi_JN5169.a
LOAD C:/Users/makot/Desktop/ScoreBoradProject/MWSTAGE-2020-04_win10/MWSTAGE/MWSDK/ChipLib/SW4063V1416/Components/Library\libMicroSpecific_JN516x.a
LOAD C:/Users/makot/Desktop/ScoreBoradProject/MWSTAGE-2020-04_win10/MWSTAGE/MWSDK/ChipLib/SW4063V1416/Components/Library\libBoot_JN516x.a
LOAD C:/Users/makot/Desktop/ScoreBoradProject/MWSTAGE-2020-04_win10/MWSTAGE/MWSDK/ChipLib/SW4063V1416/Components/Library\libPDM_EEPROM_JN516x_NO_RTOS.a
LOAD C:/Users/makot/Desktop/ScoreBoradProject/MWSTAGE-2020-04_win10/MWSTAGE/MWSDK/TWENET/current/lib/libTWENET_RED.a
LOAD C:/Users/makot/Desktop/ScoreBoradProject/MWSTAGE-2020-04_win10/MWSTAGE/MWSDK/TWENET/current/lib/libTWENEText_RED.a
LOAD C:/Users/makot/Desktop/ScoreBoradProject/MWSTAGE-2020-04_win10/MWSTAGE/MWSDK/TWENET/current/lib/libTWENETutils_RED.a
LOAD C:/Users/makot/Desktop/ScoreBoradProject/MWSTAGE-2020-04_win10/MWSTAGE/MWSDK/TWENET/current/lib/libTWENETstgs_RED.a
END GROUP
LOAD c:/users/makot/desktop/scoreboradproject/mwstage-2020-04_win10/mwstage/mwsdk/tools/ba-elf-ba2-r36379.w10/bin/../lib/gcc/ba-elf/4.7.4/../../../../ba-elf/lib/mcpu_jn51xx_sizeopt\libstdc++.a
LOAD c:/users/makot/desktop/scoreboradproject/mwstage-2020-04_win10/mwstage/mwsdk/tools/ba-elf-ba2-r36379.w10/bin/../lib/gcc/ba-elf/4.7.4/../../../../ba-elf/lib/mcpu_jn51xx_sizeopt\libm.a
LOAD c:/users/makot/desktop/scoreboradproject/mwstage-2020-04_win10/mwstage/mwsdk/tools/ba-elf-ba2-r36379.w10/bin/../lib/gcc/ba-elf/4.7.4/../../../../ba-elf/lib/mcpu_jn51xx_sizeopt\libc.a
LOAD c:/users/makot/desktop/scoreboradproject/mwstage-2020-04_win10/mwstage/mwsdk/tools/ba-elf-ba2-r36379.w10/bin/../lib/gcc/ba-elf/4.7.4/mcpu_jn51xx_sizeopt\libgcc.a
LOAD c:/users/makot/desktop/scoreboradproject/mwstage-2020-04_win10/mwstage/mwsdk/tools/ba-elf-ba2-r36379.w10/bin/../lib/gcc/ba-elf/4.7.4/../../../../ba-elf/lib/mcpu_jn51xx_sizeopt\libc.a
                0x0000000000001000                _minimum_heap_size = 0x1000
                0x0000000000000c00                _stack_size = 0xc00
                0x0000000000080038                exception_vsr_table = 0x80038
                0x0000000004000000                pSPIflashFncTable = 0x4000000
                0x0000000000000044                restore_state = 0x44
                0x000000000000004a                bZSPIWaitWIPClear = 0x4a
                0x0000000000000050                u16ZSPIflashRDID = 0x50
                0x0000000000000056                u8SelectFlashChipType = 0x56
                0x000000000000005c                memcpy = 0x5c
                0x0000000000000066                vBootFlashProg = 0x66
                [0x0000000000000d16]                __minimum_heap_size = DEFINED (__minimum_heap_size)?__minimum_heap_size:0xd16
                [0x0000000000000800]                __stack_size = DEFINED (__stack_size)?__stack_size:0x800
                0x0000000000000000                _SwConfig = (DEFINED (g_bSWConf_Debug) | (DEFINED (g_bSWConf_AltDebugPort) << 0x1))

.version        0x000000000007fffc        0x4
                0x000000000007fffc        0x4 LONG 0xf03000b

.bir            0x0000000000080000       0x10
                0x0000000000080000                _flash_start = ABSOLUTE (.)
                0x0000000000080000                _flash_beg = ABSOLUTE (.)
                0x0000000000080000        0x4 LONG 0x12345678
                0x0000000000080004        0x4 LONG 0x11223344
                0x0000000000080008        0x4 LONG 0x55667788
                0x000000000008000c        0x1 BYTE 0x8
                0x000000000008000d        0x1 BYTE 0x1
                0x000000000008000e        0x2 SHORT 0x0

.flashheader    0x0000000000080010       0x28
                0x0000000000080010        0x4 LONG 0x0
                0x0000000000080014        0x4 LONG 0x0
                0x0000000000080018        0x4 LONG 0x0
                0x000000000008001c        0x2 SHORT 0x0
                0x000000000008001e        0x2 SHORT 0x0 ABSOLUTE (_SwConfig)
                0x0000000000080020                _enc_start = ABSOLUTE (.)
                0x0000000000080020        0x4 LONG 0x10448 ABSOLUTE (_image_len)
                0x0000000000080024        0x4 LONG 0x9043c ABSOLUTE (_flash_data_start)
                0x0000000000080028        0x2 SHORT 0x13 ((ABSOLUTE (_ram_data_start) / 0x4) & 0xffff)
                0x000000000008002a        0x2 SHORT 0x3 ((ABSOLUTE (_ram_data_len) / 0x4) & 0xffff)
                0x000000000008002c        0x2 SHORT 0x16 ((ABSOLUTE (_bss_start) / 0x4) & 0xffff)
                0x000000000008002e        0x2 SHORT 0x597 ((ABSOLUTE (_bss_len) / 0x4) & 0xffff)
                0x0000000000080030        0x4 LONG 0x896d1 ABSOLUTE (AppWarmStart)
                0x0000000000080034        0x4 LONG 0x88cf0 ABSOLUTE (AppColdStart)
                0x0000000000000000                _enc_offset = (_enc_start & 0xf)
                0x0000000000000044                PROVIDE (vException_BusError, restore_state)
                0x0000000000000044                PROVIDE (vException_UnalignedAccess, restore_state)
                0x0000000000000044                PROVIDE (vException_IllegalInstruction, restore_state)
                0x0000000000000044                PROVIDE (vException_SysCall, restore_state)
                0x0000000000000044                PROVIDE (vException_Trap, restore_state)
                0x0000000000000044                PROVIDE (vException_StackOverflow, restore_state)
                0x0000000000080038                . = ABSOLUTE (exception_vsr_table)

.vsr_table      0x0000000000080038       0x18
                0x0000000000080038        0x4 LONG 0x44 ABSOLUTE (vException_BusError)
                0x000000000008003c        0x4 LONG 0x44 ABSOLUTE (vException_UnalignedAccess)
                0x0000000000080040        0x4 LONG 0x44 ABSOLUTE (vException_IllegalInstruction)
                0x0000000000080044        0x4 LONG 0x44 ABSOLUTE (vException_SysCall)
                0x0000000000080048        0x4 LONG 0x44 ABSOLUTE (vException_Trap)
                0x000000000008004c        0x4 LONG 0x44 ABSOLUTE (vException_StackOverflow)

.vsr_handlers   0x0000000000080050       0xaa
 *(.vsr_handlers)
 .vsr_handlers  0x0000000000080050       0xaa C:/Users/makot/Desktop/ScoreBoradProject/MWSTAGE-2020-04_win10/MWSTAGE/MWSDK/ChipLib/SW4063V1416/Components/Library\libBoot_JN516x.a(ExceptionHandler.o)
                0x0000000000080050                _exception_external_interrupt
                0x00000000000800f8                _default_vsr_dummy

.rodata         0x0000000000080100      0x6dc
 *(.rodata*)
 .rodata        0x0000000000080100      0x148 C:\Users\makot\AppData\Local\Temp\cclvuCP0.ltrans0.ltrans.o
 .rodata.str1.1
                0x0000000000080248       0x78 C:\Users\makot\AppData\Local\Temp\cclvuCP0.ltrans1.ltrans.o
                                         0x7d (size before relaxing)
 .rodata        0x00000000000802c0        0x5 C:\Users\makot\AppData\Local\Temp\cclvuCP0.ltrans1.ltrans.o
 *fill*         0x00000000000802c5        0x3 00
 .rodata        0x00000000000802c8       0xd4 C:\Users\makot\AppData\Local\Temp\cclvuCP0.ltrans2.ltrans.o
                0x00000000000802c8                s_aprScanHandleEvt.18335
                0x00000000000802f8                apvActionCalls
                0x0000000000080380                aprLPBMacVectorRamTable
                0x0000000000080394                psTamMacContext
                0x0000000000080398                psTAMcontext
 .rodata.str1.1
                0x000000000008039c       0x12 C:\Users\makot\AppData\Local\Temp\cclvuCP0.ltrans3.ltrans.o
 *fill*         0x00000000000803ae        0x2 00
 .rodata        0x00000000000803b0       0xd0 C:\Users\makot\AppData\Local\Temp\cclvuCP0.ltrans3.ltrans.o
 .rodata        0x0000000000080480       0x9a C:\Users\makot\AppData\Local\Temp\cclvuCP0.ltrans4.ltrans.o
 *fill*         0x000000000008051a        0x2 00
 .rodata        0x000000000008051c       0x20 C:\Users\makot\AppData\Local\Temp\cclvuCP0.ltrans7.ltrans.o
                0x000000000008051c                aeTimerInterruptDeviceIDlut.28977
 .rodata.str1.1
                0x000000000008053c       0x24 C:\Users\makot\AppData\Local\Temp\cclvuCP0.ltrans8.ltrans.o
 .rodata        0x0000000000080560       0x11 C:\Users\makot\AppData\Local\Temp\cclvuCP0.ltrans8.ltrans.o
 .rodata.str1.1
                0x0000000000080571       0x2d C:\Users\makot\AppData\Local\Temp\cclvuCP0.ltrans9.ltrans.o
                                         0x30 (size before relaxing)
 *fill*         0x000000000008059e        0x2 00
 .rodata        0x00000000000805a0       0x24 C:\Users\makot\AppData\Local\Temp\cclvuCP0.ltrans10.ltrans.o
                0x00000000000805a8                psTamXcvContext
 .rodata.str1.1
                0x00000000000805c4       0x8b C:\Users\makot\AppData\Local\Temp\cclvuCP0.ltrans10.ltrans.o
 .rodata        0x000000000008064f        0xa C:\Users\makot\AppData\Local\Temp\cclvuCP0.ltrans11.ltrans.o
 .rodata.str1.1
                0x0000000000080659       0x27 C:\Users\makot\AppData\Local\Temp\cclvuCP0.ltrans12.ltrans.o
 .rodata        0x0000000000080680       0x7c C:\Users\makot\AppData\Local\Temp\cclvuCP0.ltrans12.ltrans.o
                0x00000000000806b4                u32MacLow_TOCOS
                0x00000000000806b8                u32MacHigh_TOCOS
 .rodata        0x00000000000806fc        0x6 C:\Users\makot\AppData\Local\Temp\cclvuCP0.ltrans13.ltrans.o
                0x00000000000806fc                aeXcvPhyEvtToScanEvt.5424.18338
 .rodata.str1.1
                0x0000000000080702       0x3f C:\Users\makot\AppData\Local\Temp\cclvuCP0.ltrans14.ltrans.o
 *fill*         0x0000000000080741        0x3 00
 .rodata        0x0000000000080744       0x28 C:\Users\makot\AppData\Local\Temp\cclvuCP0.ltrans14.ltrans.o
                0x0000000000080744                au32TimerBaseAddress
                0x0000000000080758                CSWTCH.35.28924.28924
 .rodata        0x000000000008076c       0x17 C:\Users\makot\AppData\Local\Temp\cclvuCP0.ltrans15.ltrans.o
 *fill*         0x0000000000080783        0x1 00
 .rodata        0x0000000000080784        0xc C:\Users\makot\AppData\Local\Temp\cclvuCP0.ltrans16.ltrans.o
                0x0000000000080784                au32UartAddrOffset
 .rodata.str1.1
                0x0000000000080790       0x11 C:\Users\makot\AppData\Local\Temp\cclvuCP0.ltrans18.ltrans.o
                                         0x22 (size before relaxing)
 *fill*         0x00000000000807a1        0x3 00
 .rodata        0x00000000000807a4       0x38 C:\Users\makot\AppData\Local\Temp\cclvuCP0.ltrans18.ltrans.o
                0x00000000000807a4                asStateFuncTbl.8247

.text           0x00000000000807dc     0xfc5f
 *(.text*)
 .text          0x00000000000807dc      0xcfc C:\Users\makot\AppData\Local\Temp\cclvuCP0.ltrans0.ltrans.o
                0x00000000000807dc                mac_vLPBAdjustBeaconOffset
                0x0000000000080839                mac_u32LPBGetBeaconTimeout
                0x0000000000080842                eWEnDTmrExpiry.17976
                0x000000000008084d                eWEnDEdDone.17973
                0x00000000000808a8                eGenlDontCare.17970
                0x00000000000808ad                eGenlIllegal.17595
                0x00000000000808b4                u32GetTimer0
                0x00000000000808bb                vSetTimer0
                0x00000000000808ca                _out_fct.12638
                0x00000000000808dc                _out_null.12644
                0x00000000000808df                SerCmdBinary_Output.11924
                0x0000000000080948                SerCmdBinary_u8Parse.11877
                0x0000000000080a50                SerCmdAscii_u8Parse.11809
                0x0000000000080bb9                vOutputStream.11790
                0x0000000000080bc5                vHandlerPatch.10185
                0x0000000000080bfc                _ZN3mwx2L112appdefs_crtpINS0_9NwkSimpleEE18_cbTweNet_vHwEventEPvmm.local.208
                0x0000000000080bff                _ZN3mwx2L112appdefs_crtpINS0_9NwkSimpleEE17_cbTweNet_u8HwIntEPvmm.local.207
                0x0000000000080c04                _ZN3mwx2L112appdefs_crtpINS0_9NwkSimpleEE18_cbTweNet_vTxEventEPvRNS0_12packet_ev_txE.local.212
                0x0000000000080c1e                _ZN3mwx2L112appdefs_crtpINS0_9NwkSimpleEE19_cbTweNet_vNwkEventEPvRNS0_13packet_ev_nwkE.local.213
                0x0000000000080c2f                _ZN3mwx2L112appdefs_crtpINS0_9NwkSimpleEE15_cbTweNet_vMainEPv.local.214
                0x0000000000080c32                _ZN3mwx2L110serial_jen7vOutputEcPv.local.215
                0x0000000000080c3e                vTACu32ToPayloadM
                0x0000000000080c56                bTACframeInProgress
                0x0000000000080c80                bTACassessBeaconForPayload
                0x0000000000080cd1                bIsBbcSafeForTx
                0x0000000000080d06                vTATwriteAclMaterialToHardware
                0x0000000000080d2b                vTATsetBLE
                0x0000000000080d62                vTATgetFramePayload
                0x0000000000080d7f                eTATreadTXstatus
                0x0000000000080dc5                vTAHsetPhyStateDirect.part.0.22456
                0x0000000000080de1                vMEMreturn
                0x0000000000080e52                vTACinformOriginator
                0x0000000000080e74                pvMEMget
                0x0000000000080ea0                vTAMDEdetermineNullState
                0x0000000000080eba                vTAMCOupdatePendingList
                0x0000000000080f8c                vTAMCOsetCoordinator
                0x0000000000080fb2                eScanHandleEvt.part.0.18006
                0x0000000000080fdb                mac_eDcfmIndPost
                0x0000000000080ffc                mac_psDcfmIndGetBuf
                0x000000000008101d                vMLMErxEnableConfirm
                0x000000000008104f                vMLMEcommStatus
                0x00000000000810b2                vMLMEcommStatusFromFrame
                0x00000000000810f6                vMLMEsyncLoss
                0x0000000000081129                vPMICpostFailedAssocDcfm
                0x0000000000081161                vPMICassocReqTO_2.16423
                0x0000000000081178                MAC_vPibSetPanId
                0x0000000000081193                vHandleTofRequest.14529
                0x0000000000081196                vAppApiDefSetPrbsSeed
                0x00000000000811ba                u8CCITT8
                0x00000000000811e0                Mac_vInit
                0x000000000008122c                bAES_CCM_KeyReg
                0x000000000008126b                bFifoPush.8891
                0x00000000000812a4                vAppQApiPostMlme.8877
                0x00000000000812c3                vAppQApiPostMcps.8884
                0x00000000000812de                pvFifoPull.8888
                0x0000000000081305                psAppQApiGetMlmeBuffer.8874
                0x000000000008130d                psAppQApiGetMcpsBuffer.8881
                0x0000000000081315                PRSEV_vSetState
                0x0000000000081325                PRSEV_vProcessEv_core.7331
                0x00000000000813c7                PRSEV_vProcessEvPost
                0x00000000000813f9                _PRSEV_vProcessEvSingle
                0x0000000000081406                ToCoNet_vMacStart
                0x0000000000081413                mwx::L1::duplciate_checker::_node_ele_init(mwx::L1::duplciate_checker::_node_ele*)
                0x0000000000081432                _ZN3mwx2L17smplbufIhNS0_12alloc_attachIhEEE9push_backERKh.local.51
                0x000000000008144f                _ZN3mwx2L113serial_parserINS0_10alloc_heapIhEEEC1Ev.local.71
                0x0000000000081486                _ZN3mwx2L112appdefs_virt8on_eventEmRm.local.125
                0x0000000000081498                _ZN3mwx2L112appdefs_virt18cbToCoNet_vTxEventERNS0_12packet_ev_txE.local.128
                0x00000000000814aa                _ZN3mwx2L112appdefs_virt19cbToCoNet_vNwkEventERNS0_13packet_ev_nwkE.local.130
                0x00000000000814bc                _ZN3mwx2L112appdefs_virt5setupEv.local.132
 .text.unlikely
                0x00000000000814d8       0x5f C:\Users\makot\AppData\Local\Temp\cclvuCP0.ltrans0.ltrans.o
                0x00000000000814d8                PRSEV_u8Register
                0x0000000000081516                _PRSEV_vProcessEvSingleH
                0x0000000000081525                _ZN3mwx2L112appdefs_virt18cbToCoNet_vRxEventERNS0_9packet_rxE.local.129
 .text.unlikely
                0x0000000000081537      0x7be C:\Users\makot\AppData\Local\Temp\cclvuCP0.ltrans1.ltrans.o
                0x0000000000081537                loop()
 *fill*         0x0000000000081cf5        0x3 00
 .text          0x0000000000081cf8      0xba8 C:\Users\makot\AppData\Local\Temp\cclvuCP0.ltrans2.ltrans.o
                0x0000000000081cf8                eWBRTTxDone.17992
                0x0000000000081d16                vTAMCOframeTXgoingIdle
                0x0000000000081d30                vTAMCOframeTXcap
                0x0000000000081d55                eWCoRRxDone.17983
                0x0000000000081dff                eWBcnRxDone.17995
                0x00000000000823ea                vTAMCOframeRXcap
                0x00000000000823fc                vTAMCOframeRXgoingIdle
                0x0000000000082412                vTAMCOframeRXnobeacon
                0x0000000000082424                vTAMDEframeRX
                0x000000000008244d                vTAMDEframeRXtrackingDR
                0x0000000000082490                vTAMDEframePreSyncReq
                0x00000000000824a8                vTAMCOframeTXbeacon
                0x000000000008256f                vTAMDEframeRXsyncReq
                0x00000000000827bf                vTAMDEint1FiredTrackingCAPgts
                0x0000000000082872                eWONTTxDone.17989
 .text          0x00000000000828a0      0xee3 C:\Users\makot\AppData\Local\Temp\cclvuCP0.ltrans3.ltrans.o
                0x0000000000082a98                _ftoa.12712.constprop.361
                0x0000000000082df1                _ntoa_long_long.12686.constprop.358
                0x0000000000082ec6                _ntoa_long.12674.constprop.363
                0x0000000000082f93                vMicroIntEnableOnly.constprop.351
                0x0000000000082fbf                vMMAC_SetChannelAndPower
                0x0000000000083168                vPhySetChannel
                0x0000000000083187                QUEUE__u8RemoveItem
                0x00000000000831e1                QUEUE__vAddItem.constprop.341
                0x0000000000083213                _ToCoNet_bRfChChannel
                0x00000000000832aa                ToCoNet_ChMgr_bCh_Reconfig
                0x0000000000083312                ToCoNet_ChMgr_vCh_TxFin
                0x000000000008333e                vHnd_E_STATE_WAIT_TX.8214
                0x00000000000833ae                vHnd_E_STATE_IDLE.8206
                0x0000000000083403                vAHI_ProtocolPower.constprop.350
                0x0000000000083411                vMMAC_ConfigureRadio
                0x00000000000835bc                bAHI_SetClockRate
                0x00000000000836c7                bAES_CCM_DecodeKey
 .text.unlikely
                0x0000000000083783       0x45 C:\Users\makot\AppData\Local\Temp\cclvuCP0.ltrans3.ltrans.o
                0x0000000000083783                vAHI_MemoryHold.28688
 .text          0x00000000000837c8      0xc47 C:\Users\makot\AppData\Local\Temp\cclvuCP0.ltrans4.ltrans.o
                0x00000000000837c8                vAHI_IntHandlerTimer4
                0x00000000000837e9                vAHI_IntHandlerTimer3
                0x000000000008380a                vAHI_IntHandlerTimer1
                0x000000000008382a                vAHI_IntHandlerTimer0
                0x000000000008384b                vTimerCallback.28571
                0x0000000000083856                vAHI_IntHandlerSpiMaster
                0x000000000008387c                vAHI_IntHandlerAnalogPeriph
                0x000000000008389c                vTTIBLETimerExpired
                0x00000000000838a7                vAHI_WatchdogStop
                0x00000000000838be                _ZN3mwx2L120periph_pulse_counter10_on_wakeupEv.part.11.3367
                0x0000000000083934                u32AHI_DioWakeStatus
                0x0000000000083945                vAHI_DioWakeEdge
                0x0000000000083965                vAHI_DioSetPullup
                0x0000000000083985                vAHI_DioSetOutput
                0x0000000000083999                vAHI_DioSetDirection
                0x00000000000839ad                vACI_CmdWaitBusy
                0x0000000000083a11                vACI_OptimisedCcmStar
                0x0000000000083c29                vTAIdisableInterrupt
                0x0000000000083c42                psRemove.part.0.27535
                0x0000000000083c71                vMAC_MISCpollConfirm
                0x0000000000083ca2                MAC_u8AclFindInfo
                0x0000000000083dcc                vTASretrieveSecurity
                0x0000000000083dee                MAC_bLookUpKeyDescriptor.25087
                0x0000000000083e68                u8TSCframeIncrease
                0x0000000000083ea1                vTSCpostTransmitUpdate
                0x0000000000083ed1                vCopyToDataFromMacAddr.24997
                0x0000000000083f04                bTSCgetOutgoingInfo
                0x000000000008400d                vDoGoOff.24277
                0x0000000000084027                psTAQsearchFifo
                0x0000000000084070                bTAQremoveFromFifo
                0x00000000000840ad                vTTITransactionTimerExpired
                0x00000000000840d6                vTAMinsertEvent
                0x000000000008413c                vTTITimer2Expired
                0x0000000000084140                vTTITimer1Expired
                0x0000000000084144                vTAM_TxRetryTimeout
                0x0000000000084148                vTACsetTxFrameDefaults
                0x000000000008416e                u8TACgetHeaderSize
                0x00000000000841ab                bUpdateTime.23315
                0x00000000000841e6                vTACbuildBeacon
                0x00000000000843ee                u32TACpayloadToU32M
 .text.unlikely
                0x000000000008440f       0x24 C:\Users\makot\AppData\Local\Temp\cclvuCP0.ltrans4.ltrans.o
                0x000000000008440f                vAHI_CpuDoze
                0x0000000000084422                vStartXtal32kExternalRc.28585
 .text          0x0000000000084433      0x7dd C:\Users\makot\AppData\Local\Temp\cclvuCP0.ltrans5.ltrans.o
                0x0000000000084433                bAES_CCM_EncodeKey
                0x00000000000844e0                SERIAL_vTxReady
                0x0000000000084518                u8Write802_15_4HeaderIntoBuffer.26286
                0x0000000000084678                _ZN3mwx2L110serial_jen5beginEmh.isra.17.part.18.3381.constprop.274
                0x00000000000848eb                _MWX_periph_init()
                0x000000000008498c                cbAppColdStart.part.25.3807
 .text.unlikely
                0x0000000000084c10      0x181 C:\Users\makot\AppData\Local\Temp\cclvuCP0.ltrans5.ltrans.o
                0x0000000000084c89                bStartXtal32k.28595
 *fill*         0x0000000000084d91        0x3 00
 .text          0x0000000000084d94      0xc98 C:\Users\makot\AppData\Local\Temp\cclvuCP0.ltrans6.ltrans.o
                0x0000000000084d94                TSV_eStart
                0x0000000000084e78                vTAMDEstartSync
                0x0000000000084ef6                eTAMselect
                0x0000000000085038                vDeterminePowerState.21237
                0x00000000000850bc                vTAMDEint1FiredTrackingBeacon
                0x000000000008515c                vTAMDEint2FiredTrackingDR
                0x0000000000085181                vTAMDEframeTXtrackingDR
                0x00000000000851da                vTAMDEint2FiredPollActive
                0x000000000008520e                vTAMDEreqTXnullTrackingCAP
                0x0000000000085227                vTAM_TxRetryTimer
                0x0000000000085234                eTAStransmitRequest
                0x00000000000855cf                vPMICassocReqTO_1.16416
                0x0000000000085657                vTAM_MCPSdataRequest
                0x000000000008569a                bTACcheckPANconflict
                0x0000000000085753                TSV_eOpen
                0x000000000008575b                vAppApiDefRestoreMacSettings
                0x0000000000085842                vAppApiDefSaveMacSettings
                0x000000000008589f                mac_vLPBSleep
                0x000000000008595d                pvAppApiDefGetMacAddrLocation
                0x0000000000085966                eAppApiDefPlmeGet
                0x00000000000859b8                eAppApiDefPlmeSet
 .text          0x0000000000085a2c      0xae0 C:\Users\makot\AppData\Local\Temp\cclvuCP0.ltrans7.ltrans.o
                0x0000000000085a2c                mac_vLPBStartTimer
                0x0000000000085c8e                vProcessEvCoreTx.8183
                0x0000000000085d78                vPollClkSource.28579.constprop.338
                0x0000000000085d8d                vAHI_SiMasterConfigure.constprop.326
                0x0000000000085dc1                _ZN3mwx2L16twenet5beginEv.local.109.constprop.292
                0x0000000000085e06                _ZN3mwx2L114periph_buttons5beginEmht.constprop.291
                0x0000000000085e69                vAHI_DoSetPullup.constprop.288
                0x0000000000085e89                vAHI_DioWakeEnable.constprop.287
                0x0000000000085e9d                vTimerStart
                0x0000000000085fb6                vAHI_TimerEnable.part.1.28791.constprop.264
                0x0000000000086021                _ZN3mwx2L115periph_analogue10_adc_startEv.local.62.constprop.257
                0x000000000008610a                u8HwEventHandler.7541
                0x00000000000861af                mwx::L1::periph_analogue::ADC_handler(unsigned long, unsigned long)
                0x00000000000861f6                bAES_CCMstar
                0x00000000000862c2                pvHeap_Alloc
                0x00000000000862c5                operator new(unsigned long)
                0x00000000000862e8                u32AHI_Init
                0x00000000000863aa                vMicroIntRestoreState
                0x00000000000863b6                bAHI_DoEnableOutputs
                0x00000000000863df                u8AHI_WakeTimerFiredStatus
                0x00000000000863f3                vAHI_WakeTimerStop.part.3.29256
                0x0000000000086413                mac_vLPBStopTimer
                0x000000000008641d                vAHI_UartSetRTSCTS.part.15.29037
                0x0000000000086444                vAHI_UartReset.part.4.29010
                0x000000000008647c                vAHI_UartSetControl.part.2.28994
                0x00000000000864cd                vAHI_UartSetBaudDivisor.part.1.28990
 .text.unlikely
                0x000000000008650c        0xd C:\Users\makot\AppData\Local\Temp\cclvuCP0.ltrans7.ltrans.o
                0x000000000008650c                bAHI_SiMasterPollTransferInProgress
 .text          0x0000000000086519      0x71f C:\Users\makot\AppData\Local\Temp\cclvuCP0.ltrans8.ltrans.o
                0x0000000000086519                SerCmdAscii_Output.11858
                0x000000000008668a                vHnd_E_STATE_FINISH_TX_FAIL.8191
                0x0000000000086740                vHnd_E_STATE_FINISH_TX_SUCCESS.8196
                0x000000000008680b                vAppQApiPostHwIntT.8870
                0x00000000000868de                vRxChar.10210
                0x000000000008692f                TWETERM_iGetC.12548
                0x0000000000086951                MWX_Panic
                0x00000000000869b5                _ZN3mwx2L16twenetC1Ev.local.82
                0x0000000000086a6d                _Z41__static_initialization_and_destruction_0ii.part.26.3812
 .text.unlikely
                0x0000000000086c38      0x184 C:\Users\makot\AppData\Local\Temp\cclvuCP0.ltrans8.ltrans.o
                0x0000000000086c79                _ZN3mwx2L114periph_twowireILi32EE9busy_waitEv.isra.32.2216
                0x0000000000086d19                sendScore()
 .text          0x0000000000086dbc      0xa06 C:\Users\makot\AppData\Local\Temp\cclvuCP0.ltrans9.ltrans.o
                0x0000000000086dbc                setup()
                0x0000000000086f4c                ToCoNet_vMain
 .text          0x00000000000877c2      0x90f C:\Users\makot\AppData\Local\Temp\cclvuCP0.ltrans10.ltrans.o
                0x00000000000877c2                MAC_pvCtor
                0x0000000000087beb                u32AppApiDefInit
                0x0000000000087cb6                _ToCoNet_vMacInit
                0x0000000000087d1c                _ToCoNet_vRfConfig
                0x0000000000087ec6                mwx::L1::NwkSimple::on_create(unsigned long&)
                0x0000000000087f95                _ZN3mwx2L123twenet_instance_manager3useINS0_9NwkSimpleEEERT_v.local.175.constprop.311
 *fill*         0x00000000000880d1        0x3 00
 .text          0x00000000000880d4      0xb6c C:\Users\makot\AppData\Local\Temp\cclvuCP0.ltrans11.ltrans.o
                0x00000000000880d4                vAHI_IntHandlerTickTimer
                0x000000000008811b                pinMode(unsigned char, mwx::L1::enum_wapper<PIN_MODE::eMWX_DIO_MODE, unsigned char>)
                0x000000000008829f                bTAM_AES_CCMstarPatch
                0x00000000000883e3                bTAM_AES_CCMstarPatch2006
                0x00000000000886c2                bTATsendFrame
                0x0000000000088715                vTrySendFromDirectCAP.20570
                0x0000000000088730                vTrySendFromDirectNoBeacon.20574
                0x000000000008875b                vTAMCOint1Fired
                0x0000000000088877                vTAMCOstartBeacon
                0x00000000000888b2                vStartStoreValues.20638
                0x0000000000088969                bStartCallback.20667
                0x0000000000088998                vTAMCOint1FiredCAP
                0x0000000000088a0b                vTAMCOreqTXnoBeacon
                0x0000000000088a1d                vTAMCOreqTXinCAP
                0x0000000000088a43                vTrySendUnslotted.21115
                0x0000000000088a5d                bSendDataRequest.21117
                0x0000000000088b6f                bProcessBeaconRX.21120
 .text          0x0000000000088c40      0x60c C:\Users\makot\AppData\Local\Temp\cclvuCP0.ltrans12.ltrans.o
                0x0000000000088c40                _ZN3mwx2L112appdefs_crtpINS0_9NwkSimpleEE9_on_eventEPvmRm.local.210
                0x0000000000088c89                vProcessEvCoreMac
                0x0000000000088cf0                AppColdStart
 .text.unlikely
                0x000000000008924c      0x3af C:\Users\makot\AppData\Local\Temp\cclvuCP0.ltrans12.ltrans.o
                0x000000000008924c                ToCoNet_vStart
 *fill*         0x00000000000895fb        0x1 00
 .text          0x00000000000895fc      0xa84 C:\Users\makot\AppData\Local\Temp\cclvuCP0.ltrans13.ltrans.o
                0x00000000000895fc                vPostDcfm.17979
                0x00000000000896d1                AppWarmStart
                0x00000000000897a1                vSetNextChannel.18027
                0x00000000000897fb                MAC_vHandleMlmeReqRsp
                0x0000000000089fa9                vTAMDEint1FiredTracking
                0x000000000008a019                vTAMDEint1FiredSyncReq
 .text          0x000000000008a080      0x950 C:\Users\makot\AppData\Local\Temp\cclvuCP0.ltrans14.ltrans.o
                0x000000000008a080                _ZN3mwx2L112appdefs_crtpINS0_9NwkSimpleEE18_cbTweNet_vRxEventEPvRNS0_9packet_rxE.local.209
                0x000000000008a592                _ZN3mwx2L113serial_parserINS0_10alloc_heapIhEEE4putcINS0_10serial_jenEEEiiP15_tsTWETERM_FILE.local.165
                0x000000000008a5a6                _ZN3mwx2L113serial_parserINS0_12alloc_attachIhEEE4putcINS0_10serial_jenEEEiiP15_tsTWETERM_FILE.local.155
                0x000000000008a5ba                TWETERM_iPutS.12540
                0x000000000008a5df                TWETERM_iPutC.12544
                0x000000000008a5f0                vTimerConfig
                0x000000000008a7f7                cbAppWarmStart.part.23.3648
                0x000000000008a98c                _ZN3mwx2L16streamINS0_10serial_jenEElsERNS0_18MWX_Stream_EndLineE.isra.30.2211
                0x000000000008a9a8                _ZN3mwx2L16streamINS0_10serial_jenEE6_printEPKc.local.173
 .text          0x000000000008a9d0      0x8b0 C:\Users\makot\AppData\Local\Temp\cclvuCP0.ltrans15.ltrans.o
                0x000000000008a9d0                UART_vHandleUartInterrupt.10313
                0x000000000008aa57                _ZN3mwx2L114processev_crtpINS0_9NwkSimpleEE14vProcessEvCoreEP8_tsEvent7teEventm.local.211
                0x000000000008aafc                vXCV_IntHandlerPhy
                0x000000000008abae                vScanHandleTimer.17592
                0x000000000008abb4                vXCV_IntHandlerBbc
                0x000000000008ac57                SERIAL_i16RxChar
                0x000000000008acb6                u8TAM_AES_WriteAuxilliarySecurityHeaderIntoBuffer
                0x000000000008ad28                u32AHI_ReadIndexSectorBits.constprop.224
                0x000000000008ad89                vTAIsetCapTime
                0x000000000008adaa                vTAIsetRxEnableTime
                0x000000000008adcb                vDoGoActive.24279
                0x000000000008aded                vTAMRXEint2Fired
                0x000000000008ae24                _ZN3mwx2L115periph_analogue5setupEbhPFvvE.isra.4.3350.constprop.283
                0x000000000008aeaa                vTAMRXEsetPhy
                0x000000000008af6d                vTAHsetPhyState
                0x000000000008af9d                vTAMCOint2Fired
                0x000000000008afbd                vSetPHYfromMacValue.21113
                0x000000000008afef                vTAMDEint1FiredWaitDR
                0x000000000008affc                vTACsetPHYfromMacValue
                0x000000000008b01d                vTAMRXEsetReceiveForPibChange
                0x000000000008b05d                vMLMEbeaconNotify
                0x000000000008b1bc                vMCPSframeReceived
 .text.unlikely
                0x000000000008b280       0x85 C:\Users\makot\AppData\Local\Temp\cclvuCP0.ltrans15.ltrans.o
                0x000000000008b280                _ZL5delaym.2177.constprop.336
 .text          0x000000000008b305      0x96f C:\Users\makot\AppData\Local\Temp\cclvuCP0.ltrans16.ltrans.o
                0x000000000008b350                SERIAL_bTxChar
                0x000000000008b3f2                TWETERM_vFlush.12517
                0x000000000008b469                vTACintRXheader
                0x000000000008bc64                eGenRxHdrDone.17986
 .text          0x000000000008bc74      0x826 C:\Users\makot\AppData\Local\Temp\cclvuCP0.ltrans17.ltrans.o
                0x000000000008bc74                vHnd_E_STATE_RUNNING.8222
                0x000000000008bec1                bAHI_ReadMACID
                0x000000000008bf07                ToCoNet_vInit
                0x000000000008c244                vExpireHead.27540
                0x000000000008c274                _ZN3mwx2L110twenet_mac8transmitERNS0_9packet_txE.local.53.constprop.340
                0x000000000008c455                fctprintf
                0x000000000008c477                _ZN3mwx2L111_printobj_2ImhE9_do_printEPvPFvcS3_ES3_.local.206
                0x000000000008c48e                MWX_DebugMsg.constprop.355
 .text.unlikely
                0x000000000008c49a        0xf C:\Users\makot\AppData\Local\Temp\cclvuCP0.ltrans17.ltrans.o
                0x000000000008c49a                u32AppQApiInitInt_PATCH
 .text          0x000000000008c4a9      0x53b C:\Users\makot\AppData\Local\Temp\cclvuCP0.ltrans18.ltrans.o
                0x000000000008c4a9                vAppApiDefMcpsRequest
                0x000000000008c4d4                vHnd_E_STATE_PREPARE_TX.8201
                0x000000000008c9b0                vAppApiDefMlmeRequest
                0x000000000008c9db                pvAppApiDefGetMacHandle
 *fill*         0x000000000008c9e4        0x0 00
 .text.unlikely
                0x000000000008c9e4      0x318 C:\Users\makot\AppData\Local\Temp\cclvuCP0.ltrans18.ltrans.o
                0x000000000008ca01                vProcessIncomingHwEvent.7710
 .text          0x000000000008ccfc      0x784 C:\Users\makot\AppData\Local\Temp\cclvuCP0.ltrans19.ltrans.o
                0x000000000008ccfc                eGenTmrExpiry.18288
                0x000000000008cd3e                eWEDTEdDone.18291
                0x000000000008cd62                TSV_eStop
                0x000000000008ce21                bPMICdisassocReqSent.16412
                0x000000000008cedb                MAC_vHandleMcpsReqRsp
                0x000000000008cf68                bMCPSframeTXcomplete.19023
                0x000000000008cfbd                bSendSyncLoss.23250
                0x000000000008cfd5                bPollReqSent.26846
                0x000000000008cfed                bTASsendCommStatusInd
                0x000000000008d002                bAssocRespSent.16408
                0x000000000008d015                eTACprocessFrameTXcomplete
                0x000000000008d191                vTAMCOframeTXnobeacon
                0x000000000008d1a6                vTAMCOframeStarting
                0x000000000008d1bf                vTAMDEframeTXDEnull
                0x000000000008d1e3                vTAMDEframeTXtrackingCAPgts
                0x000000000008d210                bPMICassocReqSent.16404
                0x000000000008d292                bPMICassocReqPollSent.16419
                0x000000000008d2e6                eWChCChanChgd.18003
 .text          0x000000000008d480      0x9bf C:\Users\makot\AppData\Local\Temp\cclvuCP0.ltrans20.ltrans.o
                0x000000000008d480                _etoa.12732.constprop.359
                0x000000000008d82c                _vsnprintf.constprop.357
 .text          0x000000000008de3f       0x25 c:/users/makot/desktop/scoreboradproject/mwstage-2020-04_win10/mwstage/mwsdk/tools/ba-elf-ba2-r36379.w10/bin/../lib/gcc/ba-elf/4.7.4/../../../../ba-elf/lib/mcpu_jn51xx_sizeopt\libc.a(lib_a-memcmp.o)
                0x000000000008de3f                memcmp
 .text          0x000000000008de64       0x19 c:/users/makot/desktop/scoreboradproject/mwstage-2020-04_win10/mwstage/mwsdk/tools/ba-elf-ba2-r36379.w10/bin/../lib/gcc/ba-elf/4.7.4/../../../../ba-elf/lib/mcpu_jn51xx_sizeopt\libc.a(lib_a-memcpy.o)
 *fill*         0x000000000008de7d        0x3 00
 .text          0x000000000008de80      0x204 c:/users/makot/desktop/scoreboradproject/mwstage-2020-04_win10/mwstage/mwsdk/tools/ba-elf-ba2-r36379.w10/bin/../lib/gcc/ba-elf/4.7.4/mcpu_jn51xx_sizeopt\libgcc.a(__udivsi3.o)
                0x000000000008de80                __udivsi3
 .text          0x000000000008e084       0x30 c:/users/makot/desktop/scoreboradproject/mwstage-2020-04_win10/mwstage/mwsdk/tools/ba-elf-ba2-r36379.w10/bin/../lib/gcc/ba-elf/4.7.4/mcpu_jn51xx_sizeopt\libgcc.a(__divsi3.o)
                0x000000000008e084                __divsi3
 .text          0x000000000008e0b4      0x1b0 c:/users/makot/desktop/scoreboradproject/mwstage-2020-04_win10/mwstage/mwsdk/tools/ba-elf-ba2-r36379.w10/bin/../lib/gcc/ba-elf/4.7.4/mcpu_jn51xx_sizeopt\libgcc.a(__umodsi3.o)
                0x000000000008e0b4                __umodsi3
 .text          0x000000000008e264       0x24 c:/users/makot/desktop/scoreboradproject/mwstage-2020-04_win10/mwstage/mwsdk/tools/ba-elf-ba2-r36379.w10/bin/../lib/gcc/ba-elf/4.7.4/mcpu_jn51xx_sizeopt\libgcc.a(__modsi3.o)
                0x000000000008e264                __modsi3
 .text          0x000000000008e288       0x39 c:/users/makot/desktop/scoreboradproject/mwstage-2020-04_win10/mwstage/mwsdk/tools/ba-elf-ba2-r36379.w10/bin/../lib/gcc/ba-elf/4.7.4/mcpu_jn51xx_sizeopt\libgcc.a(_fixunsdfsi.o)
                0x000000000008e288                __fixunsdfsi
 .text          0x000000000008e2c1      0x350 c:/users/makot/desktop/scoreboradproject/mwstage-2020-04_win10/mwstage/mwsdk/tools/ba-elf-ba2-r36379.w10/bin/../lib/gcc/ba-elf/4.7.4/mcpu_jn51xx_sizeopt\libgcc.a(_udivdi3.o)
                0x000000000008e2c1                __udivdi3
 .text          0x000000000008e611      0x312 c:/users/makot/desktop/scoreboradproject/mwstage-2020-04_win10/mwstage/mwsdk/tools/ba-elf-ba2-r36379.w10/bin/../lib/gcc/ba-elf/4.7.4/mcpu_jn51xx_sizeopt\libgcc.a(_umoddi3.o)
                0x000000000008e611                __umoddi3
 .text          0x000000000008e923      0x682 c:/users/makot/desktop/scoreboradproject/mwstage-2020-04_win10/mwstage/mwsdk/tools/ba-elf-ba2-r36379.w10/bin/../lib/gcc/ba-elf/4.7.4/mcpu_jn51xx_sizeopt\libgcc.a(adddf3.o)
                0x000000000008e923                __adddf3
 *fill*         0x000000000008efa5        0x3 00
 .text          0x000000000008efa8      0x5c8 c:/users/makot/desktop/scoreboradproject/mwstage-2020-04_win10/mwstage/mwsdk/tools/ba-elf-ba2-r36379.w10/bin/../lib/gcc/ba-elf/4.7.4/mcpu_jn51xx_sizeopt\libgcc.a(divdf3.o)
                0x000000000008efa8                __divdf3
 .text          0x000000000008f570       0x7f c:/users/makot/desktop/scoreboradproject/mwstage-2020-04_win10/mwstage/mwsdk/tools/ba-elf-ba2-r36379.w10/bin/../lib/gcc/ba-elf/4.7.4/mcpu_jn51xx_sizeopt\libgcc.a(eqdf2.o)
                0x000000000008f570                __nedf2
                0x000000000008f570                __eqdf2
 .text          0x000000000008f5ef       0xca c:/users/makot/desktop/scoreboradproject/mwstage-2020-04_win10/mwstage/mwsdk/tools/ba-elf-ba2-r36379.w10/bin/../lib/gcc/ba-elf/4.7.4/mcpu_jn51xx_sizeopt\libgcc.a(gedf2.o)
                0x000000000008f5ef                __gedf2
                0x000000000008f5ef                __gtdf2
 .text          0x000000000008f6b9       0xcb c:/users/makot/desktop/scoreboradproject/mwstage-2020-04_win10/mwstage/mwsdk/tools/ba-elf-ba2-r36379.w10/bin/../lib/gcc/ba-elf/4.7.4/mcpu_jn51xx_sizeopt\libgcc.a(ledf2.o)
                0x000000000008f6b9                __ledf2
                0x000000000008f6b9                __ltdf2
 .text          0x000000000008f784      0x488 c:/users/makot/desktop/scoreboradproject/mwstage-2020-04_win10/mwstage/mwsdk/tools/ba-elf-ba2-r36379.w10/bin/../lib/gcc/ba-elf/4.7.4/mcpu_jn51xx_sizeopt\libgcc.a(muldf3.o)
                0x000000000008f784                __muldf3
 .text          0x000000000008fc0c      0x693 c:/users/makot/desktop/scoreboradproject/mwstage-2020-04_win10/mwstage/mwsdk/tools/ba-elf-ba2-r36379.w10/bin/../lib/gcc/ba-elf/4.7.4/mcpu_jn51xx_sizeopt\libgcc.a(subdf3.o)
                0x000000000008fc0c                __subdf3
 .text          0x000000000009029f       0x64 c:/users/makot/desktop/scoreboradproject/mwstage-2020-04_win10/mwstage/mwsdk/tools/ba-elf-ba2-r36379.w10/bin/../lib/gcc/ba-elf/4.7.4/mcpu_jn51xx_sizeopt\libgcc.a(fixdfsi.o)
                0x000000000009029f                __fixdfsi
 .text          0x0000000000090303       0x61 c:/users/makot/desktop/scoreboradproject/mwstage-2020-04_win10/mwstage/mwsdk/tools/ba-elf-ba2-r36379.w10/bin/../lib/gcc/ba-elf/4.7.4/mcpu_jn51xx_sizeopt\libgcc.a(floatsidf.o)
                0x0000000000090303                __floatsidf
 .text          0x0000000000090364       0x4f c:/users/makot/desktop/scoreboradproject/mwstage-2020-04_win10/mwstage/mwsdk/tools/ba-elf-ba2-r36379.w10/bin/../lib/gcc/ba-elf/4.7.4/mcpu_jn51xx_sizeopt\libgcc.a(floatunsidf.o)
                0x0000000000090364                __floatunsidf
 .text          0x00000000000903b3       0x27 C:/Users/makot/Desktop/ScoreBoradProject/MWSTAGE-2020-04_win10/MWSTAGE/MWSDK/ChipLib/SW4063V1416/Components/Library\libHardwareApi_JN5169.a(AHI_Interrupt.o)
                0x00000000000903b3                vAHI_InterruptSetPriority
                0x00000000000903d1                vAHI_InterruptSetActivePriorityLevel
 .text.vMicroSyscall
                0x00000000000903da       0x17 C:/Users/makot/Desktop/ScoreBoradProject/MWSTAGE-2020-04_win10/MWSTAGE/MWSDK/ChipLib/SW4063V1416/Components/Library\libMicroSpecific_JN516x.a(MicroSyscall_ba.o)
                0x00000000000903da                vMicroSyscall
 .text          0x00000000000903f1       0x12 c:/users/makot/desktop/scoreboradproject/mwstage-2020-04_win10/mwstage/mwsdk/tools/ba-elf-ba2-r36379.w10/bin/../lib/gcc/ba-elf/4.7.4/../../../../ba-elf/lib/mcpu_jn51xx_sizeopt\libc.a(lib_a-memset.o)
                0x00000000000903f1                memset
 .text          0x0000000000090403       0x38 c:/users/makot/desktop/scoreboradproject/mwstage-2020-04_win10/mwstage/mwsdk/tools/ba-elf-ba2-r36379.w10/bin/../lib/gcc/ba-elf/4.7.4/../../../../ba-elf/lib/mcpu_jn51xx_sizeopt\libc.a(lib_a-strncmp.o)
                0x0000000000090403                strncmp
                0x000000000009043b                _flash_end = ABSOLUTE (.)

.rela.dyn       0x000000000009043c        0x0
 .rela.text     0x0000000000000000        0x0 C:\Users\makot\AppData\Local\Temp\cclvuCP0.ltrans0.ltrans.o
 .rela.text.unlikely
                0x0000000000000000        0x0 C:\Users\makot\AppData\Local\Temp\cclvuCP0.ltrans0.ltrans.o
 .rela.rodata   0x0000000000000000        0x0 C:\Users\makot\AppData\Local\Temp\cclvuCP0.ltrans0.ltrans.o
 .rela.data     0x0000000000000000        0x0 C:\Users\makot\AppData\Local\Temp\cclvuCP0.ltrans0.ltrans.o
                0x000000000400004c                . = ORIGIN (ram)

.data           0x000000000400004c        0xc load address 0x000000000009043c
                0x000000000400004c                _ram_data_start = ABSOLUTE (.)
 *(.data*)
 .data          0x000000000400004c        0x1 C:\Users\makot\AppData\Local\Temp\cclvuCP0.ltrans3.ltrans.o
 *fill*         0x000000000400004d        0x3 00
 .data          0x0000000004000050        0x4 C:\Users\makot\AppData\Local\Temp\cclvuCP0.ltrans7.ltrans.o
                0x0000000004000050                u32HeapStart
 .data          0x0000000004000054        0x1 C:\Users\makot\AppData\Local\Temp\cclvuCP0.ltrans10.ltrans.o
 .data.initinboot
                0x0000000004000055        0x1 C:\Users\makot\AppData\Local\Temp\cclvuCP0.ltrans10.ltrans.o
                0x0000000004000055                gMAC_u8MaxBuffers
 .data          0x0000000004000056        0x1 C:\Users\makot\AppData\Local\Temp\cclvuCP0.ltrans18.ltrans.o
                0x0000000004000056                u8TxWkrNow.8325
 *(.data.*)
                0x0000000004000058                . = ALIGN (0x4)
 *fill*         0x0000000004000057        0x1 00
                0x0000000004000058                _ram_data_end = ABSOLUTE (.)

.bss            0x0000000004000058     0x165c load address 0x0000000000090448
                0x0000000004000058                _bss_start = ABSOLUTE (.)
 *(.bss*)
 .bss           0x0000000004000058        0xc C:\Users\makot\AppData\Local\Temp\cclvuCP0.ltrans0.ltrans.o
 .bss           0x0000000004000064       0x5c C:\Users\makot\AppData\Local\Temp\cclvuCP0.ltrans1.ltrans.o
                0x0000000004000064                the_mac
                0x0000000004000074                asSerialPorts
                0x00000000040000ac                mode
                0x00000000040000b0                score
 .bss           0x00000000040000c0       0x40 C:\Users\makot\AppData\Local\Temp\cclvuCP0.ltrans2.ltrans.o
                0x00000000040000c0                g_sLP
                0x00000000040000fc                g_pvMac
 .bss.initinboot
                0x0000000004000100      0x1c0 C:\Users\makot\AppData\Local\Temp\cclvuCP0.ltrans2.ltrans.o
                0x0000000004000100                g_sMac
 .bss           0x00000000040002c0       0x18 C:\Users\makot\AppData\Local\Temp\cclvuCP0.ltrans3.ltrans.o
                0x00000000040002c0                bForceInitialize.8283
 .bss           0x00000000040002d8        0x1 C:\Users\makot\AppData\Local\Temp\cclvuCP0.ltrans4.ltrans.o
                0x00000000040002d8                u8TAM_TxStatusOverride
 *fill*         0x00000000040002d9        0x3 00
 .bss           0x00000000040002dc      0x67c C:\Users\makot\AppData\Local\Temp\cclvuCP0.ltrans5.ltrans.o
                0x00000000040002dc                SPI
                0x00000000040002e0                gbTimeOutFlag.28763
                0x00000000040002e4                prUart1AppCallback.29231
                0x00000000040002e8                prUart0AppCallback.29230
                0x00000000040002ec                sOpt.10362
                0x00000000040002fc                _psSerial
 .bss           0x0000000004000958       0x1c C:\Users\makot\AppData\Local\Temp\cclvuCP0.ltrans6.ltrans.o
 .bss.initinboot
                0x0000000004000974        0x1 C:\Users\makot\AppData\Local\Temp\cclvuCP0.ltrans6.ltrans.o
 *fill*         0x0000000004000975        0x3 00
 .bss           0x0000000004000978        0x8 C:\Users\makot\AppData\Local\Temp\cclvuCP0.ltrans7.ltrans.o
 .bss.dontinitinboot
                0x0000000004000980        0x4 C:\Users\makot\AppData\Local\Temp\cclvuCP0.ltrans7.ltrans.o
 .bss           0x0000000004000984        0x4 C:\Users\makot\AppData\Local\Temp\cclvuCP0.ltrans8.ltrans.o
                0x0000000004000984                prAppHwCallback.9115
 .bss           0x0000000004000988      0x17c C:\Users\makot\AppData\Local\Temp\cclvuCP0.ltrans9.ltrans.o
                0x0000000004000988                sMcpsIndQueue.9109
                0x0000000004000998                bRxQueue_Init.10056
                0x0000000004000999                u8AppId_Pkt_head.10058
                0x000000000400099c                u32AppId.10054
                0x00000000040009a0                sMcpsIndBufferQueue.9107
                0x00000000040009b0                sMlmeIndQueue.9110
                0x00000000040009c0                sMlmeIndBufferQueue.9108
                0x00000000040009d0                sHwIndQueue.9111
                0x00000000040009e0                sHwIndBufferQueue.9112
                0x00000000040009f0                _u32_INT_adc_comp
                0x00000000040009f4                _u32_INT_ticktimer
                0x00000000040009f8                the_vhw
                0x0000000004000a18                the_vapp
                0x0000000004000a38                the_vnet
                0x0000000004000a58                _periph_availmap
                0x0000000004000a5c                Wire
                0x0000000004000a8c                Serial
                0x0000000004000aa8                SerialParser
                0x0000000004000af0                Buttons
 .bss           0x0000000004000b04       0x24 C:\Users\makot\AppData\Local\Temp\cclvuCP0.ltrans10.ltrans.o
                0x0000000004000b04                i8TxPower.19823
                0x0000000004000b08                g_sXcv
                0x0000000004000b0c                prMcpsRequest.13417
                0x0000000004000b10                prMlmeRequest.13416
                0x0000000004000b14                prOriginalHandler.10189
 .bss.initinboot
                0x0000000004000b28        0x8 C:\Users\makot\AppData\Local\Temp\cclvuCP0.ltrans10.ltrans.o
                0x0000000004000b28                g_u32MacAddrLocation
                0x0000000004000b2c                prvUserTxStartedCallback
 .bss.dontinitinboot
                0x0000000004000b30        0x1 C:\Users\makot\AppData\Local\Temp\cclvuCP0.ltrans11.ltrans.o
                0x0000000004000b30                u8SecurityMode.26313
 *fill*         0x0000000004000b31        0x3 00
 .bss           0x0000000004000b34      0x288 C:\Users\makot\AppData\Local\Temp\cclvuCP0.ltrans12.ltrans.o
                0x0000000004000b34                psRxQueueList.10055
                0x0000000004000b48                asEventHandler.7398
                0x0000000004000be8                sEvVars
                0x0000000004000c04                u32TickCount_ms
                0x0000000004000c08                au8Txdatabuff_idx_sTxQueue
                0x0000000004000c0c                u8TxBuffSiz_sTxQueue
                0x0000000004000c10                sTxdatabuff_sTxQueue
                0x0000000004000c14                sTxQueue
                0x0000000004000c30                au8Rxdatabuff_idx_sRxQueue
                0x0000000004000c34                u8RxBuffSiz_sRxQueue
                0x0000000004000c38                sRxdatabuff_sRxQueue
                0x0000000004000c3c                sRxQueue
                0x0000000004000c58                au8Rxdatabuff_idx_sRxQueueCmd
                0x0000000004000c5c                u8RxBuffSiz_sRxQueueCmd
                0x0000000004000c60                sRxdatabuff_sRxQueueCmd
                0x0000000004000c64                sRxQueueCmd.7849
                0x0000000004000c80                sContext.10179
                0x0000000004000cac                the_twelite
                0x0000000004000d4c                TWENET_u8RFdevice_minor.9483
                0x0000000004000d4d                TWENET_u8RFdevice_major.9482
                0x0000000004000d4e                _TWENET_TX_POWER_MAX
                0x0000000004000d50                sToCoNet_Modules
 .bss           0x0000000004000dbc       0x88 C:\Users\makot\AppData\Local\Temp\cclvuCP0.ltrans13.ltrans.o
                0x0000000004000dbc                _ZL5_vcbs.3932
                0x0000000004000dc8                sToCoNet_AppContext
                0x0000000004000de4                sToCoNet_Context
                0x0000000004000e2c                sAssocSecurity.17033
                0x0000000004000e38                g_bJenieBackwardsCompatibilityMode
 .bss           0x0000000004000e44       0x80 C:\Users\makot\AppData\Local\Temp\cclvuCP0.ltrans14.ltrans.o
                0x0000000004000e44                apfTimerAppCallback.28976
                0x0000000004000e58                prTickTimeAppCallback
                0x0000000004000e5c                au16TimerSettings.28925
                0x0000000004000e68                Timer4
                0x0000000004000e70                Timer3
                0x0000000004000e78                Timer2
                0x0000000004000e80                Timer1
                0x0000000004000e88                Timer0
                0x0000000004000e90                Analogue
                0x0000000004000ea8                Serial1
 .bss           0x0000000004000ec4       0x24 C:\Users\makot\AppData\Local\Temp\cclvuCP0.ltrans15.ltrans.o
                0x0000000004000ec4                bTxEventQueued.24145
                0x0000000004000ec5                u8TxEventStatus.24146
                0x0000000004000ec8                sAppHousekeeping
                0x0000000004000ee0                prApAppCallback.28325
                0x0000000004000ee4                bIntEnableFlag.28322
 .bss           0x0000000004000ee8       0x2c C:\Users\makot\AppData\Local\Temp\cclvuCP0.ltrans16.ltrans.o
                0x0000000004000ee8                asUARTS.10355
 .bss           0x0000000004000f14      0x72c C:\Users\makot\AppData\Local\Temp\cclvuCP0.ltrans17.ltrans.o
                0x0000000004000f14                pvPostFunc.7412
                0x0000000004000f18                u32PostArg.7411
                0x0000000004000f1c                evPost.7410
                0x0000000004000f20                prSpiAppCallback.28559
                0x0000000004000f24                prSiAppCallback.29794
                0x0000000004000f28                prAppMcpsCallback.9113
                0x0000000004000f2c                prAppMlmeCallback.9114
                0x0000000004000f30                TxWorker_u8Num.8282
 .bss.initinboot
                0x0000000004001640        0x4 C:\Users\makot\AppData\Local\Temp\cclvuCP0.ltrans17.ltrans.o
                0x0000000004001640                prSysCtrlAppCallback.28767
 .bss           0x0000000004001644       0x1c C:\Users\makot\AppData\Local\Temp\cclvuCP0.ltrans18.ltrans.o
                0x0000000004001644                PulseCounter1
                0x0000000004001648                PulseCounter0
                0x000000000400164c                sCh_Context.8747
                0x0000000004001650                u32MyAddr.10057
                0x0000000004001654                asTx.8281
 .bss           0x0000000004001660       0x14 C:\Users\makot\AppData\Local\Temp\cclvuCP0.ltrans19.ltrans.o
                0x0000000004001660                s_sTimerList
                0x0000000004001670                u8AssocResponsesInProgress.17032
 .bss.dontinitinboot
                0x0000000004001674       0x40 C:/Users/makot/Desktop/ScoreBoradProject/MWSTAGE-2020-04_win10/MWSTAGE/MWSDK/ChipLib/SW4063V1416/Components/Library\libBoot_JN516x.a(ExceptionHandler.o)
                0x0000000004001674                isr_handlers
 *(.bss.*)
 *(.scommon*)
 *(.scommon.*)
 *(COMMON)
                0x00000000040016b4                . = ALIGN (0x4)
                0x00000000040016b4                _bss_end = ABSOLUTE (.)
                0x00000000040016b4                end = .

.heap           0x00000000040016b4      0xd16 load address 0x0000000000091aa4
                0x00000000040016b4                _heap_start = ABSOLUTE (.)
                0x00000000040023ca                . = (. + __minimum_heap_size)
 *fill*         0x00000000040016b4      0xd16 00

.stack          0x0000000004007800      0x800 load address 0x0000000000097bf0
                0x0000000004007800                _heap_end = ABSOLUTE (.)
                0x0000000004007800                _stack_low_water_mark = ABSOLUTE (.)
                0x0000000004008000                . = (. + __stack_size)
 *fill*         0x0000000004007800      0x800 00
                0x0000000004008000                _stack = .

.test           0x0000000000090448        0x1
                0x0000000000090448        0x1 BYTE 0xff
                0x000000000009043c                _flash_data_start = LOADADDR (.data)
                0x000000000000000c                _ram_data_len = (((_ram_data_end - _ram_data_start) + 0x3) & 0xfffffffffffffffc)
                0x000000000000165c                _bss_len = (((_bss_end - _bss_start) + 0x3) & 0xfffffffffffffffc)
                0x0000000000010448                _image_len = ((((_flash_end - _flash_start) + _ram_data_len) + 0x3) & 0xfffffffffffffffc)
                0x0000000004008000                _ram_top = (ABSOLUTE (ORIGIN (ram)) + 0x7fb4)
                0x0000000004008000                ram_top = (ABSOLUTE (ORIGIN (ram)) + 0x7fb4)
                0x0000000001001580                _app_ram_start = 0x1001580
                0x0000000004000050                PROVIDE (_heap_location, u32HeapStart)
                0x0000000004000050                PROVIDE (heap_location, u32HeapStart)
                0x0000000000085753                TSV_eOpenVector = TSV_eOpen
                0x0000000000084d94                TSV_eStartVector = TSV_eStart
                0x000000000008cd62                TSV_eStopVector = TSV_eStop
                0x000000000008c9db                pvAppApiGetMacHandle = pvAppApiDefGetMacHandle
                0x0000000000087beb                u32AppApiInit = u32AppApiDefInit
                0x000000000008c9b0                vAppApiMlmeRequest = vAppApiDefMlmeRequest
                0x000000000008c4a9                vAppApiMcpsRequest = vAppApiDefMcpsRequest
                0x00000000000859b8                eAppApiPlmeSet = eAppApiDefPlmeSet
                0x0000000000085966                eAppApiPlmeGet = eAppApiDefPlmeGet
                0x000000000008595d                pvAppApiGetMacAddrLocation = pvAppApiDefGetMacAddrLocation
                0x0000000000085842                vAppApiSaveMacSettings = vAppApiDefSaveMacSettings
                0x000000000008575b                vAppApiRestoreMacSettings = vAppApiDefRestoreMacSettings
OUTPUT(objs_RED/WirelessUart_receive_RED_L1300_V0-1-0.elf elf32-ba)

.comment        0x0000000000000000       0x11
 .comment       0x0000000000000000       0x12 C:\Users\makot\AppData\Local\Temp\cclvuCP0.ltrans0.ltrans.o
 .comment       0x0000000000000000       0x12 C:\Users\makot\AppData\Local\Temp\cclvuCP0.ltrans1.ltrans.o
 .comment       0x0000000000000000       0x12 C:\Users\makot\AppData\Local\Temp\cclvuCP0.ltrans2.ltrans.o
 .comment       0x0000000000000000       0x12 C:\Users\makot\AppData\Local\Temp\cclvuCP0.ltrans3.ltrans.o
 .comment       0x0000000000000000       0x12 C:\Users\makot\AppData\Local\Temp\cclvuCP0.ltrans4.ltrans.o
 .comment       0x0000000000000000       0x12 C:\Users\makot\AppData\Local\Temp\cclvuCP0.ltrans5.ltrans.o
 .comment       0x0000000000000000       0x12 C:\Users\makot\AppData\Local\Temp\cclvuCP0.ltrans6.ltrans.o
 .comment       0x0000000000000000       0x12 C:\Users\makot\AppData\Local\Temp\cclvuCP0.ltrans7.ltrans.o
 .comment       0x0000000000000000       0x12 C:\Users\makot\AppData\Local\Temp\cclvuCP0.ltrans8.ltrans.o
 .comment       0x0000000000000000       0x12 C:\Users\makot\AppData\Local\Temp\cclvuCP0.ltrans9.ltrans.o
 .comment       0x0000000000000000       0x12 C:\Users\makot\AppData\Local\Temp\cclvuCP0.ltrans10.ltrans.o
 .comment       0x0000000000000000       0x12 C:\Users\makot\AppData\Local\Temp\cclvuCP0.ltrans11.ltrans.o
 .comment       0x0000000000000000       0x12 C:\Users\makot\AppData\Local\Temp\cclvuCP0.ltrans12.ltrans.o
 .comment       0x0000000000000000       0x12 C:\Users\makot\AppData\Local\Temp\cclvuCP0.ltrans13.ltrans.o
 .comment       0x0000000000000000       0x12 C:\Users\makot\AppData\Local\Temp\cclvuCP0.ltrans14.ltrans.o
 .comment       0x0000000000000000       0x12 C:\Users\makot\AppData\Local\Temp\cclvuCP0.ltrans15.ltrans.o
 .comment       0x0000000000000000       0x12 C:\Users\makot\AppData\Local\Temp\cclvuCP0.ltrans16.ltrans.o
 .comment       0x0000000000000000       0x12 C:\Users\makot\AppData\Local\Temp\cclvuCP0.ltrans17.ltrans.o
 .comment       0x0000000000000000       0x12 C:\Users\makot\AppData\Local\Temp\cclvuCP0.ltrans18.ltrans.o
 .comment       0x0000000000000000       0x12 C:\Users\makot\AppData\Local\Temp\cclvuCP0.ltrans19.ltrans.o
 .comment       0x0000000000000000       0x12 C:\Users\makot\AppData\Local\Temp\cclvuCP0.ltrans20.ltrans.o
 .comment       0x0000000000000000       0x12 c:/users/makot/desktop/scoreboradproject/mwstage-2020-04_win10/mwstage/mwsdk/tools/ba-elf-ba2-r36379.w10/bin/../lib/gcc/ba-elf/4.7.4/../../../../ba-elf/lib/mcpu_jn51xx_sizeopt\libc.a(lib_a-memcmp.o)
 .comment       0x0000000000000000       0x12 c:/users/makot/desktop/scoreboradproject/mwstage-2020-04_win10/mwstage/mwsdk/tools/ba-elf-ba2-r36379.w10/bin/../lib/gcc/ba-elf/4.7.4/../../../../ba-elf/lib/mcpu_jn51xx_sizeopt\libc.a(lib_a-memcpy.o)
 .comment       0x0000000000000000       0x12 c:/users/makot/desktop/scoreboradproject/mwstage-2020-04_win10/mwstage/mwsdk/tools/ba-elf-ba2-r36379.w10/bin/../lib/gcc/ba-elf/4.7.4/mcpu_jn51xx_sizeopt\libgcc.a(_fixunsdfsi.o)
 .comment       0x0000000000000000       0x12 c:/users/makot/desktop/scoreboradproject/mwstage-2020-04_win10/mwstage/mwsdk/tools/ba-elf-ba2-r36379.w10/bin/../lib/gcc/ba-elf/4.7.4/mcpu_jn51xx_sizeopt\libgcc.a(_udivdi3.o)
 .comment       0x0000000000000000       0x12 c:/users/makot/desktop/scoreboradproject/mwstage-2020-04_win10/mwstage/mwsdk/tools/ba-elf-ba2-r36379.w10/bin/../lib/gcc/ba-elf/4.7.4/mcpu_jn51xx_sizeopt\libgcc.a(_umoddi3.o)
 .comment       0x0000000000000000       0x12 c:/users/makot/desktop/scoreboradproject/mwstage-2020-04_win10/mwstage/mwsdk/tools/ba-elf-ba2-r36379.w10/bin/../lib/gcc/ba-elf/4.7.4/mcpu_jn51xx_sizeopt\libgcc.a(adddf3.o)
 .comment       0x0000000000000000       0x12 c:/users/makot/desktop/scoreboradproject/mwstage-2020-04_win10/mwstage/mwsdk/tools/ba-elf-ba2-r36379.w10/bin/../lib/gcc/ba-elf/4.7.4/mcpu_jn51xx_sizeopt\libgcc.a(divdf3.o)
 .comment       0x0000000000000000       0x12 c:/users/makot/desktop/scoreboradproject/mwstage-2020-04_win10/mwstage/mwsdk/tools/ba-elf-ba2-r36379.w10/bin/../lib/gcc/ba-elf/4.7.4/mcpu_jn51xx_sizeopt\libgcc.a(eqdf2.o)
 .comment       0x0000000000000000       0x12 c:/users/makot/desktop/scoreboradproject/mwstage-2020-04_win10/mwstage/mwsdk/tools/ba-elf-ba2-r36379.w10/bin/../lib/gcc/ba-elf/4.7.4/mcpu_jn51xx_sizeopt\libgcc.a(gedf2.o)
 .comment       0x0000000000000000       0x12 c:/users/makot/desktop/scoreboradproject/mwstage-2020-04_win10/mwstage/mwsdk/tools/ba-elf-ba2-r36379.w10/bin/../lib/gcc/ba-elf/4.7.4/mcpu_jn51xx_sizeopt\libgcc.a(ledf2.o)
 .comment       0x0000000000000000       0x12 c:/users/makot/desktop/scoreboradproject/mwstage-2020-04_win10/mwstage/mwsdk/tools/ba-elf-ba2-r36379.w10/bin/../lib/gcc/ba-elf/4.7.4/mcpu_jn51xx_sizeopt\libgcc.a(muldf3.o)
 .comment       0x0000000000000000       0x12 c:/users/makot/desktop/scoreboradproject/mwstage-2020-04_win10/mwstage/mwsdk/tools/ba-elf-ba2-r36379.w10/bin/../lib/gcc/ba-elf/4.7.4/mcpu_jn51xx_sizeopt\libgcc.a(subdf3.o)
 .comment       0x0000000000000000       0x12 c:/users/makot/desktop/scoreboradproject/mwstage-2020-04_win10/mwstage/mwsdk/tools/ba-elf-ba2-r36379.w10/bin/../lib/gcc/ba-elf/4.7.4/mcpu_jn51xx_sizeopt\libgcc.a(fixdfsi.o)
 .comment       0x0000000000000000       0x12 c:/users/makot/desktop/scoreboradproject/mwstage-2020-04_win10/mwstage/mwsdk/tools/ba-elf-ba2-r36379.w10/bin/../lib/gcc/ba-elf/4.7.4/mcpu_jn51xx_sizeopt\libgcc.a(floatsidf.o)
 .comment       0x0000000000000000       0x12 c:/users/makot/desktop/scoreboradproject/mwstage-2020-04_win10/mwstage/mwsdk/tools/ba-elf-ba2-r36379.w10/bin/../lib/gcc/ba-elf/4.7.4/mcpu_jn51xx_sizeopt\libgcc.a(floatunsidf.o)
 .comment       0x0000000000000000       0x11 C:/Users/makot/Desktop/ScoreBoradProject/MWSTAGE-2020-04_win10/MWSTAGE/MWSDK/ChipLib/SW4063V1416/Components/Library\libMicroSpecific_JN516x.a(MicroSyscall_ba.o)
                                         0x12 (size before relaxing)
 .comment       0x0000000000000000       0x12 c:/users/makot/desktop/scoreboradproject/mwstage-2020-04_win10/mwstage/mwsdk/tools/ba-elf-ba2-r36379.w10/bin/../lib/gcc/ba-elf/4.7.4/../../../../ba-elf/lib/mcpu_jn51xx_sizeopt\libc.a(lib_a-memset.o)
 .comment       0x0000000000000000       0x12 c:/users/makot/desktop/scoreboradproject/mwstage-2020-04_win10/mwstage/mwsdk/tools/ba-elf-ba2-r36379.w10/bin/../lib/gcc/ba-elf/4.7.4/../../../../ba-elf/lib/mcpu_jn51xx_sizeopt\libc.a(lib_a-strncmp.o)

.debug_info     0x0000000000000000     0x3526
 .debug_info    0x0000000000000000       0xf3 c:/users/makot/desktop/scoreboradproject/mwstage-2020-04_win10/mwstage/mwsdk/tools/ba-elf-ba2-r36379.w10/bin/../lib/gcc/ba-elf/4.7.4/../../../../ba-elf/lib/mcpu_jn51xx_sizeopt\libc.a(lib_a-memcmp.o)
 .debug_info    0x00000000000000f3      0x106 c:/users/makot/desktop/scoreboradproject/mwstage-2020-04_win10/mwstage/mwsdk/tools/ba-elf-ba2-r36379.w10/bin/../lib/gcc/ba-elf/4.7.4/../../../../ba-elf/lib/mcpu_jn51xx_sizeopt\libc.a(lib_a-memcpy.o)
 .debug_info    0x00000000000001f9       0xb7 c:/users/makot/desktop/scoreboradproject/mwstage-2020-04_win10/mwstage/mwsdk/tools/ba-elf-ba2-r36379.w10/bin/../lib/gcc/ba-elf/4.7.4/mcpu_jn51xx_sizeopt\libgcc.a(__udivsi3.o)
 .debug_info    0x00000000000002b0       0xb7 c:/users/makot/desktop/scoreboradproject/mwstage-2020-04_win10/mwstage/mwsdk/tools/ba-elf-ba2-r36379.w10/bin/../lib/gcc/ba-elf/4.7.4/mcpu_jn51xx_sizeopt\libgcc.a(__divsi3.o)
 .debug_info    0x0000000000000367       0xb7 c:/users/makot/desktop/scoreboradproject/mwstage-2020-04_win10/mwstage/mwsdk/tools/ba-elf-ba2-r36379.w10/bin/../lib/gcc/ba-elf/4.7.4/mcpu_jn51xx_sizeopt\libgcc.a(__umodsi3.o)
 .debug_info    0x000000000000041e       0xb7 c:/users/makot/desktop/scoreboradproject/mwstage-2020-04_win10/mwstage/mwsdk/tools/ba-elf-ba2-r36379.w10/bin/../lib/gcc/ba-elf/4.7.4/mcpu_jn51xx_sizeopt\libgcc.a(__modsi3.o)
 .debug_info    0x00000000000004d5       0xd3 c:/users/makot/desktop/scoreboradproject/mwstage-2020-04_win10/mwstage/mwsdk/tools/ba-elf-ba2-r36379.w10/bin/../lib/gcc/ba-elf/4.7.4/mcpu_jn51xx_sizeopt\libgcc.a(_fixunsdfsi.o)
 .debug_info    0x00000000000005a8      0x648 c:/users/makot/desktop/scoreboradproject/mwstage-2020-04_win10/mwstage/mwsdk/tools/ba-elf-ba2-r36379.w10/bin/../lib/gcc/ba-elf/4.7.4/mcpu_jn51xx_sizeopt\libgcc.a(_udivdi3.o)
 .debug_info    0x0000000000000bf0      0x69d c:/users/makot/desktop/scoreboradproject/mwstage-2020-04_win10/mwstage/mwsdk/tools/ba-elf-ba2-r36379.w10/bin/../lib/gcc/ba-elf/4.7.4/mcpu_jn51xx_sizeopt\libgcc.a(_umoddi3.o)
 .debug_info    0x000000000000128d      0x4b2 c:/users/makot/desktop/scoreboradproject/mwstage-2020-04_win10/mwstage/mwsdk/tools/ba-elf-ba2-r36379.w10/bin/../lib/gcc/ba-elf/4.7.4/mcpu_jn51xx_sizeopt\libgcc.a(adddf3.o)
 .debug_info    0x000000000000173f      0x5c5 c:/users/makot/desktop/scoreboradproject/mwstage-2020-04_win10/mwstage/mwsdk/tools/ba-elf-ba2-r36379.w10/bin/../lib/gcc/ba-elf/4.7.4/mcpu_jn51xx_sizeopt\libgcc.a(divdf3.o)
 .debug_info    0x0000000000001d04      0x1e7 c:/users/makot/desktop/scoreboradproject/mwstage-2020-04_win10/mwstage/mwsdk/tools/ba-elf-ba2-r36379.w10/bin/../lib/gcc/ba-elf/4.7.4/mcpu_jn51xx_sizeopt\libgcc.a(eqdf2.o)
 .debug_info    0x0000000000001eeb      0x20b c:/users/makot/desktop/scoreboradproject/mwstage-2020-04_win10/mwstage/mwsdk/tools/ba-elf-ba2-r36379.w10/bin/../lib/gcc/ba-elf/4.7.4/mcpu_jn51xx_sizeopt\libgcc.a(gedf2.o)
 .debug_info    0x00000000000020f6      0x20b c:/users/makot/desktop/scoreboradproject/mwstage-2020-04_win10/mwstage/mwsdk/tools/ba-elf-ba2-r36379.w10/bin/../lib/gcc/ba-elf/4.7.4/mcpu_jn51xx_sizeopt\libgcc.a(ledf2.o)
 .debug_info    0x0000000000002301      0x5c7 c:/users/makot/desktop/scoreboradproject/mwstage-2020-04_win10/mwstage/mwsdk/tools/ba-elf-ba2-r36379.w10/bin/../lib/gcc/ba-elf/4.7.4/mcpu_jn51xx_sizeopt\libgcc.a(muldf3.o)
 .debug_info    0x00000000000028c8      0x4b2 c:/users/makot/desktop/scoreboradproject/mwstage-2020-04_win10/mwstage/mwsdk/tools/ba-elf-ba2-r36379.w10/bin/../lib/gcc/ba-elf/4.7.4/mcpu_jn51xx_sizeopt\libgcc.a(subdf3.o)
 .debug_info    0x0000000000002d7a      0x1b7 c:/users/makot/desktop/scoreboradproject/mwstage-2020-04_win10/mwstage/mwsdk/tools/ba-elf-ba2-r36379.w10/bin/../lib/gcc/ba-elf/4.7.4/mcpu_jn51xx_sizeopt\libgcc.a(fixdfsi.o)
 .debug_info    0x0000000000002f31      0x1d6 c:/users/makot/desktop/scoreboradproject/mwstage-2020-04_win10/mwstage/mwsdk/tools/ba-elf-ba2-r36379.w10/bin/../lib/gcc/ba-elf/4.7.4/mcpu_jn51xx_sizeopt\libgcc.a(floatsidf.o)
 .debug_info    0x0000000000003107      0x1cb c:/users/makot/desktop/scoreboradproject/mwstage-2020-04_win10/mwstage/mwsdk/tools/ba-elf-ba2-r36379.w10/bin/../lib/gcc/ba-elf/4.7.4/mcpu_jn51xx_sizeopt\libgcc.a(floatunsidf.o)
 .debug_info    0x00000000000032d2       0xaa C:/Users/makot/Desktop/ScoreBoradProject/MWSTAGE-2020-04_win10/MWSTAGE/MWSDK/ChipLib/SW4063V1416/Components/Library\libBoot_JN516x.a(ExceptionHandler.o)
 .debug_info    0x000000000000337c       0xd7 c:/users/makot/desktop/scoreboradproject/mwstage-2020-04_win10/mwstage/mwsdk/tools/ba-elf-ba2-r36379.w10/bin/../lib/gcc/ba-elf/4.7.4/../../../../ba-elf/lib/mcpu_jn51xx_sizeopt\libc.a(lib_a-memset.o)
 .debug_info    0x0000000000003453       0xd3 c:/users/makot/desktop/scoreboradproject/mwstage-2020-04_win10/mwstage/mwsdk/tools/ba-elf-ba2-r36379.w10/bin/../lib/gcc/ba-elf/4.7.4/../../../../ba-elf/lib/mcpu_jn51xx_sizeopt\libc.a(lib_a-strncmp.o)

.debug_abbrev   0x0000000000000000     0x11ae
 .debug_abbrev  0x0000000000000000       0x8e c:/users/makot/desktop/scoreboradproject/mwstage-2020-04_win10/mwstage/mwsdk/tools/ba-elf-ba2-r36379.w10/bin/../lib/gcc/ba-elf/4.7.4/../../../../ba-elf/lib/mcpu_jn51xx_sizeopt\libc.a(lib_a-memcmp.o)
 .debug_abbrev  0x000000000000008e       0xa4 c:/users/makot/desktop/scoreboradproject/mwstage-2020-04_win10/mwstage/mwsdk/tools/ba-elf-ba2-r36379.w10/bin/../lib/gcc/ba-elf/4.7.4/../../../../ba-elf/lib/mcpu_jn51xx_sizeopt\libc.a(lib_a-memcpy.o)
 .debug_abbrev  0x0000000000000132       0x14 c:/users/makot/desktop/scoreboradproject/mwstage-2020-04_win10/mwstage/mwsdk/tools/ba-elf-ba2-r36379.w10/bin/../lib/gcc/ba-elf/4.7.4/mcpu_jn51xx_sizeopt\libgcc.a(__udivsi3.o)
 .debug_abbrev  0x0000000000000146       0x14 c:/users/makot/desktop/scoreboradproject/mwstage-2020-04_win10/mwstage/mwsdk/tools/ba-elf-ba2-r36379.w10/bin/../lib/gcc/ba-elf/4.7.4/mcpu_jn51xx_sizeopt\libgcc.a(__divsi3.o)
 .debug_abbrev  0x000000000000015a       0x14 c:/users/makot/desktop/scoreboradproject/mwstage-2020-04_win10/mwstage/mwsdk/tools/ba-elf-ba2-r36379.w10/bin/../lib/gcc/ba-elf/4.7.4/mcpu_jn51xx_sizeopt\libgcc.a(__umodsi3.o)
 .debug_abbrev  0x000000000000016e       0x14 c:/users/makot/desktop/scoreboradproject/mwstage-2020-04_win10/mwstage/mwsdk/tools/ba-elf-ba2-r36379.w10/bin/../lib/gcc/ba-elf/4.7.4/mcpu_jn51xx_sizeopt\libgcc.a(__modsi3.o)
 .debug_abbrev  0x0000000000000182       0x60 c:/users/makot/desktop/scoreboradproject/mwstage-2020-04_win10/mwstage/mwsdk/tools/ba-elf-ba2-r36379.w10/bin/../lib/gcc/ba-elf/4.7.4/mcpu_jn51xx_sizeopt\libgcc.a(_fixunsdfsi.o)
 .debug_abbrev  0x00000000000001e2      0x15d c:/users/makot/desktop/scoreboradproject/mwstage-2020-04_win10/mwstage/mwsdk/tools/ba-elf-ba2-r36379.w10/bin/../lib/gcc/ba-elf/4.7.4/mcpu_jn51xx_sizeopt\libgcc.a(_udivdi3.o)
 .debug_abbrev  0x000000000000033f      0x175 c:/users/makot/desktop/scoreboradproject/mwstage-2020-04_win10/mwstage/mwsdk/tools/ba-elf-ba2-r36379.w10/bin/../lib/gcc/ba-elf/4.7.4/mcpu_jn51xx_sizeopt\libgcc.a(_umoddi3.o)
 .debug_abbrev  0x00000000000004b4      0x133 c:/users/makot/desktop/scoreboradproject/mwstage-2020-04_win10/mwstage/mwsdk/tools/ba-elf-ba2-r36379.w10/bin/../lib/gcc/ba-elf/4.7.4/mcpu_jn51xx_sizeopt\libgcc.a(adddf3.o)
 .debug_abbrev  0x00000000000005e7      0x12f c:/users/makot/desktop/scoreboradproject/mwstage-2020-04_win10/mwstage/mwsdk/tools/ba-elf-ba2-r36379.w10/bin/../lib/gcc/ba-elf/4.7.4/mcpu_jn51xx_sizeopt\libgcc.a(divdf3.o)
 .debug_abbrev  0x0000000000000716      0x128 c:/users/makot/desktop/scoreboradproject/mwstage-2020-04_win10/mwstage/mwsdk/tools/ba-elf-ba2-r36379.w10/bin/../lib/gcc/ba-elf/4.7.4/mcpu_jn51xx_sizeopt\libgcc.a(eqdf2.o)
 .debug_abbrev  0x000000000000083e      0x137 c:/users/makot/desktop/scoreboradproject/mwstage-2020-04_win10/mwstage/mwsdk/tools/ba-elf-ba2-r36379.w10/bin/../lib/gcc/ba-elf/4.7.4/mcpu_jn51xx_sizeopt\libgcc.a(gedf2.o)
 .debug_abbrev  0x0000000000000975      0x139 c:/users/makot/desktop/scoreboradproject/mwstage-2020-04_win10/mwstage/mwsdk/tools/ba-elf-ba2-r36379.w10/bin/../lib/gcc/ba-elf/4.7.4/mcpu_jn51xx_sizeopt\libgcc.a(ledf2.o)
 .debug_abbrev  0x0000000000000aae      0x141 c:/users/makot/desktop/scoreboradproject/mwstage-2020-04_win10/mwstage/mwsdk/tools/ba-elf-ba2-r36379.w10/bin/../lib/gcc/ba-elf/4.7.4/mcpu_jn51xx_sizeopt\libgcc.a(muldf3.o)
 .debug_abbrev  0x0000000000000bef      0x133 c:/users/makot/desktop/scoreboradproject/mwstage-2020-04_win10/mwstage/mwsdk/tools/ba-elf-ba2-r36379.w10/bin/../lib/gcc/ba-elf/4.7.4/mcpu_jn51xx_sizeopt\libgcc.a(subdf3.o)
 .debug_abbrev  0x0000000000000d22      0x12a c:/users/makot/desktop/scoreboradproject/mwstage-2020-04_win10/mwstage/mwsdk/tools/ba-elf-ba2-r36379.w10/bin/../lib/gcc/ba-elf/4.7.4/mcpu_jn51xx_sizeopt\libgcc.a(fixdfsi.o)
 .debug_abbrev  0x0000000000000e4c      0x128 c:/users/makot/desktop/scoreboradproject/mwstage-2020-04_win10/mwstage/mwsdk/tools/ba-elf-ba2-r36379.w10/bin/../lib/gcc/ba-elf/4.7.4/mcpu_jn51xx_sizeopt\libgcc.a(floatsidf.o)
 .debug_abbrev  0x0000000000000f74      0x128 c:/users/makot/desktop/scoreboradproject/mwstage-2020-04_win10/mwstage/mwsdk/tools/ba-elf-ba2-r36379.w10/bin/../lib/gcc/ba-elf/4.7.4/mcpu_jn51xx_sizeopt\libgcc.a(floatunsidf.o)
 .debug_abbrev  0x000000000000109c       0x14 C:/Users/makot/Desktop/ScoreBoradProject/MWSTAGE-2020-04_win10/MWSTAGE/MWSDK/ChipLib/SW4063V1416/Components/Library\libBoot_JN516x.a(ExceptionHandler.o)
 .debug_abbrev  0x00000000000010b0       0x8e c:/users/makot/desktop/scoreboradproject/mwstage-2020-04_win10/mwstage/mwsdk/tools/ba-elf-ba2-r36379.w10/bin/../lib/gcc/ba-elf/4.7.4/../../../../ba-elf/lib/mcpu_jn51xx_sizeopt\libc.a(lib_a-memset.o)
 .debug_abbrev  0x000000000000113e       0x70 c:/users/makot/desktop/scoreboradproject/mwstage-2020-04_win10/mwstage/mwsdk/tools/ba-elf-ba2-r36379.w10/bin/../lib/gcc/ba-elf/4.7.4/../../../../ba-elf/lib/mcpu_jn51xx_sizeopt\libc.a(lib_a-strncmp.o)

.debug_loc      0x0000000000000000     0x59f6
 .debug_loc     0x0000000000000000       0x73 c:/users/makot/desktop/scoreboradproject/mwstage-2020-04_win10/mwstage/mwsdk/tools/ba-elf-ba2-r36379.w10/bin/../lib/gcc/ba-elf/4.7.4/../../../../ba-elf/lib/mcpu_jn51xx_sizeopt\libc.a(lib_a-memcmp.o)
 .debug_loc     0x0000000000000073       0x39 c:/users/makot/desktop/scoreboradproject/mwstage-2020-04_win10/mwstage/mwsdk/tools/ba-elf-ba2-r36379.w10/bin/../lib/gcc/ba-elf/4.7.4/../../../../ba-elf/lib/mcpu_jn51xx_sizeopt\libc.a(lib_a-memcpy.o)
 .debug_loc     0x00000000000000ac       0x48 c:/users/makot/desktop/scoreboradproject/mwstage-2020-04_win10/mwstage/mwsdk/tools/ba-elf-ba2-r36379.w10/bin/../lib/gcc/ba-elf/4.7.4/mcpu_jn51xx_sizeopt\libgcc.a(_fixunsdfsi.o)
 .debug_loc     0x00000000000000f4      0xa7b c:/users/makot/desktop/scoreboradproject/mwstage-2020-04_win10/mwstage/mwsdk/tools/ba-elf-ba2-r36379.w10/bin/../lib/gcc/ba-elf/4.7.4/mcpu_jn51xx_sizeopt\libgcc.a(_udivdi3.o)
 .debug_loc     0x0000000000000b6f      0x985 c:/users/makot/desktop/scoreboradproject/mwstage-2020-04_win10/mwstage/mwsdk/tools/ba-elf-ba2-r36379.w10/bin/../lib/gcc/ba-elf/4.7.4/mcpu_jn51xx_sizeopt\libgcc.a(_umoddi3.o)
 .debug_loc     0x00000000000014f4     0x10f3 c:/users/makot/desktop/scoreboradproject/mwstage-2020-04_win10/mwstage/mwsdk/tools/ba-elf-ba2-r36379.w10/bin/../lib/gcc/ba-elf/4.7.4/mcpu_jn51xx_sizeopt\libgcc.a(adddf3.o)
 .debug_loc     0x00000000000025e7     0x117e c:/users/makot/desktop/scoreboradproject/mwstage-2020-04_win10/mwstage/mwsdk/tools/ba-elf-ba2-r36379.w10/bin/../lib/gcc/ba-elf/4.7.4/mcpu_jn51xx_sizeopt\libgcc.a(divdf3.o)
 .debug_loc     0x0000000000003765       0x83 c:/users/makot/desktop/scoreboradproject/mwstage-2020-04_win10/mwstage/mwsdk/tools/ba-elf-ba2-r36379.w10/bin/../lib/gcc/ba-elf/4.7.4/mcpu_jn51xx_sizeopt\libgcc.a(eqdf2.o)
 .debug_loc     0x00000000000037e8      0x154 c:/users/makot/desktop/scoreboradproject/mwstage-2020-04_win10/mwstage/mwsdk/tools/ba-elf-ba2-r36379.w10/bin/../lib/gcc/ba-elf/4.7.4/mcpu_jn51xx_sizeopt\libgcc.a(gedf2.o)
 .debug_loc     0x000000000000393c       0xe6 c:/users/makot/desktop/scoreboradproject/mwstage-2020-04_win10/mwstage/mwsdk/tools/ba-elf-ba2-r36379.w10/bin/../lib/gcc/ba-elf/4.7.4/mcpu_jn51xx_sizeopt\libgcc.a(ledf2.o)
 .debug_loc     0x0000000000003a22      0xa0e c:/users/makot/desktop/scoreboradproject/mwstage-2020-04_win10/mwstage/mwsdk/tools/ba-elf-ba2-r36379.w10/bin/../lib/gcc/ba-elf/4.7.4/mcpu_jn51xx_sizeopt\libgcc.a(muldf3.o)
 .debug_loc     0x0000000000004430     0x114e c:/users/makot/desktop/scoreboradproject/mwstage-2020-04_win10/mwstage/mwsdk/tools/ba-elf-ba2-r36379.w10/bin/../lib/gcc/ba-elf/4.7.4/mcpu_jn51xx_sizeopt\libgcc.a(subdf3.o)
 .debug_loc     0x000000000000557e       0xa8 c:/users/makot/desktop/scoreboradproject/mwstage-2020-04_win10/mwstage/mwsdk/tools/ba-elf-ba2-r36379.w10/bin/../lib/gcc/ba-elf/4.7.4/mcpu_jn51xx_sizeopt\libgcc.a(fixdfsi.o)
 .debug_loc     0x0000000000005626      0x1be c:/users/makot/desktop/scoreboradproject/mwstage-2020-04_win10/mwstage/mwsdk/tools/ba-elf-ba2-r36379.w10/bin/../lib/gcc/ba-elf/4.7.4/mcpu_jn51xx_sizeopt\libgcc.a(floatsidf.o)
 .debug_loc     0x00000000000057e4      0x179 c:/users/makot/desktop/scoreboradproject/mwstage-2020-04_win10/mwstage/mwsdk/tools/ba-elf-ba2-r36379.w10/bin/../lib/gcc/ba-elf/4.7.4/mcpu_jn51xx_sizeopt\libgcc.a(floatunsidf.o)
 .debug_loc     0x000000000000595d       0x3f c:/users/makot/desktop/scoreboradproject/mwstage-2020-04_win10/mwstage/mwsdk/tools/ba-elf-ba2-r36379.w10/bin/../lib/gcc/ba-elf/4.7.4/../../../../ba-elf/lib/mcpu_jn51xx_sizeopt\libc.a(lib_a-memset.o)
 .debug_loc     0x000000000000599c       0x5a c:/users/makot/desktop/scoreboradproject/mwstage-2020-04_win10/mwstage/mwsdk/tools/ba-elf-ba2-r36379.w10/bin/../lib/gcc/ba-elf/4.7.4/../../../../ba-elf/lib/mcpu_jn51xx_sizeopt\libc.a(lib_a-strncmp.o)

.debug_aranges  0x0000000000000000      0x2c0
 .debug_aranges
                0x0000000000000000       0x20 c:/users/makot/desktop/scoreboradproject/mwstage-2020-04_win10/mwstage/mwsdk/tools/ba-elf-ba2-r36379.w10/bin/../lib/gcc/ba-elf/4.7.4/../../../../ba-elf/lib/mcpu_jn51xx_sizeopt\libc.a(lib_a-memcmp.o)
 .debug_aranges
                0x0000000000000020       0x20 c:/users/makot/desktop/scoreboradproject/mwstage-2020-04_win10/mwstage/mwsdk/tools/ba-elf-ba2-r36379.w10/bin/../lib/gcc/ba-elf/4.7.4/../../../../ba-elf/lib/mcpu_jn51xx_sizeopt\libc.a(lib_a-memcpy.o)
 .debug_aranges
                0x0000000000000040       0x20 c:/users/makot/desktop/scoreboradproject/mwstage-2020-04_win10/mwstage/mwsdk/tools/ba-elf-ba2-r36379.w10/bin/../lib/gcc/ba-elf/4.7.4/mcpu_jn51xx_sizeopt\libgcc.a(__udivsi3.o)
 .debug_aranges
                0x0000000000000060       0x20 c:/users/makot/desktop/scoreboradproject/mwstage-2020-04_win10/mwstage/mwsdk/tools/ba-elf-ba2-r36379.w10/bin/../lib/gcc/ba-elf/4.7.4/mcpu_jn51xx_sizeopt\libgcc.a(__divsi3.o)
 .debug_aranges
                0x0000000000000080       0x20 c:/users/makot/desktop/scoreboradproject/mwstage-2020-04_win10/mwstage/mwsdk/tools/ba-elf-ba2-r36379.w10/bin/../lib/gcc/ba-elf/4.7.4/mcpu_jn51xx_sizeopt\libgcc.a(__umodsi3.o)
 .debug_aranges
                0x00000000000000a0       0x20 c:/users/makot/desktop/scoreboradproject/mwstage-2020-04_win10/mwstage/mwsdk/tools/ba-elf-ba2-r36379.w10/bin/../lib/gcc/ba-elf/4.7.4/mcpu_jn51xx_sizeopt\libgcc.a(__modsi3.o)
 .debug_aranges
                0x00000000000000c0       0x20 c:/users/makot/desktop/scoreboradproject/mwstage-2020-04_win10/mwstage/mwsdk/tools/ba-elf-ba2-r36379.w10/bin/../lib/gcc/ba-elf/4.7.4/mcpu_jn51xx_sizeopt\libgcc.a(_fixunsdfsi.o)
 .debug_aranges
                0x00000000000000e0       0x20 c:/users/makot/desktop/scoreboradproject/mwstage-2020-04_win10/mwstage/mwsdk/tools/ba-elf-ba2-r36379.w10/bin/../lib/gcc/ba-elf/4.7.4/mcpu_jn51xx_sizeopt\libgcc.a(_udivdi3.o)
 .debug_aranges
                0x0000000000000100       0x20 c:/users/makot/desktop/scoreboradproject/mwstage-2020-04_win10/mwstage/mwsdk/tools/ba-elf-ba2-r36379.w10/bin/../lib/gcc/ba-elf/4.7.4/mcpu_jn51xx_sizeopt\libgcc.a(_umoddi3.o)
 .debug_aranges
                0x0000000000000120       0x20 c:/users/makot/desktop/scoreboradproject/mwstage-2020-04_win10/mwstage/mwsdk/tools/ba-elf-ba2-r36379.w10/bin/../lib/gcc/ba-elf/4.7.4/mcpu_jn51xx_sizeopt\libgcc.a(adddf3.o)
 .debug_aranges
                0x0000000000000140       0x20 c:/users/makot/desktop/scoreboradproject/mwstage-2020-04_win10/mwstage/mwsdk/tools/ba-elf-ba2-r36379.w10/bin/../lib/gcc/ba-elf/4.7.4/mcpu_jn51xx_sizeopt\libgcc.a(divdf3.o)
 .debug_aranges
                0x0000000000000160       0x20 c:/users/makot/desktop/scoreboradproject/mwstage-2020-04_win10/mwstage/mwsdk/tools/ba-elf-ba2-r36379.w10/bin/../lib/gcc/ba-elf/4.7.4/mcpu_jn51xx_sizeopt\libgcc.a(eqdf2.o)
 .debug_aranges
                0x0000000000000180       0x20 c:/users/makot/desktop/scoreboradproject/mwstage-2020-04_win10/mwstage/mwsdk/tools/ba-elf-ba2-r36379.w10/bin/../lib/gcc/ba-elf/4.7.4/mcpu_jn51xx_sizeopt\libgcc.a(gedf2.o)
 .debug_aranges
                0x00000000000001a0       0x20 c:/users/makot/desktop/scoreboradproject/mwstage-2020-04_win10/mwstage/mwsdk/tools/ba-elf-ba2-r36379.w10/bin/../lib/gcc/ba-elf/4.7.4/mcpu_jn51xx_sizeopt\libgcc.a(ledf2.o)
 .debug_aranges
                0x00000000000001c0       0x20 c:/users/makot/desktop/scoreboradproject/mwstage-2020-04_win10/mwstage/mwsdk/tools/ba-elf-ba2-r36379.w10/bin/../lib/gcc/ba-elf/4.7.4/mcpu_jn51xx_sizeopt\libgcc.a(muldf3.o)
 .debug_aranges
                0x00000000000001e0       0x20 c:/users/makot/desktop/scoreboradproject/mwstage-2020-04_win10/mwstage/mwsdk/tools/ba-elf-ba2-r36379.w10/bin/../lib/gcc/ba-elf/4.7.4/mcpu_jn51xx_sizeopt\libgcc.a(subdf3.o)
 .debug_aranges
                0x0000000000000200       0x20 c:/users/makot/desktop/scoreboradproject/mwstage-2020-04_win10/mwstage/mwsdk/tools/ba-elf-ba2-r36379.w10/bin/../lib/gcc/ba-elf/4.7.4/mcpu_jn51xx_sizeopt\libgcc.a(fixdfsi.o)
 .debug_aranges
                0x0000000000000220       0x20 c:/users/makot/desktop/scoreboradproject/mwstage-2020-04_win10/mwstage/mwsdk/tools/ba-elf-ba2-r36379.w10/bin/../lib/gcc/ba-elf/4.7.4/mcpu_jn51xx_sizeopt\libgcc.a(floatsidf.o)
 .debug_aranges
                0x0000000000000240       0x20 c:/users/makot/desktop/scoreboradproject/mwstage-2020-04_win10/mwstage/mwsdk/tools/ba-elf-ba2-r36379.w10/bin/../lib/gcc/ba-elf/4.7.4/mcpu_jn51xx_sizeopt\libgcc.a(floatunsidf.o)
 .debug_aranges
                0x0000000000000260       0x20 C:/Users/makot/Desktop/ScoreBoradProject/MWSTAGE-2020-04_win10/MWSTAGE/MWSDK/ChipLib/SW4063V1416/Components/Library\libBoot_JN516x.a(ExceptionHandler.o)
 .debug_aranges
                0x0000000000000280       0x20 c:/users/makot/desktop/scoreboradproject/mwstage-2020-04_win10/mwstage/mwsdk/tools/ba-elf-ba2-r36379.w10/bin/../lib/gcc/ba-elf/4.7.4/../../../../ba-elf/lib/mcpu_jn51xx_sizeopt\libc.a(lib_a-memset.o)
 .debug_aranges
                0x00000000000002a0       0x20 c:/users/makot/desktop/scoreboradproject/mwstage-2020-04_win10/mwstage/mwsdk/tools/ba-elf-ba2-r36379.w10/bin/../lib/gcc/ba-elf/4.7.4/../../../../ba-elf/lib/mcpu_jn51xx_sizeopt\libc.a(lib_a-strncmp.o)

.debug_line     0x0000000000000000     0x2d38
 .debug_line    0x0000000000000000      0x15a c:/users/makot/desktop/scoreboradproject/mwstage-2020-04_win10/mwstage/mwsdk/tools/ba-elf-ba2-r36379.w10/bin/../lib/gcc/ba-elf/4.7.4/../../../../ba-elf/lib/mcpu_jn51xx_sizeopt\libc.a(lib_a-memcmp.o)
 .debug_line    0x000000000000015a      0x14e c:/users/makot/desktop/scoreboradproject/mwstage-2020-04_win10/mwstage/mwsdk/tools/ba-elf-ba2-r36379.w10/bin/../lib/gcc/ba-elf/4.7.4/../../../../ba-elf/lib/mcpu_jn51xx_sizeopt\libc.a(lib_a-memcpy.o)
 .debug_line    0x00000000000002a8      0x47b c:/users/makot/desktop/scoreboradproject/mwstage-2020-04_win10/mwstage/mwsdk/tools/ba-elf-ba2-r36379.w10/bin/../lib/gcc/ba-elf/4.7.4/mcpu_jn51xx_sizeopt\libgcc.a(__udivsi3.o)
 .debug_line    0x0000000000000723       0xbb c:/users/makot/desktop/scoreboradproject/mwstage-2020-04_win10/mwstage/mwsdk/tools/ba-elf-ba2-r36379.w10/bin/../lib/gcc/ba-elf/4.7.4/mcpu_jn51xx_sizeopt\libgcc.a(__divsi3.o)
 .debug_line    0x00000000000007de      0x3c7 c:/users/makot/desktop/scoreboradproject/mwstage-2020-04_win10/mwstage/mwsdk/tools/ba-elf-ba2-r36379.w10/bin/../lib/gcc/ba-elf/4.7.4/mcpu_jn51xx_sizeopt\libgcc.a(__umodsi3.o)
 .debug_line    0x0000000000000ba5       0xa3 c:/users/makot/desktop/scoreboradproject/mwstage-2020-04_win10/mwstage/mwsdk/tools/ba-elf-ba2-r36379.w10/bin/../lib/gcc/ba-elf/4.7.4/mcpu_jn51xx_sizeopt\libgcc.a(__modsi3.o)
 .debug_line    0x0000000000000c48       0x9f c:/users/makot/desktop/scoreboradproject/mwstage-2020-04_win10/mwstage/mwsdk/tools/ba-elf-ba2-r36379.w10/bin/../lib/gcc/ba-elf/4.7.4/mcpu_jn51xx_sizeopt\libgcc.a(_fixunsdfsi.o)
 .debug_line    0x0000000000000ce7      0x1b7 c:/users/makot/desktop/scoreboradproject/mwstage-2020-04_win10/mwstage/mwsdk/tools/ba-elf-ba2-r36379.w10/bin/../lib/gcc/ba-elf/4.7.4/mcpu_jn51xx_sizeopt\libgcc.a(_udivdi3.o)
 .debug_line    0x0000000000000e9e      0x1b7 c:/users/makot/desktop/scoreboradproject/mwstage-2020-04_win10/mwstage/mwsdk/tools/ba-elf-ba2-r36379.w10/bin/../lib/gcc/ba-elf/4.7.4/mcpu_jn51xx_sizeopt\libgcc.a(_umoddi3.o)
 .debug_line    0x0000000000001055      0x63d c:/users/makot/desktop/scoreboradproject/mwstage-2020-04_win10/mwstage/mwsdk/tools/ba-elf-ba2-r36379.w10/bin/../lib/gcc/ba-elf/4.7.4/mcpu_jn51xx_sizeopt\libgcc.a(adddf3.o)
 .debug_line    0x0000000000001692      0x3b5 c:/users/makot/desktop/scoreboradproject/mwstage-2020-04_win10/mwstage/mwsdk/tools/ba-elf-ba2-r36379.w10/bin/../lib/gcc/ba-elf/4.7.4/mcpu_jn51xx_sizeopt\libgcc.a(divdf3.o)
 .debug_line    0x0000000000001a47       0xf1 c:/users/makot/desktop/scoreboradproject/mwstage-2020-04_win10/mwstage/mwsdk/tools/ba-elf-ba2-r36379.w10/bin/../lib/gcc/ba-elf/4.7.4/mcpu_jn51xx_sizeopt\libgcc.a(eqdf2.o)
 .debug_line    0x0000000000001b38      0x15f c:/users/makot/desktop/scoreboradproject/mwstage-2020-04_win10/mwstage/mwsdk/tools/ba-elf-ba2-r36379.w10/bin/../lib/gcc/ba-elf/4.7.4/mcpu_jn51xx_sizeopt\libgcc.a(gedf2.o)
 .debug_line    0x0000000000001c97      0x15f c:/users/makot/desktop/scoreboradproject/mwstage-2020-04_win10/mwstage/mwsdk/tools/ba-elf-ba2-r36379.w10/bin/../lib/gcc/ba-elf/4.7.4/mcpu_jn51xx_sizeopt\libgcc.a(ledf2.o)
 .debug_line    0x0000000000001df6      0x269 c:/users/makot/desktop/scoreboradproject/mwstage-2020-04_win10/mwstage/mwsdk/tools/ba-elf-ba2-r36379.w10/bin/../lib/gcc/ba-elf/4.7.4/mcpu_jn51xx_sizeopt\libgcc.a(muldf3.o)
 .debug_line    0x000000000000205f      0x656 c:/users/makot/desktop/scoreboradproject/mwstage-2020-04_win10/mwstage/mwsdk/tools/ba-elf-ba2-r36379.w10/bin/../lib/gcc/ba-elf/4.7.4/mcpu_jn51xx_sizeopt\libgcc.a(subdf3.o)